{"in": "/mnt/nvme/realret/eps/hotpot_qa.validation.jsonl", "lines": 6733, "seed": 8412, "take": 600, "kept": 600, "out": "/mnt/nvme/realret/eval/hotpot_qa.eval.jsonl"}
{"in": "/mnt/nvme/realret/eval/hotpot_qa.eval.jsonl", "lines": 600, "seed": 8413, "take": 300, "kept": 300, "out": "/mnt/nvme/realret/eval/hotpot_qa.evalS.jsonl"}
{"in": "/mnt/nvme/realret/eps/natural_questions.validation.jsonl", "lines": 6160, "seed": 8412, "take": 600, "kept": 600, "out": "/mnt/nvme/realret/eval/natural_questions.eval.jsonl"}
{"in": "/mnt/nvme/realret/eval/natural_questions.eval.jsonl", "lines": 600, "seed": 8413, "take": 300, "kept": 300, "out": "/mnt/nvme/realret/eval/natural_questions.evalS.jsonl"}
{"in": "/mnt/nvme/realret/eps/trivia_qa.validation.jsonl", "lines": 6790, "seed": 8412, "take": 600, "kept": 600, "out": "/mnt/nvme/realret/eval/trivia_qa.eval.jsonl"}
{"in": "/mnt/nvme/realret/eval/trivia_qa.eval.jsonl", "lines": 600, "seed": 8413, "take": 300, "kept": 300, "out": "/mnt/nvme/realret/eval/trivia_qa.evalS.jsonl"}
/mnt/nvme/realret/eps/hotpot_qa.train.jsonl {"lines": 80906, "stride": 20, "checked": 4046, "episodes_with_failures": 1, "clean_rate": 0.9998, "reasons": {"rendered": 1}, "examples": [{"qid": "5ae4c0295542995dadf243d3", "fails": ["q0: rendered length 1230 over 1024"]}], "rounds_hist": {"2": 3383, "3": 663}}
/mnt/nvme/realret/eps/natural_questions.train.jsonl {"lines": 48733, "stride": 12, "checked": 4062, "episodes_with_failures": 0, "clean_rate": 1.0, "reasons": {}, "examples": [], "rounds_hist": {"1": 1994, "2": 2068}}
/mnt/nvme/realret/eps/trivia_qa.train.jsonl {"lines": 52917, "stride": 13, "checked": 4071, "episodes_with_failures": 0, "clean_rate": 1.0, "reasons": {}, "examples": [], "rounds_hist": {"1": 1651, "2": 2420}}
/mnt/nvme/realret/eval/hotpot_qa.eval.jsonl {"lines": 600, "stride": 1, "checked": 600, "episodes_with_failures": 0, "clean_rate": 1.0, "reasons": {}, "examples": [], "rounds_hist": {"2": 490, "3": 110}}
/mnt/nvme/realret/eval/natural_questions.eval.jsonl {"lines": 600, "stride": 1, "checked": 600, "episodes_with_failures": 0, "clean_rate": 1.0, "reasons": {}, "examples": [], "rounds_hist": {"1": 308, "2": 292}}
/mnt/nvme/realret/eval/trivia_qa.eval.jsonl {"lines": 600, "stride": 1, "checked": 600, "episodes_with_failures": 0, "clean_rate": 1.0, "reasons": {}, "examples": [], "rounds_hist": {"1": 261, "2": 339}}
{
 "/mnt/nvme/realret/eps/hotpot_qa.train.jsonl": {
  "lines": 80906,
  "stride": 20,
  "checked": 4046,
  "episodes_with_failures": 1,
  "clean_rate": 0.9998,
  "reasons": {
   "rendered": 1
  },
  "rounds_hist": {
   "2": 3383,
   "3": 663
  }
 },
 "/mnt/nvme/realret/eps/natural_questions.train.jsonl": {
  "lines": 48733,
  "stride": 12,
  "checked": 4062,
  "episodes_with_failures": 0,
  "clean_rate": 1.0,
  "reasons": {},
  "rounds_hist": {
   "1": 1994,
   "2": 2068
  }
 },
 "/mnt/nvme/realret/eps/trivia_qa.train.jsonl": {
  "lines": 52917,
  "stride": 13,
  "checked": 4071,
  "episodes_with_failures": 0,
  "clean_rate": 1.0,
  "reasons": {},
  "rounds_hist": {
   "1": 1651,
   "2": 2420
  }
 },
 "/mnt/nvme/realret/eval/hotpot_qa.eval.jsonl": {
  "lines": 600,
  "stride": 1,
  "checked": 600,
  "episodes_with_failures": 0,
  "clean_rate": 1.0,
  "reasons": {},
  "rounds_hist": {
   "2": 490,
   "3": 110
  }
 },
 "/mnt/nvme/realret/eval/natural_questions.eval.jsonl": {
  "lines": 600,
  "stride": 1,
  "checked": 600,
  "episodes_with_failures": 0,
  "clean_rate": 1.0,
  "reasons": {},
  "rounds_hist": {
   "1": 308,
   "2": 292
  }
 },
 "/mnt/nvme/realret/eval/trivia_qa.eval.jsonl": {
  "lines": 600,
  "stride": 1,
  "checked": 600,
  "episodes_with_failures": 0,
  "clean_rate": 1.0,
  "reasons": {},
  "rounds_hist": {
   "1": 261,
   "2": 339
  }
 }
}
{
 "/mnt/nvme/realret/eps/hotpot_qa.train.jsonl,/mnt/nvme/realret/eval/hotpot_qa.eval.jsonl": {
  "train_episodes": 80906,
  "eval_episodes": 600,
  "train_distinct_hashes": 80896,
  "eval_distinct_hashes": 600,
  "shared_hashes": 0,
  "shared_fraction_of_eval": 0.0,
  "shared_examples": [],
  "train_doc_keys_sampled": 132746,
  "train_doc_stride": 5,
  "eval_doc_keys": 5918,
  "shared_doc_keys": 1670,
  "shared_doc_fraction_of_eval": 0.28219
 }
}
{
 "/mnt/nvme/realret/eps/natural_questions.train.jsonl,/mnt/nvme/realret/eval/natural_questions.eval.jsonl": {
  "train_episodes": 48733,
  "eval_episodes": 600,
  "train_distinct_hashes": 48718,
  "eval_distinct_hashes": 562,
  "shared_hashes": 0,
  "shared_fraction_of_eval": 0.0,
  "shared_examples": [],
  "train_doc_keys_sampled": 50981,
  "train_doc_stride": 5,
  "eval_doc_keys": 3592,
  "shared_doc_keys": 1011,
  "shared_doc_fraction_of_eval": 0.281459
 }
}
{
 "/mnt/nvme/realret/eps/trivia_qa.train.jsonl,/mnt/nvme/realret/eval/trivia_qa.eval.jsonl": {
  "train_episodes": 52917,
  "eval_episodes": 600,
  "train_distinct_hashes": 52779,
  "eval_distinct_hashes": 600,
  "shared_hashes": 8,
  "shared_fraction_of_eval": 0.013333,
  "shared_examples": [
   {
    "hash": "469ffd8a50aaba9386358614",
    "train": [
     [
      "/mnt/nvme/realret/eps/trivia_qa.train.jsonl",
      30083,
      "15ab5a82f8184f2b8e2a38da3386f347"
     ]
    ],
    "eval": [
     [
      "/mnt/nvme/realret/eval/trivia_qa.eval.jsonl",
      147,
      "af0db26e0b194897b2ee53ec9b396a6d"
     ]
    ]
   },
   {
    "hash": "535a95006ff72a9cb684b220",
    "train": [
     [
      "/mnt/nvme/realret/eps/trivia_qa.train.jsonl",
      16436,
      "3bd6f2a0c87c490a98a59be5957c3349"
     ]
    ],
    "eval": [
     [
      "/mnt/nvme/realret/eval/trivia_qa.eval.jsonl",
      535,
      "2f0458cebdfe4d668c2f77d89d664ad2"
     ]
    ]
   },
   {
    "hash": "80be2f861e2a6a83b9995dd2",
    "train": [
     [
      "/mnt/nvme/realret/eps/trivia_qa.train.jsonl",
      46911,
      "fc04629dfc7348529ec5fde4e70f752c"
     ]
    ],
    "eval": [
     [
      "/mnt/nvme/realret/eval/trivia_qa.eval.jsonl",
      521,
      "69b812db71c64ebbba623242ae6fa655"
     ]
    ]
   },
   {
    "hash": "9907b2b4656c398a3856de5c",
    "train": [
     [
      "/mnt/nvme/realret/eps/trivia_qa.train.jsonl",
      29914,
      "43ae150db94f499b8d2a4b01fe7edae6"
     ]
    ],
    "eval": [
   
benchmark stems: {"mmlu": 12936, "arc": 1108, "winogrande": 1267, "gsm8k": 1319}
{
 "episodes": [
  "/mnt/nvme/realret/eps/hotpot_qa.train.jsonl",
  "/mnt/nvme/realret/eps/natural_questions.train.jsonl",
  "/mnt/nvme/realret/eps/trivia_qa.train.jsonl"
 ],
 "benchmark_stems": {
  "mmlu": 12936,
  "arc": 1108,
  "winogrande": 1267,
  "gsm8k": 1319
 },
 "benchmark_stems_total": 16630,
 "min_stem_words": 8,
 "ngram": 5,
 "near_threshold": 0.5,
 "training_questions_scanned": 182556,
 "training_documents_scanned": 333041,
 "all_documents": false,
 "training_chars_scanned": 155823870,
 "exact_matches": 17,
 "near_matches": 17,
 "exact_by_task": {
  "mmlu": 15,
  "arc": 2,
  "winogrande": 0,
  "gsm8k": 0
 },
 "near_by_task": {
  "mmlu": 17,
  "arc": 0,
  "winogrande": 0,
  "gsm8k": 0
 },
 "seconds": 23.6
}
{"in": "/mnt/nvme/realret/eps/hotpot_qa.validation.jsonl", "lines": 6733, "seed": 8412, "take": 600, "kept": 600, "out": "/mnt/nvme/realret/eval/hotpot_qa.eval.jsonl"}
{"in": "/mnt/nvme/realret/eval/hotpot_qa.eval.jsonl", "lines": 600, "seed": 8413, "take": 300, "kept": 300, "out": "/mnt/nvme/realret/eval/hotpot_qa.evalS.jsonl"}
{"in": "/mnt/nvme/realret/eps/natural_questions.validation.jsonl", "lines": 6160, "seed": 8412, "take": 600, "kept": 600, "out": "/mnt/nvme/realret/eval/natural_questions.eval.jsonl"}
{"in": "/mnt/nvme/realret/eval/natural_questions.eval.jsonl", "lines": 600, "seed": 8413, "take": 300, "kept": 300, "out": "/mnt/nvme/realret/eval/natural_questions.evalS.jsonl"}
{"in": "/mnt/nvme/realret/eps/trivia_qa.validation.jsonl", "lines": 6790, "seed": 8412, "take": 600, "kept": 600, "out": "/mnt/nvme/realret/eval/trivia_qa.eval.jsonl"}
{"in": "/mnt/nvme/realret/eval/trivia_qa.eval.jsonl", "lines": 600, "seed": 8413, "take": 300, "kept": 300, "out": "/mnt/nvme/realret/eval/trivia_qa.evalS.jsonl"}
benchmark stems: {"mmlu": 12936, "arc": 1108, "winogrande": 1267, "gsm8k": 1319}
{
 "episodes": [
  "/mnt/nvme/realret/eps/hotpot_qa.train.jsonl",
  "/mnt/nvme/realret/eps/natural_questions.train.jsonl",
  "/mnt/nvme/realret/eps/trivia_qa.train.jsonl"
 ],
 "benchmark_stems": {
  "mmlu": 12936,
  "arc": 1108,
  "winogrande": 1267,
  "gsm8k": 1319
 },
 "benchmark_stems_total": 16630,
 "min_stem_words": 8,
 "ngram": 5,
 "near_threshold": 0.5,
 "training_questions_scanned": 182556,
 "training_documents_scanned": 2027405,
 "all_documents": true,
 "training_chars_scanned": 920490119,
 "exact_matches": 37,
 "near_matches": 19,
 "exact_by_task": {
  "mmlu": 29,
  "arc": 8,
  "winogrande": 0,
  "gsm8k": 0
 },
 "near_by_task": {
  "mmlu": 19,
  "arc": 0,
  "winogrande": 0,
  "gsm8k": 0
 },
 "seconds": 114.5
}
hotpot_qa.train.jsonl: in 80906 kept 80906 removed {"benchmark_exact": 0, "benchmark_near": 0, "split_dup": 0}
natural_questions.train.jsonl: in 48733 kept 48730 removed {"benchmark_exact": 3, "benchmark_near": 0, "split_dup": 0}
trivia_qa.train.jsonl: in 52917 kept 52879 removed {"benchmark_exact": 29, "benchmark_near": 1, "split_dup": 8}
{
 "near_threshold": 0.7,
 "files": {
  "/mnt/nvme/realret/eps/hotpot_qa.train.jsonl": {
   "in": 80906,
   "kept": 80906,
   "removed": {
    "benchmark_exact": 0,
    "benchmark_near": 0,
    "split_dup": 0
   },
   "out": "/mnt/nvme/realret/eps_clean/hotpot_qa.train.jsonl"
  },
  "/mnt/nvme/realret/eps/natural_questions.train.jsonl": {
   "in": 48733,
   "kept": 48730,
   "removed": {
    "benchmark_exact": 3,
    "benchmark_near": 0,
    "split_dup": 0
   },
   "out": "/mnt/nvme/realret/eps_clean/natural_questions.train.jsonl"
  },
  "/mnt/nvme/realret/eps/trivia_qa.train.jsonl": {
   "in": 52917,
   "kept": 52879,
   "removed": {
    "benchmark_exact": 29,
    "benchmark_near": 1,
    "split_dup": 8
   },
   "out": "/mnt/nvme/realret/eps_clean/trivia_qa.train.jsonl"
  }
 },
 "seconds": 113.2,
 "totals": {
  "benchmark_exact": 32,
  "benchmark_near": 1,
  "split_dup": 8
 },
 "kept_total": 182515,
 "in_total": 182556
}
benchmark stems: {"mmlu": 12936, "arc": 1108, "winogrande": 1267, "gsm8k": 1319}
{
 "episodes": [
  "/mnt/nvme/realret/eps_clean/hotpot_qa.train.jsonl",
  "/mnt/nvme/realret/eps_clean/natural_questions.train.jsonl",
  "/mnt/nvme/realret/eps_clean/trivia_qa.train.jsonl"
 ],
 "benchmark_stems": {
  "mmlu": 12936,
  "arc": 1108,
  "winogrande": 1267,
  "gsm8k": 1319
 },
 "benchmark_stems_total": 16630,
 "min_stem_words": 8,
 "ngram": 5,
 "near_threshold": 0.5,
 "training_questions_scanned": 182515,
 "training_documents_scanned": 2026913,
 "all_documents": true,
 "training_chars_scanned": 920287184,
 "exact_matches": 0,
 "near_matches": 17,
 "exact_by_task": {
  "mmlu": 0,
  "arc": 0,
  "winogrande": 0,
  "gsm8k": 0
 },
 "near_by_task": {
  "mmlu": 17,
  "arc": 0,
  "winogrande": 0,
  "gsm8k": 0
 },
 "seconds": 113.9
}
/mnt/nvme/realret/eps_clean/hotpot_qa.train.jsonl {"lines": 80906, "stride": 20, "checked": 4046, "episodes_with_failures": 1, "clean_rate": 0.9998, "reasons": {"rendered": 1}, "examples": [{"qid": "5ae4c0295542995dadf243d3", "fails": ["q0: rendered length 1230 over 1024"]}], "rounds_hist": {"2": 3383, "3": 663}}
/mnt/nvme/realret/eps_clean/natural_questions.train.jsonl {"lines": 48730, "stride": 12, "checked": 4061, "episodes_with_failures": 0, "clean_rate": 1.0, "reasons": {}, "examples": [], "rounds_hist": {"1": 1951, "2": 2110}}
/mnt/nvme/realret/eps_clean/trivia_qa.train.jsonl {"lines": 52879, "stride": 13, "checked": 4068, "episodes_with_failures": 2, "clean_rate": 0.9995, "reasons": {"rendered": 2}, "examples": [{"qid": "e0be6ccd359b4775a7651a13f5078841", "fails": ["q0: rendered length 2794 over 1024"]}, {"qid": "d1830e945038419ab3b47b615b6157d5", "fails": ["q0: rendered length 1720 over 1024"]}], "rounds_hist": {"1": 1595, "2": 2473}}
/mnt/nvme/realret/eval/hotpot_qa.eval.jsonl {"lines": 600, "stride": 1, "checked": 600, "episodes_with_failures": 0, "clean_rate": 1.0, "reasons": {}, "examples": [], "rounds_hist": {"2": 490, "3": 110}}
/mnt/nvme/realret/eval/natural_questions.eval.jsonl {"lines": 600, "stride": 1, "checked": 600, "episodes_with_failures": 0, "clean_rate": 1.0, "reasons": {}, "examples": [], "rounds_hist": {"1": 308, "2": 292}}
/mnt/nvme/realret/eval/trivia_qa.eval.jsonl {"lines": 600, "stride": 1, "checked": 600, "episodes_with_failures": 0, "clean_rate": 1.0, "reasons": {}, "examples": [], "rounds_hist": {"1": 261, "2": 339}}
{
 "/mnt/nvme/realret/eps_clean/hotpot_qa.train.jsonl": {
  "lines": 80906,
  "stride": 20,
  "checked": 4046,
  "episodes_with_failures": 1,
  "clean_rate": 0.9998,
  "reasons": {
   "rendered": 1
  },
  "rounds_hist": {
   "2": 3383,
   "3": 663
  }
 },
 "/mnt/nvme/realret/eps_clean/natural_questions.train.jsonl": {
  "lines": 48730,
  "stride": 12,
  "checked": 4061,
  "episodes_with_failures": 0,
  "clean_rate": 1.0,
  "reasons": {},
  "rounds_hist": {
   "1": 1951,
   "2": 2110
  }
 },
 "/mnt/nvme/realret/eps_clean/trivia_qa.train.jsonl": {
  "lines": 52879,
  "stride": 13,
  "checked": 4068,
  "episodes_with_failures": 2,
  "clean_rate": 0.9995,
  "reasons": {
   "rendered": 2
  },
  "rounds_hist": {
   "1": 1595,
   "2": 2473
  }
 },
 "/mnt/nvme/realret/eval/hotpot_qa.eval.jsonl": {
  "lines": 600,
  "stride": 1,
  "checked": 600,
  "episodes_with_failures": 0,
  "clean_rate": 1.0,
  "reasons": {},
  "rounds_hist": {
   "2": 490,
   "3": 110
  }
 },
 "/mnt/nvme/realret/eval/natural_questions.eval.jsonl": {
  "lines": 600,
  "stride": 1,
  "checked": 600,
  "episodes_with_failures": 0,
  "clean_rate": 1.0,
  "reasons": {},
  "rounds_hist": {
   "1": 308,
   "2": 292
  }
 },
 "/mnt/nvme/realret/eval/trivia_qa.eval.jsonl": {
  "lines": 600,
  "stride": 1,
  "checked": 600,
  "episodes_with_failures": 0,
  "clean_rate": 1.0,
  "reasons": {},
  "rounds_hist": {
   "1": 261,
   "2": 339
  }
 }
}
{
 "/mnt/nvme/realret/eps_clean/hotpot_qa.train.jsonl,/mnt/nvme/realret/eval/hotpot_qa.eval.jsonl": {
  "train_episodes": 80906,
  "eval_episodes": 600,
  "train_distinct_hashes": 80896,
  "eval_distinct_hashes": 600,
  "shared_hashes": 0,
  "shared_fraction_of_eval": 0.0,
  "shared_examples": [],
  "train_doc_keys_sampled": 132746,
  "train_doc_stride": 5,
  "eval_doc_keys": 5918,
  "shared_doc_keys": 1670,
  "shared_doc_fraction_of_eval": 0.28219
 }
}
{
 "/mnt/nvme/realret/eps_clean/natural_questions.train.jsonl,/mnt/nvme/realret/eval/natural_questions.eval.jsonl": {
  "train_episodes": 48730,
  "eval_episodes": 600,
  "train_distinct_hashes": 48715,
  "eval_distinct_hashes": 562,
  "shared_hashes": 0,
  "shared_fraction_of_eval": 0.0,
  "shared_examples": [],
  "train_doc_keys_sampled": 50525,
  "train_doc_stride": 5,
  "eval_doc_keys": 3592,
  "shared_doc_keys": 973,
  "shared_doc_fraction_of_eval": 0.27088
 }
}
{
 "/mnt/nvme/realret/eps_clean/trivia_qa.train.jsonl,/mnt/nvme/realret/eval/trivia_qa.eval.jsonl": {
  "train_episodes": 52879,
  "eval_episodes": 600,
  "train_distinct_hashes": 52741,
  "eval_distinct_hashes": 600,
  "shared_hashes": 0,
  "shared_fraction_of_eval": 0.0,
  "shared_examples": [],
  "train_doc_keys_sampled": 112380,
  "train_doc_stride": 5,
  "eval_doc_keys": 6827,
  "shared_doc_keys": 352,
  "shared_doc_fraction_of_eval": 0.05156
 }
}
