/mnt/nvme/realret/pack/hotpot_qa: 20000 kept, 11s
/mnt/nvme/realret/pack/hotpot_qa: 40000 kept, 21s
{"episodes": "/mnt/nvme/realret/eps/hotpot_qa.train.jsonl", "total_lines": 80906, "selected": 56000, "seed": 5150, "take": 56000, "kept": 55982, "drops": {"prompt": 0, "length": 18}, "tokens": 17506306, "rounds_hist": {"2": 47126, "3": 8856}, "mean_len": 312.7, "seconds": 29.7}
/mnt/nvme/realret/pack/natural_questions: 20000 kept, 7s
{"episodes": "/mnt/nvme/realret/eps/natural_questions.train.jsonl", "total_lines": 48733, "selected": 36000, "seed": 5150, "take": 36000, "kept": 36000, "drops": {"prompt": 0, "length": 0}, "tokens": 6289690, "rounds_hist": {"1": 17455, "2": 18545}, "mean_len": 174.7, "seconds": 12.1}
/mnt/nvme/realret/pack/trivia_qa: 20000 kept, 9s
{"episodes": "/mnt/nvme/realret/eps/trivia_qa.train.jsonl", "total_lines": 52917, "selected": 36000, "seed": 5150, "take": 36000, "kept": 35993, "drops": {"prompt": 0, "length": 7}, "tokens": 8376687, "rounds_hist": {"1": 14437, "2": 21556}, "mean_len": 232.7, "seconds": 15.8}
relation: 20000 kept, 17s
relation: 40000 kept, 30s
relation: 60000 kept, 53s
{"component": "relation", "path": "/mnt/nvme/realret/corpus/relation_train.jsonl", "total_lines": 324261, "stride": 10, "take": 64000, "kept": 64001, "drops": {"prompt": 0, "nodocs": 0, "unserved": 551, "length": 188}, "tokens": 24957523, "seconds": 58.0}
plan_step: 20000 kept, 4s
{"component": "plan_step", "path": "/mnt/nvme/realret/corpus/plan_train_step.jsonl", "total_lines": 234000, "stride": 9, "take": 24000, "kept": 24000, "drops": {"prompt": 0, "nodocs": 0, "unserved": 0, "length": 0}, "tokens": 4596060, "seconds": 5.5}
{"component": "plan_whole", "path": "/mnt/nvme/realret/corpus/plan_train_whole.jsonl", "total_lines": 32000, "stride": 2, "take": 16000, "kept": 16000, "drops": {"prompt": 0, "nodocs": 0, "unserved": 0, "length": 0}, "tokens": 4559358, "seconds": 5.1}
{"component": "external", "path": "/mnt/nvme/realret/corpus/external_train.jsonl", "total_lines": 43200, "stride": 7, "take": 12000, "kept": 11489, "drops": {"prompt": 0, "nodocs": 0, "unserved": 855, "length": 0}, "tokens": 1883437, "seconds": 6.3}
/mnt/nvme/realret/pack/hotpot_qa: 20000 kept, 11s
/mnt/nvme/realret/pack/hotpot_qa: 40000 kept, 22s
{"episodes": "/mnt/nvme/realret/eps_clean/hotpot_qa.train.jsonl", "total_lines": 80906, "selected": 56000, "seed": 5150, "take": 56000, "kept": 55982, "drops": {"prompt": 0, "length": 18}, "tokens": 17506306, "rounds_hist": {"2": 47126, "3": 8856}, "mean_len": 312.7, "seconds": 29.7}
/mnt/nvme/realret/pack/natural_questions: 20000 kept, 7s
{"episodes": "/mnt/nvme/realret/eps_clean/natural_questions.train.jsonl", "total_lines": 48730, "selected": 36000, "seed": 5150, "take": 36000, "kept": 36000, "drops": {"prompt": 0, "length": 0}, "tokens": 6304714, "rounds_hist": {"1": 17401, "2": 18599}, "mean_len": 175.1, "seconds": 12.4}
/mnt/nvme/realret/pack/trivia_qa: 20000 kept, 9s
{"episodes": "/mnt/nvme/realret/eps_clean/trivia_qa.train.jsonl", "total_lines": 52879, "selected": 36000, "seed": 5150, "take": 36000, "kept": 35993, "drops": {"prompt": 0, "length": 7}, "tokens": 8379737, "rounds_hist": {"1": 14489, "2": 21504}, "mean_len": 232.8, "seconds": 15.5}
relation: 20000 kept, 17s
relation: 40000 kept, 30s
relation: 60000 kept, 52s
{"component": "relation", "path": "/mnt/nvme/realret/corpus/relation_train.jsonl", "total_lines": 324261, "stride": 10, "take": 64000, "kept": 64001, "drops": {"prompt": 0, "nodocs": 0, "unserved": 551, "length": 188}, "tokens": 24957523, "seconds": 57.3}
plan_step: 20000 kept, 4s
{"component": "plan_step", "path": "/mnt/nvme/realret/corpus/plan_train_step.jsonl", "total_lines": 234000, "stride": 9, "take": 24000, "kept": 24000, "drops": {"prompt": 0, "nodocs": 0, "unserved": 0, "length": 0}, "tokens": 4596060, "seconds": 5.5}
{"component": "plan_whole", "path": "/mnt/nvme/realret/corpus/plan_train_whole.jsonl", "total_lines": 32000, "stride": 2, "take": 16000, "kept": 16000, "drops": {"prompt": 0, "nodocs": 0, "unserved": 0, "length": 0}, "tokens": 4559358, "seconds": 5.1}
{"component": "external", "path": "/mnt/nvme/realret/corpus/external_train.jsonl", "total_lines": 43200, "stride": 7, "take": 12000, "kept": 11489, "drops": {"prompt": 0, "nodocs": 0, "unserved": 855, "length": 0}, "tokens": 1883437, "seconds": 6.3}
{"component": "mathgen", "path": "/mnt/nvme/realret/corpus/mathgen_train.jsonl", "total_lines": 6000, "stride": 1, "take": 11000, "kept": 11001, "drops": {"prompt": 0, "nodocs": 0, "unserved": 928, "length": 39}, "tokens": 4334318, "seconds": 68.2}
{"n": 254466, "tokens": 72521453, "per_component": {"relation": 64001, "natural_questions": 36000, "mathgen": 11001, "hotpot_qa": 55982, "trivia_qa": 35993, "external": 11489, "plan_whole": 16000, "plan_step": 24000}, "seed": 90210, "packs": ["/mnt/nvme/realret/pack/hotpot_qa", "/mnt/nvme/realret/pack/natural_questions", "/mnt/nvme/realret/pack/trivia_qa", "/mnt/nvme/realret/pack/syn_relation", "/mnt/nvme/realret/pack/syn_plan_step", "/mnt/nvme/realret/pack/syn_plan_whole", "/mnt/nvme/realret/pack/syn_external", "/mnt/nvme/realret/pack/syn_mathgen"]}
