{"rep": "goalstack", "reinit_tokens": 146}
{"examples": 320000, "encoded": 320000, "dropped_over_max_len": 0}
{"step": 1, "loss": 3.9425392150878906, "lr": 1.0000000000000001e-07, "tokens": 7840, "supervised": 2846, "secs": 87.1}
{"step": 50, "loss": 0.8131203651428223, "lr": 5e-06, "tokens": 277728, "supervised": 67873, "secs": 96.8}
{"step": 100, "loss": 0.13641291856765747, "lr": 1e-05, "tokens": 576192, "supervised": 149134, "secs": 105.3}
{"step": 150, "loss": 0.00786722544580698, "lr": 1.5000000000000002e-05, "tokens": 861056, "supervised": 222957, "secs": 112.8}
{"step": 200, "loss": 0.07625773549079895, "lr": 2e-05, "tokens": 1146464, "supervised": 296035, "secs": 120.2}
{"step": 250, "loss": 0.27138441801071167, "lr": 1.9997972289848505e-05, "tokens": 1424768, "supervised": 366433, "secs": 127.3}
{"step": 300, "loss": 0.0527505949139595, "lr": 1.9991889981715696e-05, "tokens": 1716192, "supervised": 443154, "secs": 134.7}
{"step": 350, "loss": 0.14326520264148712, "lr": 1.9981755542233175e-05, "tokens": 2005728, "supervised": 520745, "secs": 142.6}
{"step": 400, "loss": 0.06921620666980743, "lr": 1.9967573081342103e-05, "tokens": 2290656, "supervised": 594852, "secs": 149.8}
{"step": 450, "loss": 0.045122288167476654, "lr": 1.9949348350626456e-05, "tokens": 2586400, "supervised": 674380, "secs": 156.9}
{"step": 500, "loss": 0.31565332412719727, "lr": 1.992708874098054e-05, "tokens": 2863520, "supervised": 743121, "secs": 162.6}
{"step": 550, "loss": 0.024311836808919907, "lr": 1.9900803279611643e-05, "tokens": 3160672, "supervised": 824195, "secs": 168.3}
{"step": 600, "loss": 0.0027636473532766104, "lr": 1.9870502626379127e-05, "tokens": 3447392, "supervised": 897751, "secs": 174.8}
{"step": 650, "loss": 0.00803747121244669, "lr": 1.983619906947144e-05, "tokens": 3737088, "supervised": 973962, "secs": 182.0}
{"step": 700, "loss": 0.019123831763863564, "lr": 1.979790652042268e-05, "tokens": 4032096, "supervised": 1055438, "secs": 189.3}
{"step": 750, "loss": 0.016640281304717064, "lr": 1.975564050847094e-05, "tokens": 4301088, "supervised": 1120221, "secs": 196.0}
{"step": 800, "loss": 0.0255329217761755, "lr": 1.9709418174260523e-05, "tokens": 4585344, "supervised": 1192457, "secs": 202.9}
{"step": 850, "loss": 0.012811170890927315, "lr": 1.9659258262890683e-05, "tokens": 4868416, "supervised": 1264869, "secs": 208.3}
{"step": 900, "loss": 0.0011717021698132157, "lr": 1.9605181116313725e-05, "tokens": 5154080, "supervised": 1338443, "secs": 213.7}
{"step": 950, "loss": 0.00018240106874145567, "lr": 1.954720866508546e-05, "tokens": 5438112, "supervised": 1408635, "secs": 219.1}
{"step": 1000, "loss": 0.00268676970154047, "lr": 1.9485364419471454e-05, "tokens": 5728256, "supervised": 1485104, "secs": 224.5}
{"step": 1050, "loss": 0.007181590422987938, "lr": 1.9419673459912652e-05, "tokens": 6006080, "supervised": 1554954, "secs": 229.8}
{"step": 1100, "loss": 0.0009229583665728569, "lr": 1.9350162426854152e-05, "tokens": 6290624, "supervised": 1626628, "secs": 235.3}
{"step": 1150, "loss": 0.00047254582750611007, "lr": 1.927685950994143e-05, "tokens": 6574048, "supervised": 1697579, "secs": 242.2}
{"step": 1200, "loss": 5.5431490181945264e-05, "lr": 1.9199794436588244e-05, "tokens": 6858848, "supervised": 1770654, "secs": 249.4}
{"step": 1250, "loss": 0.006228551268577576, "lr": 1.91189984599209e-05, "tokens": 7147456, "supervised": 1845177, "secs": 256.4}
{"step": 1300, "loss": 0.0018041458679363132, "lr": 1.9034504346103825e-05, "tokens": 7431200, "supervised": 1918236, "secs": 263.5}
{"step": 1350, "loss": 1.4614891370001715e-05, "lr": 1.8946346361051474e-05, "tokens": 7711776, "supervised": 1987622, "secs": 269.7}
{"step": 1400, "loss": 0.013080996461212635, "lr": 1.8854560256532098e-05, "tokens": 7995168, "supervised": 2062319, "secs": 275.2}
{"step": 1450, "loss": 5.78270191908814e-05, "lr": 1.875918325566888e-05, "tokens": 8272320, "supervised": 2132088, "secs": 280.7}
{"step": 1500, "loss": 0.00022835303389001638, "lr": 1.866025403784439e-05, "tokens": 8563296, "supervised": 2206651, "secs": 286.4}
{"step": 1550, "loss": 7.96529566287063e-05, "lr": 1.8557812723014476e-05, "tokens": 8840736, "supervised": 2274738, "secs": 292.3}
{"step": 1600, "loss": 0.002876047510653734, "lr": 1.845190085543795e-05, "tokens": 9123936, "supervised": 2347170, "secs": 297.7}
{"step": 1650, "loss": 3.5810848203254864e-05, "lr": 1.8342561386828613e-05, "tokens": 9411200, "supervised": 2420885, "secs": 303.1}
{"step": 1700, "loss": 0.0005228838999755681, "lr": 1.8229838658936566e-05, "tokens": 9700032, "supervised": 2498767, "secs": 308.5}
{"step": 1750, "loss": 5.990149293211289e-05, "lr": 1.811377838556573e-05, "tokens": 9983648, "supervised": 2569387, "secs": 313.9}
{"step": 1800, "loss": 1.6553756722714752e-05, "lr": 1.7994427634035012e-05, "tokens": 10263200, "supervised": 2640819, "secs": 321.9}
{"step": 1850, "loss": 3.611420470406301e-05, "lr": 1.7871834806090502e-05, "tokens": 10564832, "supervised": 2723423, "secs": 327.5}
{"step": 1900, "loss": 1.137869094236521e-05, "lr": 1.7746049618276548e-05, "tokens": 10854624, "supervised": 2796572, "secs": 333.0}
{"step": 1950, "loss": 0.008549139834940434, "lr": 1.7617123081773595e-05, "tokens": 11138656, "supervised": 2869472, "secs": 338.4}
{"step": 2000, "loss": 5.585369308391819e-06, "lr": 1.7485107481711014e-05, "tokens": 11424128, "supervised": 2940413, "secs": 343.9}
{"step": 2050, "loss": 6.432633199437987e-06, "lr": 1.7350056355963287e-05, "tokens": 11704704, "supervised": 3011008, "secs": 349.3}
{"step": 2100, "loss": 3.690813173307106e-05, "lr": 1.7212024473438145e-05, "tokens": 11988096, "supervised": 3082632, "secs": 354.9}
{"step": 2150, "loss": 0.426577091217041, "lr": 1.7071067811865477e-05, "tokens": 12269568, "supervised": 3152225, "secs": 360.4}
{"step": 2200, "loss": 0.007504022680222988, "lr": 1.6927243535095995e-05, "tokens": 12555200, "supervised": 3226185, "secs": 366.5}
{"step": 2250, "loss": 0.00017274462152272463, "lr": 1.678060996991891e-05, "tokens": 12849280, "supervised": 3304540, "secs": 372.5}
{"step": 2300, "loss": 2.626878267619759e-05, "lr": 1.6631226582407954e-05, "tokens": 13133184, "supervised": 3377698, "secs": 379.4}
{"step": 2350, "loss": 1.4170323993312195e-05, "lr": 1.647915395380539e-05, "tokens": 13416608, "supervised": 3451863, "secs": 386.3}
{"step": 2400, "loss": 0.00031808897620067, "lr": 1.6324453755953772e-05, "tokens": 13714368, "supervised": 3532737, "secs": 393.5}
{"step": 2450, "loss": 0.00014257387374527752, "lr": 1.6167188726285433e-05, "tokens": 13996480, "supervised": 3602696, "secs": 400.5}
{"step": 2500, "loss": 7.92185528553091e-06, "lr": 1.600742264237979e-05, "tokens": 14290496, "supervised": 3680244, "secs": 407.3}
{"step": 2550, "loss": 7.977821951499209e-05, "lr": 1.584522029609889e-05, "tokens": 14575552, "supervised": 3753405, "secs": 414.3}
{"step": 2600, "loss": 6.97927680448629e-05, "lr": 1.5680647467311562e-05, "tokens": 14860832, "supervised": 3825843, "secs": 420.8}
{"step": 2650, "loss": 1.0704954547691159e-05, "lr": 1.551377089721692e-05, "tokens": 15138112, "supervised": 3894914, "secs": 425.9}
{"step": 2700, "loss": 1.8650144966159132e-06, "lr": 1.5344658261278013e-05, "tokens": 15416960, "supervised": 3963377, "secs": 431.5}
{"step": 2750, "loss": 6.096546258049784e-06, "lr": 1.5173378141776569e-05, "tokens": 15695136, "supervised": 4033930, "secs": 437.2}
{"step": 2800, "loss": 2.9290267775650136e-06, "lr": 1.5000000000000002e-05, "tokens": 15975904, "supervised": 4106423, "secs": 442.8}
{"step": 2850, "loss": 9.546439514451777e-07, "lr": 1.4824594148071936e-05, "tokens": 16264704, "supervised": 4181755, "secs": 448.7}
{"step": 2900, "loss": 9.137316396845563e-07, "lr": 1.4647231720437684e-05, "tokens": 16549152, "supervised": 4255581, "secs": 454.3}
{"step": 2950, "loss": 1.0153344192076474e-06, "lr": 1.4467984645016259e-05, "tokens": 16834656, "supervised": 4329284, "secs": 459.9}
{"step": 3000, "loss": 2.3303834950638702e-06, "lr": 1.4286925614030542e-05, "tokens": 17119072, "supervised": 4400401, "secs": 465.7}
{"step": 3050, "loss": 1.9282331322756363e-06, "lr": 1.410412805452757e-05, "tokens": 17400480, "supervised": 4468214, "secs": 471.5}
{"step": 3100, "loss": 3.55929478246253e-05, "lr": 1.3919666098600753e-05, "tokens": 17675648, "supervised": 4535488, "secs": 477.2}
{"step": 3150, "loss": 4.244673255016096e-05, "lr": 1.3733614553326211e-05, "tokens": 17955648, "supervised": 4607755, "secs": 482.7}
{"step": 3200, "loss": 1.598352923792845e-06, "lr": 1.3546048870425356e-05, "tokens": 18228096, "supervised": 4674332, "secs": 488.1}
{"step": 3250, "loss": 4.808421181223821e-07, "lr": 1.335704511566605e-05, "tokens": 18509408, "supervised": 4744686, "secs": 493.8}
{"step": 3300, "loss": 4.531347315150924e-07, "lr": 1.3166679938014726e-05, "tokens": 18796448, "supervised": 4817459, "secs": 499.8}
{"step": 3350, "loss": 2.3461321063678042e-07, "lr": 1.297503053855203e-05, "tokens": 19072032, "supervised": 4885637, "secs": 505.7}
{"step": 3400, "loss": 5.322481797520595e-07, "lr": 1.2782174639164526e-05, "tokens": 19367360, "supervised": 4964304, "secs": 511.5}
{"step": 3450, "loss": 0.00026698809233494103, "lr": 1.2588190451025209e-05, "tokens": 19646688, "supervised": 5033828, "secs": 516.9}
{"step": 3500, "loss": 7.745374205114786e-06, "lr": 1.2393156642875577e-05, "tokens": 19939136, "supervised": 5108444, "secs": 523.6}
{"step": 3550, "loss": 1.8105531580658862e-06, "lr": 1.2197152309122171e-05, "tokens": 20215776, "supervised": 5178173, "secs": 530.2}
{"step": 3600, "loss": 4.647193691198481e-06, "lr": 1.2000256937760448e-05, "tokens": 20494368, "supervised": 5247248, "secs": 536.7}
{"step": 3650, "loss": 5.950329864390369e-07, "lr": 1.180255037813906e-05, "tokens": 20782272, "supervised": 5322320, "secs": 543.5}
{"step": 3700, "loss": 2.2005069695296697e-06, "lr": 1.1604112808577605e-05, "tokens": 21067360, "supervised": 5397971, "secs": 550.4}
{"step": 3750, "loss": 7.962586323628784e-07, "lr": 1.1405024703850929e-05, "tokens": 21344800, "supervised": 5468077, "secs": 557.0}
{"step": 3800, "loss": 3.981299414590467e-07, "lr": 1.1205366802553233e-05, "tokens": 21630688, "supervised": 5538713, "secs": 563.9}
{"step": 3850, "loss": 1.2030556035824702e-06, "lr": 1.1005220074355172e-05, "tokens": 21933056, "supervised": 5619352, "secs": 571.1}
{"step": 3900, "loss": 8.246963716374012e-07, "lr": 1.0804665687167262e-05, "tokens": 22224352, "supervised": 5696875, "secs": 578.3}
{"step": 3950, "loss": 6.925817615410779e-06, "lr": 1.0603784974222862e-05, "tokens": 22506048, "supervised": 5767707, "secs": 585.1}
{"step": 4000, "loss": 6.265795491344761e-07, "lr": 1.0402659401094154e-05, "tokens": 22795360, "supervised": 5842783, "secs": 591.0}
{"step": 4050, "loss": 2.092715618573493e-07, "lr": 1.0201370532654404e-05, "tokens": 23079552, "supervised": 5915496, "secs": 595.5}
{"step": 4100, "loss": 4.845941248277086e-07, "lr": 1e-05, "tokens": 23367584, "supervised": 5990882, "secs": 600.1}
{"step": 4150, "loss": 3.082661237385764e-07, "lr": 9.798629467345598e-06, "tokens": 23653952, "supervised": 6064371, "secs": 604.6}
{"step": 4200, "loss": 1.4699365635806316e-07, "lr": 9.597340598905851e-06, "tokens": 23941184, "supervised": 6136769, "secs": 609.2}
{"step": 4250, "loss": 1.7016096535371616e-05, "lr": 9.396215025777141e-06, "tokens": 24219968, "supervised": 6204672, "secs": 613.6}
{"step": 4300, "loss": 9.18427005558442e-08, "lr": 9.195334312832745e-06, "tokens": 24511104, "supervised": 6282218, "secs": 618.2}
{"step": 4350, "loss": 2.962322298571962e-07, "lr": 8.994779925644832e-06, "tokens": 24793216, "supervised": 6353385, "secs": 622.7}
{"step": 4400, "loss": 3.1384242902277038e-06, "lr": 8.79463319744677e-06, "tokens": 25077888, "supervised": 6424282, "secs": 627.2}
{"step": 4450, "loss": 1.2565682538934198e-07, "lr": 8.594975296149074e-06, "tokens": 25359648, "supervised": 6494669, "secs": 631.7}
{"step": 4500, "loss": 3.450501537827222e-07, "lr": 8.395887191422399e-06, "tokens": 25639808, "supervised": 6565143, "secs": 636.3}
{"step": 4550, "loss": 5.910355866944883e-07, "lr": 8.197449621860944e-06, "tokens": 25933920, "supervised": 6643909, "secs": 640.8}
{"step": 4600, "loss": 1.283682422581478e-06, "lr": 7.999743062239557e-06, "tokens": 26224128, "supervised": 6719315, "secs": 645.4}
{"step": 4650, "loss": 1.794726472326147e-06, "lr": 7.80284769087783e-06, "tokens": 26504928, "supervised": 6789531, "secs": 649.9}
{"step": 4700, "loss": 3.467581279892329e-07, "lr": 7.6068433571244234e-06, "tokens": 26788128, "supervised": 6861842, "secs": 654.4}
{"step": 4750, "loss": 4.219687923523452e-07, "lr": 7.411809548974792e-06, "tokens": 27076928, "supervised": 6936596, "secs": 659.0}
{"step": 4800, "loss": 1.7550816266975744e-07, "lr": 7.217825360835476e-06, "tokens": 27355264, "supervised": 7006521, "secs": 663.5}
{"step": 4850, "loss": 1.9691253783094e-06, "lr": 7.024969461447973e-06, "tokens": 27644960, "supervised": 7079857, "secs": 668.1}
{"step": 4900, "loss": 8.401761988352519e-07, "lr": 6.833320061985278e-06, "tokens": 27931456, "supervised": 7154615, "secs": 672.6}
{"step": 4950, "loss": 7.01277031112113e-07, "lr": 6.642954884333953e-06, "tokens": 28227552, "supervised": 7232841, "secs": 677.4}
{"step": 5000, "loss": 3.9997510725697794e-07, "lr": 6.453951129574646e-06, "tokens": 28520608, "supervised": 7309843, "secs": 682.0}
{"step": 5050, "loss": 3.0934154438000405e-07, "lr": 6.266385446673791e-06, "tokens": 28818336, "supervised": 7391796, "secs": 686.7}
{"step": 5100, "loss": 1.665823674557032e-07, "lr": 6.080333901399252e-06, "tokens": 29110048, "supervised": 7469048, "secs": 691.3}
{"step": 5150, "loss": 1.4199373765677592e-07, "lr": 5.8958719454724326e-06, "tokens": 29392256, "supervised": 7539314, "secs": 695.8}
{"step": 5200, "loss": 5.9467716084782296e-08, "lr": 5.713074385969457e-06, "tokens": 29679776, "supervised": 7613105, "secs": 700.3}
{"step": 5250, "loss": 7.071589891438634e-08, "lr": 5.532015354983742e-06, "tokens": 29971296, "supervised": 7691779, "secs": 705.0}
{"step": 5300, "loss": 7.834772475234786e-08, "lr": 5.352768279562315e-06, "tokens": 30250400, "supervised": 7761174, "secs": 709.4}
{"step": 5350, "loss": 4.952494947474406e-08, "lr": 5.175405851928068e-06, "tokens": 30527520, "supervised": 7830413, "secs": 714.0}
{"step": 5400, "loss": 3.607910770142553e-08, "lr": 5.000000000000003e-06, "tokens": 30802784, "supervised": 7900323, "secs": 718.5}
{"step": 5450, "loss": 8.912032711805296e-08, "lr": 4.826621858223436e-06, "tokens": 31090400, "supervised": 7974317, "secs": 723.0}
{"step": 5500, "loss": 7.068792484687947e-08, "lr": 4.655341738721989e-06, "tokens": 31382336, "supervised": 8051510, "secs": 727.6}
{"step": 5550, "loss": 7.97421577658497e-08, "lr": 4.486229102783084e-06, "tokens": 31663968, "supervised": 8122636, "secs": 732.1}
{"step": 5600, "loss": 1.8897044640198146e-07, "lr": 4.31935253268844e-06, "tokens": 31944512, "supervised": 8194807, "secs": 736.7}
{"step": 5650, "loss": 7.632393561607387e-08, "lr": 4.154779703901114e-06, "tokens": 32220256, "supervised": 8263816, "secs": 741.2}
{"step": 5700, "loss": 9.514924670384062e-08, "lr": 3.992577357620214e-06, "tokens": 32502272, "supervised": 8335955, "secs": 745.6}
{"step": 5750, "loss": 5.903329736156593e-08, "lr": 3.832811273714569e-06, "tokens": 32799392, "supervised": 8416186, "secs": 750.2}
{"step": 5800, "loss": 4.2676088440884996e-08, "lr": 3.6755462440462288e-06, "tokens": 33068000, "supervised": 8480039, "secs": 754.6}
{"step": 5850, "loss": 6.060756163606129e-08, "lr": 3.5208460461946136e-06, "tokens": 33352128, "supervised": 8552641, "secs": 759.1}
{"step": 5900, "loss": 1.3241132990060578e-07, "lr": 3.3687734175920505e-06, "tokens": 33637600, "supervised": 8624892, "secs": 763.5}
{"step": 5950, "loss": 3.534691117579314e-08, "lr": 3.2193900300810908e-06, "tokens": 33916160, "supervised": 8693653, "secs": 767.9}
{"step": 6000, "loss": 4.7505530176294997e-08, "lr": 3.0727564649040066e-06, "tokens": 34210432, "supervised": 8775245, "secs": 772.6}
{"step": 6050, "loss": 5.6556622496373166e-08, "lr": 2.9289321881345257e-06, "tokens": 34501952, "supervised": 8853387, "secs": 777.1}
{"step": 6100, "loss": 1.1819405898449986e-08, "lr": 2.7879755265618558e-06, "tokens": 34791360, "supervised": 8929634, "secs": 781.6}
{"step": 6150, "loss": 7.450578820566989e-09, "lr": 2.649943644036713e-06, "tokens": 35078784, "supervised": 9004275, "secs": 786.1}
{"step": 6200, "loss": 9.088802244150429e-08, "lr": 2.514892518288988e-06, "tokens": 35366208, "supervised": 9080155, "secs": 790.7}
{"step": 6250, "loss": 4.3202344812698357e-08, "lr": 2.382876918226409e-06, "tokens": 35649344, "supervised": 9150462, "secs": 795.2}
{"step": 6300, "loss": 1.5224397031943226e-07, "lr": 2.2539503817234553e-06, "tokens": 35920064, "supervised": 9213286, "secs": 799.5}
{"step": 6350, "loss": 2.1601362476530994e-08, "lr": 2.1281651939094996e-06, "tokens": 36204832, "supervised": 9285313, "secs": 804.0}
{"step": 6400, "loss": 4.713922407972859e-08, "lr": 2.0055723659649873e-06, "tokens": 36494944, "supervised": 9360917, "secs": 808.6}
{"step": 6450, "loss": 1.0782969894762573e-07, "lr": 1.8862216144342726e-06, "tokens": 36791264, "supervised": 9440637, "secs": 813.1}
{"step": 6500, "loss": 1.9553343832967585e-08, "lr": 1.7701613410634367e-06, "tokens": 37075200, "supervised": 9511458, "secs": 817.6}
{"step": 6550, "loss": 6.829697696275616e-09, "lr": 1.6574386131713872e-06, "tokens": 37362368, "supervised": 9583989, "secs": 822.1}
{"step": 6600, "loss": 4.6059806635412315e-08, "lr": 1.5480991445620518e-06, "tokens": 37643520, "supervised": 9652146, "secs": 826.5}
{"step": 6650, "loss": 5.418602899709413e-09, "lr": 1.4421872769855262e-06, "tokens": 37930752, "supervised": 9727399, "secs": 831.0}
{"step": 6700, "loss": 5.863633845137883e-08, "lr": 1.339745962155613e-06, "tokens": 38221920, "supervised": 9805223, "secs": 835.6}
{"step": 6750, "loss": 2.8857348510769043e-08, "lr": 1.2408167443311215e-06, "tokens": 38504576, "supervised": 9876829, "secs": 840.0}
{"step": 6800, "loss": 5.630241872722763e-08, "lr": 1.1454397434678999e-06, "tokens": 38795712, "supervised": 9953273, "secs": 844.6}
{"step": 6850, "loss": 2.039626600947031e-08, "lr": 1.0536536389485275e-06, "tokens": 39086048, "supervised": 10027257, "secs": 849.1}
{"step": 6900, "loss": 2.4358113748235155e-08, "lr": 9.654956538961769e-07, "tokens": 39368544, "supervised": 10099205, "secs": 853.5}
{"step": 6950, "loss": 3.58200935579589e-09, "lr": 8.810015400790994e-07, "tokens": 39644064, "supervised": 10166743, "secs": 858.0}
{"step": 7000, "loss": 1.711645047919319e-08, "lr": 8.0020556341176e-07, "tokens": 39921632, "supervised": 10236236, "secs": 862.4}
{"step": 7050, "loss": 3.3811776489756085e-08, "lr": 7.231404900585714e-07, "tokens": 40213696, "supervised": 10315952, "secs": 867.0}
{"step": 7100, "loss": 4.1111686499561984e-08, "lr": 6.498375731458529e-07, "tokens": 40494816, "supervised": 10385335, "secs": 871.4}
{"step": 7150, "loss": 7.982903582615108e-08, "lr": 5.803265400873514e-07, "tokens": 40776608, "supervised": 10455417, "secs": 876.0}
{"step": 7200, "loss": 1.2970442497817203e-08, "lr": 5.146355805285464e-07, "tokens": 41074880, "supervised": 10535997, "secs": 880.6}
{"step": 7250, "loss": 9.50656176001985e-09, "lr": 4.5279133491454406e-07, "tokens": 41351904, "supervised": 10605930, "secs": 885.0}
{"step": 7300, "loss": 2.1396525440309233e-08, "lr": 3.9481888368627764e-07, "tokens": 41636384, "supervised": 10678473, "secs": 889.4}
{"step": 7350, "loss": 2.0319752991326823e-08, "lr": 3.4074173710931693e-07, "tokens": 41913248, "supervised": 10748049, "secs": 893.9}
{"step": 7400, "loss": 1.773947211347604e-08, "lr": 2.90581825739481e-07, "tokens": 42191040, "supervised": 10816565, "secs": 898.3}
{"step": 7450, "loss": 1.4681273974304077e-08, "lr": 2.4435949152906144e-07, "tokens": 42474784, "supervised": 10889575, "secs": 902.8}
{"step": 7500, "loss": 3.7151536957935605e-08, "lr": 2.0209347957732328e-07, "tokens": 42769056, "supervised": 10966230, "secs": 907.3}
{"step": 7550, "loss": 1.4901158529312397e-08, "lr": 1.6380093052856482e-07, "tokens": 43047872, "supervised": 11034953, "secs": 911.7}
{"step": 7600, "loss": 3.7969298816165065e-09, "lr": 1.2949737362087156e-07, "tokens": 43337664, "supervised": 11109474, "secs": 916.3}
{"step": 7650, "loss": 4.805659514772742e-08, "lr": 9.919672038836037e-08, "tokens": 43629024, "supervised": 11185304, "secs": 920.8}
{"step": 7700, "loss": 2.613205651869066e-08, "lr": 7.291125901946027e-08, "tokens": 43912896, "supervised": 11256432, "secs": 925.2}
{"step": 7750, "loss": 2.620859262947306e-08, "lr": 5.0651649373544276e-08, "tokens": 44190272, "supervised": 11325383, "secs": 929.7}
{"step": 7800, "loss": 1.1719140502464143e-07, "lr": 3.242691865790071e-08, "tokens": 44479488, "supervised": 11402730, "secs": 934.2}
{"step": 7850, "loss": 2.112315833358025e-08, "lr": 1.824445776682504e-08, "tokens": 44770592, "supervised": 11478990, "secs": 938.7}
{"step": 7900, "loss": 3.625649114269436e-08, "lr": 8.110018284304132e-09, "tokens": 45054496, "supervised": 11550507, "secs": 943.1}
{"step": 7950, "loss": 1.0599793043297723e-08, "lr": 2.0277101514987184e-09, "tokens": 45335008, "supervised": 11619208, "secs": 947.6}
{"step": 8000, "loss": 9.560895364302269e-08, "lr": 0.0, "tokens": 45628992, "supervised": 11698598, "secs": 952.1}
[done] ladder_goalstack -> runs/ef/ladder_goalstack.pt tokens=45628992 supervised=11698598 examples=320000
[trained] ladder_goalstack
{"rep": "slots", "reinit_tokens": 151}
{"examples": 320000, "encoded": 320000, "dropped_over_max_len": 0}
{"step": 1, "loss": 11.260126113891602, "lr": 1.0000000000000001e-07, "tokens": 16992, "supervised": 8256, "secs": 90.9}
{"step": 50, "loss": 0.7653942108154297, "lr": 5e-06, "tokens": 538176, "supervised": 233226, "secs": 102.7}
{"step": 100, "loss": 0.21339482069015503, "lr": 1e-05, "tokens": 1176224, "supervised": 531539, "secs": 113.9}
{"step": 150, "loss": 0.12370871752500534, "lr": 1.5000000000000002e-05, "tokens": 1713696, "supervised": 764600, "secs": 123.4}
{"step": 200, "loss": 0.12562774121761322, "lr": 2e-05, "tokens": 2276640, "supervised": 1013764, "secs": 133.4}
{"step": 250, "loss": 0.16510123014450073, "lr": 1.9997972289848505e-05, "tokens": 2810496, "supervised": 1244977, "secs": 142.8}
{"step": 300, "loss": 0.004170307423919439, "lr": 1.9991889981715696e-05, "tokens": 3402848, "supervised": 1512616, "secs": 152.9}
{"step": 350, "loss": 0.10984253883361816, "lr": 1.9981755542233175e-05, "tokens": 3979136, "supervised": 1770161, "secs": 162.8}
{"step": 400, "loss": 0.1006714403629303, "lr": 1.9967573081342103e-05, "tokens": 4500224, "supervised": 1992867, "secs": 171.7}
{"step": 450, "loss": 0.000717304355930537, "lr": 1.9949348350626456e-05, "tokens": 5103072, "supervised": 2265946, "secs": 181.7}
{"step": 500, "loss": 0.0007072575972415507, "lr": 1.992708874098054e-05, "tokens": 5651264, "supervised": 2506701, "secs": 190.6}
{"step": 550, "loss": 0.00020098114327993244, "lr": 1.9900803279611643e-05, "tokens": 6267872, "supervised": 2791558, "secs": 201.1}
{"step": 600, "loss": 0.026185253635048866, "lr": 1.9870502626379127e-05, "tokens": 6771040, "supervised": 3001063, "secs": 210.3}
{"step": 650, "loss": 0.035797834396362305, "lr": 1.983619906947144e-05, "tokens": 7356192, "supervised": 3265123, "secs": 222.9}
{"step": 700, "loss": 0.020545903593301773, "lr": 1.979790652042268e-05, "tokens": 7997664, "supervised": 3564626, "secs": 236.5}
{"step": 750, "loss": 0.014363153837621212, "lr": 1.975564050847094e-05, "tokens": 8513824, "supervised": 3785526, "secs": 247.5}
{"step": 800, "loss": 0.03127781301736832, "lr": 1.9709418174260523e-05, "tokens": 9076992, "supervised": 4034354, "secs": 259.5}
{"step": 850, "loss": 0.01644914597272873, "lr": 1.9659258262890683e-05, "tokens": 9629984, "supervised": 4276303, "secs": 268.4}
{"step": 900, "loss": 0.019805075600743294, "lr": 1.9605181116313725e-05, "tokens": 10194176, "supervised": 4525641, "secs": 277.5}
{"step": 950, "loss": 0.016610709950327873, "lr": 1.954720866508546e-05, "tokens": 10765248, "supervised": 4781302, "secs": 286.8}
{"step": 1000, "loss": 0.023457830771803856, "lr": 1.9485364419471454e-05, "tokens": 11367712, "supervised": 5057850, "secs": 296.5}
{"step": 1050, "loss": 0.012623663991689682, "lr": 1.9419673459912652e-05, "tokens": 11873632, "supervised": 5270269, "secs": 305.0}
{"step": 1100, "loss": 0.01959267258644104, "lr": 1.9350162426854152e-05, "tokens": 12472352, "supervised": 5545363, "secs": 314.7}
{"step": 1150, "loss": 0.01844952628016472, "lr": 1.927685950994143e-05, "tokens": 13043776, "supervised": 5799683, "secs": 324.0}
{"step": 1200, "loss": 0.023970279842615128, "lr": 1.9199794436588244e-05, "tokens": 13607936, "supervised": 6051850, "secs": 333.3}
{"step": 1250, "loss": 1.5025734683149494e-05, "lr": 1.91189984599209e-05, "tokens": 14191072, "supervised": 6314094, "secs": 343.6}
{"step": 1300, "loss": 0.012333462946116924, "lr": 1.9034504346103825e-05, "tokens": 14754112, "supervised": 6563687, "secs": 353.3}
{"step": 1350, "loss": 1.8114171325578354e-05, "lr": 1.8946346361051474e-05, "tokens": 15276768, "supervised": 6788278, "secs": 361.9}
[W829 02:14:15.619438406 CUDACachingAllocator.cpp:3933] memory allocation failed with OOM on device 0 while trying to allocate 2239758336 bytes (free: 1890123776, total: 85019590656).
{"step": 1400, "loss": 5.753235200245399e-06, "lr": 1.8854560256532098e-05, "tokens": 15796864, "supervised": 7007287, "secs": 371.0}
{"step": 1450, "loss": 1.0973029020533431e-05, "lr": 1.875918325566888e-05, "tokens": 16327552, "supervised": 7235458, "secs": 382.4}
{"step": 1500, "loss": 9.253441021428443e-06, "lr": 1.866025403784439e-05, "tokens": 16929312, "supervised": 7511240, "secs": 395.1}
{"step": 1550, "loss": 4.603733941621613e-06, "lr": 1.8557812723014476e-05, "tokens": 17459744, "supervised": 7740431, "secs": 406.6}
{"step": 1600, "loss": 6.433225735236192e-06, "lr": 1.845190085543795e-05, "tokens": 18011712, "supervised": 7982401, "secs": 418.4}
{"step": 1650, "loss": 4.205310688121244e-06, "lr": 1.8342561386828613e-05, "tokens": 18601984, "supervised": 8250134, "secs": 430.6}
{"step": 1700, "loss": 3.3096473543992033e-06, "lr": 1.8229838658936566e-05, "tokens": 19149632, "supervised": 8488950, "secs": 442.2}
{"step": 1750, "loss": 1.6015968640203937e-06, "lr": 1.811377838556573e-05, "tokens": 19711584, "supervised": 8740382, "secs": 454.2}
{"step": 1800, "loss": 1.5056274378366652e-06, "lr": 1.7994427634035012e-05, "tokens": 20254784, "supervised": 8978394, "secs": 465.8}
{"step": 1850, "loss": 0.0079413540661335, "lr": 1.7871834806090502e-05, "tokens": 20919424, "supervised": 9293995, "secs": 480.3}
{"step": 1900, "loss": 0.009213379584252834, "lr": 1.7746049618276548e-05, "tokens": 21491488, "supervised": 9547448, "secs": 492.4}
{"step": 1950, "loss": 0.005285825114697218, "lr": 1.7617123081773595e-05, "tokens": 22057056, "supervised": 9799089, "secs": 504.6}
{"step": 2000, "loss": 3.386344178579748e-05, "lr": 1.7485107481711014e-05, "tokens": 22627648, "supervised": 10052190, "secs": 516.8}
{"step": 2050, "loss": 1.0070856660604477e-05, "lr": 1.7350056355963287e-05, "tokens": 23206144, "supervised": 10314624, "secs": 525.9}
{"step": 2100, "loss": 0.00575475487858057, "lr": 1.7212024473438145e-05, "tokens": 23749120, "supervised": 10551980, "secs": 534.7}
{"step": 2150, "loss": 0.018416400998830795, "lr": 1.7071067811865477e-05, "tokens": 24281536, "supervised": 10781790, "secs": 544.0}
{"step": 2200, "loss": 0.006027211435139179, "lr": 1.6927243535095995e-05, "tokens": 24864576, "supervised": 11047542, "secs": 553.5}
{"step": 2250, "loss": 6.410922651411965e-05, "lr": 1.678060996991891e-05, "tokens": 25461472, "supervised": 11319004, "secs": 565.7}
{"step": 2300, "loss": 3.4955392038682476e-06, "lr": 1.6631226582407954e-05, "tokens": 26014240, "supervised": 11562690, "secs": 574.8}
{"step": 2350, "loss": 7.152822490752442e-06, "lr": 1.647915395380539e-05, "tokens": 26568864, "supervised": 11809340, "secs": 584.4}
{"step": 2400, "loss": 0.004868233110755682, "lr": 1.6324453755953772e-05, "tokens": 27186912, "supervised": 12096512, "secs": 594.3}
{"step": 2450, "loss": 2.6485847683943575e-06, "lr": 1.6167188726285433e-05, "tokens": 27738112, "supervised": 12337312, "secs": 603.9}
{"step": 2500, "loss": 1.4300352404461592e-06, "lr": 1.600742264237979e-05, "tokens": 28363072, "supervised": 12629716, "secs": 614.2}
{"step": 2550, "loss": 3.0557173431589035e-06, "lr": 1.584522029609889e-05, "tokens": 28926880, "supervised": 12879279, "secs": 626.3}
{"step": 2600, "loss": 1.935368572958396e-06, "lr": 1.5680647467311562e-05, "tokens": 29489504, "supervised": 13131428, "secs": 636.9}
{"step": 2650, "loss": 5.739458401876618e-07, "lr": 1.551377089721692e-05, "tokens": 30040160, "supervised": 13374233, "secs": 645.9}
{"step": 2700, "loss": 7.106848443072522e-07, "lr": 1.5344658261278013e-05, "tokens": 30545184, "supervised": 13585479, "secs": 657.3}
{"step": 2750, "loss": 0.0001313623070018366, "lr": 1.5173378141776569e-05, "tokens": 31057088, "supervised": 13800205, "secs": 665.9}
{"step": 2800, "loss": 1.944015093613416e-05, "lr": 1.5000000000000002e-05, "tokens": 31600704, "supervised": 14038994, "secs": 676.6}
{"step": 2850, "loss": 5.844808583788108e-07, "lr": 1.4824594148071936e-05, "tokens": 32192384, "supervised": 14307919, "secs": 689.5}
{"step": 2900, "loss": 7.319988526433008e-07, "lr": 1.4647231720437684e-05, "tokens": 32782624, "supervised": 14575436, "secs": 699.2}
{"step": 2950, "loss": 1.4549521438311785e-05, "lr": 1.4467984645016259e-05, "tokens": 33382560, "supervised": 14849757, "secs": 709.1}
{"step": 3000, "loss": 1.054758513419074e-06, "lr": 1.4286925614030542e-05, "tokens": 33927648, "supervised": 15088012, "secs": 718.0}
{"step": 3050, "loss": 0.011049921624362469, "lr": 1.410412805452757e-05, "tokens": 34514720, "supervised": 15356049, "secs": 730.0}
{"step": 3100, "loss": 3.0871819944877643e-07, "lr": 1.3919666098600753e-05, "tokens": 35044096, "supervised": 15587441, "secs": 738.7}
{"step": 3150, "loss": 4.531476918145927e-07, "lr": 1.3733614553326211e-05, "tokens": 35631072, "supervised": 15854312, "secs": 748.3}
{"step": 3200, "loss": 6.167015817482024e-05, "lr": 1.3546048870425356e-05, "tokens": 36104608, "supervised": 16045092, "secs": 756.3}
{"step": 3250, "loss": 5.544325745177048e-07, "lr": 1.335704511566605e-05, "tokens": 36647776, "supervised": 16281252, "secs": 765.3}
{"step": 3300, "loss": 0.00042096266406588256, "lr": 1.3166679938014726e-05, "tokens": 37241280, "supervised": 16552354, "secs": 774.9}
{"step": 3350, "loss": 6.08752941388957e-07, "lr": 1.297503053855203e-05, "tokens": 37754176, "supervised": 16770456, "secs": 783.4}
{"step": 3400, "loss": 0.0005012728506699204, "lr": 1.2782174639164526e-05, "tokens": 38362080, "supervised": 17048566, "secs": 793.3}
{"step": 3450, "loss": 2.140607477940648e-07, "lr": 1.2588190451025209e-05, "tokens": 38896736, "supervised": 17279962, "secs": 802.1}
{"step": 3500, "loss": 0.00019139712094329298, "lr": 1.2393156642875577e-05, "tokens": 39494016, "supervised": 17552081, "secs": 813.7}
{"step": 3550, "loss": 0.00011508419993333519, "lr": 1.2197152309122171e-05, "tokens": 40001024, "supervised": 17766601, "secs": 825.3}
{"step": 3600, "loss": 4.28525851248196e-07, "lr": 1.2000256937760448e-05, "tokens": 40515552, "supervised": 17985681, "secs": 836.7}
{"step": 3650, "loss": 0.0061705089174211025, "lr": 1.180255037813906e-05, "tokens": 41109568, "supervised": 18257508, "secs": 849.8}
{"step": 3700, "loss": 3.889394406542124e-07, "lr": 1.1604112808577605e-05, "tokens": 41664544, "supervised": 18502080, "secs": 862.1}
{"step": 3750, "loss": 6.515113636851311e-05, "lr": 1.1405024703850929e-05, "tokens": 42151328, "supervised": 18699820, "secs": 873.2}
{"step": 3800, "loss": 2.824701823556097e-07, "lr": 1.1205366802553233e-05, "tokens": 42734304, "supervised": 18964864, "secs": 886.3}
{"step": 3850, "loss": 2.155289075744804e-05, "lr": 1.1005220074355172e-05, "tokens": 43417568, "supervised": 19292435, "secs": 901.7}
{"step": 3900, "loss": 2.646775783432531e-06, "lr": 1.0804665687167262e-05, "tokens": 43984960, "supervised": 19543643, "secs": 913.4}
{"step": 3950, "loss": 2.482115633029025e-07, "lr": 1.0603784974222862e-05, "tokens": 44511744, "supervised": 19769620, "secs": 922.3}
{"step": 4000, "loss": 3.559018978194217e-06, "lr": 1.0402659401094154e-05, "tokens": 45109408, "supervised": 20043689, "secs": 932.1}
{"step": 4050, "loss": 1.2406182747781713e-07, "lr": 1.0201370532654404e-05, "tokens": 45657920, "supervised": 20285287, "secs": 941.3}
{"step": 4100, "loss": 3.4850441466005577e-07, "lr": 1e-05, "tokens": 46240224, "supervised": 20545008, "secs": 950.9}
{"step": 4150, "loss": 1.3552804034588917e-07, "lr": 9.798629467345598e-06, "tokens": 46839872, "supervised": 20819827, "secs": 960.8}
{"step": 4200, "loss": 1.1275820099854172e-07, "lr": 9.597340598905851e-06, "tokens": 47404768, "supervised": 21073486, "secs": 970.2}
{"step": 4250, "loss": 0.00030968987266533077, "lr": 9.396215025777141e-06, "tokens": 47910304, "supervised": 21284420, "secs": 978.7}
{"step": 4300, "loss": 1.3256833426567027e-06, "lr": 9.195334312832745e-06, "tokens": 48512832, "supervised": 21560477, "secs": 990.3}
{"step": 4350, "loss": 5.537196102523012e-06, "lr": 8.994779925644832e-06, "tokens": 49053248, "supervised": 21795212, "secs": 999.8}
{"step": 4400, "loss": 8.981075552583206e-06, "lr": 8.79463319744677e-06, "tokens": 49610528, "supervised": 22042252, "secs": 1009.1}
{"step": 4450, "loss": 4.882685402662901e-07, "lr": 8.594975296149074e-06, "tokens": 50172672, "supervised": 22291555, "secs": 1018.5}
{"step": 4500, "loss": 1.0380826154232636e-07, "lr": 8.395887191422399e-06, "tokens": 50723104, "supervised": 22533660, "secs": 1027.6}
{"step": 4550, "loss": 1.5691914541093865e-06, "lr": 8.197449621860944e-06, "tokens": 51301792, "supervised": 22791608, "secs": 1037.3}
{"step": 4600, "loss": 8.883200166565075e-07, "lr": 7.999743062239557e-06, "tokens": 51890688, "supervised": 23057423, "secs": 1047.0}
{"step": 4650, "loss": 1.6088625898191822e-07, "lr": 7.80284769087783e-06, "tokens": 52432160, "supervised": 23291491, "secs": 1056.1}
{"step": 4700, "loss": 5.52470922343673e-08, "lr": 7.6068433571244234e-06, "tokens": 52986624, "supervised": 23534988, "secs": 1065.4}
{"step": 4750, "loss": 3.5758027649990254e-08, "lr": 7.411809548974792e-06, "tokens": 53596928, "supervised": 23815581, "secs": 1076.5}
{"step": 4800, "loss": 1.0367101310748694e-07, "lr": 7.217825360835476e-06, "tokens": 54119392, "supervised": 24036640, "secs": 1086.7}
{"step": 4850, "loss": 1.8112406507952983e-07, "lr": 7.024969461447973e-06, "tokens": 54738048, "supervised": 24324441, "secs": 1096.8}
{"step": 4900, "loss": 4.818966772290878e-07, "lr": 6.833320061985278e-06, "tokens": 55283264, "supervised": 24561651, "secs": 1106.0}
{"step": 4950, "loss": 1.0918000725723687e-07, "lr": 6.642954884333953e-06, "tokens": 55928928, "supervised": 24865204, "secs": 1116.6}
{"step": 5000, "loss": 1.036146954902506e-07, "lr": 6.453951129574646e-06, "tokens": 56551040, "supervised": 25153827, "secs": 1126.9}
{"step": 5050, "loss": 1.1282844525339897e-07, "lr": 6.266385446673791e-06, "tokens": 57158656, "supervised": 25426935, "secs": 1137.0}
{"step": 5100, "loss": 6.234806448901509e-08, "lr": 6.080333901399252e-06, "tokens": 57751648, "supervised": 25695936, "secs": 1146.9}
{"step": 5150, "loss": 9.28418586454427e-08, "lr": 5.8958719454724326e-06, "tokens": 58295200, "supervised": 25933522, "secs": 1156.0}
{"step": 5200, "loss": 7.151724190634923e-08, "lr": 5.713074385969457e-06, "tokens": 58840640, "supervised": 26168465, "secs": 1165.2}
{"step": 5250, "loss": 5.84347894516668e-08, "lr": 5.532015354983742e-06, "tokens": 59406880, "supervised": 26417817, "secs": 1174.6}
{"step": 5300, "loss": 5.9156608500643415e-08, "lr": 5.352768279562315e-06, "tokens": 59950208, "supervised": 26658106, "secs": 1183.8}
{"step": 5350, "loss": 5.863708452125138e-08, "lr": 5.175405851928068e-06, "tokens": 60499904, "supervised": 26901264, "secs": 1193.0}
{"step": 5400, "loss": 6.288599507797699e-08, "lr": 5.000000000000003e-06, "tokens": 61032256, "supervised": 27133614, "secs": 1202.0}
{"step": 5450, "loss": 7.384368672092023e-08, "lr": 4.826621858223436e-06, "tokens": 61595808, "supervised": 27381101, "secs": 1211.4}
{"step": 5500, "loss": 8.676136786789357e-08, "lr": 4.655341738721989e-06, "tokens": 62199552, "supervised": 27660050, "secs": 1221.6}
{"step": 5550, "loss": 6.179227796110354e-08, "lr": 4.486229102783084e-06, "tokens": 62698464, "supervised": 27866969, "secs": 1232.3}
{"step": 5600, "loss": 1.9288248154225585e-07, "lr": 4.31935253268844e-06, "tokens": 63244320, "supervised": 28106173, "secs": 1241.5}
{"step": 5650, "loss": 4.6908340323170705e-08, "lr": 4.154779703901114e-06, "tokens": 63756096, "supervised": 28322980, "secs": 1250.5}
{"step": 5700, "loss": 5.0605390100599834e-08, "lr": 3.992577357620214e-06, "tokens": 64237792, "supervised": 28516714, "secs": 1261.7}
{"step": 5750, "loss": 8.480876090288803e-07, "lr": 3.832811273714569e-06, "tokens": 64809984, "supervised": 28768910, "secs": 1274.9}
{"step": 5800, "loss": 7.293156301102499e-08, "lr": 3.6755462440462288e-06, "tokens": 65306944, "supervised": 28977585, "secs": 1286.5}
{"step": 5850, "loss": 7.303113847001441e-08, "lr": 3.5208460461946136e-06, "tokens": 65896640, "supervised": 29245180, "secs": 1300.1}
{"step": 5900, "loss": 4.2544645140196735e-08, "lr": 3.3687734175920505e-06, "tokens": 66451264, "supervised": 29488808, "secs": 1312.9}
{"step": 5950, "loss": 7.127483314661731e-08, "lr": 3.2193900300810908e-06, "tokens": 67002336, "supervised": 29733219, "secs": 1325.5}
{"step": 6000, "loss": 1.2677519478643262e-08, "lr": 3.0727564649040066e-06, "tokens": 67591488, "supervised": 30000012, "secs": 1339.0}
{"step": 6050, "loss": 3.172994667011153e-08, "lr": 2.9289321881345257e-06, "tokens": 68161920, "supervised": 30254490, "secs": 1349.5}
{"step": 6100, "loss": 1.53054440232836e-08, "lr": 2.7879755265618558e-06, "tokens": 68731936, "supervised": 30508391, "secs": 1359.9}
{"step": 6150, "loss": 2.49900349302834e-08, "lr": 2.649943644036713e-06, "tokens": 69297376, "supervised": 30758828, "secs": 1373.0}
{"step": 6200, "loss": 1.7193645618363007e-08, "lr": 2.514892518288988e-06, "tokens": 69853952, "supervised": 31004508, "secs": 1385.8}
{"step": 6250, "loss": 3.1087338925317454e-08, "lr": 2.382876918226409e-06, "tokens": 70422784, "supervised": 31259787, "secs": 1398.9}
{"step": 6300, "loss": 1.7766767612670264e-08, "lr": 2.2539503817234553e-06, "tokens": 70930816, "supervised": 31475607, "secs": 1409.7}
{"step": 6350, "loss": 5.2428308805474444e-08, "lr": 2.1281651939094996e-06, "tokens": 71531040, "supervised": 31751636, "secs": 1419.5}
{"step": 6400, "loss": 7.653986955347136e-08, "lr": 2.0055723659649873e-06, "tokens": 72078784, "supervised": 31989943, "secs": 1428.6}
{"step": 6450, "loss": 5.1272692758175253e-08, "lr": 1.8862216144342726e-06, "tokens": 72710976, "supervised": 32283216, "secs": 1439.3}
{"step": 6500, "loss": 4.211880266780099e-08, "lr": 1.7701613410634367e-06, "tokens": 73245984, "supervised": 32513374, "secs": 1448.3}
{"step": 6550, "loss": 3.7992403889575144e-08, "lr": 1.6574386131713872e-06, "tokens": 73837664, "supervised": 32782301, "secs": 1458.2}
{"step": 6600, "loss": 1.4973343454016685e-08, "lr": 1.5480991445620518e-06, "tokens": 74387936, "supervised": 33023832, "secs": 1468.0}
{"step": 6650, "loss": 1.625841328234401e-08, "lr": 1.4421872769855262e-06, "tokens": 74952608, "supervised": 33276127, "secs": 1479.2}
{"step": 6700, "loss": 1.5839674460949027e-08, "lr": 1.339745962155613e-06, "tokens": 75536640, "supervised": 33538623, "secs": 1490.2}
{"step": 6750, "loss": 1.0814878770304404e-08, "lr": 1.2408167443311215e-06, "tokens": 76090080, "supervised": 33779813, "secs": 1500.2}
{"step": 6800, "loss": 1.3601625603598677e-08, "lr": 1.1454397434678999e-06, "tokens": 76684416, "supervised": 34050169, "secs": 1510.9}
{"step": 6850, "loss": 3.973640616550256e-08, "lr": 1.0536536389485275e-06, "tokens": 77304832, "supervised": 34338549, "secs": 1523.6}
{"step": 6900, "loss": 4.006846054949165e-08, "lr": 9.654956538961769e-07, "tokens": 77894176, "supervised": 34607548, "secs": 1536.6}
{"step": 6950, "loss": 4.9641311505865815e-08, "lr": 8.810015400790994e-07, "tokens": 78432352, "supervised": 34843472, "secs": 1548.9}
{"step": 7000, "loss": 5.4277617067555184e-08, "lr": 8.0020556341176e-07, "tokens": 78982528, "supervised": 35086338, "secs": 1561.4}
{"step": 7050, "loss": 4.230652095316145e-08, "lr": 7.231404900585714e-07, "tokens": 79542816, "supervised": 35332567, "secs": 1569.5}
{"step": 7100, "loss": 1.7038120248002997e-08, "lr": 6.498375731458529e-07, "tokens": 80088352, "supervised": 35573767, "secs": 1576.9}
{"step": 7150, "loss": 1.9645687743263807e-08, "lr": 5.803265400873514e-07, "tokens": 80614144, "supervised": 35798336, "secs": 1584.1}
{"step": 7200, "loss": 4.269031350645491e-08, "lr": 5.146355805285464e-07, "tokens": 81239552, "supervised": 36088306, "secs": 1592.3}
{"step": 7250, "loss": 1.500540491861102e-07, "lr": 4.5279133491454406e-07, "tokens": 81770752, "supervised": 36319230, "secs": 1599.6}
{"step": 7300, "loss": 1.93194935604879e-08, "lr": 3.9481888368627764e-07, "tokens": 82336544, "supervised": 36572950, "secs": 1607.2}
{"step": 7350, "loss": 4.103666739752043e-08, "lr": 3.4074173710931693e-07, "tokens": 82822272, "supervised": 36772826, "secs": 1613.9}
{"step": 7400, "loss": 7.059803408537846e-08, "lr": 2.90581825739481e-07, "tokens": 83334880, "supervised": 36990083, "secs": 1620.8}
{"step": 7450, "loss": 3.7971901178934786e-08, "lr": 2.4435949152906144e-07, "tokens": 83891456, "supervised": 37235465, "secs": 1628.2}
{"step": 7500, "loss": 4.1122401484017246e-08, "lr": 2.0209347957732328e-07, "tokens": 84513728, "supervised": 37524084, "secs": 1636.3}
{"step": 7550, "loss": 1.1947290090574825e-07, "lr": 1.6380093052856482e-07, "tokens": 85019008, "supervised": 37734093, "secs": 1643.2}
{"step": 7600, "loss": 2.034463975064682e-08, "lr": 1.2949737362087156e-07, "tokens": 85595008, "supervised": 37992635, "secs": 1650.8}
{"step": 7650, "loss": 1.3399483300702286e-08, "lr": 9.919672038836037e-08, "tokens": 86175584, "supervised": 38252234, "secs": 1658.3}
{"step": 7700, "loss": 2.6413026432692277e-08, "lr": 7.291125901946027e-08, "tokens": 86757536, "supervised": 38515886, "secs": 1666.0}
{"step": 7750, "loss": 7.018795145086187e-08, "lr": 5.0651649373544276e-08, "tokens": 87273312, "supervised": 38736050, "secs": 1672.8}
{"step": 7800, "loss": 1.9342849100212334e-08, "lr": 3.242691865790071e-08, "tokens": 87859424, "supervised": 39001230, "secs": 1680.5}
{"step": 7850, "loss": 1.0583859122448303e-08, "lr": 1.824445776682504e-08, "tokens": 88435264, "supervised": 39258143, "secs": 1688.0}
{"step": 7900, "loss": 2.4531995990173527e-08, "lr": 8.110018284304132e-09, "tokens": 88989824, "supervised": 39503887, "secs": 1695.3}
{"step": 7950, "loss": 4.3475520072888685e-08, "lr": 2.0277101514987184e-09, "tokens": 89542880, "supervised": 39747336, "secs": 1702.6}
{"step": 8000, "loss": 1.652405678953528e-08, "lr": 0.0, "tokens": 90159200, "supervised": 40032131, "secs": 1710.5}
[done] ladder_slots -> runs/ef/ladder_slots.pt tokens=90159200 supervised=40032131 examples=320000
[trained] ladder_slots
