=== runs/iter/p3_s2000.pt ===
[induction style=0] {"pages": 192, "pages_parsed": 192, "gold_ops": 288, "induced_ops": 288, "self_verified": 288, "exact_text": 288, "behavioural": 288, "secs": 13.1}
[plan_execute@T0@it8] sequential d=1 n=48 acc=1.000 parse=1.000 typed=1.000 exact=1.000 fwd=8.0
[plan_execute@T0@it8] sequential d=2 n=48 acc=0.958 parse=1.000 typed=1.000 exact=0.958 fwd=8.0
[plan_execute@T0@it8] sequential d=3 n=48 acc=0.875 parse=1.000 typed=1.000 exact=0.854 fwd=8.0
[plan_execute@T0@it8] sequential d=4 n=48 acc=0.000 parse=1.000 typed=1.000 exact=0.000 fwd=8.0
[plan_execute@T0@it8] sequential d=6 n=48 acc=0.021 parse=1.000 typed=1.000 exact=0.000 fwd=8.0
[plan_execute@T0@it8] sequential d=8 n=48 acc=0.021 parse=1.000 typed=1.000 exact=0.000 fwd=8.0
[plan_execute@T0@it8] sequential d=12 n=48 acc=0.021 parse=1.000 typed=1.000 exact=0.000 fwd=8.0
[plan_execute@T0.8@it8] sequential d=1 n=48 acc=1.000 parse=1.000 typed=1.000 exact=1.000 fwd=8.0
[plan_execute@T0.8@it8] sequential d=2 n=48 acc=0.896 parse=1.000 typed=1.000 exact=0.896 fwd=8.0
[plan_execute@T0.8@it8] sequential d=3 n=48 acc=0.812 parse=1.000 typed=1.000 exact=0.812 fwd=8.0
[plan_execute@T0.8@it8] sequential d=4 n=48 acc=0.021 parse=1.000 typed=1.000 exact=0.000 fwd=8.0
[plan_execute@T0.8@it8] sequential d=6 n=48 acc=0.021 parse=0.979 typed=0.979 exact=0.000 fwd=8.0
[plan_execute@T0.8@it8] sequential d=8 n=48 acc=0.000 parse=1.000 typed=1.000 exact=0.000 fwd=8.0
[plan_execute@T0.8@it8] sequential d=12 n=48 acc=0.021 parse=1.000 typed=1.000 exact=0.000 fwd=8.0
=== runs/iter/p3_s4000.pt ===
[induction style=0] {"pages": 192, "pages_parsed": 192, "gold_ops": 288, "induced_ops": 288, "self_verified": 288, "exact_text": 287, "behavioural": 287, "secs": 13.3}
[plan_execute@T0@it8] sequential d=1 n=48 acc=1.000 parse=1.000 typed=1.000 exact=1.000 fwd=8.0
[plan_execute@T0@it8] sequential d=2 n=48 acc=0.979 parse=1.000 typed=1.000 exact=0.979 fwd=8.0
[plan_execute@T0@it8] sequential d=3 n=48 acc=1.000 parse=1.000 typed=1.000 exact=1.000 fwd=8.0
[plan_execute@T0@it8] sequential d=4 n=48 acc=0.000 parse=1.000 typed=1.000 exact=0.000 fwd=8.0
[plan_execute@T0@it8] sequential d=6 n=48 acc=0.021 parse=1.000 typed=1.000 exact=0.000 fwd=8.0
[plan_execute@T0@it8] sequential d=8 n=48 acc=0.000 parse=0.979 typed=0.979 exact=0.000 fwd=8.0
[plan_execute@T0@it8] sequential d=12 n=48 acc=0.021 parse=1.000 typed=1.000 exact=0.000 fwd=8.0
[plan_execute@T0.8@it8] sequential d=1 n=48 acc=1.000 parse=1.000 typed=1.000 exact=1.000 fwd=8.0
[plan_execute@T0.8@it8] sequential d=2 n=48 acc=0.979 parse=1.000 typed=1.000 exact=0.979 fwd=8.0
[plan_execute@T0.8@it8] sequential d=3 n=48 acc=0.979 parse=1.000 typed=1.000 exact=0.979 fwd=8.0
[plan_execute@T0.8@it8] sequential d=4 n=48 acc=0.000 parse=1.000 typed=1.000 exact=0.000 fwd=8.0
[plan_execute@T0.8@it8] sequential d=6 n=48 acc=0.021 parse=1.000 typed=1.000 exact=0.000 fwd=8.0
[plan_execute@T0.8@it8] sequential d=8 n=48 acc=0.000 parse=0.979 typed=0.979 exact=0.000 fwd=8.0
[plan_execute@T0.8@it8] sequential d=12 n=48 acc=0.021 parse=1.000 typed=1.000 exact=0.000 fwd=8.0
=== runs/iter/p3_s6000.pt ===
[induction style=0] {"pages": 192, "pages_parsed": 192, "gold_ops": 288, "induced_ops": 288, "self_verified": 288, "exact_text": 288, "behavioural": 288, "secs": 13.3}
[plan_execute@T0@it8] sequential d=1 n=48 acc=1.000 parse=1.000 typed=1.000 exact=1.000 fwd=8.0
[plan_execute@T0@it8] sequential d=2 n=48 acc=1.000 parse=1.000 typed=1.000 exact=1.000 fwd=8.0
[plan_execute@T0@it8] sequential d=3 n=48 acc=1.000 parse=1.000 typed=1.000 exact=1.000 fwd=8.0
[plan_execute@T0@it8] sequential d=4 n=48 acc=0.000 parse=1.000 typed=1.000 exact=0.000 fwd=8.0
[plan_execute@T0@it8] sequential d=6 n=48 acc=0.042 parse=1.000 typed=1.000 exact=0.000 fwd=8.0
[plan_execute@T0@it8] sequential d=8 n=48 acc=0.000 parse=0.979 typed=0.979 exact=0.000 fwd=8.0
[plan_execute@T0@it8] sequential d=12 n=48 acc=0.021 parse=1.000 typed=1.000 exact=0.000 fwd=8.0
[plan_execute@T0.8@it8] sequential d=1 n=48 acc=1.000 parse=1.000 typed=1.000 exact=1.000 fwd=8.0
[plan_execute@T0.8@it8] sequential d=2 n=48 acc=1.000 parse=1.000 typed=1.000 exact=1.000 fwd=8.0
[plan_execute@T0.8@it8] sequential d=3 n=48 acc=1.000 parse=1.000 typed=1.000 exact=1.000 fwd=8.0
[plan_execute@T0.8@it8] sequential d=4 n=48 acc=0.000 parse=1.000 typed=1.000 exact=0.000 fwd=8.0
[plan_execute@T0.8@it8] sequential d=6 n=48 acc=0.042 parse=1.000 typed=1.000 exact=0.000 fwd=8.0
[plan_execute@T0.8@it8] sequential d=8 n=48 acc=0.000 parse=0.979 typed=0.979 exact=0.000 fwd=8.0
[plan_execute@T0.8@it8] sequential d=12 n=48 acc=0.021 parse=1.000 typed=1.000 exact=0.000 fwd=8.0
CONV_DONE_p3
=== runs/iter/p3_s10000.pt ===
[induction style=0] {"pages": 192, "pages_parsed": 192, "gold_ops": 288, "induced_ops": 288, "self_verified": 288, "exact_text": 288, "behavioural": 288, "secs": 11.7}
[plan_execute@T0@it8] sequential d=1 n=48 acc=1.000 parse=1.000 typed=1.000 exact=1.000 fwd=8.0
[plan_execute@T0@it8] sequential d=2 n=48 acc=1.000 parse=1.000 typed=1.000 exact=1.000 fwd=8.0
[plan_execute@T0@it8] sequential d=3 n=48 acc=1.000 parse=1.000 typed=1.000 exact=1.000 fwd=8.0
[plan_execute@T0@it8] sequential d=4 n=48 acc=0.000 parse=1.000 typed=1.000 exact=0.000 fwd=8.0
[plan_execute@T0@it8] sequential d=6 n=48 acc=0.042 parse=1.000 typed=1.000 exact=0.000 fwd=8.0
[plan_execute@T0@it8] sequential d=8 n=48 acc=0.000 parse=0.208 typed=0.208 exact=0.000 fwd=8.0
[plan_execute@T0@it8] sequential d=12 n=48 acc=0.000 parse=1.000 typed=1.000 exact=0.000 fwd=8.0
[plan_execute@T0.8@it8] sequential d=1 n=48 acc=1.000 parse=1.000 typed=1.000 exact=1.000 fwd=8.0
[plan_execute@T0.8@it8] sequential d=2 n=48 acc=1.000 parse=1.000 typed=1.000 exact=1.000 fwd=8.0
[plan_execute@T0.8@it8] sequential d=3 n=48 acc=1.000 parse=1.000 typed=1.000 exact=1.000 fwd=8.0
[plan_execute@T0.8@it8] sequential d=4 n=48 acc=0.000 parse=1.000 typed=1.000 exact=0.000 fwd=8.0
[plan_execute@T0.8@it8] sequential d=6 n=48 acc=0.042 parse=1.000 typed=1.000 exact=0.000 fwd=8.0
[plan_execute@T0.8@it8] sequential d=8 n=48 acc=0.000 parse=0.208 typed=0.208 exact=0.000 fwd=8.0
[plan_execute@T0.8@it8] sequential d=12 n=48 acc=0.000 parse=1.000 typed=1.000 exact=0.000 fwd=8.0
=== runs/iter/p3_s12000.pt ===
[induction style=0] {"pages": 192, "pages_parsed": 192, "gold_ops": 288, "induced_ops": 288, "self_verified": 288, "exact_text": 288, "behavioural": 288, "secs": 12.3}
[plan_execute@T0@it8] sequential d=1 n=48 acc=1.000 parse=1.000 typed=1.000 exact=1.000 fwd=8.0
[plan_execute@T0@it8] sequential d=2 n=48 acc=1.000 parse=1.000 typed=1.000 exact=1.000 fwd=8.0
[plan_execute@T0@it8] sequential d=3 n=48 acc=1.000 parse=1.000 typed=1.000 exact=1.000 fwd=8.0
[plan_execute@T0@it8] sequential d=4 n=48 acc=0.000 parse=1.000 typed=1.000 exact=0.000 fwd=8.0
[plan_execute@T0@it8] sequential d=6 n=48 acc=0.042 parse=1.000 typed=1.000 exact=0.000 fwd=8.0
[plan_execute@T0@it8] sequential d=8 n=48 acc=0.000 parse=0.667 typed=0.667 exact=0.000 fwd=8.0
[plan_execute@T0@it8] sequential d=12 n=48 acc=0.021 parse=1.000 typed=1.000 exact=0.000 fwd=8.0
[plan_execute@T0.8@it8] sequential d=1 n=48 acc=1.000 parse=1.000 typed=1.000 exact=1.000 fwd=8.0
[plan_execute@T0.8@it8] sequential d=2 n=48 acc=1.000 parse=1.000 typed=1.000 exact=1.000 fwd=8.0
[plan_execute@T0.8@it8] sequential d=3 n=48 acc=1.000 parse=1.000 typed=1.000 exact=1.000 fwd=8.0
[plan_execute@T0.8@it8] sequential d=4 n=48 acc=0.000 parse=1.000 typed=1.000 exact=0.000 fwd=8.0
[plan_execute@T0.8@it8] sequential d=6 n=48 acc=0.042 parse=1.000 typed=1.000 exact=0.000 fwd=8.0
[plan_execute@T0.8@it8] sequential d=8 n=48 acc=0.000 parse=0.667 typed=0.667 exact=0.000 fwd=8.0
[plan_execute@T0.8@it8] sequential d=12 n=48 acc=0.021 parse=1.000 typed=1.000 exact=0.000 fwd=8.0
=== runs/iter/p3_s14000.pt ===
[induction style=0] {"pages": 192, "pages_parsed": 192, "gold_ops": 288, "induced_ops": 288, "self_verified": 288, "exact_text": 288, "behavioural": 288, "secs": 11.9}
[plan_execute@T0@it8] sequential d=1 n=48 acc=1.000 parse=1.000 typed=1.000 exact=1.000 fwd=8.0
[plan_execute@T0@it8] sequential d=2 n=48 acc=1.000 parse=1.000 typed=1.000 exact=1.000 fwd=8.0
[plan_execute@T0@it8] sequential d=3 n=48 acc=1.000 parse=1.000 typed=1.000 exact=1.000 fwd=8.0
[plan_execute@T0@it8] sequential d=4 n=48 acc=0.000 parse=1.000 typed=1.000 exact=0.000 fwd=8.0
[plan_execute@T0@it8] sequential d=6 n=48 acc=0.042 parse=1.000 typed=1.000 exact=0.000 fwd=8.0
[plan_execute@T0@it8] sequential d=8 n=48 acc=0.000 parse=0.625 typed=0.625 exact=0.000 fwd=8.0
[plan_execute@T0@it8] sequential d=12 n=48 acc=0.021 parse=1.000 typed=1.000 exact=0.000 fwd=8.0
[plan_execute@T0.8@it8] sequential d=1 n=48 acc=1.000 parse=1.000 typed=1.000 exact=1.000 fwd=8.0
[plan_execute@T0.8@it8] sequential d=2 n=48 acc=1.000 parse=1.000 typed=1.000 exact=1.000 fwd=8.0
[plan_execute@T0.8@it8] sequential d=3 n=48 acc=1.000 parse=1.000 typed=1.000 exact=1.000 fwd=8.0
[plan_execute@T0.8@it8] sequential d=4 n=48 acc=0.000 parse=1.000 typed=1.000 exact=0.000 fwd=8.0
[plan_execute@T0.8@it8] sequential d=6 n=48 acc=0.042 parse=1.000 typed=1.000 exact=0.000 fwd=8.0
[plan_execute@T0.8@it8] sequential d=8 n=48 acc=0.000 parse=0.625 typed=0.625 exact=0.000 fwd=8.0
[plan_execute@T0.8@it8] sequential d=12 n=48 acc=0.021 parse=1.000 typed=1.000 exact=0.000 fwd=8.0
=== runs/iter/p3_s8000.pt ===
[induction style=0] {"pages": 192, "pages_parsed": 192, "gold_ops": 288, "induced_ops": 288, "self_verified": 288, "exact_text": 288, "behavioural": 288, "secs": 12.2}
[plan_execute@T0@it8] sequential d=1 n=48 acc=1.000 parse=1.000 typed=1.000 exact=1.000 fwd=8.0
[plan_execute@T0@it8] sequential d=2 n=48 acc=1.000 parse=1.000 typed=1.000 exact=1.000 fwd=8.0
[plan_execute@T0@it8] sequential d=3 n=48 acc=1.000 parse=1.000 typed=1.000 exact=1.000 fwd=8.0
[plan_execute@T0@it8] sequential d=4 n=48 acc=0.000 parse=1.000 typed=1.000 exact=0.000 fwd=8.0
[plan_execute@T0@it8] sequential d=6 n=48 acc=0.042 parse=1.000 typed=1.000 exact=0.000 fwd=8.0
[plan_execute@T0@it8] sequential d=8 n=48 acc=0.000 parse=1.000 typed=1.000 exact=0.000 fwd=8.0
[plan_execute@T0@it8] sequential d=12 n=48 acc=0.021 parse=1.000 typed=1.000 exact=0.000 fwd=8.0
[plan_execute@T0.8@it8] sequential d=1 n=48 acc=1.000 parse=1.000 typed=1.000 exact=1.000 fwd=8.0
[plan_execute@T0.8@it8] sequential d=2 n=48 acc=1.000 parse=1.000 typed=1.000 exact=1.000 fwd=8.0
[plan_execute@T0.8@it8] sequential d=3 n=48 acc=1.000 parse=1.000 typed=1.000 exact=1.000 fwd=8.0
[plan_execute@T0.8@it8] sequential d=4 n=48 acc=0.000 parse=1.000 typed=1.000 exact=0.000 fwd=8.0
[plan_execute@T0.8@it8] sequential d=6 n=48 acc=0.042 parse=1.000 typed=1.000 exact=0.000 fwd=8.0
[plan_execute@T0.8@it8] sequential d=8 n=48 acc=0.000 parse=1.000 typed=1.000 exact=0.000 fwd=8.0
[plan_execute@T0.8@it8] sequential d=12 n=48 acc=0.021 parse=1.000 typed=1.000 exact=0.000 fwd=8.0
=== runs/iter/p3.pt ===
[induction style=0] {"pages": 192, "pages_parsed": 192, "gold_ops": 288, "induced_ops": 288, "self_verified": 288, "exact_text": 288, "behavioural": 288, "secs": 12.2}
[plan_execute@T0@it8] sequential d=1 n=48 acc=1.000 parse=1.000 typed=1.000 exact=1.000 fwd=8.0
[plan_execute@T0@it8] sequential d=2 n=48 acc=1.000 parse=1.000 typed=1.000 exact=1.000 fwd=8.0
[plan_execute@T0@it8] sequential d=3 n=48 acc=1.000 parse=1.000 typed=1.000 exact=1.000 fwd=8.0
[plan_execute@T0@it8] sequential d=4 n=48 acc=0.000 parse=1.000 typed=1.000 exact=0.000 fwd=8.0
[plan_execute@T0@it8] sequential d=6 n=48 acc=0.042 parse=1.000 typed=1.000 exact=0.000 fwd=8.0
[plan_execute@T0@it8] sequential d=8 n=48 acc=0.000 parse=0.667 typed=0.667 exact=0.000 fwd=8.0
[plan_execute@T0@it8] sequential d=12 n=48 acc=0.021 parse=1.000 typed=1.000 exact=0.000 fwd=8.0
[plan_execute@T0.8@it8] sequential d=1 n=48 acc=1.000 parse=1.000 typed=1.000 exact=1.000 fwd=8.0
[plan_execute@T0.8@it8] sequential d=2 n=48 acc=1.000 parse=1.000 typed=1.000 exact=1.000 fwd=8.0
[plan_execute@T0.8@it8] sequential d=3 n=48 acc=1.000 parse=1.000 typed=1.000 exact=1.000 fwd=8.0
[plan_execute@T0.8@it8] sequential d=4 n=48 acc=0.000 parse=1.000 typed=1.000 exact=0.000 fwd=8.0
[plan_execute@T0.8@it8] sequential d=6 n=48 acc=0.042 parse=1.000 typed=1.000 exact=0.000 fwd=8.0
[plan_execute@T0.8@it8] sequential d=8 n=48 acc=0.000 parse=0.646 typed=0.646 exact=0.000 fwd=8.0
[plan_execute@T0.8@it8] sequential d=12 n=48 acc=0.021 parse=1.000 typed=1.000 exact=0.000 fwd=8.0
CONV_DONE_p3
CONV_DONE_p3
