[induction style=0] {"pages": 6600, "pages_parsed": 6600, "gold_ops": 9897, "induced_ops": 9897, "self_verified": 9487, "exact_text": 9444, "behavioural": 9444, "secs": 288.8}
[oracle_both] sequential d=1 n=150 acc=1.000 parse=1.000 typed=1.000 exact=1.000 fwd=0.0
[oracle_both] sequential d=2 n=150 acc=1.000 parse=1.000 typed=1.000 exact=1.000 fwd=0.0
[oracle_both] sequential d=3 n=150 acc=1.000 parse=1.000 typed=1.000 exact=1.000 fwd=0.0
[oracle_both] sequential d=4 n=150 acc=1.000 parse=1.000 typed=1.000 exact=1.000 fwd=0.0
[oracle_both] sequential d=5 n=150 acc=1.000 parse=1.000 typed=1.000 exact=1.000 fwd=0.0
[oracle_both] sequential d=6 n=150 acc=1.000 parse=1.000 typed=1.000 exact=1.000 fwd=0.0
[oracle_both] sequential d=8 n=150 acc=1.000 parse=1.000 typed=1.000 exact=1.000 fwd=0.0
[oracle_both] sequential d=12 n=150 acc=1.000 parse=1.000 typed=1.000 exact=1.000 fwd=0.0
[oracle_both] sequential d=16 n=150 acc=1.000 parse=1.000 typed=1.000 exact=1.000 fwd=0.0
[oracle_both] sequential d=32 n=150 acc=1.000 parse=1.000 typed=1.000 exact=1.000 fwd=0.0
[oracle_both] breadth d=1 n=150 acc=1.000 parse=1.000 typed=1.000 exact=1.000 fwd=0.0
[oracle_both] breadth d=2 n=150 acc=1.000 parse=1.000 typed=1.000 exact=1.000 fwd=0.0
[oracle_both] breadth d=3 n=150 acc=1.000 parse=1.000 typed=1.000 exact=1.000 fwd=0.0
[oracle_both] breadth d=4 n=150 acc=1.000 parse=1.000 typed=1.000 exact=1.000 fwd=0.0
[oracle_both] breadth d=5 n=150 acc=1.000 parse=1.000 typed=1.000 exact=1.000 fwd=0.0
[oracle_both] breadth d=6 n=150 acc=1.000 parse=1.000 typed=1.000 exact=1.000 fwd=0.0
[oracle_both] novel d=2 n=150 acc=1.000 parse=1.000 typed=1.000 exact=1.000 fwd=0.0
[oracle_both] novel d=3 n=150 acc=1.000 parse=1.000 typed=1.000 exact=1.000 fwd=0.0
[oracle_both] novel d=4 n=150 acc=1.000 parse=1.000 typed=1.000 exact=1.000 fwd=0.0
[oracle_both] novel d=5 n=150 acc=1.000 parse=1.000 typed=1.000 exact=1.000 fwd=0.0
[oracle_both] novel d=6 n=150 acc=1.000 parse=1.000 typed=1.000 exact=1.000 fwd=0.0
[oracle_both] sequential_paren d=2 n=150 acc=1.000 parse=1.000 typed=1.000 exact=1.000 fwd=0.0
[oracle_both] sequential_paren d=3 n=150 acc=1.000 parse=1.000 typed=1.000 exact=1.000 fwd=0.0
[oracle_both] sequential_paren d=4 n=150 acc=1.000 parse=1.000 typed=1.000 exact=1.000 fwd=0.0
[oracle_both] sequential_paren d=5 n=150 acc=1.000 parse=1.000 typed=1.000 exact=1.000 fwd=0.0
[oracle_both] sequential_paren d=6 n=150 acc=1.000 parse=1.000 typed=1.000 exact=1.000 fwd=0.0
[oracle_both] same_page_pair d=2 n=150 acc=1.000 parse=1.000 typed=1.000 exact=1.000 fwd=0.0
[oracle_both] units d=1 n=150 acc=1.000 parse=1.000 typed=1.000 exact=1.000 fwd=0.0
[oracle_both_roundtrip] sequential d=1 n=150 acc=1.000 parse=1.000 typed=1.000 exact=1.000 fwd=0.0
[oracle_both_roundtrip] sequential d=2 n=150 acc=1.000 parse=1.000 typed=1.000 exact=1.000 fwd=0.0
[oracle_both_roundtrip] sequential d=3 n=150 acc=1.000 parse=1.000 typed=1.000 exact=1.000 fwd=0.0
[oracle_both_roundtrip] sequential d=4 n=150 acc=1.000 parse=1.000 typed=1.000 exact=1.000 fwd=0.0
[oracle_both_roundtrip] sequential d=5 n=150 acc=1.000 parse=1.000 typed=1.000 exact=1.000 fwd=0.0
[oracle_both_roundtrip] sequential d=6 n=150 acc=1.000 parse=1.000 typed=1.000 exact=1.000 fwd=0.0
[oracle_both_roundtrip] sequential d=8 n=150 acc=1.000 parse=1.000 typed=1.000 exact=1.000 fwd=0.0
[oracle_both_roundtrip] sequential d=12 n=150 acc=1.000 parse=1.000 typed=1.000 exact=1.000 fwd=0.0
[oracle_both_roundtrip] sequential d=16 n=150 acc=0.000 parse=0.000 typed=0.000 exact=0.000 fwd=0.0
[oracle_both_roundtrip] sequential d=32 n=150 acc=0.000 parse=0.000 typed=0.000 exact=0.000 fwd=0.0
[oracle_both_roundtrip] breadth d=1 n=150 acc=1.000 parse=1.000 typed=1.000 exact=1.000 fwd=0.0
[oracle_both_roundtrip] breadth d=2 n=150 acc=1.000 parse=1.000 typed=1.000 exact=1.000 fwd=0.0
[oracle_both_roundtrip] breadth d=3 n=150 acc=1.000 parse=1.000 typed=1.000 exact=1.000 fwd=0.0
[oracle_both_roundtrip] breadth d=4 n=150 acc=1.000 parse=1.000 typed=1.000 exact=1.000 fwd=0.0
[oracle_both_roundtrip] breadth d=5 n=150 acc=1.000 parse=1.000 typed=1.000 exact=1.000 fwd=0.0
[oracle_both_roundtrip] breadth d=6 n=150 acc=1.000 parse=1.000 typed=1.000 exact=1.000 fwd=0.0
[oracle_both_roundtrip] novel d=2 n=150 acc=1.000 parse=1.000 typed=1.000 exact=1.000 fwd=0.0
[oracle_both_roundtrip] novel d=3 n=150 acc=1.000 parse=1.000 typed=1.000 exact=1.000 fwd=0.0
[oracle_both_roundtrip] novel d=4 n=150 acc=1.000 parse=1.000 typed=1.000 exact=1.000 fwd=0.0
[oracle_both_roundtrip] novel d=5 n=150 acc=1.000 parse=1.000 typed=1.000 exact=1.000 fwd=0.0
[oracle_both_roundtrip] novel d=6 n=150 acc=1.000 parse=1.000 typed=1.000 exact=1.000 fwd=0.0
[oracle_both_roundtrip] sequential_paren d=2 n=150 acc=1.000 parse=1.000 typed=1.000 exact=1.000 fwd=0.0
[oracle_both_roundtrip] sequential_paren d=3 n=150 acc=1.000 parse=1.000 typed=1.000 exact=1.000 fwd=0.0
[oracle_both_roundtrip] sequential_paren d=4 n=150 acc=1.000 parse=1.000 typed=1.000 exact=1.000 fwd=0.0
[oracle_both_roundtrip] sequential_paren d=5 n=150 acc=1.000 parse=1.000 typed=1.000 exact=1.000 fwd=0.0
[oracle_both_roundtrip] sequential_paren d=6 n=150 acc=1.000 parse=1.000 typed=1.000 exact=1.000 fwd=0.0
[oracle_both_roundtrip] same_page_pair d=2 n=150 acc=1.000 parse=1.000 typed=1.000 exact=1.000 fwd=0.0
[oracle_both_roundtrip] units d=1 n=150 acc=1.000 parse=1.000 typed=1.000 exact=1.000 fwd=0.0
[counter p3@T0@it8] {"reported": 8, "observed": 8, "ok": true}
[plan_execute@T0@it8] sequential d=1 n=150 acc=1.000 parse=1.000 typed=1.000 exact=1.000 fwd=8.0 rev_val=0.000 rev_fin=0.000
[plan_execute@T0@it8] sequential d=2 n=150 acc=1.000 parse=1.000 typed=1.000 exact=1.000 fwd=8.0 rev_val=0.000 rev_fin=0.000
[plan_execute@T0@it8] sequential d=3 n=150 acc=1.000 parse=1.000 typed=1.000 exact=1.000 fwd=8.0 rev_val=0.000 rev_fin=0.000
[plan_execute@T0@it8] sequential d=4 n=150 acc=0.020 parse=1.000 typed=1.000 exact=0.000 fwd=8.0 rev_val=0.000 rev_fin=0.000
[plan_execute@T0@it8] sequential d=5 n=150 acc=0.053 parse=1.000 typed=1.000 exact=0.000 fwd=8.0 rev_val=0.000 rev_fin=0.000
[plan_execute@T0@it8] sequential d=6 n=150 acc=0.040 parse=1.000 typed=1.000 exact=0.000 fwd=8.0 rev_val=0.000 rev_fin=0.000
[plan_execute@T0@it8] sequential d=8 n=150 acc=0.013 parse=0.613 typed=0.613 exact=0.000 fwd=8.0 rev_val=0.000 rev_fin=0.000
[plan_execute@T0@it8] sequential d=12 n=150 acc=0.020 parse=1.000 typed=1.000 exact=0.000 fwd=8.0 rev_val=0.000 rev_fin=0.000
[plan_execute@T0@it8] sequential d=16 n=150 acc=0.020 parse=1.000 typed=1.000 exact=0.000 fwd=8.0 rev_val=0.000 rev_fin=0.000
[plan_execute@T0@it8] sequential d=32 n=150 acc=0.027 parse=1.000 typed=1.000 exact=0.000 fwd=8.0 rev_val=0.000 rev_fin=0.000
[plan_execute@T0@it8] breadth d=1 n=150 acc=1.000 parse=1.000 typed=1.000 exact=1.000 fwd=8.0 rev_val=0.000 rev_fin=0.000
[plan_execute@T0@it8] breadth d=2 n=150 acc=1.000 parse=1.000 typed=1.000 exact=1.000 fwd=8.0 rev_val=0.000 rev_fin=0.000
[plan_execute@T0@it8] breadth d=3 n=150 acc=1.000 parse=1.000 typed=1.000 exact=1.000 fwd=8.0 rev_val=0.000 rev_fin=0.000
[plan_execute@T0@it8] breadth d=4 n=150 acc=0.407 parse=1.000 typed=1.000 exact=0.000 fwd=8.0 rev_val=0.000 rev_fin=0.000
[plan_execute@T0@it8] breadth d=5 n=150 acc=0.227 parse=1.000 typed=1.000 exact=0.000 fwd=8.0 rev_val=0.000 rev_fin=0.000
[plan_execute@T0@it8] breadth d=6 n=150 acc=0.047 parse=0.280 typed=0.280 exact=0.000 fwd=8.0 rev_val=0.000 rev_fin=0.000
[plan_execute@T0@it8] novel d=2 n=150 acc=0.100 parse=1.000 typed=1.000 exact=0.080 fwd=8.0 rev_val=0.000 rev_fin=0.000
[plan_execute@T0@it8] novel d=3 n=150 acc=0.060 parse=1.000 typed=1.000 exact=0.033 fwd=8.0 rev_val=0.000 rev_fin=0.000
[plan_execute@T0@it8] novel d=4 n=150 acc=0.000 parse=0.720 typed=0.720 exact=0.000 fwd=8.0 rev_val=0.001 rev_fin=0.001
[plan_execute@T0@it8] novel d=5 n=150 acc=0.000 parse=0.980 typed=0.980 exact=0.000 fwd=8.0 rev_val=0.000 rev_fin=0.000
[plan_execute@T0@it8] novel d=6 n=150 acc=0.000 parse=0.967 typed=0.967 exact=0.000 fwd=8.0 rev_val=0.000 rev_fin=0.000
[plan_execute@T0@it8] sequential_paren d=2 n=150 acc=1.000 parse=1.000 typed=1.000 exact=1.000 fwd=8.0 rev_val=0.000 rev_fin=0.000
[plan_execute@T0@it8] sequential_paren d=3 n=150 acc=1.000 parse=1.000 typed=1.000 exact=1.000 fwd=8.0 rev_val=0.000 rev_fin=0.000
[plan_execute@T0@it8] sequential_paren d=4 n=150 acc=0.020 parse=0.760 typed=0.760 exact=0.000 fwd=8.0 rev_val=0.000 rev_fin=0.000
[plan_execute@T0@it8] sequential_paren d=5 n=150 acc=0.020 parse=0.967 typed=0.967 exact=0.000 fwd=8.0 rev_val=0.000 rev_fin=0.000
[plan_execute@T0@it8] sequential_paren d=6 n=150 acc=0.013 parse=0.967 typed=0.967 exact=0.000 fwd=8.0 rev_val=0.000 rev_fin=0.000
[plan_execute@T0@it8] same_page_pair d=2 n=150 acc=0.000 parse=1.000 typed=1.000 exact=0.000 fwd=8.0 rev_val=0.000 rev_fin=0.000
[plan_execute@T0@it8] units d=1 n=150 acc=1.000 parse=1.000 typed=1.000 exact=1.000 fwd=8.0 rev_val=0.000 rev_fin=0.000
[oracle_ops@T0@it8] sequential d=1 n=150 acc=1.000 parse=1.000 typed=1.000 exact=1.000 fwd=8.0 rev_val=0.000 rev_fin=0.000
[oracle_ops@T0@it8] sequential d=2 n=150 acc=1.000 parse=1.000 typed=1.000 exact=1.000 fwd=8.0 rev_val=0.000 rev_fin=0.000
[oracle_ops@T0@it8] sequential d=3 n=150 acc=1.000 parse=1.000 typed=1.000 exact=1.000 fwd=8.0 rev_val=0.000 rev_fin=0.000
[oracle_ops@T0@it8] sequential d=4 n=150 acc=0.020 parse=1.000 typed=1.000 exact=0.000 fwd=8.0 rev_val=0.000 rev_fin=0.000
[oracle_ops@T0@it8] sequential d=5 n=150 acc=0.053 parse=1.000 typed=1.000 exact=0.000 fwd=8.0 rev_val=0.000 rev_fin=0.000
[oracle_ops@T0@it8] sequential d=6 n=150 acc=0.040 parse=1.000 typed=1.000 exact=0.000 fwd=8.0 rev_val=0.000 rev_fin=0.000
[oracle_ops@T0@it8] sequential d=8 n=150 acc=0.013 parse=0.613 typed=0.613 exact=0.000 fwd=8.0 rev_val=0.000 rev_fin=0.000
[oracle_ops@T0@it8] sequential d=12 n=150 acc=0.020 parse=1.000 typed=1.000 exact=0.000 fwd=8.0 rev_val=0.000 rev_fin=0.000
[oracle_ops@T0@it8] sequential d=16 n=150 acc=0.020 parse=1.000 typed=1.000 exact=0.000 fwd=8.0 rev_val=0.000 rev_fin=0.000
[oracle_ops@T0@it8] sequential d=32 n=150 acc=0.027 parse=1.000 typed=1.000 exact=0.000 fwd=8.0 rev_val=0.000 rev_fin=0.000
[oracle_ops@T0@it8] breadth d=1 n=150 acc=1.000 parse=1.000 typed=1.000 exact=1.000 fwd=8.0 rev_val=0.000 rev_fin=0.000
[oracle_ops@T0@it8] breadth d=2 n=150 acc=1.000 parse=1.000 typed=1.000 exact=1.000 fwd=8.0 rev_val=0.000 rev_fin=0.000
[oracle_ops@T0@it8] breadth d=3 n=150 acc=1.000 parse=1.000 typed=1.000 exact=1.000 fwd=8.0 rev_val=0.000 rev_fin=0.000
[oracle_ops@T0@it8] breadth d=4 n=150 acc=0.000 parse=0.000 typed=0.000 exact=0.000 fwd=8.0 rev_val=0.000 rev_fin=0.000
[oracle_ops@T0@it8] breadth d=5 n=150 acc=0.000 parse=0.000 typed=0.000 exact=0.000 fwd=8.0 rev_val=0.000 rev_fin=0.000
[oracle_ops@T0@it8] breadth d=6 n=150 acc=0.000 parse=0.000 typed=0.000 exact=0.000 fwd=8.0 rev_val=0.000 rev_fin=0.000
[oracle_ops@T0@it8] novel d=2 n=150 acc=0.100 parse=1.000 typed=1.000 exact=0.080 fwd=8.0 rev_val=0.000 rev_fin=0.000
[oracle_ops@T0@it8] novel d=3 n=150 acc=0.060 parse=1.000 typed=1.000 exact=0.033 fwd=8.0 rev_val=0.000 rev_fin=0.000
[oracle_ops@T0@it8] novel d=4 n=150 acc=0.000 parse=0.720 typed=0.720 exact=0.000 fwd=8.0 rev_val=0.001 rev_fin=0.001
[oracle_ops@T0@it8] novel d=5 n=150 acc=0.000 parse=0.980 typed=0.980 exact=0.000 fwd=8.0 rev_val=0.000 rev_fin=0.000
[oracle_ops@T0@it8] novel d=6 n=150 acc=0.000 parse=0.967 typed=0.967 exact=0.000 fwd=8.0 rev_val=0.000 rev_fin=0.000
[oracle_ops@T0@it8] sequential_paren d=2 n=150 acc=1.000 parse=1.000 typed=1.000 exact=1.000 fwd=8.0 rev_val=0.000 rev_fin=0.000
[oracle_ops@T0@it8] sequential_paren d=3 n=150 acc=1.000 parse=1.000 typed=1.000 exact=1.000 fwd=8.0 rev_val=0.000 rev_fin=0.000
[oracle_ops@T0@it8] sequential_paren d=4 n=150 acc=0.020 parse=0.760 typed=0.760 exact=0.000 fwd=8.0 rev_val=0.000 rev_fin=0.000
[oracle_ops@T0@it8] sequential_paren d=5 n=150 acc=0.020 parse=0.967 typed=0.967 exact=0.000 fwd=8.0 rev_val=0.000 rev_fin=0.000
[oracle_ops@T0@it8] sequential_paren d=6 n=150 acc=0.013 parse=0.967 typed=0.967 exact=0.000 fwd=8.0 rev_val=0.000 rev_fin=0.000
[oracle_ops@T0@it8] same_page_pair d=2 n=150 acc=0.000 parse=1.000 typed=1.000 exact=0.000 fwd=8.0 rev_val=0.000 rev_fin=0.000
[oracle_ops@T0@it8] units d=1 n=150 acc=1.000 parse=1.000 typed=1.000 exact=1.000 fwd=8.0 rev_val=0.000 rev_fin=0.000
[oracle_plan@T0@it8] sequential d=1 n=150 acc=1.000 parse=1.000 typed=1.000 exact=1.000 fwd=0.0
[oracle_plan@T0@it8] sequential d=2 n=150 acc=1.000 parse=1.000 typed=1.000 exact=1.000 fwd=0.0
[oracle_plan@T0@it8] sequential d=3 n=150 acc=1.000 parse=1.000 typed=1.000 exact=1.000 fwd=0.0
[oracle_plan@T0@it8] sequential d=4 n=150 acc=1.000 parse=1.000 typed=1.000 exact=1.000 fwd=0.0
[oracle_plan@T0@it8] sequential d=5 n=150 acc=1.000 parse=1.000 typed=1.000 exact=1.000 fwd=0.0
[oracle_plan@T0@it8] sequential d=6 n=150 acc=1.000 parse=1.000 typed=1.000 exact=1.000 fwd=0.0
[oracle_plan@T0@it8] sequential d=8 n=150 acc=1.000 parse=1.000 typed=1.000 exact=1.000 fwd=0.0
[oracle_plan@T0@it8] sequential d=12 n=150 acc=1.000 parse=1.000 typed=1.000 exact=1.000 fwd=0.0
[oracle_plan@T0@it8] sequential d=16 n=150 acc=1.000 parse=1.000 typed=1.000 exact=1.000 fwd=0.0
[oracle_plan@T0@it8] sequential d=32 n=150 acc=1.000 parse=1.000 typed=1.000 exact=1.000 fwd=0.0
[oracle_plan@T0@it8] breadth d=1 n=150 acc=1.000 parse=1.000 typed=1.000 exact=1.000 fwd=0.0
[oracle_plan@T0@it8] breadth d=2 n=150 acc=1.000 parse=1.000 typed=1.000 exact=1.000 fwd=0.0
[oracle_plan@T0@it8] breadth d=3 n=150 acc=1.000 parse=1.000 typed=1.000 exact=1.000 fwd=0.0
[oracle_plan@T0@it8] breadth d=4 n=150 acc=0.000 parse=1.000 typed=0.000 exact=1.000 fwd=0.0
[oracle_plan@T0@it8] breadth d=5 n=150 acc=0.000 parse=1.000 typed=0.000 exact=1.000 fwd=0.0
[oracle_plan@T0@it8] breadth d=6 n=150 acc=0.000 parse=1.000 typed=0.000 exact=1.000 fwd=0.0
[oracle_plan@T0@it8] novel d=2 n=150 acc=1.000 parse=1.000 typed=1.000 exact=1.000 fwd=0.0
[oracle_plan@T0@it8] novel d=3 n=150 acc=1.000 parse=1.000 typed=1.000 exact=1.000 fwd=0.0
[oracle_plan@T0@it8] novel d=4 n=150 acc=1.000 parse=1.000 typed=1.000 exact=1.000 fwd=0.0
[oracle_plan@T0@it8] novel d=5 n=150 acc=1.000 parse=1.000 typed=1.000 exact=1.000 fwd=0.0
[oracle_plan@T0@it8] novel d=6 n=150 acc=1.000 parse=1.000 typed=1.000 exact=1.000 fwd=0.0
[oracle_plan@T0@it8] sequential_paren d=2 n=150 acc=1.000 parse=1.000 typed=1.000 exact=1.000 fwd=0.0
[oracle_plan@T0@it8] sequential_paren d=3 n=150 acc=1.000 parse=1.000 typed=1.000 exact=1.000 fwd=0.0
[oracle_plan@T0@it8] sequential_paren d=4 n=150 acc=1.000 parse=1.000 typed=1.000 exact=1.000 fwd=0.0
[oracle_plan@T0@it8] sequential_paren d=5 n=150 acc=1.000 parse=1.000 typed=1.000 exact=1.000 fwd=0.0
[oracle_plan@T0@it8] sequential_paren d=6 n=150 acc=1.000 parse=1.000 typed=1.000 exact=1.000 fwd=0.0
[oracle_plan@T0@it8] same_page_pair d=2 n=150 acc=1.000 parse=1.000 typed=1.000 exact=1.000 fwd=0.0
[oracle_plan@T0@it8] units d=1 n=150 acc=1.000 parse=1.000 typed=1.000 exact=1.000 fwd=0.0
[counter p3@T0.8@it8] {"reported": 8, "observed": 8, "ok": true}
[plan_execute@T0.8@it8] sequential d=1 n=150 acc=1.000 parse=1.000 typed=1.000 exact=1.000 fwd=8.0 rev_val=0.000 rev_fin=0.000
[plan_execute@T0.8@it8] sequential d=2 n=150 acc=1.000 parse=1.000 typed=1.000 exact=1.000 fwd=8.0 rev_val=0.000 rev_fin=0.000
[plan_execute@T0.8@it8] sequential d=3 n=150 acc=1.000 parse=1.000 typed=1.000 exact=1.000 fwd=8.0 rev_val=0.000 rev_fin=0.000
[plan_execute@T0.8@it8] sequential d=4 n=150 acc=0.020 parse=1.000 typed=1.000 exact=0.000 fwd=8.0 rev_val=0.000 rev_fin=0.000
[plan_execute@T0.8@it8] sequential d=5 n=150 acc=0.053 parse=1.000 typed=1.000 exact=0.000 fwd=8.0 rev_val=0.000 rev_fin=0.000
[plan_execute@T0.8@it8] sequential d=6 n=150 acc=0.040 parse=1.000 typed=1.000 exact=0.000 fwd=8.0 rev_val=0.000 rev_fin=0.000
[plan_execute@T0.8@it8] sequential d=8 n=150 acc=0.013 parse=0.607 typed=0.607 exact=0.000 fwd=8.0 rev_val=0.000 rev_fin=0.000
[plan_execute@T0.8@it8] sequential d=12 n=150 acc=0.020 parse=1.000 typed=1.000 exact=0.000 fwd=8.0 rev_val=0.000 rev_fin=0.000
[plan_execute@T0.8@it8] sequential d=16 n=150 acc=0.020 parse=1.000 typed=1.000 exact=0.000 fwd=8.0 rev_val=0.000 rev_fin=0.000
[plan_execute@T0.8@it8] sequential d=32 n=150 acc=0.013 parse=1.000 typed=1.000 exact=0.000 fwd=8.0 rev_val=0.000 rev_fin=0.000
[plan_execute@T0.8@it8] breadth d=1 n=150 acc=1.000 parse=1.000 typed=1.000 exact=1.000 fwd=8.0 rev_val=0.000 rev_fin=0.000
[plan_execute@T0.8@it8] breadth d=2 n=150 acc=1.000 parse=1.000 typed=1.000 exact=1.000 fwd=8.0 rev_val=0.000 rev_fin=0.000
[plan_execute@T0.8@it8] breadth d=3 n=150 acc=1.000 parse=1.000 typed=1.000 exact=1.000 fwd=8.0 rev_val=0.000 rev_fin=0.000
[plan_execute@T0.8@it8] breadth d=4 n=150 acc=0.393 parse=1.000 typed=1.000 exact=0.000 fwd=8.0 rev_val=0.000 rev_fin=0.000
[plan_execute@T0.8@it8] breadth d=5 n=150 acc=0.227 parse=1.000 typed=1.000 exact=0.000 fwd=8.0 rev_val=0.000 rev_fin=0.000
[plan_execute@T0.8@it8] breadth d=6 n=150 acc=0.047 parse=0.280 typed=0.280 exact=0.000 fwd=8.0 rev_val=0.000 rev_fin=0.000
[plan_execute@T0.8@it8] novel d=2 n=150 acc=0.107 parse=1.000 typed=1.000 exact=0.087 fwd=8.0 rev_val=0.000 rev_fin=0.000
[plan_execute@T0.8@it8] novel d=3 n=150 acc=0.047 parse=1.000 typed=1.000 exact=0.020 fwd=8.0 rev_val=0.000 rev_fin=0.000
[plan_execute@T0.8@it8] novel d=4 n=150 acc=0.000 parse=0.760 typed=0.760 exact=0.000 fwd=8.0 rev_val=0.001 rev_fin=0.001
[plan_execute@T0.8@it8] novel d=5 n=150 acc=0.007 parse=0.980 typed=0.980 exact=0.000 fwd=8.0 rev_val=0.000 rev_fin=0.000
[plan_execute@T0.8@it8] novel d=6 n=150 acc=0.000 parse=0.967 typed=0.967 exact=0.000 fwd=8.0 rev_val=0.000 rev_fin=0.000
[plan_execute@T0.8@it8] sequential_paren d=2 n=150 acc=1.000 parse=1.000 typed=1.000 exact=1.000 fwd=8.0 rev_val=0.000 rev_fin=0.000
[plan_execute@T0.8@it8] sequential_paren d=3 n=150 acc=1.000 parse=1.000 typed=1.000 exact=1.000 fwd=8.0 rev_val=0.000 rev_fin=0.000
[plan_execute@T0.8@it8] sequential_paren d=4 n=150 acc=0.020 parse=0.767 typed=0.767 exact=0.000 fwd=8.0 rev_val=0.000 rev_fin=0.000
[plan_execute@T0.8@it8] sequential_paren d=5 n=150 acc=0.027 parse=0.967 typed=0.967 exact=0.000 fwd=8.0 rev_val=0.000 rev_fin=0.000
[plan_execute@T0.8@it8] sequential_paren d=6 n=150 acc=0.013 parse=0.967 typed=0.967 exact=0.000 fwd=8.0 rev_val=0.000 rev_fin=0.000
[plan_execute@T0.8@it8] same_page_pair d=2 n=150 acc=0.000 parse=1.000 typed=1.000 exact=0.000 fwd=8.0 rev_val=0.000 rev_fin=0.000
[plan_execute@T0.8@it8] units d=1 n=150 acc=1.000 parse=1.000 typed=1.000 exact=1.000 fwd=8.0 rev_val=0.000 rev_fin=0.000
[oracle_ops@T0.8@it8] sequential d=1 n=150 acc=1.000 parse=1.000 typed=1.000 exact=1.000 fwd=8.0 rev_val=0.000 rev_fin=0.000
[oracle_ops@T0.8@it8] sequential d=2 n=150 acc=1.000 parse=1.000 typed=1.000 exact=1.000 fwd=8.0 rev_val=0.000 rev_fin=0.000
[oracle_ops@T0.8@it8] sequential d=3 n=150 acc=1.000 parse=1.000 typed=1.000 exact=1.000 fwd=8.0 rev_val=0.000 rev_fin=0.000
[oracle_ops@T0.8@it8] sequential d=4 n=150 acc=0.020 parse=1.000 typed=1.000 exact=0.000 fwd=8.0 rev_val=0.000 rev_fin=0.000
[oracle_ops@T0.8@it8] sequential d=5 n=150 acc=0.053 parse=1.000 typed=1.000 exact=0.000 fwd=8.0 rev_val=0.000 rev_fin=0.000
[oracle_ops@T0.8@it8] sequential d=6 n=150 acc=0.040 parse=1.000 typed=1.000 exact=0.000 fwd=8.0 rev_val=0.000 rev_fin=0.000
[oracle_ops@T0.8@it8] sequential d=8 n=150 acc=0.013 parse=0.607 typed=0.607 exact=0.000 fwd=8.0 rev_val=0.000 rev_fin=0.000
[oracle_ops@T0.8@it8] sequential d=12 n=150 acc=0.020 parse=1.000 typed=1.000 exact=0.000 fwd=8.0 rev_val=0.000 rev_fin=0.000
[oracle_ops@T0.8@it8] sequential d=16 n=150 acc=0.020 parse=1.000 typed=1.000 exact=0.000 fwd=8.0 rev_val=0.000 rev_fin=0.000
[oracle_ops@T0.8@it8] sequential d=32 n=150 acc=0.013 parse=1.000 typed=1.000 exact=0.000 fwd=8.0 rev_val=0.000 rev_fin=0.000
[oracle_ops@T0.8@it8] breadth d=1 n=150 acc=1.000 parse=1.000 typed=1.000 exact=1.000 fwd=8.0 rev_val=0.000 rev_fin=0.000
[oracle_ops@T0.8@it8] breadth d=2 n=150 acc=1.000 parse=1.000 typed=1.000 exact=1.000 fwd=8.0 rev_val=0.000 rev_fin=0.000
[oracle_ops@T0.8@it8] breadth d=3 n=150 acc=1.000 parse=1.000 typed=1.000 exact=1.000 fwd=8.0 rev_val=0.000 rev_fin=0.000
[oracle_ops@T0.8@it8] breadth d=4 n=150 acc=0.000 parse=0.000 typed=0.000 exact=0.000 fwd=8.0 rev_val=0.000 rev_fin=0.000
[oracle_ops@T0.8@it8] breadth d=5 n=150 acc=0.000 parse=0.000 typed=0.000 exact=0.000 fwd=8.0 rev_val=0.000 rev_fin=0.000
[oracle_ops@T0.8@it8] breadth d=6 n=150 acc=0.000 parse=0.000 typed=0.000 exact=0.000 fwd=8.0 rev_val=0.000 rev_fin=0.000
[oracle_ops@T0.8@it8] novel d=2 n=150 acc=0.107 parse=1.000 typed=1.000 exact=0.087 fwd=8.0 rev_val=0.000 rev_fin=0.000
[oracle_ops@T0.8@it8] novel d=3 n=150 acc=0.047 parse=1.000 typed=1.000 exact=0.020 fwd=8.0 rev_val=0.000 rev_fin=0.000
[oracle_ops@T0.8@it8] novel d=4 n=150 acc=0.000 parse=0.760 typed=0.760 exact=0.000 fwd=8.0 rev_val=0.001 rev_fin=0.001
[oracle_ops@T0.8@it8] novel d=5 n=150 acc=0.007 parse=0.980 typed=0.980 exact=0.000 fwd=8.0 rev_val=0.000 rev_fin=0.000
[oracle_ops@T0.8@it8] novel d=6 n=150 acc=0.000 parse=0.967 typed=0.967 exact=0.000 fwd=8.0 rev_val=0.000 rev_fin=0.000
[oracle_ops@T0.8@it8] sequential_paren d=2 n=150 acc=1.000 parse=1.000 typed=1.000 exact=1.000 fwd=8.0 rev_val=0.000 rev_fin=0.000
[oracle_ops@T0.8@it8] sequential_paren d=3 n=150 acc=1.000 parse=1.000 typed=1.000 exact=1.000 fwd=8.0 rev_val=0.000 rev_fin=0.000
[oracle_ops@T0.8@it8] sequential_paren d=4 n=150 acc=0.020 parse=0.767 typed=0.767 exact=0.000 fwd=8.0 rev_val=0.000 rev_fin=0.000
[oracle_ops@T0.8@it8] sequential_paren d=5 n=150 acc=0.027 parse=0.967 typed=0.967 exact=0.000 fwd=8.0 rev_val=0.000 rev_fin=0.000
[oracle_ops@T0.8@it8] sequential_paren d=6 n=150 acc=0.013 parse=0.967 typed=0.967 exact=0.000 fwd=8.0 rev_val=0.000 rev_fin=0.000
[oracle_ops@T0.8@it8] same_page_pair d=2 n=150 acc=0.000 parse=1.000 typed=1.000 exact=0.000 fwd=8.0 rev_val=0.000 rev_fin=0.000
[oracle_ops@T0.8@it8] units d=1 n=150 acc=1.000 parse=1.000 typed=1.000 exact=1.000 fwd=8.0 rev_val=0.000 rev_fin=0.000
[oracle_plan@T0.8@it8] sequential d=1 n=150 acc=1.000 parse=1.000 typed=1.000 exact=1.000 fwd=0.0
[oracle_plan@T0.8@it8] sequential d=2 n=150 acc=1.000 parse=1.000 typed=1.000 exact=1.000 fwd=0.0
[oracle_plan@T0.8@it8] sequential d=3 n=150 acc=1.000 parse=1.000 typed=1.000 exact=1.000 fwd=0.0
[oracle_plan@T0.8@it8] sequential d=4 n=150 acc=1.000 parse=1.000 typed=1.000 exact=1.000 fwd=0.0
[oracle_plan@T0.8@it8] sequential d=5 n=150 acc=1.000 parse=1.000 typed=1.000 exact=1.000 fwd=0.0
[oracle_plan@T0.8@it8] sequential d=6 n=150 acc=1.000 parse=1.000 typed=1.000 exact=1.000 fwd=0.0
[oracle_plan@T0.8@it8] sequential d=8 n=150 acc=1.000 parse=1.000 typed=1.000 exact=1.000 fwd=0.0
[oracle_plan@T0.8@it8] sequential d=12 n=150 acc=1.000 parse=1.000 typed=1.000 exact=1.000 fwd=0.0
[oracle_plan@T0.8@it8] sequential d=16 n=150 acc=1.000 parse=1.000 typed=1.000 exact=1.000 fwd=0.0
[oracle_plan@T0.8@it8] sequential d=32 n=150 acc=1.000 parse=1.000 typed=1.000 exact=1.000 fwd=0.0
[oracle_plan@T0.8@it8] breadth d=1 n=150 acc=1.000 parse=1.000 typed=1.000 exact=1.000 fwd=0.0
[oracle_plan@T0.8@it8] breadth d=2 n=150 acc=1.000 parse=1.000 typed=1.000 exact=1.000 fwd=0.0
[oracle_plan@T0.8@it8] breadth d=3 n=150 acc=1.000 parse=1.000 typed=1.000 exact=1.000 fwd=0.0
[oracle_plan@T0.8@it8] breadth d=4 n=150 acc=0.000 parse=1.000 typed=0.000 exact=1.000 fwd=0.0
[oracle_plan@T0.8@it8] breadth d=5 n=150 acc=0.000 parse=1.000 typed=0.000 exact=1.000 fwd=0.0
[oracle_plan@T0.8@it8] breadth d=6 n=150 acc=0.000 parse=1.000 typed=0.000 exact=1.000 fwd=0.0
[oracle_plan@T0.8@it8] novel d=2 n=150 acc=1.000 parse=1.000 typed=1.000 exact=1.000 fwd=0.0
[oracle_plan@T0.8@it8] novel d=3 n=150 acc=1.000 parse=1.000 typed=1.000 exact=1.000 fwd=0.0
[oracle_plan@T0.8@it8] novel d=4 n=150 acc=1.000 parse=1.000 typed=1.000 exact=1.000 fwd=0.0
[oracle_plan@T0.8@it8] novel d=5 n=150 acc=1.000 parse=1.000 typed=1.000 exact=1.000 fwd=0.0
[oracle_plan@T0.8@it8] novel d=6 n=150 acc=1.000 parse=1.000 typed=1.000 exact=1.000 fwd=0.0
[oracle_plan@T0.8@it8] sequential_paren d=2 n=150 acc=1.000 parse=1.000 typed=1.000 exact=1.000 fwd=0.0
[oracle_plan@T0.8@it8] sequential_paren d=3 n=150 acc=1.000 parse=1.000 typed=1.000 exact=1.000 fwd=0.0
[oracle_plan@T0.8@it8] sequential_paren d=4 n=150 acc=1.000 parse=1.000 typed=1.000 exact=1.000 fwd=0.0
[oracle_plan@T0.8@it8] sequential_paren d=5 n=150 acc=1.000 parse=1.000 typed=1.000 exact=1.000 fwd=0.0
[oracle_plan@T0.8@it8] sequential_paren d=6 n=150 acc=1.000 parse=1.000 typed=1.000 exact=1.000 fwd=0.0
[oracle_plan@T0.8@it8] same_page_pair d=2 n=150 acc=1.000 parse=1.000 typed=1.000 exact=1.000 fwd=0.0
[oracle_plan@T0.8@it8] units d=1 n=150 acc=1.000 parse=1.000 typed=1.000 exact=1.000 fwd=0.0
[induction style=1] {"pages": 6600, "pages_parsed": 6530, "gold_ops": 9897, "induced_ops": 9234, "self_verified": 1559, "exact_text": 5636, "behavioural": 5636, "secs": 402.7}
[oracle_both@para] sequential d=1 n=150 acc=1.000 parse=1.000 typed=1.000 exact=1.000 fwd=0.0
[oracle_both@para] sequential d=2 n=150 acc=1.000 parse=1.000 typed=1.000 exact=1.000 fwd=0.0
[oracle_both@para] sequential d=3 n=150 acc=1.000 parse=1.000 typed=1.000 exact=1.000 fwd=0.0
[oracle_both@para] sequential d=4 n=150 acc=1.000 parse=1.000 typed=1.000 exact=1.000 fwd=0.0
[oracle_both@para] sequential d=5 n=150 acc=1.000 parse=1.000 typed=1.000 exact=1.000 fwd=0.0
[oracle_both@para] sequential d=6 n=150 acc=1.000 parse=1.000 typed=1.000 exact=1.000 fwd=0.0
[oracle_both@para] sequential d=8 n=150 acc=1.000 parse=1.000 typed=1.000 exact=1.000 fwd=0.0
[oracle_both@para] sequential d=12 n=150 acc=1.000 parse=1.000 typed=1.000 exact=1.000 fwd=0.0
[oracle_both@para] sequential d=16 n=150 acc=1.000 parse=1.000 typed=1.000 exact=1.000 fwd=0.0
[oracle_both@para] sequential d=32 n=150 acc=1.000 parse=1.000 typed=1.000 exact=1.000 fwd=0.0
[oracle_both@para] breadth d=1 n=150 acc=1.000 parse=1.000 typed=1.000 exact=1.000 fwd=0.0
[oracle_both@para] breadth d=2 n=150 acc=1.000 parse=1.000 typed=1.000 exact=1.000 fwd=0.0
[oracle_both@para] breadth d=3 n=150 acc=1.000 parse=1.000 typed=1.000 exact=1.000 fwd=0.0
[oracle_both@para] breadth d=4 n=150 acc=1.000 parse=1.000 typed=1.000 exact=1.000 fwd=0.0
[oracle_both@para] breadth d=5 n=150 acc=1.000 parse=1.000 typed=1.000 exact=1.000 fwd=0.0
[oracle_both@para] breadth d=6 n=150 acc=1.000 parse=1.000 typed=1.000 exact=1.000 fwd=0.0
[oracle_both@para] novel d=2 n=150 acc=1.000 parse=1.000 typed=1.000 exact=1.000 fwd=0.0
[oracle_both@para] novel d=3 n=150 acc=1.000 parse=1.000 typed=1.000 exact=1.000 fwd=0.0
[oracle_both@para] novel d=4 n=150 acc=1.000 parse=1.000 typed=1.000 exact=1.000 fwd=0.0
[oracle_both@para] novel d=5 n=150 acc=1.000 parse=1.000 typed=1.000 exact=1.000 fwd=0.0
[oracle_both@para] novel d=6 n=150 acc=1.000 parse=1.000 typed=1.000 exact=1.000 fwd=0.0
[oracle_both@para] sequential_paren d=2 n=150 acc=1.000 parse=1.000 typed=1.000 exact=1.000 fwd=0.0
[oracle_both@para] sequential_paren d=3 n=150 acc=1.000 parse=1.000 typed=1.000 exact=1.000 fwd=0.0
[oracle_both@para] sequential_paren d=4 n=150 acc=1.000 parse=1.000 typed=1.000 exact=1.000 fwd=0.0
[oracle_both@para] sequential_paren d=5 n=150 acc=1.000 parse=1.000 typed=1.000 exact=1.000 fwd=0.0
[oracle_both@para] sequential_paren d=6 n=150 acc=1.000 parse=1.000 typed=1.000 exact=1.000 fwd=0.0
[oracle_both@para] same_page_pair d=2 n=150 acc=1.000 parse=1.000 typed=1.000 exact=1.000 fwd=0.0
[oracle_both@para] units d=1 n=150 acc=1.000 parse=1.000 typed=1.000 exact=1.000 fwd=0.0
[oracle_both_roundtrip@para] sequential d=1 n=150 acc=1.000 parse=1.000 typed=1.000 exact=1.000 fwd=0.0
[oracle_both_roundtrip@para] sequential d=2 n=150 acc=1.000 parse=1.000 typed=1.000 exact=1.000 fwd=0.0
[oracle_both_roundtrip@para] sequential d=3 n=150 acc=1.000 parse=1.000 typed=1.000 exact=1.000 fwd=0.0
[oracle_both_roundtrip@para] sequential d=4 n=150 acc=1.000 parse=1.000 typed=1.000 exact=1.000 fwd=0.0
[oracle_both_roundtrip@para] sequential d=5 n=150 acc=1.000 parse=1.000 typed=1.000 exact=1.000 fwd=0.0
[oracle_both_roundtrip@para] sequential d=6 n=150 acc=1.000 parse=1.000 typed=1.000 exact=1.000 fwd=0.0
[oracle_both_roundtrip@para] sequential d=8 n=150 acc=1.000 parse=1.000 typed=1.000 exact=1.000 fwd=0.0
[oracle_both_roundtrip@para] sequential d=12 n=150 acc=1.000 parse=1.000 typed=1.000 exact=1.000 fwd=0.0
[oracle_both_roundtrip@para] sequential d=16 n=150 acc=0.000 parse=0.000 typed=0.000 exact=0.000 fwd=0.0
[oracle_both_roundtrip@para] sequential d=32 n=150 acc=0.000 parse=0.000 typed=0.000 exact=0.000 fwd=0.0
[oracle_both_roundtrip@para] breadth d=1 n=150 acc=1.000 parse=1.000 typed=1.000 exact=1.000 fwd=0.0
[oracle_both_roundtrip@para] breadth d=2 n=150 acc=1.000 parse=1.000 typed=1.000 exact=1.000 fwd=0.0
[oracle_both_roundtrip@para] breadth d=3 n=150 acc=1.000 parse=1.000 typed=1.000 exact=1.000 fwd=0.0
[oracle_both_roundtrip@para] breadth d=4 n=150 acc=1.000 parse=1.000 typed=1.000 exact=1.000 fwd=0.0
[oracle_both_roundtrip@para] breadth d=5 n=150 acc=1.000 parse=1.000 typed=1.000 exact=1.000 fwd=0.0
[oracle_both_roundtrip@para] breadth d=6 n=150 acc=1.000 parse=1.000 typed=1.000 exact=1.000 fwd=0.0
[oracle_both_roundtrip@para] novel d=2 n=150 acc=1.000 parse=1.000 typed=1.000 exact=1.000 fwd=0.0
[oracle_both_roundtrip@para] novel d=3 n=150 acc=1.000 parse=1.000 typed=1.000 exact=1.000 fwd=0.0
[oracle_both_roundtrip@para] novel d=4 n=150 acc=1.000 parse=1.000 typed=1.000 exact=1.000 fwd=0.0
[oracle_both_roundtrip@para] novel d=5 n=150 acc=1.000 parse=1.000 typed=1.000 exact=1.000 fwd=0.0
[oracle_both_roundtrip@para] novel d=6 n=150 acc=1.000 parse=1.000 typed=1.000 exact=1.000 fwd=0.0
[oracle_both_roundtrip@para] sequential_paren d=2 n=150 acc=1.000 parse=1.000 typed=1.000 exact=1.000 fwd=0.0
[oracle_both_roundtrip@para] sequential_paren d=3 n=150 acc=1.000 parse=1.000 typed=1.000 exact=1.000 fwd=0.0
[oracle_both_roundtrip@para] sequential_paren d=4 n=150 acc=1.000 parse=1.000 typed=1.000 exact=1.000 fwd=0.0
[oracle_both_roundtrip@para] sequential_paren d=5 n=150 acc=1.000 parse=1.000 typed=1.000 exact=1.000 fwd=0.0
[oracle_both_roundtrip@para] sequential_paren d=6 n=150 acc=1.000 parse=1.000 typed=1.000 exact=1.000 fwd=0.0
[oracle_both_roundtrip@para] same_page_pair d=2 n=150 acc=1.000 parse=1.000 typed=1.000 exact=1.000 fwd=0.0
[oracle_both_roundtrip@para] units d=1 n=150 acc=1.000 parse=1.000 typed=1.000 exact=1.000 fwd=0.0
[counter p3@T0@it8] {"reported": 8, "observed": 8, "ok": true}
[plan_execute@T0@it8@para] sequential d=1 n=150 acc=0.973 parse=0.973 typed=0.973 exact=0.973 fwd=8.0 rev_val=0.000 rev_fin=0.000
[plan_execute@T0@it8@para] sequential d=2 n=150 acc=0.500 parse=0.967 typed=0.967 exact=0.500 fwd=8.0 rev_val=0.000 rev_fin=0.000
[plan_execute@T0@it8@para] sequential d=3 n=150 acc=0.487 parse=0.967 typed=0.967 exact=0.493 fwd=8.0 rev_val=0.000 rev_fin=0.000
[plan_execute@T0@it8@para] sequential d=4 n=150 acc=0.013 parse=0.960 typed=0.960 exact=0.000 fwd=8.0 rev_val=0.000 rev_fin=0.000
[plan_execute@T0@it8@para] sequential d=5 n=150 acc=0.040 parse=0.960 typed=0.960 exact=0.000 fwd=8.0 rev_val=0.000 rev_fin=0.000
[plan_execute@T0@it8@para] sequential d=6 n=150 acc=0.013 parse=0.980 typed=0.980 exact=0.000 fwd=8.0 rev_val=0.000 rev_fin=0.000
[plan_execute@T0@it8@para] sequential d=8 n=150 acc=0.013 parse=0.620 typed=0.620 exact=0.000 fwd=8.0 rev_val=0.000 rev_fin=0.000
[plan_execute@T0@it8@para] sequential d=12 n=150 acc=0.007 parse=0.973 typed=0.973 exact=0.000 fwd=8.0 rev_val=0.000 rev_fin=0.000
[plan_execute@T0@it8@para] sequential d=16 n=150 acc=0.000 parse=0.967 typed=0.967 exact=0.000 fwd=8.0 rev_val=0.000 rev_fin=0.000
[plan_execute@T0@it8@para] sequential d=32 n=150 acc=0.033 parse=0.947 typed=0.947 exact=0.000 fwd=8.0 rev_val=0.000 rev_fin=0.000
[plan_execute@T0@it8@para] breadth d=1 n=150 acc=0.000 parse=0.000 typed=0.000 exact=0.000 fwd=8.0 rev_val=0.000 rev_fin=0.000
[plan_execute@T0@it8@para] breadth d=2 n=150 acc=0.413 parse=0.440 typed=0.440 exact=0.440 fwd=8.0 rev_val=0.000 rev_fin=0.000
[plan_execute@T0@it8@para] breadth d=3 n=150 acc=0.807 parse=0.967 typed=0.967 exact=0.967 fwd=8.0 rev_val=0.000 rev_fin=0.000
[plan_execute@T0@it8@para] breadth d=4 n=150 acc=0.307 parse=0.987 typed=0.987 exact=0.000 fwd=8.0 rev_val=0.000 rev_fin=0.000
[plan_execute@T0@it8@para] breadth d=5 n=150 acc=0.213 parse=0.980 typed=0.980 exact=0.000 fwd=8.0 rev_val=0.000 rev_fin=0.000
[plan_execute@T0@it8@para] breadth d=6 n=150 acc=0.153 parse=0.960 typed=0.960 exact=0.000 fwd=8.0 rev_val=0.000 rev_fin=0.000
[plan_execute@T0@it8@para] novel d=2 n=150 acc=0.093 parse=0.987 typed=0.987 exact=0.073 fwd=8.0 rev_val=0.000 rev_fin=0.000
[plan_execute@T0@it8@para] novel d=3 n=150 acc=0.073 parse=0.960 typed=0.960 exact=0.047 fwd=8.0 rev_val=0.000 rev_fin=0.000
[plan_execute@T0@it8@para] novel d=4 n=150 acc=0.007 parse=0.760 typed=0.760 exact=0.000 fwd=8.0 rev_val=0.001 rev_fin=0.001
[plan_execute@T0@it8@para] novel d=5 n=150 acc=0.007 parse=0.953 typed=0.953 exact=0.000 fwd=8.0 rev_val=0.000 rev_fin=0.000
[plan_execute@T0@it8@para] novel d=6 n=150 acc=0.000 parse=0.927 typed=0.927 exact=0.000 fwd=8.0 rev_val=0.000 rev_fin=0.000
[plan_execute@T0@it8@para] sequential_paren d=2 n=150 acc=0.987 parse=0.987 typed=0.987 exact=0.987 fwd=8.0 rev_val=0.000 rev_fin=0.000
[plan_execute@T0@it8@para] sequential_paren d=3 n=150 acc=0.980 parse=0.987 typed=0.987 exact=0.987 fwd=8.0 rev_val=0.000 rev_fin=0.000
[plan_execute@T0@it8@para] sequential_paren d=4 n=150 acc=0.027 parse=0.780 typed=0.780 exact=0.000 fwd=8.0 rev_val=0.001 rev_fin=0.001
[plan_execute@T0@it8@para] sequential_paren d=5 n=150 acc=0.027 parse=0.947 typed=0.947 exact=0.000 fwd=8.0 rev_val=0.000 rev_fin=0.000
[plan_execute@T0@it8@para] sequential_paren d=6 n=150 acc=0.013 parse=0.960 typed=0.960 exact=0.000 fwd=8.0 rev_val=0.000 rev_fin=0.000
[plan_execute@T0@it8@para] same_page_pair d=2 n=150 acc=0.000 parse=0.960 typed=0.960 exact=0.000 fwd=8.0 rev_val=0.000 rev_fin=0.000
[plan_execute@T0@it8@para] units d=1 n=150 acc=0.540 parse=0.813 typed=0.813 exact=0.693 fwd=8.0 rev_val=0.000 rev_fin=0.000
[oracle_ops@T0@it8@para] sequential d=1 n=150 acc=1.000 parse=1.000 typed=1.000 exact=1.000 fwd=8.0 rev_val=0.000 rev_fin=0.000
[oracle_ops@T0@it8@para] sequential d=2 n=150 acc=1.000 parse=1.000 typed=1.000 exact=1.000 fwd=8.0 rev_val=0.000 rev_fin=0.000
[oracle_ops@T0@it8@para] sequential d=3 n=150 acc=1.000 parse=1.000 typed=1.000 exact=1.000 fwd=8.0 rev_val=0.000 rev_fin=0.000
[oracle_ops@T0@it8@para] sequential d=4 n=150 acc=0.020 parse=1.000 typed=1.000 exact=0.000 fwd=8.0 rev_val=0.000 rev_fin=0.000
[oracle_ops@T0@it8@para] sequential d=5 n=150 acc=0.053 parse=1.000 typed=1.000 exact=0.000 fwd=8.0 rev_val=0.000 rev_fin=0.000
[oracle_ops@T0@it8@para] sequential d=6 n=150 acc=0.040 parse=1.000 typed=1.000 exact=0.000 fwd=8.0 rev_val=0.000 rev_fin=0.000
[oracle_ops@T0@it8@para] sequential d=8 n=150 acc=0.013 parse=0.613 typed=0.613 exact=0.000 fwd=8.0 rev_val=0.000 rev_fin=0.000
[oracle_ops@T0@it8@para] sequential d=12 n=150 acc=0.020 parse=1.000 typed=1.000 exact=0.000 fwd=8.0 rev_val=0.000 rev_fin=0.000
[oracle_ops@T0@it8@para] sequential d=16 n=150 acc=0.020 parse=1.000 typed=1.000 exact=0.000 fwd=8.0 rev_val=0.000 rev_fin=0.000
[oracle_ops@T0@it8@para] sequential d=32 n=150 acc=0.027 parse=1.000 typed=1.000 exact=0.000 fwd=8.0 rev_val=0.000 rev_fin=0.000
[oracle_ops@T0@it8@para] breadth d=1 n=150 acc=1.000 parse=1.000 typed=1.000 exact=1.000 fwd=8.0 rev_val=0.000 rev_fin=0.000
[oracle_ops@T0@it8@para] breadth d=2 n=150 acc=1.000 parse=1.000 typed=1.000 exact=1.000 fwd=8.0 rev_val=0.000 rev_fin=0.000
[oracle_ops@T0@it8@para] breadth d=3 n=150 acc=1.000 parse=1.000 typed=1.000 exact=1.000 fwd=8.0 rev_val=0.000 rev_fin=0.000
[oracle_ops@T0@it8@para] breadth d=4 n=150 acc=0.000 parse=0.000 typed=0.000 exact=0.000 fwd=8.0 rev_val=0.000 rev_fin=0.000
[oracle_ops@T0@it8@para] breadth d=5 n=150 acc=0.000 parse=0.000 typed=0.000 exact=0.000 fwd=8.0 rev_val=0.000 rev_fin=0.000
[oracle_ops@T0@it8@para] breadth d=6 n=150 acc=0.000 parse=0.000 typed=0.000 exact=0.000 fwd=8.0 rev_val=0.000 rev_fin=0.000
[oracle_ops@T0@it8@para] novel d=2 n=150 acc=0.100 parse=1.000 typed=1.000 exact=0.080 fwd=8.0 rev_val=0.000 rev_fin=0.000
[oracle_ops@T0@it8@para] novel d=3 n=150 acc=0.060 parse=1.000 typed=1.000 exact=0.033 fwd=8.0 rev_val=0.000 rev_fin=0.000
[oracle_ops@T0@it8@para] novel d=4 n=150 acc=0.000 parse=0.720 typed=0.720 exact=0.000 fwd=8.0 rev_val=0.001 rev_fin=0.001
[oracle_ops@T0@it8@para] novel d=5 n=150 acc=0.000 parse=0.980 typed=0.980 exact=0.000 fwd=8.0 rev_val=0.000 rev_fin=0.000
[oracle_ops@T0@it8@para] novel d=6 n=150 acc=0.000 parse=0.967 typed=0.967 exact=0.000 fwd=8.0 rev_val=0.000 rev_fin=0.000
[oracle_ops@T0@it8@para] sequential_paren d=2 n=150 acc=1.000 parse=1.000 typed=1.000 exact=1.000 fwd=8.0 rev_val=0.000 rev_fin=0.000
[oracle_ops@T0@it8@para] sequential_paren d=3 n=150 acc=1.000 parse=1.000 typed=1.000 exact=1.000 fwd=8.0 rev_val=0.000 rev_fin=0.000
[oracle_ops@T0@it8@para] sequential_paren d=4 n=150 acc=0.020 parse=0.760 typed=0.760 exact=0.000 fwd=8.0 rev_val=0.000 rev_fin=0.000
[oracle_ops@T0@it8@para] sequential_paren d=5 n=150 acc=0.020 parse=0.967 typed=0.967 exact=0.000 fwd=8.0 rev_val=0.000 rev_fin=0.000
[oracle_ops@T0@it8@para] sequential_paren d=6 n=150 acc=0.013 parse=0.967 typed=0.967 exact=0.000 fwd=8.0 rev_val=0.000 rev_fin=0.000
[oracle_ops@T0@it8@para] same_page_pair d=2 n=150 acc=0.000 parse=1.000 typed=1.000 exact=0.000 fwd=8.0 rev_val=0.000 rev_fin=0.000
[oracle_ops@T0@it8@para] units d=1 n=150 acc=1.000 parse=1.000 typed=1.000 exact=1.000 fwd=8.0 rev_val=0.000 rev_fin=0.000
[oracle_plan@T0@it8@para] sequential d=1 n=150 acc=0.987 parse=1.000 typed=0.987 exact=1.000 fwd=0.0
[oracle_plan@T0@it8@para] sequential d=2 n=150 acc=0.980 parse=1.000 typed=0.980 exact=1.000 fwd=0.0
[oracle_plan@T0@it8@para] sequential d=3 n=150 acc=0.967 parse=1.000 typed=0.973 exact=1.000 fwd=0.0
[oracle_plan@T0@it8@para] sequential d=4 n=150 acc=0.980 parse=1.000 typed=0.980 exact=1.000 fwd=0.0
[oracle_plan@T0@it8@para] sequential d=5 n=150 acc=0.973 parse=1.000 typed=0.973 exact=1.000 fwd=0.0
[oracle_plan@T0@it8@para] sequential d=6 n=150 acc=0.993 parse=1.000 typed=0.993 exact=1.000 fwd=0.0
[oracle_plan@T0@it8@para] sequential d=8 n=150 acc=0.973 parse=1.000 typed=0.973 exact=1.000 fwd=0.0
[oracle_plan@T0@it8@para] sequential d=12 n=150 acc=0.980 parse=1.000 typed=0.980 exact=1.000 fwd=0.0
[oracle_plan@T0@it8@para] sequential d=16 n=150 acc=0.980 parse=1.000 typed=0.980 exact=1.000 fwd=0.0
[oracle_plan@T0@it8@para] sequential d=32 n=150 acc=0.967 parse=1.000 typed=0.973 exact=1.000 fwd=0.0
[oracle_plan@T0@it8@para] breadth d=1 n=150 acc=0.000 parse=1.000 typed=0.000 exact=1.000 fwd=0.0
[oracle_plan@T0@it8@para] breadth d=2 n=150 acc=0.413 parse=1.000 typed=0.440 exact=1.000 fwd=0.0
[oracle_plan@T0@it8@para] breadth d=3 n=150 acc=0.807 parse=1.000 typed=0.967 exact=1.000 fwd=0.0
[oracle_plan@T0@it8@para] breadth d=4 n=150 acc=0.000 parse=1.000 typed=0.000 exact=1.000 fwd=0.0
[oracle_plan@T0@it8@para] breadth d=5 n=150 acc=0.000 parse=1.000 typed=0.000 exact=1.000 fwd=0.0
[oracle_plan@T0@it8@para] breadth d=6 n=150 acc=0.000 parse=1.000 typed=0.000 exact=1.000 fwd=0.0
[oracle_plan@T0@it8@para] novel d=2 n=150 acc=0.967 parse=1.000 typed=0.973 exact=1.000 fwd=0.0
[oracle_plan@T0@it8@para] novel d=3 n=150 acc=0.967 parse=1.000 typed=0.973 exact=1.000 fwd=0.0
[oracle_plan@T0@it8@para] novel d=4 n=150 acc=0.967 parse=1.000 typed=0.973 exact=1.000 fwd=0.0
[oracle_plan@T0@it8@para] novel d=5 n=150 acc=0.967 parse=1.000 typed=0.973 exact=1.000 fwd=0.0
[oracle_plan@T0@it8@para] novel d=6 n=150 acc=0.967 parse=1.000 typed=0.973 exact=1.000 fwd=0.0
[oracle_plan@T0@it8@para] sequential_paren d=2 n=150 acc=0.993 parse=1.000 typed=0.993 exact=1.000 fwd=0.0
[oracle_plan@T0@it8@para] sequential_paren d=3 n=150 acc=0.987 parse=1.000 typed=0.993 exact=1.000 fwd=0.0
[oracle_plan@T0@it8@para] sequential_paren d=4 n=150 acc=0.993 parse=1.000 typed=1.000 exact=1.000 fwd=0.0
[oracle_plan@T0@it8@para] sequential_paren d=5 n=150 acc=0.987 parse=1.000 typed=0.993 exact=1.000 fwd=0.0
[oracle_plan@T0@it8@para] sequential_paren d=6 n=150 acc=0.993 parse=1.000 typed=0.993 exact=1.000 fwd=0.0
[oracle_plan@T0@it8@para] same_page_pair d=2 n=150 acc=0.927 parse=1.000 typed=0.960 exact=1.000 fwd=0.0
[oracle_plan@T0@it8@para] units d=1 n=150 acc=0.507 parse=1.000 typed=0.693 exact=1.000 fwd=0.0
[counter p3@T0.8@it8] {"reported": 8, "observed": 8, "ok": true}
[plan_execute@T0.8@it8@para] sequential d=1 n=150 acc=0.973 parse=0.980 typed=0.980 exact=0.973 fwd=8.0 rev_val=0.000 rev_fin=0.000
[plan_execute@T0.8@it8@para] sequential d=2 n=150 acc=0.500 parse=0.967 typed=0.967 exact=0.500 fwd=8.0 rev_val=0.000 rev_fin=0.000
[plan_execute@T0.8@it8@para] sequential d=3 n=150 acc=0.487 parse=0.967 typed=0.967 exact=0.493 fwd=8.0 rev_val=0.000 rev_fin=0.000
[plan_execute@T0.8@it8@para] sequential d=4 n=150 acc=0.013 parse=0.960 typed=0.960 exact=0.000 fwd=8.0 rev_val=0.000 rev_fin=0.000
[plan_execute@T0.8@it8@para] sequential d=5 n=150 acc=0.040 parse=0.960 typed=0.960 exact=0.000 fwd=8.0 rev_val=0.000 rev_fin=0.000
[plan_execute@T0.8@it8@para] sequential d=6 n=150 acc=0.013 parse=0.973 typed=0.973 exact=0.000 fwd=8.0 rev_val=0.000 rev_fin=0.000
[plan_execute@T0.8@it8@para] sequential d=8 n=150 acc=0.013 parse=0.620 typed=0.620 exact=0.000 fwd=8.0 rev_val=0.000 rev_fin=0.000
[plan_execute@T0.8@it8@para] sequential d=12 n=150 acc=0.013 parse=0.973 typed=0.973 exact=0.000 fwd=8.0 rev_val=0.000 rev_fin=0.000
[plan_execute@T0.8@it8@para] sequential d=16 n=150 acc=0.000 parse=0.967 typed=0.967 exact=0.000 fwd=8.0 rev_val=0.000 rev_fin=0.000
[plan_execute@T0.8@it8@para] sequential d=32 n=150 acc=0.027 parse=0.947 typed=0.947 exact=0.000 fwd=8.0 rev_val=0.000 rev_fin=0.000
[plan_execute@T0.8@it8@para] breadth d=1 n=150 acc=0.000 parse=0.000 typed=0.000 exact=0.000 fwd=8.0 rev_val=0.000 rev_fin=0.000
[plan_execute@T0.8@it8@para] breadth d=2 n=150 acc=0.413 parse=0.440 typed=0.440 exact=0.440 fwd=8.0 rev_val=0.000 rev_fin=0.000
[plan_execute@T0.8@it8@para] breadth d=3 n=150 acc=0.807 parse=0.967 typed=0.967 exact=0.967 fwd=8.0 rev_val=0.000 rev_fin=0.000
[plan_execute@T0.8@it8@para] breadth d=4 n=150 acc=0.300 parse=0.987 typed=0.987 exact=0.000 fwd=8.0 rev_val=0.000 rev_fin=0.000
[plan_execute@T0.8@it8@para] breadth d=5 n=150 acc=0.207 parse=0.980 typed=0.980 exact=0.000 fwd=8.0 rev_val=0.000 rev_fin=0.000
[plan_execute@T0.8@it8@para] breadth d=6 n=150 acc=0.153 parse=0.960 typed=0.960 exact=0.000 fwd=8.0 rev_val=0.000 rev_fin=0.000
[plan_execute@T0.8@it8@para] novel d=2 n=150 acc=0.093 parse=0.987 typed=0.987 exact=0.073 fwd=8.0 rev_val=0.000 rev_fin=0.000
[plan_execute@T0.8@it8@para] novel d=3 n=150 acc=0.060 parse=0.960 typed=0.960 exact=0.033 fwd=8.0 rev_val=0.000 rev_fin=0.000
[plan_execute@T0.8@it8@para] novel d=4 n=150 acc=0.000 parse=0.767 typed=0.767 exact=0.000 fwd=8.0 rev_val=0.001 rev_fin=0.001
[plan_execute@T0.8@it8@para] novel d=5 n=150 acc=0.007 parse=0.953 typed=0.953 exact=0.000 fwd=8.0 rev_val=0.000 rev_fin=0.000
[plan_execute@T0.8@it8@para] novel d=6 n=150 acc=0.000 parse=0.913 typed=0.913 exact=0.000 fwd=8.0 rev_val=0.000 rev_fin=0.000
[plan_execute@T0.8@it8@para] sequential_paren d=2 n=150 acc=0.987 parse=0.987 typed=0.987 exact=0.987 fwd=8.0 rev_val=0.000 rev_fin=0.000
[plan_execute@T0.8@it8@para] sequential_paren d=3 n=150 acc=0.980 parse=0.987 typed=0.987 exact=0.987 fwd=8.0 rev_val=0.000 rev_fin=0.000
[plan_execute@T0.8@it8@para] sequential_paren d=4 n=150 acc=0.020 parse=0.773 typed=0.773 exact=0.000 fwd=8.0 rev_val=0.001 rev_fin=0.001
[plan_execute@T0.8@it8@para] sequential_paren d=5 n=150 acc=0.027 parse=0.947 typed=0.947 exact=0.000 fwd=8.0 rev_val=0.000 rev_fin=0.000
[plan_execute@T0.8@it8@para] sequential_paren d=6 n=150 acc=0.020 parse=0.960 typed=0.960 exact=0.000 fwd=8.0 rev_val=0.000 rev_fin=0.000
[plan_execute@T0.8@it8@para] same_page_pair d=2 n=150 acc=0.000 parse=0.960 typed=0.960 exact=0.000 fwd=8.0 rev_val=0.000 rev_fin=0.000
[plan_execute@T0.8@it8@para] units d=1 n=150 acc=0.540 parse=0.820 typed=0.820 exact=0.693 fwd=8.0 rev_val=0.000 rev_fin=0.000
[oracle_ops@T0.8@it8@para] sequential d=1 n=150 acc=1.000 parse=1.000 typed=1.000 exact=1.000 fwd=8.0 rev_val=0.000 rev_fin=0.000
[oracle_ops@T0.8@it8@para] sequential d=2 n=150 acc=1.000 parse=1.000 typed=1.000 exact=1.000 fwd=8.0 rev_val=0.000 rev_fin=0.000
[oracle_ops@T0.8@it8@para] sequential d=3 n=150 acc=1.000 parse=1.000 typed=1.000 exact=1.000 fwd=8.0 rev_val=0.000 rev_fin=0.000
[oracle_ops@T0.8@it8@para] sequential d=4 n=150 acc=0.020 parse=1.000 typed=1.000 exact=0.000 fwd=8.0 rev_val=0.000 rev_fin=0.000
[oracle_ops@T0.8@it8@para] sequential d=5 n=150 acc=0.053 parse=1.000 typed=1.000 exact=0.000 fwd=8.0 rev_val=0.000 rev_fin=0.000
[oracle_ops@T0.8@it8@para] sequential d=6 n=150 acc=0.040 parse=1.000 typed=1.000 exact=0.000 fwd=8.0 rev_val=0.000 rev_fin=0.000
[oracle_ops@T0.8@it8@para] sequential d=8 n=150 acc=0.013 parse=0.607 typed=0.607 exact=0.000 fwd=8.0 rev_val=0.000 rev_fin=0.000
[oracle_ops@T0.8@it8@para] sequential d=12 n=150 acc=0.020 parse=1.000 typed=1.000 exact=0.000 fwd=8.0 rev_val=0.000 rev_fin=0.000
[oracle_ops@T0.8@it8@para] sequential d=16 n=150 acc=0.020 parse=1.000 typed=1.000 exact=0.000 fwd=8.0 rev_val=0.000 rev_fin=0.000
[oracle_ops@T0.8@it8@para] sequential d=32 n=150 acc=0.013 parse=1.000 typed=1.000 exact=0.000 fwd=8.0 rev_val=0.000 rev_fin=0.000
[oracle_ops@T0.8@it8@para] breadth d=1 n=150 acc=1.000 parse=1.000 typed=1.000 exact=1.000 fwd=8.0 rev_val=0.000 rev_fin=0.000
[oracle_ops@T0.8@it8@para] breadth d=2 n=150 acc=1.000 parse=1.000 typed=1.000 exact=1.000 fwd=8.0 rev_val=0.000 rev_fin=0.000
[oracle_ops@T0.8@it8@para] breadth d=3 n=150 acc=1.000 parse=1.000 typed=1.000 exact=1.000 fwd=8.0 rev_val=0.000 rev_fin=0.000
[oracle_ops@T0.8@it8@para] breadth d=4 n=150 acc=0.000 parse=0.000 typed=0.000 exact=0.000 fwd=8.0 rev_val=0.000 rev_fin=0.000
[oracle_ops@T0.8@it8@para] breadth d=5 n=150 acc=0.000 parse=0.000 typed=0.000 exact=0.000 fwd=8.0 rev_val=0.000 rev_fin=0.000
[oracle_ops@T0.8@it8@para] breadth d=6 n=150 acc=0.000 parse=0.000 typed=0.000 exact=0.000 fwd=8.0 rev_val=0.000 rev_fin=0.000
[oracle_ops@T0.8@it8@para] novel d=2 n=150 acc=0.107 parse=1.000 typed=1.000 exact=0.087 fwd=8.0 rev_val=0.000 rev_fin=0.000
[oracle_ops@T0.8@it8@para] novel d=3 n=150 acc=0.047 parse=1.000 typed=1.000 exact=0.020 fwd=8.0 rev_val=0.000 rev_fin=0.000
[oracle_ops@T0.8@it8@para] novel d=4 n=150 acc=0.000 parse=0.760 typed=0.760 exact=0.000 fwd=8.0 rev_val=0.001 rev_fin=0.001
[oracle_ops@T0.8@it8@para] novel d=5 n=150 acc=0.007 parse=0.980 typed=0.980 exact=0.000 fwd=8.0 rev_val=0.000 rev_fin=0.000
[oracle_ops@T0.8@it8@para] novel d=6 n=150 acc=0.000 parse=0.967 typed=0.967 exact=0.000 fwd=8.0 rev_val=0.000 rev_fin=0.000
[oracle_ops@T0.8@it8@para] sequential_paren d=2 n=150 acc=1.000 parse=1.000 typed=1.000 exact=1.000 fwd=8.0 rev_val=0.000 rev_fin=0.000
[oracle_ops@T0.8@it8@para] sequential_paren d=3 n=150 acc=1.000 parse=1.000 typed=1.000 exact=1.000 fwd=8.0 rev_val=0.000 rev_fin=0.000
[oracle_ops@T0.8@it8@para] sequential_paren d=4 n=150 acc=0.020 parse=0.767 typed=0.767 exact=0.000 fwd=8.0 rev_val=0.000 rev_fin=0.000
[oracle_ops@T0.8@it8@para] sequential_paren d=5 n=150 acc=0.027 parse=0.967 typed=0.967 exact=0.000 fwd=8.0 rev_val=0.000 rev_fin=0.000
[oracle_ops@T0.8@it8@para] sequential_paren d=6 n=150 acc=0.013 parse=0.967 typed=0.967 exact=0.000 fwd=8.0 rev_val=0.000 rev_fin=0.000
[oracle_ops@T0.8@it8@para] same_page_pair d=2 n=150 acc=0.000 parse=1.000 typed=1.000 exact=0.000 fwd=8.0 rev_val=0.000 rev_fin=0.000
[oracle_ops@T0.8@it8@para] units d=1 n=150 acc=1.000 parse=1.000 typed=1.000 exact=1.000 fwd=8.0 rev_val=0.000 rev_fin=0.000
[oracle_plan@T0.8@it8@para] sequential d=1 n=150 acc=0.987 parse=1.000 typed=0.987 exact=1.000 fwd=0.0
[oracle_plan@T0.8@it8@para] sequential d=2 n=150 acc=0.980 parse=1.000 typed=0.980 exact=1.000 fwd=0.0
[oracle_plan@T0.8@it8@para] sequential d=3 n=150 acc=0.967 parse=1.000 typed=0.973 exact=1.000 fwd=0.0
[oracle_plan@T0.8@it8@para] sequential d=4 n=150 acc=0.980 parse=1.000 typed=0.980 exact=1.000 fwd=0.0
[oracle_plan@T0.8@it8@para] sequential d=5 n=150 acc=0.973 parse=1.000 typed=0.973 exact=1.000 fwd=0.0
[oracle_plan@T0.8@it8@para] sequential d=6 n=150 acc=0.993 parse=1.000 typed=0.993 exact=1.000 fwd=0.0
[oracle_plan@T0.8@it8@para] sequential d=8 n=150 acc=0.973 parse=1.000 typed=0.973 exact=1.000 fwd=0.0
[oracle_plan@T0.8@it8@para] sequential d=12 n=150 acc=0.980 parse=1.000 typed=0.980 exact=1.000 fwd=0.0
[oracle_plan@T0.8@it8@para] sequential d=16 n=150 acc=0.980 parse=1.000 typed=0.980 exact=1.000 fwd=0.0
[oracle_plan@T0.8@it8@para] sequential d=32 n=150 acc=0.967 parse=1.000 typed=0.973 exact=1.000 fwd=0.0
[oracle_plan@T0.8@it8@para] breadth d=1 n=150 acc=0.000 parse=1.000 typed=0.000 exact=1.000 fwd=0.0
[oracle_plan@T0.8@it8@para] breadth d=2 n=150 acc=0.413 parse=1.000 typed=0.440 exact=1.000 fwd=0.0
[oracle_plan@T0.8@it8@para] breadth d=3 n=150 acc=0.807 parse=1.000 typed=0.967 exact=1.000 fwd=0.0
[oracle_plan@T0.8@it8@para] breadth d=4 n=150 acc=0.000 parse=1.000 typed=0.000 exact=1.000 fwd=0.0
[oracle_plan@T0.8@it8@para] breadth d=5 n=150 acc=0.000 parse=1.000 typed=0.000 exact=1.000 fwd=0.0
[oracle_plan@T0.8@it8@para] breadth d=6 n=150 acc=0.000 parse=1.000 typed=0.000 exact=1.000 fwd=0.0
[oracle_plan@T0.8@it8@para] novel d=2 n=150 acc=0.967 parse=1.000 typed=0.973 exact=1.000 fwd=0.0
[oracle_plan@T0.8@it8@para] novel d=3 n=150 acc=0.967 parse=1.000 typed=0.973 exact=1.000 fwd=0.0
[oracle_plan@T0.8@it8@para] novel d=4 n=150 acc=0.967 parse=1.000 typed=0.973 exact=1.000 fwd=0.0
[oracle_plan@T0.8@it8@para] novel d=5 n=150 acc=0.967 parse=1.000 typed=0.973 exact=1.000 fwd=0.0
[oracle_plan@T0.8@it8@para] novel d=6 n=150 acc=0.967 parse=1.000 typed=0.973 exact=1.000 fwd=0.0
[oracle_plan@T0.8@it8@para] sequential_paren d=2 n=150 acc=0.993 parse=1.000 typed=0.993 exact=1.000 fwd=0.0
[oracle_plan@T0.8@it8@para] sequential_paren d=3 n=150 acc=0.987 parse=1.000 typed=0.993 exact=1.000 fwd=0.0
[oracle_plan@T0.8@it8@para] sequential_paren d=4 n=150 acc=0.993 parse=1.000 typed=1.000 exact=1.000 fwd=0.0
[oracle_plan@T0.8@it8@para] sequential_paren d=5 n=150 acc=0.987 parse=1.000 typed=0.993 exact=1.000 fwd=0.0
[oracle_plan@T0.8@it8@para] sequential_paren d=6 n=150 acc=0.993 parse=1.000 typed=0.993 exact=1.000 fwd=0.0
[oracle_plan@T0.8@it8@para] same_page_pair d=2 n=150 acc=0.927 parse=1.000 typed=0.960 exact=1.000 fwd=0.0
[oracle_plan@T0.8@it8@para] units d=1 n=150 acc=0.507 parse=1.000 typed=0.693 exact=1.000 fwd=0.0
[written] results/iter/main_p3.json
