[induction style=0] {"pages": 6600, "pages_parsed": 6600, "gold_ops": 9897, "induced_ops": 9897, "self_verified": 9483, "exact_text": 9444, "behavioural": 9444, "secs": 281.5}
[oracle_both] sequential d=1 n=150 acc=1.000 parse=1.000 typed=1.000 exact=1.000 fwd=0.0
[oracle_both] sequential d=2 n=150 acc=1.000 parse=1.000 typed=1.000 exact=1.000 fwd=0.0
[oracle_both] sequential d=3 n=150 acc=1.000 parse=1.000 typed=1.000 exact=1.000 fwd=0.0
[oracle_both] sequential d=4 n=150 acc=1.000 parse=1.000 typed=1.000 exact=1.000 fwd=0.0
[oracle_both] sequential d=5 n=150 acc=1.000 parse=1.000 typed=1.000 exact=1.000 fwd=0.0
[oracle_both] sequential d=6 n=150 acc=1.000 parse=1.000 typed=1.000 exact=1.000 fwd=0.0
[oracle_both] sequential d=8 n=150 acc=1.000 parse=1.000 typed=1.000 exact=1.000 fwd=0.0
[oracle_both] sequential d=12 n=150 acc=1.000 parse=1.000 typed=1.000 exact=1.000 fwd=0.0
[oracle_both] sequential d=16 n=150 acc=1.000 parse=1.000 typed=1.000 exact=1.000 fwd=0.0
[oracle_both] sequential d=32 n=150 acc=1.000 parse=1.000 typed=1.000 exact=1.000 fwd=0.0
[oracle_both] breadth d=1 n=150 acc=1.000 parse=1.000 typed=1.000 exact=1.000 fwd=0.0
[oracle_both] breadth d=2 n=150 acc=1.000 parse=1.000 typed=1.000 exact=1.000 fwd=0.0
[oracle_both] breadth d=3 n=150 acc=1.000 parse=1.000 typed=1.000 exact=1.000 fwd=0.0
[oracle_both] breadth d=4 n=150 acc=1.000 parse=1.000 typed=1.000 exact=1.000 fwd=0.0
[oracle_both] breadth d=5 n=150 acc=1.000 parse=1.000 typed=1.000 exact=1.000 fwd=0.0
[oracle_both] breadth d=6 n=150 acc=1.000 parse=1.000 typed=1.000 exact=1.000 fwd=0.0
[oracle_both] novel d=2 n=150 acc=1.000 parse=1.000 typed=1.000 exact=1.000 fwd=0.0
[oracle_both] novel d=3 n=150 acc=1.000 parse=1.000 typed=1.000 exact=1.000 fwd=0.0
[oracle_both] novel d=4 n=150 acc=1.000 parse=1.000 typed=1.000 exact=1.000 fwd=0.0
[oracle_both] novel d=5 n=150 acc=1.000 parse=1.000 typed=1.000 exact=1.000 fwd=0.0
[oracle_both] novel d=6 n=150 acc=1.000 parse=1.000 typed=1.000 exact=1.000 fwd=0.0
[oracle_both] sequential_paren d=2 n=150 acc=1.000 parse=1.000 typed=1.000 exact=1.000 fwd=0.0
[oracle_both] sequential_paren d=3 n=150 acc=1.000 parse=1.000 typed=1.000 exact=1.000 fwd=0.0
[oracle_both] sequential_paren d=4 n=150 acc=1.000 parse=1.000 typed=1.000 exact=1.000 fwd=0.0
[oracle_both] sequential_paren d=5 n=150 acc=1.000 parse=1.000 typed=1.000 exact=1.000 fwd=0.0
[oracle_both] sequential_paren d=6 n=150 acc=1.000 parse=1.000 typed=1.000 exact=1.000 fwd=0.0
[oracle_both] same_page_pair d=2 n=150 acc=1.000 parse=1.000 typed=1.000 exact=1.000 fwd=0.0
[oracle_both] units d=1 n=150 acc=1.000 parse=1.000 typed=1.000 exact=1.000 fwd=0.0
[oracle_both_roundtrip] sequential d=1 n=150 acc=1.000 parse=1.000 typed=1.000 exact=1.000 fwd=0.0
[oracle_both_roundtrip] sequential d=2 n=150 acc=1.000 parse=1.000 typed=1.000 exact=1.000 fwd=0.0
[oracle_both_roundtrip] sequential d=3 n=150 acc=1.000 parse=1.000 typed=1.000 exact=1.000 fwd=0.0
[oracle_both_roundtrip] sequential d=4 n=150 acc=1.000 parse=1.000 typed=1.000 exact=1.000 fwd=0.0
[oracle_both_roundtrip] sequential d=5 n=150 acc=1.000 parse=1.000 typed=1.000 exact=1.000 fwd=0.0
[oracle_both_roundtrip] sequential d=6 n=150 acc=1.000 parse=1.000 typed=1.000 exact=1.000 fwd=0.0
[oracle_both_roundtrip] sequential d=8 n=150 acc=1.000 parse=1.000 typed=1.000 exact=1.000 fwd=0.0
[oracle_both_roundtrip] sequential d=12 n=150 acc=1.000 parse=1.000 typed=1.000 exact=1.000 fwd=0.0
[oracle_both_roundtrip] sequential d=16 n=150 acc=1.000 parse=1.000 typed=1.000 exact=1.000 fwd=0.0
[oracle_both_roundtrip] sequential d=32 n=150 acc=1.000 parse=1.000 typed=1.000 exact=1.000 fwd=0.0
[oracle_both_roundtrip] breadth d=1 n=150 acc=1.000 parse=1.000 typed=1.000 exact=1.000 fwd=0.0
[oracle_both_roundtrip] breadth d=2 n=150 acc=1.000 parse=1.000 typed=1.000 exact=1.000 fwd=0.0
[oracle_both_roundtrip] breadth d=3 n=150 acc=1.000 parse=1.000 typed=1.000 exact=1.000 fwd=0.0
[oracle_both_roundtrip] breadth d=4 n=150 acc=1.000 parse=1.000 typed=1.000 exact=1.000 fwd=0.0
[oracle_both_roundtrip] breadth d=5 n=150 acc=1.000 parse=1.000 typed=1.000 exact=1.000 fwd=0.0
[oracle_both_roundtrip] breadth d=6 n=150 acc=1.000 parse=1.000 typed=1.000 exact=1.000 fwd=0.0
[oracle_both_roundtrip] novel d=2 n=150 acc=1.000 parse=1.000 typed=1.000 exact=1.000 fwd=0.0
[oracle_both_roundtrip] novel d=3 n=150 acc=1.000 parse=1.000 typed=1.000 exact=1.000 fwd=0.0
[oracle_both_roundtrip] novel d=4 n=150 acc=1.000 parse=1.000 typed=1.000 exact=1.000 fwd=0.0
[oracle_both_roundtrip] novel d=5 n=150 acc=1.000 parse=1.000 typed=1.000 exact=1.000 fwd=0.0
[oracle_both_roundtrip] novel d=6 n=150 acc=1.000 parse=1.000 typed=1.000 exact=1.000 fwd=0.0
[oracle_both_roundtrip] sequential_paren d=2 n=150 acc=1.000 parse=1.000 typed=1.000 exact=1.000 fwd=0.0
[oracle_both_roundtrip] sequential_paren d=3 n=150 acc=1.000 parse=1.000 typed=1.000 exact=1.000 fwd=0.0
[oracle_both_roundtrip] sequential_paren d=4 n=150 acc=1.000 parse=1.000 typed=1.000 exact=1.000 fwd=0.0
[oracle_both_roundtrip] sequential_paren d=5 n=150 acc=1.000 parse=1.000 typed=1.000 exact=1.000 fwd=0.0
[oracle_both_roundtrip] sequential_paren d=6 n=150 acc=1.000 parse=1.000 typed=1.000 exact=1.000 fwd=0.0
[oracle_both_roundtrip] same_page_pair d=2 n=150 acc=1.000 parse=1.000 typed=1.000 exact=1.000 fwd=0.0
[oracle_both_roundtrip] units d=1 n=150 acc=1.000 parse=1.000 typed=1.000 exact=1.000 fwd=0.0
[counter p1@T0] {"reported": 12, "observed": 12, "ok": true}
[plan_execute@T0] sequential d=1 n=150 acc=1.000 parse=1.000 typed=1.000 exact=1.000 fwd=12.0
[plan_execute@T0] sequential d=2 n=150 acc=1.000 parse=1.000 typed=1.000 exact=1.000 fwd=20.0
[plan_execute@T0] sequential d=3 n=150 acc=1.000 parse=1.000 typed=1.000 exact=1.000 fwd=28.0
[plan_execute@T0] sequential d=4 n=150 acc=0.020 parse=1.000 typed=1.000 exact=0.000 fwd=28.0
[plan_execute@T0] sequential d=5 n=150 acc=0.033 parse=1.000 typed=1.000 exact=0.000 fwd=28.0
[plan_execute@T0] sequential d=6 n=150 acc=0.027 parse=1.000 typed=1.000 exact=0.000 fwd=17.7
[plan_execute@T0] sequential d=8 n=150 acc=0.020 parse=1.000 typed=1.000 exact=0.000 fwd=28.0
[plan_execute@T0] sequential d=12 n=150 acc=0.007 parse=1.000 typed=1.000 exact=0.000 fwd=28.0
[plan_execute@T0] sequential d=16 n=150 acc=0.020 parse=1.000 typed=1.000 exact=0.000 fwd=28.0
[plan_execute@T0] sequential d=32 n=150 acc=0.027 parse=1.000 typed=1.000 exact=0.000 fwd=28.0
[plan_execute@T0] breadth d=1 n=150 acc=1.000 parse=1.000 typed=1.000 exact=1.000 fwd=12.0
[plan_execute@T0] breadth d=2 n=150 acc=1.000 parse=1.000 typed=1.000 exact=1.000 fwd=13.0
[plan_execute@T0] breadth d=3 n=150 acc=1.000 parse=1.000 typed=1.000 exact=1.000 fwd=14.0
[plan_execute@T0] breadth d=4 n=150 acc=0.473 parse=1.000 typed=1.000 exact=0.000 fwd=14.0
[plan_execute@T0] breadth d=5 n=150 acc=0.380 parse=1.000 typed=1.000 exact=0.000 fwd=14.0
[plan_execute@T0] breadth d=6 n=150 acc=0.200 parse=1.000 typed=1.000 exact=0.000 fwd=14.0
[plan_execute@T0] novel d=2 n=150 acc=0.060 parse=1.000 typed=1.000 exact=0.033 fwd=20.0
[plan_execute@T0] novel d=3 n=150 acc=0.107 parse=1.000 typed=1.000 exact=0.100 fwd=28.0
[plan_execute@T0] novel d=4 n=150 acc=0.013 parse=1.000 typed=1.000 exact=0.000 fwd=15.2
[plan_execute@T0] novel d=5 n=150 acc=0.020 parse=1.000 typed=1.000 exact=0.000 fwd=27.9
[plan_execute@T0] novel d=6 n=150 acc=0.007 parse=1.000 typed=1.000 exact=0.000 fwd=28.0
[plan_execute@T0] sequential_paren d=2 n=150 acc=1.000 parse=1.000 typed=1.000 exact=1.000 fwd=20.0
[plan_execute@T0] sequential_paren d=3 n=150 acc=1.000 parse=1.000 typed=1.000 exact=1.000 fwd=28.0
[plan_execute@T0] sequential_paren d=4 n=150 acc=0.040 parse=1.000 typed=1.000 exact=0.000 fwd=16.0
[plan_execute@T0] sequential_paren d=5 n=150 acc=0.027 parse=1.000 typed=1.000 exact=0.000 fwd=27.9
[plan_execute@T0] sequential_paren d=6 n=150 acc=0.020 parse=1.000 typed=1.000 exact=0.000 fwd=27.9
[plan_execute@T0] same_page_pair d=2 n=150 acc=0.000 parse=1.000 typed=1.000 exact=0.000 fwd=14.0
[plan_execute@T0] units d=1 n=150 acc=1.000 parse=1.000 typed=1.000 exact=1.000 fwd=13.2
[oracle_ops@T0] sequential d=1 n=150 acc=1.000 parse=1.000 typed=1.000 exact=1.000 fwd=12.0
[oracle_ops@T0] sequential d=2 n=150 acc=1.000 parse=1.000 typed=1.000 exact=1.000 fwd=20.0
[oracle_ops@T0] sequential d=3 n=150 acc=1.000 parse=1.000 typed=1.000 exact=1.000 fwd=28.0
[oracle_ops@T0] sequential d=4 n=150 acc=0.020 parse=1.000 typed=1.000 exact=0.000 fwd=28.0
[oracle_ops@T0] sequential d=5 n=150 acc=0.033 parse=1.000 typed=1.000 exact=0.000 fwd=28.0
[oracle_ops@T0] sequential d=6 n=150 acc=0.027 parse=1.000 typed=1.000 exact=0.000 fwd=17.7
[oracle_ops@T0] sequential d=8 n=150 acc=0.020 parse=1.000 typed=1.000 exact=0.000 fwd=28.0
[oracle_ops@T0] sequential d=12 n=150 acc=0.007 parse=1.000 typed=1.000 exact=0.000 fwd=28.0
[oracle_ops@T0] sequential d=16 n=150 acc=0.020 parse=1.000 typed=1.000 exact=0.000 fwd=28.0
[oracle_ops@T0] sequential d=32 n=150 acc=0.027 parse=1.000 typed=1.000 exact=0.000 fwd=28.0
[oracle_ops@T0] breadth d=1 n=150 acc=1.000 parse=1.000 typed=1.000 exact=1.000 fwd=12.0
[oracle_ops@T0] breadth d=2 n=150 acc=1.000 parse=1.000 typed=1.000 exact=1.000 fwd=13.0
[oracle_ops@T0] breadth d=3 n=150 acc=1.000 parse=1.000 typed=1.000 exact=1.000 fwd=14.0
[oracle_ops@T0] breadth d=4 n=150 acc=0.000 parse=1.000 typed=0.000 exact=0.000 fwd=14.0
[oracle_ops@T0] breadth d=5 n=150 acc=0.000 parse=1.000 typed=0.000 exact=0.000 fwd=14.0
[oracle_ops@T0] breadth d=6 n=150 acc=0.000 parse=1.000 typed=0.000 exact=0.000 fwd=14.0
[oracle_ops@T0] novel d=2 n=150 acc=0.060 parse=1.000 typed=1.000 exact=0.033 fwd=20.0
[oracle_ops@T0] novel d=3 n=150 acc=0.107 parse=1.000 typed=1.000 exact=0.100 fwd=28.0
[oracle_ops@T0] novel d=4 n=150 acc=0.013 parse=1.000 typed=1.000 exact=0.000 fwd=15.2
[oracle_ops@T0] novel d=5 n=150 acc=0.020 parse=1.000 typed=1.000 exact=0.000 fwd=27.9
[oracle_ops@T0] novel d=6 n=150 acc=0.007 parse=1.000 typed=1.000 exact=0.000 fwd=28.0
[oracle_ops@T0] sequential_paren d=2 n=150 acc=1.000 parse=1.000 typed=1.000 exact=1.000 fwd=20.0
[oracle_ops@T0] sequential_paren d=3 n=150 acc=1.000 parse=1.000 typed=1.000 exact=1.000 fwd=28.0
[oracle_ops@T0] sequential_paren d=4 n=150 acc=0.040 parse=1.000 typed=1.000 exact=0.000 fwd=16.0
[oracle_ops@T0] sequential_paren d=5 n=150 acc=0.027 parse=1.000 typed=1.000 exact=0.000 fwd=27.9
[oracle_ops@T0] sequential_paren d=6 n=150 acc=0.020 parse=1.000 typed=1.000 exact=0.000 fwd=27.9
[oracle_ops@T0] same_page_pair d=2 n=150 acc=0.000 parse=1.000 typed=1.000 exact=0.000 fwd=14.0
[oracle_ops@T0] units d=1 n=150 acc=1.000 parse=1.000 typed=1.000 exact=1.000 fwd=13.2
[oracle_plan@T0] sequential d=1 n=150 acc=1.000 parse=1.000 typed=1.000 exact=1.000 fwd=0.0
[oracle_plan@T0] sequential d=2 n=150 acc=1.000 parse=1.000 typed=1.000 exact=1.000 fwd=0.0
[oracle_plan@T0] sequential d=3 n=150 acc=1.000 parse=1.000 typed=1.000 exact=1.000 fwd=0.0
[oracle_plan@T0] sequential d=4 n=150 acc=1.000 parse=1.000 typed=1.000 exact=1.000 fwd=0.0
[oracle_plan@T0] sequential d=5 n=150 acc=1.000 parse=1.000 typed=1.000 exact=1.000 fwd=0.0
[oracle_plan@T0] sequential d=6 n=150 acc=1.000 parse=1.000 typed=1.000 exact=1.000 fwd=0.0
[oracle_plan@T0] sequential d=8 n=150 acc=1.000 parse=1.000 typed=1.000 exact=1.000 fwd=0.0
[oracle_plan@T0] sequential d=12 n=150 acc=1.000 parse=1.000 typed=1.000 exact=1.000 fwd=0.0
[oracle_plan@T0] sequential d=16 n=150 acc=1.000 parse=1.000 typed=1.000 exact=1.000 fwd=0.0
[oracle_plan@T0] sequential d=32 n=150 acc=1.000 parse=1.000 typed=1.000 exact=1.000 fwd=0.0
[oracle_plan@T0] breadth d=1 n=150 acc=1.000 parse=1.000 typed=1.000 exact=1.000 fwd=0.0
[oracle_plan@T0] breadth d=2 n=150 acc=1.000 parse=1.000 typed=1.000 exact=1.000 fwd=0.0
[oracle_plan@T0] breadth d=3 n=150 acc=1.000 parse=1.000 typed=1.000 exact=1.000 fwd=0.0
[oracle_plan@T0] breadth d=4 n=150 acc=0.000 parse=1.000 typed=0.000 exact=1.000 fwd=0.0
[oracle_plan@T0] breadth d=5 n=150 acc=0.000 parse=1.000 typed=0.000 exact=1.000 fwd=0.0
[oracle_plan@T0] breadth d=6 n=150 acc=0.000 parse=1.000 typed=0.000 exact=1.000 fwd=0.0
[oracle_plan@T0] novel d=2 n=150 acc=1.000 parse=1.000 typed=1.000 exact=1.000 fwd=0.0
[oracle_plan@T0] novel d=3 n=150 acc=1.000 parse=1.000 typed=1.000 exact=1.000 fwd=0.0
[oracle_plan@T0] novel d=4 n=150 acc=1.000 parse=1.000 typed=1.000 exact=1.000 fwd=0.0
[oracle_plan@T0] novel d=5 n=150 acc=1.000 parse=1.000 typed=1.000 exact=1.000 fwd=0.0
[oracle_plan@T0] novel d=6 n=150 acc=1.000 parse=1.000 typed=1.000 exact=1.000 fwd=0.0
[oracle_plan@T0] sequential_paren d=2 n=150 acc=1.000 parse=1.000 typed=1.000 exact=1.000 fwd=0.0
[oracle_plan@T0] sequential_paren d=3 n=150 acc=1.000 parse=1.000 typed=1.000 exact=1.000 fwd=0.0
[oracle_plan@T0] sequential_paren d=4 n=150 acc=1.000 parse=1.000 typed=1.000 exact=1.000 fwd=0.0
[oracle_plan@T0] sequential_paren d=5 n=150 acc=1.000 parse=1.000 typed=1.000 exact=1.000 fwd=0.0
[oracle_plan@T0] sequential_paren d=6 n=150 acc=1.000 parse=1.000 typed=1.000 exact=1.000 fwd=0.0
[oracle_plan@T0] same_page_pair d=2 n=150 acc=1.000 parse=1.000 typed=1.000 exact=1.000 fwd=0.0
[oracle_plan@T0] units d=1 n=150 acc=1.000 parse=1.000 typed=1.000 exact=1.000 fwd=0.0
[counter p1@T0.8] {"reported": 12, "observed": 12, "ok": true}
[plan_execute@T0.8] sequential d=1 n=150 acc=1.000 parse=1.000 typed=1.000 exact=1.000 fwd=12.0
[plan_execute@T0.8] sequential d=2 n=150 acc=1.000 parse=1.000 typed=1.000 exact=1.000 fwd=20.0
[plan_execute@T0.8] sequential d=3 n=150 acc=1.000 parse=1.000 typed=1.000 exact=1.000 fwd=28.0
[plan_execute@T0.8] sequential d=4 n=150 acc=0.020 parse=1.000 typed=1.000 exact=0.000 fwd=28.0
[plan_execute@T0.8] sequential d=5 n=150 acc=0.033 parse=1.000 typed=1.000 exact=0.000 fwd=28.0
[plan_execute@T0.8] sequential d=6 n=150 acc=0.027 parse=1.000 typed=1.000 exact=0.000 fwd=17.7
[plan_execute@T0.8] sequential d=8 n=150 acc=0.020 parse=1.000 typed=1.000 exact=0.000 fwd=28.0
[plan_execute@T0.8] sequential d=12 n=150 acc=0.007 parse=1.000 typed=1.000 exact=0.000 fwd=28.0
[plan_execute@T0.8] sequential d=16 n=150 acc=0.020 parse=1.000 typed=1.000 exact=0.000 fwd=28.0
[plan_execute@T0.8] sequential d=32 n=150 acc=0.027 parse=1.000 typed=1.000 exact=0.000 fwd=28.0
[plan_execute@T0.8] breadth d=1 n=150 acc=1.000 parse=1.000 typed=1.000 exact=1.000 fwd=12.0
[plan_execute@T0.8] breadth d=2 n=150 acc=1.000 parse=1.000 typed=1.000 exact=1.000 fwd=13.0
[plan_execute@T0.8] breadth d=3 n=150 acc=1.000 parse=1.000 typed=1.000 exact=1.000 fwd=14.0
[plan_execute@T0.8] breadth d=4 n=150 acc=0.473 parse=1.000 typed=1.000 exact=0.000 fwd=14.0
[plan_execute@T0.8] breadth d=5 n=150 acc=0.380 parse=1.000 typed=1.000 exact=0.000 fwd=14.0
[plan_execute@T0.8] breadth d=6 n=150 acc=0.200 parse=1.000 typed=1.000 exact=0.000 fwd=14.0
[plan_execute@T0.8] novel d=2 n=150 acc=0.047 parse=1.000 typed=1.000 exact=0.020 fwd=20.0
[plan_execute@T0.8] novel d=3 n=150 acc=0.100 parse=1.000 typed=1.000 exact=0.093 fwd=28.0
[plan_execute@T0.8] novel d=4 n=150 acc=0.007 parse=1.000 typed=1.000 exact=0.000 fwd=15.2
[plan_execute@T0.8] novel d=5 n=150 acc=0.020 parse=1.000 typed=1.000 exact=0.000 fwd=28.0
[plan_execute@T0.8] novel d=6 n=150 acc=0.000 parse=1.000 typed=1.000 exact=0.000 fwd=27.9
[plan_execute@T0.8] sequential_paren d=2 n=150 acc=1.000 parse=1.000 typed=1.000 exact=1.000 fwd=20.0
[plan_execute@T0.8] sequential_paren d=3 n=150 acc=1.000 parse=1.000 typed=1.000 exact=1.000 fwd=28.0
[plan_execute@T0.8] sequential_paren d=4 n=150 acc=0.040 parse=1.000 typed=1.000 exact=0.000 fwd=16.1
[plan_execute@T0.8] sequential_paren d=5 n=150 acc=0.027 parse=1.000 typed=1.000 exact=0.000 fwd=27.9
[plan_execute@T0.8] sequential_paren d=6 n=150 acc=0.027 parse=1.000 typed=1.000 exact=0.000 fwd=27.9
[plan_execute@T0.8] same_page_pair d=2 n=150 acc=0.000 parse=1.000 typed=1.000 exact=0.000 fwd=14.0
[plan_execute@T0.8] units d=1 n=150 acc=1.000 parse=1.000 typed=1.000 exact=1.000 fwd=13.2
[oracle_ops@T0.8] sequential d=1 n=150 acc=1.000 parse=1.000 typed=1.000 exact=1.000 fwd=12.0
[oracle_ops@T0.8] sequential d=2 n=150 acc=1.000 parse=1.000 typed=1.000 exact=1.000 fwd=20.0
[oracle_ops@T0.8] sequential d=3 n=150 acc=1.000 parse=1.000 typed=1.000 exact=1.000 fwd=28.0
[oracle_ops@T0.8] sequential d=4 n=150 acc=0.020 parse=1.000 typed=1.000 exact=0.000 fwd=28.0
[oracle_ops@T0.8] sequential d=5 n=150 acc=0.033 parse=1.000 typed=1.000 exact=0.000 fwd=28.0
[oracle_ops@T0.8] sequential d=6 n=150 acc=0.027 parse=1.000 typed=1.000 exact=0.000 fwd=17.7
[oracle_ops@T0.8] sequential d=8 n=150 acc=0.020 parse=1.000 typed=1.000 exact=0.000 fwd=28.0
[oracle_ops@T0.8] sequential d=12 n=150 acc=0.007 parse=1.000 typed=1.000 exact=0.000 fwd=28.0
[oracle_ops@T0.8] sequential d=16 n=150 acc=0.020 parse=1.000 typed=1.000 exact=0.000 fwd=28.0
[oracle_ops@T0.8] sequential d=32 n=150 acc=0.027 parse=1.000 typed=1.000 exact=0.000 fwd=28.0
[oracle_ops@T0.8] breadth d=1 n=150 acc=1.000 parse=1.000 typed=1.000 exact=1.000 fwd=12.0
[oracle_ops@T0.8] breadth d=2 n=150 acc=1.000 parse=1.000 typed=1.000 exact=1.000 fwd=13.0
[oracle_ops@T0.8] breadth d=3 n=150 acc=1.000 parse=1.000 typed=1.000 exact=1.000 fwd=14.0
[oracle_ops@T0.8] breadth d=4 n=150 acc=0.000 parse=1.000 typed=0.000 exact=0.000 fwd=14.0
[oracle_ops@T0.8] breadth d=5 n=150 acc=0.000 parse=1.000 typed=0.000 exact=0.000 fwd=14.0
[oracle_ops@T0.8] breadth d=6 n=150 acc=0.000 parse=1.000 typed=0.000 exact=0.000 fwd=14.0
[oracle_ops@T0.8] novel d=2 n=150 acc=0.047 parse=1.000 typed=1.000 exact=0.020 fwd=20.0
[oracle_ops@T0.8] novel d=3 n=150 acc=0.100 parse=1.000 typed=1.000 exact=0.093 fwd=28.0
[oracle_ops@T0.8] novel d=4 n=150 acc=0.007 parse=1.000 typed=1.000 exact=0.000 fwd=15.2
[oracle_ops@T0.8] novel d=5 n=150 acc=0.020 parse=1.000 typed=1.000 exact=0.000 fwd=28.0
[oracle_ops@T0.8] novel d=6 n=150 acc=0.000 parse=1.000 typed=1.000 exact=0.000 fwd=27.9
[oracle_ops@T0.8] sequential_paren d=2 n=150 acc=1.000 parse=1.000 typed=1.000 exact=1.000 fwd=20.0
[oracle_ops@T0.8] sequential_paren d=3 n=150 acc=1.000 parse=1.000 typed=1.000 exact=1.000 fwd=28.0
[oracle_ops@T0.8] sequential_paren d=4 n=150 acc=0.040 parse=1.000 typed=1.000 exact=0.000 fwd=16.1
[oracle_ops@T0.8] sequential_paren d=5 n=150 acc=0.027 parse=1.000 typed=1.000 exact=0.000 fwd=27.9
[oracle_ops@T0.8] sequential_paren d=6 n=150 acc=0.027 parse=1.000 typed=1.000 exact=0.000 fwd=27.9
[oracle_ops@T0.8] same_page_pair d=2 n=150 acc=0.000 parse=1.000 typed=1.000 exact=0.000 fwd=14.0
[oracle_ops@T0.8] units d=1 n=150 acc=1.000 parse=1.000 typed=1.000 exact=1.000 fwd=13.2
[oracle_plan@T0.8] sequential d=1 n=150 acc=1.000 parse=1.000 typed=1.000 exact=1.000 fwd=0.0
[oracle_plan@T0.8] sequential d=2 n=150 acc=1.000 parse=1.000 typed=1.000 exact=1.000 fwd=0.0
[oracle_plan@T0.8] sequential d=3 n=150 acc=1.000 parse=1.000 typed=1.000 exact=1.000 fwd=0.0
[oracle_plan@T0.8] sequential d=4 n=150 acc=1.000 parse=1.000 typed=1.000 exact=1.000 fwd=0.0
[oracle_plan@T0.8] sequential d=5 n=150 acc=1.000 parse=1.000 typed=1.000 exact=1.000 fwd=0.0
[oracle_plan@T0.8] sequential d=6 n=150 acc=1.000 parse=1.000 typed=1.000 exact=1.000 fwd=0.0
[oracle_plan@T0.8] sequential d=8 n=150 acc=1.000 parse=1.000 typed=1.000 exact=1.000 fwd=0.0
[oracle_plan@T0.8] sequential d=12 n=150 acc=1.000 parse=1.000 typed=1.000 exact=1.000 fwd=0.0
[oracle_plan@T0.8] sequential d=16 n=150 acc=1.000 parse=1.000 typed=1.000 exact=1.000 fwd=0.0
[oracle_plan@T0.8] sequential d=32 n=150 acc=1.000 parse=1.000 typed=1.000 exact=1.000 fwd=0.0
[oracle_plan@T0.8] breadth d=1 n=150 acc=1.000 parse=1.000 typed=1.000 exact=1.000 fwd=0.0
[oracle_plan@T0.8] breadth d=2 n=150 acc=1.000 parse=1.000 typed=1.000 exact=1.000 fwd=0.0
[oracle_plan@T0.8] breadth d=3 n=150 acc=1.000 parse=1.000 typed=1.000 exact=1.000 fwd=0.0
[oracle_plan@T0.8] breadth d=4 n=150 acc=0.000 parse=1.000 typed=0.000 exact=1.000 fwd=0.0
[oracle_plan@T0.8] breadth d=5 n=150 acc=0.000 parse=1.000 typed=0.000 exact=1.000 fwd=0.0
[oracle_plan@T0.8] breadth d=6 n=150 acc=0.000 parse=1.000 typed=0.000 exact=1.000 fwd=0.0
[oracle_plan@T0.8] novel d=2 n=150 acc=1.000 parse=1.000 typed=1.000 exact=1.000 fwd=0.0
[oracle_plan@T0.8] novel d=3 n=150 acc=1.000 parse=1.000 typed=1.000 exact=1.000 fwd=0.0
[oracle_plan@T0.8] novel d=4 n=150 acc=1.000 parse=1.000 typed=1.000 exact=1.000 fwd=0.0
[oracle_plan@T0.8] novel d=5 n=150 acc=1.000 parse=1.000 typed=1.000 exact=1.000 fwd=0.0
[oracle_plan@T0.8] novel d=6 n=150 acc=1.000 parse=1.000 typed=1.000 exact=1.000 fwd=0.0
[oracle_plan@T0.8] sequential_paren d=2 n=150 acc=1.000 parse=1.000 typed=1.000 exact=1.000 fwd=0.0
[oracle_plan@T0.8] sequential_paren d=3 n=150 acc=1.000 parse=1.000 typed=1.000 exact=1.000 fwd=0.0
[oracle_plan@T0.8] sequential_paren d=4 n=150 acc=1.000 parse=1.000 typed=1.000 exact=1.000 fwd=0.0
[oracle_plan@T0.8] sequential_paren d=5 n=150 acc=1.000 parse=1.000 typed=1.000 exact=1.000 fwd=0.0
[oracle_plan@T0.8] sequential_paren d=6 n=150 acc=1.000 parse=1.000 typed=1.000 exact=1.000 fwd=0.0
[oracle_plan@T0.8] same_page_pair d=2 n=150 acc=1.000 parse=1.000 typed=1.000 exact=1.000 fwd=0.0
[oracle_plan@T0.8] units d=1 n=150 acc=1.000 parse=1.000 typed=1.000 exact=1.000 fwd=0.0
[induction style=1] {"pages": 6600, "pages_parsed": 6368, "gold_ops": 9897, "induced_ops": 9042, "self_verified": 1537, "exact_text": 5181, "behavioural": 5406, "secs": 860.9}
[oracle_both@para] sequential d=1 n=150 acc=1.000 parse=1.000 typed=1.000 exact=1.000 fwd=0.0
[oracle_both@para] sequential d=2 n=150 acc=1.000 parse=1.000 typed=1.000 exact=1.000 fwd=0.0
[oracle_both@para] sequential d=3 n=150 acc=1.000 parse=1.000 typed=1.000 exact=1.000 fwd=0.0
[oracle_both@para] sequential d=4 n=150 acc=1.000 parse=1.000 typed=1.000 exact=1.000 fwd=0.0
[oracle_both@para] sequential d=5 n=150 acc=1.000 parse=1.000 typed=1.000 exact=1.000 fwd=0.0
[oracle_both@para] sequential d=6 n=150 acc=1.000 parse=1.000 typed=1.000 exact=1.000 fwd=0.0
[oracle_both@para] sequential d=8 n=150 acc=1.000 parse=1.000 typed=1.000 exact=1.000 fwd=0.0
[oracle_both@para] sequential d=12 n=150 acc=1.000 parse=1.000 typed=1.000 exact=1.000 fwd=0.0
[oracle_both@para] sequential d=16 n=150 acc=1.000 parse=1.000 typed=1.000 exact=1.000 fwd=0.0
[oracle_both@para] sequential d=32 n=150 acc=1.000 parse=1.000 typed=1.000 exact=1.000 fwd=0.0
[oracle_both@para] breadth d=1 n=150 acc=1.000 parse=1.000 typed=1.000 exact=1.000 fwd=0.0
[oracle_both@para] breadth d=2 n=150 acc=1.000 parse=1.000 typed=1.000 exact=1.000 fwd=0.0
[oracle_both@para] breadth d=3 n=150 acc=1.000 parse=1.000 typed=1.000 exact=1.000 fwd=0.0
[oracle_both@para] breadth d=4 n=150 acc=1.000 parse=1.000 typed=1.000 exact=1.000 fwd=0.0
[oracle_both@para] breadth d=5 n=150 acc=1.000 parse=1.000 typed=1.000 exact=1.000 fwd=0.0
[oracle_both@para] breadth d=6 n=150 acc=1.000 parse=1.000 typed=1.000 exact=1.000 fwd=0.0
[oracle_both@para] novel d=2 n=150 acc=1.000 parse=1.000 typed=1.000 exact=1.000 fwd=0.0
[oracle_both@para] novel d=3 n=150 acc=1.000 parse=1.000 typed=1.000 exact=1.000 fwd=0.0
[oracle_both@para] novel d=4 n=150 acc=1.000 parse=1.000 typed=1.000 exact=1.000 fwd=0.0
[oracle_both@para] novel d=5 n=150 acc=1.000 parse=1.000 typed=1.000 exact=1.000 fwd=0.0
[oracle_both@para] novel d=6 n=150 acc=1.000 parse=1.000 typed=1.000 exact=1.000 fwd=0.0
[oracle_both@para] sequential_paren d=2 n=150 acc=1.000 parse=1.000 typed=1.000 exact=1.000 fwd=0.0
[oracle_both@para] sequential_paren d=3 n=150 acc=1.000 parse=1.000 typed=1.000 exact=1.000 fwd=0.0
[oracle_both@para] sequential_paren d=4 n=150 acc=1.000 parse=1.000 typed=1.000 exact=1.000 fwd=0.0
[oracle_both@para] sequential_paren d=5 n=150 acc=1.000 parse=1.000 typed=1.000 exact=1.000 fwd=0.0
[oracle_both@para] sequential_paren d=6 n=150 acc=1.000 parse=1.000 typed=1.000 exact=1.000 fwd=0.0
[oracle_both@para] same_page_pair d=2 n=150 acc=1.000 parse=1.000 typed=1.000 exact=1.000 fwd=0.0
[oracle_both@para] units d=1 n=150 acc=1.000 parse=1.000 typed=1.000 exact=1.000 fwd=0.0
[oracle_both_roundtrip@para] sequential d=1 n=150 acc=1.000 parse=1.000 typed=1.000 exact=1.000 fwd=0.0
[oracle_both_roundtrip@para] sequential d=2 n=150 acc=1.000 parse=1.000 typed=1.000 exact=1.000 fwd=0.0
[oracle_both_roundtrip@para] sequential d=3 n=150 acc=1.000 parse=1.000 typed=1.000 exact=1.000 fwd=0.0
[oracle_both_roundtrip@para] sequential d=4 n=150 acc=1.000 parse=1.000 typed=1.000 exact=1.000 fwd=0.0
[oracle_both_roundtrip@para] sequential d=5 n=150 acc=1.000 parse=1.000 typed=1.000 exact=1.000 fwd=0.0
[oracle_both_roundtrip@para] sequential d=6 n=150 acc=1.000 parse=1.000 typed=1.000 exact=1.000 fwd=0.0
[oracle_both_roundtrip@para] sequential d=8 n=150 acc=1.000 parse=1.000 typed=1.000 exact=1.000 fwd=0.0
[oracle_both_roundtrip@para] sequential d=12 n=150 acc=1.000 parse=1.000 typed=1.000 exact=1.000 fwd=0.0
[oracle_both_roundtrip@para] sequential d=16 n=150 acc=1.000 parse=1.000 typed=1.000 exact=1.000 fwd=0.0
[oracle_both_roundtrip@para] sequential d=32 n=150 acc=1.000 parse=1.000 typed=1.000 exact=1.000 fwd=0.0
[oracle_both_roundtrip@para] breadth d=1 n=150 acc=1.000 parse=1.000 typed=1.000 exact=1.000 fwd=0.0
[oracle_both_roundtrip@para] breadth d=2 n=150 acc=1.000 parse=1.000 typed=1.000 exact=1.000 fwd=0.0
[oracle_both_roundtrip@para] breadth d=3 n=150 acc=1.000 parse=1.000 typed=1.000 exact=1.000 fwd=0.0
[oracle_both_roundtrip@para] breadth d=4 n=150 acc=1.000 parse=1.000 typed=1.000 exact=1.000 fwd=0.0
[oracle_both_roundtrip@para] breadth d=5 n=150 acc=1.000 parse=1.000 typed=1.000 exact=1.000 fwd=0.0
[oracle_both_roundtrip@para] breadth d=6 n=150 acc=1.000 parse=1.000 typed=1.000 exact=1.000 fwd=0.0
[oracle_both_roundtrip@para] novel d=2 n=150 acc=1.000 parse=1.000 typed=1.000 exact=1.000 fwd=0.0
[oracle_both_roundtrip@para] novel d=3 n=150 acc=1.000 parse=1.000 typed=1.000 exact=1.000 fwd=0.0
[oracle_both_roundtrip@para] novel d=4 n=150 acc=1.000 parse=1.000 typed=1.000 exact=1.000 fwd=0.0
[oracle_both_roundtrip@para] novel d=5 n=150 acc=1.000 parse=1.000 typed=1.000 exact=1.000 fwd=0.0
[oracle_both_roundtrip@para] novel d=6 n=150 acc=1.000 parse=1.000 typed=1.000 exact=1.000 fwd=0.0
[oracle_both_roundtrip@para] sequential_paren d=2 n=150 acc=1.000 parse=1.000 typed=1.000 exact=1.000 fwd=0.0
[oracle_both_roundtrip@para] sequential_paren d=3 n=150 acc=1.000 parse=1.000 typed=1.000 exact=1.000 fwd=0.0
[oracle_both_roundtrip@para] sequential_paren d=4 n=150 acc=1.000 parse=1.000 typed=1.000 exact=1.000 fwd=0.0
[oracle_both_roundtrip@para] sequential_paren d=5 n=150 acc=1.000 parse=1.000 typed=1.000 exact=1.000 fwd=0.0
[oracle_both_roundtrip@para] sequential_paren d=6 n=150 acc=1.000 parse=1.000 typed=1.000 exact=1.000 fwd=0.0
[oracle_both_roundtrip@para] same_page_pair d=2 n=150 acc=1.000 parse=1.000 typed=1.000 exact=1.000 fwd=0.0
[oracle_both_roundtrip@para] units d=1 n=150 acc=1.000 parse=1.000 typed=1.000 exact=1.000 fwd=0.0
[counter p1@T0] {"reported": 12, "observed": 12, "ok": true}
[plan_execute@T0@para] sequential d=1 n=150 acc=0.953 parse=1.000 typed=0.960 exact=1.000 fwd=12.0
[plan_execute@T0@para] sequential d=2 n=150 acc=0.413 parse=1.000 typed=0.967 exact=0.447 fwd=20.0
[plan_execute@T0@para] sequential d=3 n=150 acc=0.467 parse=1.000 typed=0.973 exact=0.487 fwd=28.0
[plan_execute@T0@para] sequential d=4 n=150 acc=0.020 parse=1.000 typed=0.953 exact=0.000 fwd=28.0
[plan_execute@T0@para] sequential d=5 n=150 acc=0.027 parse=1.000 typed=0.947 exact=0.000 fwd=28.0
[plan_execute@T0@para] sequential d=6 n=150 acc=0.000 parse=0.980 typed=0.927 exact=0.000 fwd=13.0
[plan_execute@T0@para] sequential d=8 n=150 acc=0.013 parse=1.000 typed=0.953 exact=0.000 fwd=28.0
[plan_execute@T0@para] sequential d=12 n=150 acc=0.007 parse=1.000 typed=0.973 exact=0.000 fwd=28.0
[plan_execute@T0@para] sequential d=16 n=150 acc=0.013 parse=1.000 typed=0.960 exact=0.000 fwd=28.0
[plan_execute@T0@para] sequential d=32 n=150 acc=0.013 parse=1.000 typed=0.967 exact=0.000 fwd=28.0
[plan_execute@T0@para] breadth d=1 n=150 acc=0.000 parse=1.000 typed=0.000 exact=1.000 fwd=12.0
[plan_execute@T0@para] breadth d=2 n=150 acc=0.993 parse=1.000 typed=1.000 exact=1.000 fwd=13.0
[plan_execute@T0@para] breadth d=3 n=150 acc=0.900 parse=1.000 typed=1.000 exact=1.000 fwd=14.0
[plan_execute@T0@para] breadth d=4 n=150 acc=0.533 parse=1.000 typed=0.987 exact=0.000 fwd=14.0
[plan_execute@T0@para] breadth d=5 n=150 acc=0.340 parse=1.000 typed=0.940 exact=0.000 fwd=14.0
[plan_execute@T0@para] breadth d=6 n=150 acc=0.180 parse=1.000 typed=0.880 exact=0.000 fwd=14.0
[plan_execute@T0@para] novel d=2 n=150 acc=0.053 parse=1.000 typed=0.947 exact=0.040 fwd=20.0
[plan_execute@T0@para] novel d=3 n=150 acc=0.060 parse=1.000 typed=0.873 exact=0.107 fwd=28.0
[plan_execute@T0@para] novel d=4 n=150 acc=0.013 parse=1.000 typed=0.940 exact=0.000 fwd=15.8
[plan_execute@T0@para] novel d=5 n=150 acc=0.020 parse=1.000 typed=0.933 exact=0.000 fwd=28.0
[plan_execute@T0@para] novel d=6 n=150 acc=0.000 parse=1.000 typed=0.913 exact=0.000 fwd=27.9
[plan_execute@T0@para] sequential_paren d=2 n=150 acc=0.833 parse=1.000 typed=0.907 exact=1.000 fwd=20.0
[plan_execute@T0@para] sequential_paren d=3 n=150 acc=0.840 parse=1.000 typed=0.953 exact=1.000 fwd=28.0
[plan_execute@T0@para] sequential_paren d=4 n=150 acc=0.033 parse=1.000 typed=0.927 exact=0.000 fwd=17.2
[plan_execute@T0@para] sequential_paren d=5 n=150 acc=0.027 parse=1.000 typed=0.927 exact=0.000 fwd=27.9
[plan_execute@T0@para] sequential_paren d=6 n=150 acc=0.020 parse=1.000 typed=0.933 exact=0.000 fwd=27.9
[plan_execute@T0@para] same_page_pair d=2 n=150 acc=0.000 parse=1.000 typed=1.000 exact=0.000 fwd=14.0
[plan_execute@T0@para] units d=1 n=150 acc=0.433 parse=1.000 typed=0.800 exact=1.000 fwd=13.2
[oracle_ops@T0@para] sequential d=1 n=150 acc=1.000 parse=1.000 typed=1.000 exact=1.000 fwd=12.0
[oracle_ops@T0@para] sequential d=2 n=150 acc=1.000 parse=1.000 typed=1.000 exact=1.000 fwd=20.0
[oracle_ops@T0@para] sequential d=3 n=150 acc=1.000 parse=1.000 typed=1.000 exact=1.000 fwd=28.0
[oracle_ops@T0@para] sequential d=4 n=150 acc=0.020 parse=1.000 typed=1.000 exact=0.000 fwd=28.0
[oracle_ops@T0@para] sequential d=5 n=150 acc=0.033 parse=1.000 typed=1.000 exact=0.000 fwd=28.0
[oracle_ops@T0@para] sequential d=6 n=150 acc=0.027 parse=1.000 typed=1.000 exact=0.000 fwd=17.7
[oracle_ops@T0@para] sequential d=8 n=150 acc=0.020 parse=1.000 typed=1.000 exact=0.000 fwd=28.0
[oracle_ops@T0@para] sequential d=12 n=150 acc=0.007 parse=1.000 typed=1.000 exact=0.000 fwd=28.0
[oracle_ops@T0@para] sequential d=16 n=150 acc=0.020 parse=1.000 typed=1.000 exact=0.000 fwd=28.0
[oracle_ops@T0@para] sequential d=32 n=150 acc=0.027 parse=1.000 typed=1.000 exact=0.000 fwd=28.0
[oracle_ops@T0@para] breadth d=1 n=150 acc=1.000 parse=1.000 typed=1.000 exact=1.000 fwd=12.0
[oracle_ops@T0@para] breadth d=2 n=150 acc=1.000 parse=1.000 typed=1.000 exact=1.000 fwd=13.0
[oracle_ops@T0@para] breadth d=3 n=150 acc=1.000 parse=1.000 typed=1.000 exact=1.000 fwd=14.0
[oracle_ops@T0@para] breadth d=4 n=150 acc=0.000 parse=1.000 typed=0.000 exact=0.000 fwd=14.0
[oracle_ops@T0@para] breadth d=5 n=150 acc=0.000 parse=1.000 typed=0.000 exact=0.000 fwd=14.0
[oracle_ops@T0@para] breadth d=6 n=150 acc=0.000 parse=1.000 typed=0.000 exact=0.000 fwd=14.0
[oracle_ops@T0@para] novel d=2 n=150 acc=0.060 parse=1.000 typed=1.000 exact=0.033 fwd=20.0
[oracle_ops@T0@para] novel d=3 n=150 acc=0.107 parse=1.000 typed=1.000 exact=0.100 fwd=28.0
[oracle_ops@T0@para] novel d=4 n=150 acc=0.013 parse=1.000 typed=1.000 exact=0.000 fwd=15.2
[oracle_ops@T0@para] novel d=5 n=150 acc=0.020 parse=1.000 typed=1.000 exact=0.000 fwd=27.9
[oracle_ops@T0@para] novel d=6 n=150 acc=0.007 parse=1.000 typed=1.000 exact=0.000 fwd=28.0
[oracle_ops@T0@para] sequential_paren d=2 n=150 acc=1.000 parse=1.000 typed=1.000 exact=1.000 fwd=20.0
[oracle_ops@T0@para] sequential_paren d=3 n=150 acc=1.000 parse=1.000 typed=1.000 exact=1.000 fwd=28.0
[oracle_ops@T0@para] sequential_paren d=4 n=150 acc=0.040 parse=1.000 typed=1.000 exact=0.000 fwd=16.0
[oracle_ops@T0@para] sequential_paren d=5 n=150 acc=0.027 parse=1.000 typed=1.000 exact=0.000 fwd=27.9
[oracle_ops@T0@para] sequential_paren d=6 n=150 acc=0.020 parse=1.000 typed=1.000 exact=0.000 fwd=27.9
[oracle_ops@T0@para] same_page_pair d=2 n=150 acc=0.000 parse=1.000 typed=1.000 exact=0.000 fwd=14.0
[oracle_ops@T0@para] units d=1 n=150 acc=1.000 parse=1.000 typed=1.000 exact=1.000 fwd=13.2
[oracle_plan@T0@para] sequential d=1 n=150 acc=0.953 parse=1.000 typed=0.960 exact=1.000 fwd=0.0
[oracle_plan@T0@para] sequential d=2 n=150 acc=0.913 parse=1.000 typed=0.967 exact=1.000 fwd=0.0
[oracle_plan@T0@para] sequential d=3 n=150 acc=0.900 parse=1.000 typed=0.973 exact=1.000 fwd=0.0
[oracle_plan@T0@para] sequential d=4 n=150 acc=0.860 parse=1.000 typed=0.953 exact=1.000 fwd=0.0
[oracle_plan@T0@para] sequential d=5 n=150 acc=0.853 parse=1.000 typed=0.947 exact=1.000 fwd=0.0
[oracle_plan@T0@para] sequential d=6 n=150 acc=0.833 parse=1.000 typed=0.947 exact=1.000 fwd=0.0
[oracle_plan@T0@para] sequential d=8 n=150 acc=0.853 parse=1.000 typed=0.953 exact=1.000 fwd=0.0
[oracle_plan@T0@para] sequential d=12 n=150 acc=0.853 parse=1.000 typed=0.973 exact=1.000 fwd=0.0
[oracle_plan@T0@para] sequential d=16 n=150 acc=0.853 parse=1.000 typed=0.960 exact=1.000 fwd=0.0
[oracle_plan@T0@para] sequential d=32 n=150 acc=0.833 parse=1.000 typed=0.967 exact=1.000 fwd=0.0
[oracle_plan@T0@para] breadth d=1 n=150 acc=0.000 parse=1.000 typed=0.000 exact=1.000 fwd=0.0
[oracle_plan@T0@para] breadth d=2 n=150 acc=0.993 parse=1.000 typed=1.000 exact=1.000 fwd=0.0
[oracle_plan@T0@para] breadth d=3 n=150 acc=0.900 parse=1.000 typed=1.000 exact=1.000 fwd=0.0
[oracle_plan@T0@para] breadth d=4 n=150 acc=0.000 parse=1.000 typed=0.000 exact=1.000 fwd=0.0
[oracle_plan@T0@para] breadth d=5 n=150 acc=0.000 parse=1.000 typed=0.000 exact=1.000 fwd=0.0
[oracle_plan@T0@para] breadth d=6 n=150 acc=0.000 parse=1.000 typed=0.000 exact=1.000 fwd=0.0
[oracle_plan@T0@para] novel d=2 n=150 acc=0.727 parse=1.000 typed=0.840 exact=1.000 fwd=0.0
[oracle_plan@T0@para] novel d=3 n=150 acc=0.733 parse=1.000 typed=0.840 exact=1.000 fwd=0.0
[oracle_plan@T0@para] novel d=4 n=150 acc=0.687 parse=1.000 typed=0.840 exact=1.000 fwd=0.0
[oracle_plan@T0@para] novel d=5 n=150 acc=0.680 parse=1.000 typed=0.840 exact=1.000 fwd=0.0
[oracle_plan@T0@para] novel d=6 n=150 acc=0.667 parse=1.000 typed=0.840 exact=1.000 fwd=0.0
[oracle_plan@T0@para] sequential_paren d=2 n=150 acc=0.833 parse=1.000 typed=0.907 exact=1.000 fwd=0.0
[oracle_plan@T0@para] sequential_paren d=3 n=150 acc=0.840 parse=1.000 typed=0.953 exact=1.000 fwd=0.0
[oracle_plan@T0@para] sequential_paren d=4 n=150 acc=0.833 parse=1.000 typed=0.927 exact=1.000 fwd=0.0
[oracle_plan@T0@para] sequential_paren d=5 n=150 acc=0.780 parse=1.000 typed=0.927 exact=1.000 fwd=0.0
[oracle_plan@T0@para] sequential_paren d=6 n=150 acc=0.800 parse=1.000 typed=0.933 exact=1.000 fwd=0.0
[oracle_plan@T0@para] same_page_pair d=2 n=150 acc=0.987 parse=1.000 typed=1.000 exact=1.000 fwd=0.0
[oracle_plan@T0@para] units d=1 n=150 acc=0.433 parse=1.000 typed=0.800 exact=1.000 fwd=0.0
[counter p1@T0.8] {"reported": 12, "observed": 12, "ok": true}
[plan_execute@T0.8@para] sequential d=1 n=150 acc=0.953 parse=1.000 typed=0.960 exact=1.000 fwd=12.0
[plan_execute@T0.8@para] sequential d=2 n=150 acc=0.413 parse=1.000 typed=0.967 exact=0.440 fwd=20.0
[plan_execute@T0.8@para] sequential d=3 n=150 acc=0.467 parse=1.000 typed=0.973 exact=0.487 fwd=28.0
[plan_execute@T0.8@para] sequential d=4 n=150 acc=0.020 parse=1.000 typed=0.953 exact=0.000 fwd=28.0
[plan_execute@T0.8@para] sequential d=5 n=150 acc=0.027 parse=1.000 typed=0.947 exact=0.000 fwd=28.0
[plan_execute@T0.8@para] sequential d=6 n=150 acc=0.000 parse=0.973 typed=0.920 exact=0.000 fwd=14.3
[plan_execute@T0.8@para] sequential d=8 n=150 acc=0.013 parse=1.000 typed=0.953 exact=0.000 fwd=28.0
[plan_execute@T0.8@para] sequential d=12 n=150 acc=0.007 parse=1.000 typed=0.973 exact=0.000 fwd=28.0
[plan_execute@T0.8@para] sequential d=16 n=150 acc=0.013 parse=1.000 typed=0.960 exact=0.000 fwd=28.0
[plan_execute@T0.8@para] sequential d=32 n=150 acc=0.013 parse=1.000 typed=0.967 exact=0.000 fwd=28.0
[plan_execute@T0.8@para] breadth d=1 n=150 acc=0.000 parse=1.000 typed=0.000 exact=1.000 fwd=12.0
[plan_execute@T0.8@para] breadth d=2 n=150 acc=0.993 parse=1.000 typed=1.000 exact=1.000 fwd=13.0
[plan_execute@T0.8@para] breadth d=3 n=150 acc=0.900 parse=1.000 typed=1.000 exact=1.000 fwd=14.0
[plan_execute@T0.8@para] breadth d=4 n=150 acc=0.533 parse=1.000 typed=0.987 exact=0.000 fwd=14.0
[plan_execute@T0.8@para] breadth d=5 n=150 acc=0.340 parse=1.000 typed=0.940 exact=0.000 fwd=14.0
[plan_execute@T0.8@para] breadth d=6 n=150 acc=0.180 parse=1.000 typed=0.880 exact=0.000 fwd=14.0
[plan_execute@T0.8@para] novel d=2 n=150 acc=0.033 parse=1.000 typed=0.940 exact=0.027 fwd=20.0
[plan_execute@T0.8@para] novel d=3 n=150 acc=0.060 parse=1.000 typed=0.873 exact=0.100 fwd=28.0
[plan_execute@T0.8@para] novel d=4 n=150 acc=0.013 parse=1.000 typed=0.940 exact=0.000 fwd=16.2
[plan_execute@T0.8@para] novel d=5 n=150 acc=0.020 parse=1.000 typed=0.933 exact=0.000 fwd=28.0
[plan_execute@T0.8@para] novel d=6 n=150 acc=0.000 parse=1.000 typed=0.907 exact=0.000 fwd=27.9
[plan_execute@T0.8@para] sequential_paren d=2 n=150 acc=0.833 parse=1.000 typed=0.907 exact=1.000 fwd=20.0
[plan_execute@T0.8@para] sequential_paren d=3 n=150 acc=0.840 parse=1.000 typed=0.953 exact=1.000 fwd=28.0
[plan_execute@T0.8@para] sequential_paren d=4 n=150 acc=0.033 parse=1.000 typed=0.927 exact=0.000 fwd=16.9
[plan_execute@T0.8@para] sequential_paren d=5 n=150 acc=0.033 parse=1.000 typed=0.927 exact=0.000 fwd=27.9
[plan_execute@T0.8@para] sequential_paren d=6 n=150 acc=0.020 parse=1.000 typed=0.933 exact=0.000 fwd=27.9
[plan_execute@T0.8@para] same_page_pair d=2 n=150 acc=0.000 parse=1.000 typed=1.000 exact=0.000 fwd=14.0
[plan_execute@T0.8@para] units d=1 n=150 acc=0.433 parse=1.000 typed=0.800 exact=1.000 fwd=13.2
[oracle_ops@T0.8@para] sequential d=1 n=150 acc=1.000 parse=1.000 typed=1.000 exact=1.000 fwd=12.0
[oracle_ops@T0.8@para] sequential d=2 n=150 acc=1.000 parse=1.000 typed=1.000 exact=1.000 fwd=20.0
[oracle_ops@T0.8@para] sequential d=3 n=150 acc=1.000 parse=1.000 typed=1.000 exact=1.000 fwd=28.0
[oracle_ops@T0.8@para] sequential d=4 n=150 acc=0.020 parse=1.000 typed=1.000 exact=0.000 fwd=28.0
[oracle_ops@T0.8@para] sequential d=5 n=150 acc=0.033 parse=1.000 typed=1.000 exact=0.000 fwd=28.0
[oracle_ops@T0.8@para] sequential d=6 n=150 acc=0.027 parse=1.000 typed=1.000 exact=0.000 fwd=17.7
[oracle_ops@T0.8@para] sequential d=8 n=150 acc=0.020 parse=1.000 typed=1.000 exact=0.000 fwd=28.0
[oracle_ops@T0.8@para] sequential d=12 n=150 acc=0.007 parse=1.000 typed=1.000 exact=0.000 fwd=28.0
[oracle_ops@T0.8@para] sequential d=16 n=150 acc=0.020 parse=1.000 typed=1.000 exact=0.000 fwd=28.0
[oracle_ops@T0.8@para] sequential d=32 n=150 acc=0.027 parse=1.000 typed=1.000 exact=0.000 fwd=28.0
[oracle_ops@T0.8@para] breadth d=1 n=150 acc=1.000 parse=1.000 typed=1.000 exact=1.000 fwd=12.0
[oracle_ops@T0.8@para] breadth d=2 n=150 acc=1.000 parse=1.000 typed=1.000 exact=1.000 fwd=13.0
[oracle_ops@T0.8@para] breadth d=3 n=150 acc=1.000 parse=1.000 typed=1.000 exact=1.000 fwd=14.0
[oracle_ops@T0.8@para] breadth d=4 n=150 acc=0.000 parse=1.000 typed=0.000 exact=0.000 fwd=14.0
[oracle_ops@T0.8@para] breadth d=5 n=150 acc=0.000 parse=1.000 typed=0.000 exact=0.000 fwd=14.0
[oracle_ops@T0.8@para] breadth d=6 n=150 acc=0.000 parse=1.000 typed=0.000 exact=0.000 fwd=14.0
[oracle_ops@T0.8@para] novel d=2 n=150 acc=0.047 parse=1.000 typed=1.000 exact=0.020 fwd=20.0
[oracle_ops@T0.8@para] novel d=3 n=150 acc=0.100 parse=1.000 typed=1.000 exact=0.093 fwd=28.0
[oracle_ops@T0.8@para] novel d=4 n=150 acc=0.007 parse=1.000 typed=1.000 exact=0.000 fwd=15.2
[oracle_ops@T0.8@para] novel d=5 n=150 acc=0.020 parse=1.000 typed=1.000 exact=0.000 fwd=28.0
[oracle_ops@T0.8@para] novel d=6 n=150 acc=0.000 parse=1.000 typed=1.000 exact=0.000 fwd=27.9
[oracle_ops@T0.8@para] sequential_paren d=2 n=150 acc=1.000 parse=1.000 typed=1.000 exact=1.000 fwd=20.0
[oracle_ops@T0.8@para] sequential_paren d=3 n=150 acc=1.000 parse=1.000 typed=1.000 exact=1.000 fwd=28.0
[oracle_ops@T0.8@para] sequential_paren d=4 n=150 acc=0.040 parse=1.000 typed=1.000 exact=0.000 fwd=16.1
[oracle_ops@T0.8@para] sequential_paren d=5 n=150 acc=0.027 parse=1.000 typed=1.000 exact=0.000 fwd=27.9
[oracle_ops@T0.8@para] sequential_paren d=6 n=150 acc=0.027 parse=1.000 typed=1.000 exact=0.000 fwd=27.9
[oracle_ops@T0.8@para] same_page_pair d=2 n=150 acc=0.000 parse=1.000 typed=1.000 exact=0.000 fwd=14.0
[oracle_ops@T0.8@para] units d=1 n=150 acc=1.000 parse=1.000 typed=1.000 exact=1.000 fwd=13.2
[oracle_plan@T0.8@para] sequential d=1 n=150 acc=0.953 parse=1.000 typed=0.960 exact=1.000 fwd=0.0
[oracle_plan@T0.8@para] sequential d=2 n=150 acc=0.913 parse=1.000 typed=0.967 exact=1.000 fwd=0.0
[oracle_plan@T0.8@para] sequential d=3 n=150 acc=0.900 parse=1.000 typed=0.973 exact=1.000 fwd=0.0
[oracle_plan@T0.8@para] sequential d=4 n=150 acc=0.860 parse=1.000 typed=0.953 exact=1.000 fwd=0.0
[oracle_plan@T0.8@para] sequential d=5 n=150 acc=0.853 parse=1.000 typed=0.947 exact=1.000 fwd=0.0
[oracle_plan@T0.8@para] sequential d=6 n=150 acc=0.833 parse=1.000 typed=0.947 exact=1.000 fwd=0.0
[oracle_plan@T0.8@para] sequential d=8 n=150 acc=0.853 parse=1.000 typed=0.953 exact=1.000 fwd=0.0
[oracle_plan@T0.8@para] sequential d=12 n=150 acc=0.853 parse=1.000 typed=0.973 exact=1.000 fwd=0.0
[oracle_plan@T0.8@para] sequential d=16 n=150 acc=0.853 parse=1.000 typed=0.960 exact=1.000 fwd=0.0
[oracle_plan@T0.8@para] sequential d=32 n=150 acc=0.833 parse=1.000 typed=0.967 exact=1.000 fwd=0.0
[oracle_plan@T0.8@para] breadth d=1 n=150 acc=0.000 parse=1.000 typed=0.000 exact=1.000 fwd=0.0
[oracle_plan@T0.8@para] breadth d=2 n=150 acc=0.993 parse=1.000 typed=1.000 exact=1.000 fwd=0.0
[oracle_plan@T0.8@para] breadth d=3 n=150 acc=0.900 parse=1.000 typed=1.000 exact=1.000 fwd=0.0
[oracle_plan@T0.8@para] breadth d=4 n=150 acc=0.000 parse=1.000 typed=0.000 exact=1.000 fwd=0.0
[oracle_plan@T0.8@para] breadth d=5 n=150 acc=0.000 parse=1.000 typed=0.000 exact=1.000 fwd=0.0
[oracle_plan@T0.8@para] breadth d=6 n=150 acc=0.000 parse=1.000 typed=0.000 exact=1.000 fwd=0.0
[oracle_plan@T0.8@para] novel d=2 n=150 acc=0.727 parse=1.000 typed=0.840 exact=1.000 fwd=0.0
[oracle_plan@T0.8@para] novel d=3 n=150 acc=0.733 parse=1.000 typed=0.840 exact=1.000 fwd=0.0
[oracle_plan@T0.8@para] novel d=4 n=150 acc=0.687 parse=1.000 typed=0.840 exact=1.000 fwd=0.0
[oracle_plan@T0.8@para] novel d=5 n=150 acc=0.680 parse=1.000 typed=0.840 exact=1.000 fwd=0.0
[oracle_plan@T0.8@para] novel d=6 n=150 acc=0.667 parse=1.000 typed=0.840 exact=1.000 fwd=0.0
[oracle_plan@T0.8@para] sequential_paren d=2 n=150 acc=0.833 parse=1.000 typed=0.907 exact=1.000 fwd=0.0
[oracle_plan@T0.8@para] sequential_paren d=3 n=150 acc=0.840 parse=1.000 typed=0.953 exact=1.000 fwd=0.0
[oracle_plan@T0.8@para] sequential_paren d=4 n=150 acc=0.833 parse=1.000 typed=0.927 exact=1.000 fwd=0.0
[oracle_plan@T0.8@para] sequential_paren d=5 n=150 acc=0.780 parse=1.000 typed=0.927 exact=1.000 fwd=0.0
[oracle_plan@T0.8@para] sequential_paren d=6 n=150 acc=0.800 parse=1.000 typed=0.933 exact=1.000 fwd=0.0
[oracle_plan@T0.8@para] same_page_pair d=2 n=150 acc=0.987 parse=1.000 typed=1.000 exact=1.000 fwd=0.0
[oracle_plan@T0.8@para] units d=1 n=150 acc=0.433 parse=1.000 typed=0.800 exact=1.000 fwd=0.0
[written] results/iter/main_p1.json
