[holdout] {"depth_histogram": {"1": 93126, "2": 33154, "3": 33720}, "max_distinct_operator_symbols": 1, "plans": 160000}
[pools] induction=160000 plans=160000 head=p1
{"step": 1, "kind": "induce", "loss": 4.12182, "lr": 1e-07, "secs": 0.9}
{"step": 500, "kind": "plan", "loss": 0.00857, "lr": 1.998e-05, "secs": 100.7}
{"step": 1000, "kind": "plan", "loss": 0.0132, "lr": 1.987e-05, "secs": 201.1}
{"step": 1500, "kind": "plan", "loss": 0.00141, "lr": 1.967e-05, "secs": 285.1}
{"step": 2000, "kind": "plan", "loss": 0.00097, "lr": 1.937e-05, "secs": 363.7}
{"step": 2500, "kind": "plan", "loss": 0.01693, "lr": 1.897e-05, "secs": 442.4}
{"step": 3000, "kind": "plan", "loss": 0.00016, "lr": 1.849e-05, "secs": 508.7}
{"step": 3500, "kind": "plan", "loss": 1e-05, "lr": 1.792e-05, "secs": 586.6}
{"step": 4000, "kind": "plan", "loss": 1e-05, "lr": 1.728e-05, "secs": 679.9}
{"step": 4500, "kind": "plan", "loss": 3e-05, "lr": 1.656e-05, "secs": 780.0}
{"step": 5000, "kind": "plan", "loss": 0.00095, "lr": 1.578e-05, "secs": 876.8}
{"step": 5500, "kind": "plan", "loss": 0.0, "lr": 1.494e-05, "secs": 972.3}
{"step": 6000, "kind": "plan", "loss": 0.0, "lr": 1.406e-05, "secs": 1054.6}
{"step": 6500, "kind": "plan", "loss": 0.0, "lr": 1.313e-05, "secs": 1111.2}
{"step": 7000, "kind": "plan", "loss": 0.0, "lr": 1.217e-05, "secs": 1175.9}
{"step": 7500, "kind": "plan", "loss": 0.0, "lr": 1.119e-05, "secs": 1243.1}
{"step": 8000, "kind": "plan", "loss": 0.0, "lr": 1.02e-05, "secs": 1311.1}
{"step": 8500, "kind": "plan", "loss": 0.0, "lr": 9.21e-06, "secs": 1377.5}
{"step": 9000, "kind": "plan", "loss": 0.0, "lr": 8.22e-06, "secs": 1441.8}
{"step": 9500, "kind": "plan", "loss": 0.0, "lr": 7.25e-06, "secs": 1504.3}
{"step": 10000, "kind": "plan", "loss": 0.0, "lr": 6.31e-06, "secs": 1560.9}
{"step": 10500, "kind": "plan", "loss": 0.0, "lr": 5.41e-06, "secs": 1620.2}
{"step": 11000, "kind": "plan", "loss": 0.0, "lr": 4.55e-06, "secs": 1681.2}
{"step": 11500, "kind": "plan", "loss": 0.0, "lr": 3.74e-06, "secs": 1743.3}
{"step": 12000, "kind": "plan", "loss": 0.0, "lr": 3e-06, "secs": 1800.4}
{"step": 12500, "kind": "plan", "loss": 0.0, "lr": 2.33e-06, "secs": 1859.3}
{"step": 13000, "kind": "plan", "loss": 0.0, "lr": 1.73e-06, "secs": 1918.3}
{"step": 13500, "kind": "plan", "loss": 0.0, "lr": 1.21e-06, "secs": 1981.6}
{"step": 14000, "kind": "plan", "loss": 0.0, "lr": 7.8e-07, "secs": 2034.0}
{"step": 14500, "kind": "plan", "loss": 0.0, "lr": 4.4e-07, "secs": 2081.5}
{"step": 15000, "kind": "plan", "loss": 0.0, "lr": 2e-07, "secs": 2129.0}
{"step": 15500, "kind": "plan", "loss": 0.0, "lr": 5e-08, "secs": 2178.0}
{"step": 16000, "kind": "plan", "loss": 0.0, "lr": 0.0, "secs": 2225.5}
[dropped] {"induce": 0, "plan": 0, "sequences": 512000}
[done] head=p1 -> runs/iter/p1.pt
