Loading weights:   0%|          | 0/290 [00:00<?, ?it/s]Loading weights: 100%|██████████| 290/290 [00:00<00:00, 9687.31it/s]
Loading weights:   0%|          | 0/339 [00:00<?, ?it/s]Loading weights: 100%|██████████| 339/339 [00:00<00:00, 8176.45it/s]
embedding RMS: small=0.01562 big=0.01368
=== pipeline d_s=896 d_b=3584 proj=linear random_big=0 ===
small=505.03M big=7698.49M proj_up=3.215M lora=11.239M
  [s1] ep 0 step 50 loss 9.4000
  [s1] ep 0 step 100 loss 5.5247
  [s1] ep 0 step 150 loss 4.6234
  [s1] ep 0 step 200 loss 4.1531
  [s1] ep 0 step 250 loss 7.1272
  [s1] ep 0 step 300 loss 4.6167
  [s1] ep 0 step 350 loss 3.5341
  [s1] ep 0 step 400 loss 3.7323
  [s1] ep 0 step 450 loss 3.2442
  [s1] ep 0 step 500 loss 3.6603
  [s1] ep 0 step 550 loss 4.1770
  [s1] ep 0 step 600 loss 3.6184
  [s1] ep 0 step 650 loss 3.4891
  [s1] ep 0 step 700 loss 4.1272
  [s1] ep 0 step 750 loss 3.0805
  [s1] ep 0 step 800 loss 3.6342
  [s1] ep 0 step 850 loss 3.3064
  [s1] ep 0 step 900 loss 3.4894
  [s1] ep 0 step 950 loss 3.4659
  [s1] ep 0 step 1000 loss 4.0730
  [s1] ep 0 step 1050 loss 4.2422
  [s1] ep 0 step 1100 loss 5.1172
  [s1] ep 0 step 1150 loss 5.1758
  [s1] ep 0 step 1200 loss 3.3973
  [s1] ep 0 step 1250 loss 3.5336
  [s1] ep 0 step 1300 loss 3.3573
  [s1] ep 0 step 1350 loss 3.1647
  [s1] ep 0 step 1400 loss 3.4442
  [s1] ep 0 step 1450 loss 4.3870
  [s1] ep 0 step 1500 loss 3.6017
  [s1] ep 0 step 1550 loss 3.5289
  [s1] ep 0 step 1600 loss 3.8905
  [s1] ep 0 step 1650 loss 4.0572
  [s1] ep 0 step 1700 loss 3.7497
  [s1] ep 0 step 1750 loss 2.9130
  [s1] ep 0 step 1800 loss 3.4086
  [s1] ep 0 step 1850 loss 3.8766
  [s1] ep 0 step 1900 loss 3.2473
  [s1] ep 0 step 1950 loss 3.7219
  [s1] ep 0 step 2000 loss 3.3034
  [s1] ep 1 step 2050 loss 3.4152
  [s1] ep 1 step 2100 loss 3.4339
  [s1] ep 1 step 2150 loss 3.2784
  [s1] ep 1 step 2200 loss 3.6217
  [s1] ep 1 step 2250 loss 3.2891
  [s1] ep 1 step 2300 loss 3.1597
  [s1] ep 1 step 2350 loss 3.5770
  [s1] ep 1 step 2400 loss 3.8400
  [s1] ep 1 step 2450 loss 4.1072
  [s1] ep 1 step 2500 loss 3.5675
  [s1] ep 1 step 2550 loss 3.6720
  [s1] ep 1 step 2600 loss 3.0303
  [s1] ep 1 step 2650 loss 3.5686
  [s1] ep 1 step 2700 loss 2.9603
  [s1] ep 1 step 2750 loss 3.2083
  [s1] ep 1 step 2800 loss 3.3372
  [s1] ep 1 step 2850 loss 3.5137
  [s1] ep 1 step 2900 loss 3.3198
  [s1] ep 1 step 2950 loss 4.0055
  [s1] ep 1 step 3000 loss 3.9625
  [s1] ep 1 step 3050 loss 3.4339
  [s1] ep 1 step 3100 loss 3.3639
  [s1] ep 1 step 3150 loss 3.7161
  [s1] ep 1 step 3200 loss 3.0003
  [s1] ep 1 step 3250 loss 3.7509
  [s1] ep 1 step 3300 loss 3.1875
  [s1] ep 1 step 3350 loss 3.3170
  [s1] ep 1 step 3400 loss 3.3988
  [s1] ep 1 step 3450 loss 3.5184
  [s1] ep 1 step 3500 loss 3.1227
  [s1] ep 1 step 3550 loss 3.0552
  [s1] ep 1 step 3600 loss 3.9478
  [s1] ep 1 step 3650 loss 3.2370
  [s1] ep 1 step 3700 loss 3.5830
  [s1] ep 1 step 3750 loss 3.3389
  [s1] ep 1 step 3800 loss 3.7492
  [s1] ep 1 step 3850 loss 3.3972
  [s1] ep 1 step 3900 loss 3.2666
  [s1] ep 1 step 3950 loss 3.1862
  [s1] ep 1 step 4000 loss 3.4813
[gate s1] big-native          val concept=0.0000
  [s2] ep 0 step 50 loss 0.0830
  [s2] ep 0 step 100 loss 0.0934 skipped=1
  [s2] ep 0 step 150 loss 0.3839 skipped=3
  [s2] ep 0 step 200 loss 0.7272 skipped=3
  [s2] ep 0 step 250 loss 1.3602 skipped=10
  [s2] ep 0 step 300 loss 1.1925 skipped=10
  [s2] ep 0 step 350 loss 1.3734 skipped=12
  [s2] ep 0 step 400 loss 1.4439 skipped=15
  [s2] ep 0 step 450 loss 1.8084 skipped=18
  [s2] ep 0 step 500 loss 1.8308 skipped=19
  [s2] ep 0 step 550 loss 4.0848 skipped=21
  [s2] ep 0 step 600 loss 4.6142 skipped=22
  [s2] ep 0 step 650 loss 1.5901 skipped=22
  [s2] ep 0 step 700 loss 1.6856 skipped=25
  [s2] ep 0 step 750 loss 1.7365 skipped=28
  [s2] ep 0 step 800 loss 1.6478 skipped=29
  [s2] ep 0 step 850 loss 1.9889 skipped=31
  [s2] ep 0 step 900 loss 1.5803 skipped=31
  [s2] ep 0 step 950 loss 1.5388 skipped=32
  [s2] ep 0 step 1000 loss 1.5508 skipped=35
  [s2] ep 0 step 1050 loss 1.6550 skipped=36
  [s2] ep 0 step 1100 loss 1.4630 skipped=37
  [s2] ep 0 step 1150 loss 1.5412 skipped=38
