=== p3 2026-08-29T00:23:56+00:00 ===
[d1] {"from_mask": {"exact": 1.0, "opcode": 1.0, "argument": 1.0, "dep_disagree": null}, "repair_wrong_op": {"exact": 1.0, "opcode": 1.0, "argument": 1.0, "dep_disagree": null}, "repair_truncate": {"exact": 1.0, "opcode": 1.0, "argument": 1.0, "dep_disagree": null}}
[d2] {"from_mask": {"exact": 0.0417, "opcode": 1.0, "argument": 0.5521, "dep_disagree": null}, "repair_wrong_op": {"exact": 0.0833, "opcode": 1.0, "argument": 0.5521, "dep_disagree": null}, "repair_truncate": {"exact": 0.125, "opcode": 1.0, "argument": 0.5625, "dep_disagree": null}}
[d3] {"from_mask": {"exact": 0.0, "opcode": 1.0, "argument": 0.4722, "dep_disagree": null}, "repair_wrong_op": {"exact": 0.0, "opcode": 1.0, "argument": 0.4722, "dep_disagree": null}, "repair_truncate": {"exact": 0.0, "opcode": 1.0, "argument": 0.4722, "dep_disagree": null}}
[d4] {"from_mask": {"exact": 0.0, "opcode": 0.75, "argument": 0.2604, "dep_disagree": null}, "repair_wrong_op": {"exact": 0.0, "opcode": 0.75, "argument": 0.2604, "dep_disagree": null}, "repair_truncate": {"exact": 0.0, "opcode": 0.75, "argument": 0.2604, "dep_disagree": null}}
[d6] {"from_mask": {"exact": 0.0, "opcode": 0.5, "argument": 0.191, "dep_disagree": null}, "repair_wrong_op": {"exact": 0.0, "opcode": 0.5, "argument": 0.191, "dep_disagree": null}, "repair_truncate": {"exact": 0.0, "opcode": 0.5, "argument": 0.191, "dep_disagree": null}}
[d8] {"from_mask": {"exact": 0.0, "opcode": 0.375, "argument": 0.1406, "dep_disagree": null}, "repair_wrong_op": {"exact": 0.0, "opcode": 0.375, "argument": 0.1406, "dep_disagree": null}, "repair_truncate": {"exact": 0.0, "opcode": 0.375, "argument": 0.1406, "dep_disagree": null}}
[written] results/slotdiag/p3.json
status=0
=== p4 2026-08-29T00:24:10+00:00 ===
[d1] {"from_mask": {"exact": 0.5833, "opcode": 0.6667, "argument": 0.9583, "dep_disagree": 0.0}, "repair_wrong_op": {"exact": 0.5833, "opcode": 0.6667, "argument": 0.9583, "dep_disagree": 0.0}, "repair_truncate": {"exact": 0.5833, "opcode": 0.6667, "argument": 0.9583, "dep_disagree": 0.0}}
[d2] {"from_mask": {"exact": 0.0417, "opcode": 0.7917, "argument": 0.5417, "dep_disagree": 0.0833}, "repair_wrong_op": {"exact": 0.0417, "opcode": 0.7917, "argument": 0.5417, "dep_disagree": 0.0833}, "repair_truncate": {"exact": 0.0417, "opcode": 0.7917, "argument": 0.5521, "dep_disagree": 0.0833}}
[d3] {"from_mask": {"exact": 0.0, "opcode": 0.9444, "argument": 0.4514, "dep_disagree": 0.125}, "repair_wrong_op": {"exact": 0.0, "opcode": 0.9444, "argument": 0.4583, "dep_disagree": 0.125}, "repair_truncate": {"exact": 0.0, "opcode": 0.9444, "argument": 0.4514, "dep_disagree": 0.125}}
[d4] {"from_mask": {"exact": 0.0, "opcode": 0.625, "argument": 0.2917, "dep_disagree": 0.1667}, "repair_wrong_op": {"exact": 0.0, "opcode": 0.6354, "argument": 0.3021, "dep_disagree": 0.1667}, "repair_truncate": {"exact": 0.0, "opcode": 0.6354, "argument": 0.2969, "dep_disagree": 0.1667}}
[d6] {"from_mask": {"exact": 0.0, "opcode": 0.4236, "argument": 0.2222, "dep_disagree": 0.0833}, "repair_wrong_op": {"exact": 0.0, "opcode": 0.4236, "argument": 0.2118, "dep_disagree": 0.0833}, "repair_truncate": {"exact": 0.0, "opcode": 0.4236, "argument": 0.2153, "dep_disagree": 0.0833}}
[d8] {"from_mask": {"exact": 0.0, "opcode": 0.2969, "argument": 0.1354, "dep_disagree": 0.5833}, "repair_wrong_op": {"exact": 0.0, "opcode": 0.2969, "argument": 0.138, "dep_disagree": 0.5417}, "repair_truncate": {"exact": 0.0, "opcode": 0.2969, "argument": 0.1354, "dep_disagree": 0.5833}}
[written] results/slotdiag/p4.json
status=0
=== p2s 2026-08-29T00:24:24+00:00 ===
[d1] {"from_mask": {"exact": 0.0, "opcode": 0.0, "argument": 0.0, "dep_disagree": null}, "repair_wrong_op": {"exact": 0.0, "opcode": 0.0, "argument": 0.0, "dep_disagree": null}, "repair_truncate": {"exact": 0.0, "opcode": 0.0, "argument": 0.0, "dep_disagree": null}}
[d2] {"from_mask": {"exact": 0.0, "opcode": 0.0, "argument": 0.0312, "dep_disagree": null}, "repair_wrong_op": {"exact": 0.0, "opcode": 0.0, "argument": 0.0312, "dep_disagree": null}, "repair_truncate": {"exact": 0.0, "opcode": 0.0, "argument": 0.0312, "dep_disagree": null}}
[d3] {"from_mask": {"exact": 0.0, "opcode": 0.0, "argument": 0.0069, "dep_disagree": null}, "repair_wrong_op": {"exact": 0.0, "opcode": 0.0, "argument": 0.0069, "dep_disagree": null}, "repair_truncate": {"exact": 0.0, "opcode": 0.0, "argument": 0.0139, "dep_disagree": null}}
[d4] {"from_mask": {"exact": 0.0, "opcode": 0.0, "argument": 0.0052, "dep_disagree": null}, "repair_wrong_op": {"exact": 0.0, "opcode": 0.0, "argument": 0.0052, "dep_disagree": null}, "repair_truncate": {"exact": 0.0, "opcode": 0.0, "argument": 0.0052, "dep_disagree": null}}
[d6] {"from_mask": {"exact": 0.0, "opcode": 0.0, "argument": 0.0035, "dep_disagree": null}, "repair_wrong_op": {"exact": 0.0, "opcode": 0.0, "argument": 0.0069, "dep_disagree": null}, "repair_truncate": {"exact": 0.0, "opcode": 0.0, "argument": 0.0035, "dep_disagree": null}}
[d8] {"from_mask": {"exact": 0.0, "opcode": 0.0, "argument": 0.0, "dep_disagree": null}, "repair_wrong_op": {"exact": 0.0, "opcode": 0.0, "argument": 0.0, "dep_disagree": null}, "repair_truncate": {"exact": 0.0, "opcode": 0.0, "argument": 0.0, "dep_disagree": null}}
[written] results/slotdiag/p2s.json
status=0
=== diag done 2026-08-29T00:24:38+00:00 ===
