/opt/pytorch/lib64/python3.13/site-packages/torch/cuda/__init__.py:63: FutureWarning: The pynvml package is deprecated. Please install nvidia-ml-py instead. If you did not install pynvml directly, please report this to the maintainers of the package that installed pynvml for you.
  import pynvml  # type: ignore[import]
[oo_tok extrap_mixedk] step 0 loss 1.6724 t=1s
[oo_tok extrap_mixedk] step 1000 loss 0.6110 t=372s
[oo_tok extrap_mixedk] step 2000 loss 0.5539 t=824s
[oo_tok extrap_mixedk] step 3000 loss 0.4477 t=1302s
[oo_tok extrap_mixedk] step 4000 loss 0.3069 t=1781s
[oo_tok extrap_mixedk] step 5000 loss 0.2365 t=2260s
[oo_tok extrap_mixedk] step 6000 loss 0.1949 t=2739s
[oo_tok extrap_mixedk] step 7000 loss 0.0808 t=3217s
[oo_tok extrap_mixedk] step 8000 loss 0.0636 t=3696s
[oo_tok extrap_mixedk] step 9000 loss 0.0577 t=4174s
[oo_tok extrap_mixedk] step 10000 loss 0.0563 t=4653s
[oo_tok extrap_mixedk] step 11000 loss 0.0461 t=5131s
[oo_tok extrap_mixedk] step 12000 loss 0.0442 t=5609s
[oo_tok extrap_mixedk] step 13000 loss 0.0421 t=6087s
[oo_tok extrap_mixedk] step 14000 loss 0.0430 t=6566s
[oo_tok extrap_mixedk] step 15000 loss 0.0447 t=7044s
[oo_tok extrap_mixedk] step 16000 loss 0.0396 t=7522s
[oo_tok extrap_mixedk] step 17000 loss 0.0367 t=8001s
[oo_tok extrap_mixedk] step 18000 loss 0.0400 t=8450s
[oo_tok extrap_mixedk] step 19000 loss 0.0378 t=8929s
[oo_tok extrap_mixedk] step 19999 loss 0.0242 t=9343s
[oo_tok extrap_mixedk] EVAL [{"k": 1, "exact": 0.6825, "bit": 0.967775}, {"k": 2, "exact": 0.5525, "bit": 0.921375}, {"k": 4, "exact": 0.467, "bit": 0.8405}, {"k": 8, "exact": 0.01, "bit": 0.57255}, {"k": 16, "exact": 0.008, "bit": 0.5717}, {"k": 32, "exact": 0.0165, "bit": 0.57235}]
xedk] step 26000 loss 0.0785 t=6138s
[oo_tok extrap_mixedk] step 27000 loss 0.0749 t=6379s
[oo_tok extrap_mixedk] step 28000 loss 0.0690 t=6620s
[oo_tok extrap_mixedk] step 29000 loss 0.0714 t=6861s
[oo_tok extrap_mixedk] step 30000 loss 0.0746 t=7102s
[oo_tok extrap_mixedk] step 31000 loss 0.0793 t=7343s
[oo_tok extrap_mixedk] step 32000 loss 0.0737 t=7584s
[oo_tok extrap_mixedk] step 33000 loss 0.0748 t=7826s
[oo_tok extrap_mixedk] step 34000 loss 0.0733 t=8064s
[oo_tok extrap_mixedk] step 35000 loss 0.0699 t=8279s
[oo_tok extrap_mixedk] step 36000 loss 0.0787 t=8520s
[oo_tok extrap_mixedk] step 37000 loss 0.0768 t=8761s
[oo_tok extrap_mixedk] step 38000 loss 0.0773 t=9003s
[oo_tok extrap_mixedk] step 39000 loss 0.0769 t=9207s
[oo_tok extrap_mixedk] step 39999 loss 0.0406 t=9407s
[oo_tok extrap_mixedk] EVAL [{"k": 1, "exact": 0.447, "bit": 0.92225}, {"k": 2, "exact": 0.382, "bit": 0.84355}, {"k": 4, "exact": 0.3635, "bit": 0.766875}, {"k": 8, "exact": 0.031, "bit": 0.574325}, {"k": 16, "exact": 0.0345, "bit": 0.578325}, {"k": 32, "exact": 0.0335, "bit": 0.593125}]
