/opt/pytorch/lib64/python3.13/site-packages/torch/cuda/__init__.py:63: FutureWarning: The pynvml package is deprecated. Please install nvidia-ml-py instead. If you did not install pynvml directly, please report this to the maintainers of the package that installed pynvml for you.
  import pynvml  # type: ignore[import]
[oo_tok perk_k2] step 0 loss 1.6767 t=1s
[oo_tok perk_k2] step 1000 loss 0.6131 t=520s
[oo_tok perk_k2] step 2000 loss 0.5397 t=1038s
[oo_tok perk_k2] step 3000 loss 0.4980 t=1556s
[oo_tok perk_k2] step 4000 loss 0.4809 t=2075s
[oo_tok perk_k2] step 5000 loss 0.1890 t=2593s
[oo_tok perk_k2] step 6000 loss 0.1044 t=3111s
[oo_tok perk_k2] step 7000 loss 0.0943 t=3630s
[oo_tok perk_k2] step 8000 loss 0.0788 t=4148s
[oo_tok perk_k2] step 9000 loss 0.0669 t=4603s
[oo_tok perk_k2] step 10000 loss 0.0694 t=5048s
[oo_tok perk_k2] step 11000 loss 0.0632 t=5492s
[oo_tok perk_k2] step 12000 loss 0.0614 t=5936s
[oo_tok perk_k2] step 13000 loss 0.0604 t=6160s
[oo_tok perk_k2] step 14000 loss 0.0593 t=6382s
[oo_tok perk_k2] step 15000 loss 0.0623 t=6604s
[oo_tok perk_k2] step 16000 loss 0.0608 t=7045s
[oo_tok perk_k2] step 17000 loss 0.0581 t=7564s
[oo_tok perk_k2] step 18000 loss 0.0609 t=8083s
[oo_tok perk_k2] step 19000 loss 0.0583 t=8534s
[oo_tok perk_k2] step 19999 loss 0.0604 t=8978s
[oo_tok perk_k2] EVAL [{"k": 2, "exact": 0.3785000145435333, "bit": 0.849524974822998}]
5666s
[oo_tok perk_k2] step 23000 loss 0.0224 t=5896s
[oo_tok perk_k2] step 24000 loss 0.0185 t=6032s
[oo_tok perk_k2] step 25000 loss 0.0205 t=6148s
[oo_tok perk_k2] step 26000 loss 0.0195 t=6263s
[oo_tok perk_k2] step 27000 loss 0.0170 t=6378s
[oo_tok perk_k2] step 28000 loss 0.0211 t=6493s
[oo_tok perk_k2] step 29000 loss 0.0209 t=6608s
[oo_tok perk_k2] step 30000 loss 0.0207 t=6804s
[oo_tok perk_k2] step 31000 loss 0.0228 t=7073s
[oo_tok perk_k2] step 32000 loss 0.0191 t=7342s
[oo_tok perk_k2] step 33000 loss 0.0191 t=7610s
[oo_tok perk_k2] step 34000 loss 0.0200 t=7879s
[oo_tok perk_k2] step 35000 loss 0.0180 t=8145s
[oo_tok perk_k2] step 36000 loss 0.0191 t=8375s
[oo_tok perk_k2] step 37000 loss 0.0220 t=8606s
[oo_tok perk_k2] step 38000 loss 0.0225 t=8836s
[oo_tok perk_k2] step 39000 loss 0.0192 t=9052s
[oo_tok perk_k2] step 39999 loss 0.0192 t=9244s
[oo_tok perk_k2] EVAL [{"k": 2, "exact": 0.4025000333786011, "bit": 0.851224958896637}]
