[stream] {"induction_examples": 160000, "plan_examples": 160000, "plan_len_hist": {"1": 83270, "5": 7003, "7": 6932, "4": 6999, "12": 7073, "6": 6838, "9": 7165, "11": 6963, "10": 7024, "8": 6904, "3": 6940, "2": 6889}, "plan_len_max": 12, "plan_len_mean": 3.8866, "distinct_symbol_hist": {"1": 160000}, "distinct_symbol_max": 1, "max_depth": 12, "max_symbols": 1, "arm": "opgraph"}
{"examples": 320000, "encoded": 320000, "dropped_over_max_len": 0}
{"step": 1, "loss": 3.9309329986572266, "lr": 1.0000000000000001e-07, "tokens": 7840, "supervised": 2846, "secs": 67.2}
{"step": 400, "loss": 0.1362604796886444, "lr": 1.9967573081342103e-05, "tokens": 1892896, "supervised": 586790, "secs": 188.5}
{"step": 800, "loss": 0.05878365412354469, "lr": 1.9709418174260523e-05, "tokens": 3793376, "supervised": 1173266, "secs": 304.5}
{"step": 1200, "loss": 0.011828974820673466, "lr": 1.9199794436588244e-05, "tokens": 5662784, "supervised": 1739134, "secs": 418.1}
[W829 04:03:07.700336086 CUDACachingAllocator.cpp:3933] memory allocation failed with OOM on device 0 while trying to allocate 1052770304 bytes (free: 128974848, total: 85019590656).
{"step": 1600, "loss": 0.06552296131849289, "lr": 1.845190085543795e-05, "tokens": 7495328, "supervised": 2293364, "secs": 530.1}
{"step": 2000, "loss": 9.624132871977054e-06, "lr": 1.7485107481711014e-05, "tokens": 9411296, "supervised": 2889941, "secs": 645.5}
{"step": 2400, "loss": 8.453471309621818e-06, "lr": 1.6324453755953772e-05, "tokens": 11312608, "supervised": 3482218, "secs": 759.9}
{"step": 2800, "loss": 2.2860254830447957e-05, "lr": 1.5000000000000002e-05, "tokens": 13147296, "supervised": 4036857, "secs": 871.8}
{"step": 3200, "loss": 4.143666501477128e-06, "lr": 1.3546048870425356e-05, "tokens": 14986944, "supervised": 4596307, "secs": 983.6}
{"step": 3600, "loss": 2.360018334002234e-05, "lr": 1.2000256937760448e-05, "tokens": 16842592, "supervised": 5172040, "secs": 1097.4}
{"step": 4000, "loss": 0.0010021018097177148, "lr": 1.0402659401094154e-05, "tokens": 18770176, "supervised": 5779793, "secs": 1213.2}
{"step": 4400, "loss": 0.002418279182165861, "lr": 8.79463319744677e-06, "tokens": 20653856, "supervised": 6364168, "secs": 1326.9}
{"step": 4800, "loss": 2.1106632175360573e-06, "lr": 7.217825360835476e-06, "tokens": 22522304, "supervised": 6930404, "secs": 1440.1}
{"step": 5200, "loss": 1.0299343102815328e-06, "lr": 5.713074385969457e-06, "tokens": 24484032, "supervised": 7538465, "secs": 1557.0}
{"step": 5600, "loss": 6.153299182187766e-06, "lr": 4.31935253268844e-06, "tokens": 26333888, "supervised": 8120960, "secs": 1669.4}
{"step": 6000, "loss": 5.991303169139428e-07, "lr": 3.0727564649040066e-06, "tokens": 28164864, "supervised": 8686792, "secs": 1780.9}
{"step": 6400, "loss": 0.00021860931883566082, "lr": 2.0055723659649873e-06, "tokens": 30053632, "supervised": 9278014, "secs": 1894.9}
{"step": 6800, "loss": 5.115905423735967e-07, "lr": 1.1454397434678999e-06, "tokens": 31968992, "supervised": 9863856, "secs": 2010.0}
{"step": 7200, "loss": 1.6534536939616373e-07, "lr": 5.146355805285464e-07, "tokens": 33859936, "supervised": 10447064, "secs": 2124.2}
{"step": 7600, "loss": 3.2273862871079473e-07, "lr": 1.2949737362087156e-07, "tokens": 35697376, "supervised": 11028229, "secs": 2236.2}
{"step": 8000, "loss": 1.2574364518513903e-05, "lr": 0.0, "tokens": 37611328, "supervised": 11628501, "secs": 2351.3}
[done] opgraph -> /mnt/scratch/horizon/runs/d12s1.pt tokens=37611328 supervised=11628501 examples=320000
