[stream] {"induction_examples": 160000, "plan_examples": 160000, "plan_len_hist": {"1": 81184, "13": 2575, "12": 2578, "14": 2618, "11": 2549, "19": 2490, "24": 2446, "3": 2476, "29": 2530, "26": 2511, "2": 2538, "9": 2542, "25": 2562, "31": 2577, "15": 2522, "20": 2512, "30": 2626, "32": 2518, "6": 2476, "17": 2536, "5": 2486, "27": 2518, "18": 2549, "22": 2504, "10": 2592, "21": 2541, "8": 2575, "16": 2587, "28": 2618, "7": 2550, "4": 2554, "23": 2560}, "plan_len_max": 32, "plan_len_mean": 8.8911, "distinct_symbol_hist": {"1": 160000}, "distinct_symbol_max": 1, "max_depth": 32, "max_symbols": 1, "arm": "opgraph"}
{"examples": 320000, "encoded": 320000, "dropped_over_max_len": 0}
{"step": 1, "loss": 0.9158260226249695, "lr": 1.0000000000000001e-07, "tokens": 11712, "supervised": 8288, "secs": 76.1}
[W829 03:52:36.012126889 CUDACachingAllocator.cpp:3933] memory allocation failed with OOM on device 0 while trying to allocate 1644167168 bytes (free: 519045120, total: 85019590656).
[W829 03:52:36.158467854 CUDACachingAllocator.cpp:3933] memory allocation failed with OOM on device 0 while trying to allocate 1644167168 bytes (free: 875560960, total: 85019590656).
[W829 03:52:36.180276526 CUDACachingAllocator.cpp:3933] memory allocation failed with OOM on device 0 while trying to allocate 1644167168 bytes (free: 995098624, total: 85019590656).
Traceback (most recent call last):
  File "/home/ec2-user/opg/scripts/ceiling_train.py", line 70, in <module>
    raise SystemExit(main())
                     ^^^^^^
  File "/home/ec2-user/opg/scripts/ceiling_train.py", line 57, in main
    return trainer.main()
           ^^^^^^^^^^^^^^
  File "/home/ec2-user/opg/scripts/opgraph_train.py", line 153, in main
    loss.backward()
  File "/home/ec2-user/opg/.venv/lib/python3.12/site-packages/torch/_tensor.py", line 623, in backward
    torch.autograd.backward(
  File "/home/ec2-user/opg/.venv/lib/python3.12/site-packages/torch/autograd/__init__.py", line 395, in backward
    _engine_run_backward(
  File "/home/ec2-user/opg/.venv/lib/python3.12/site-packages/torch/autograd/graph.py", line 979, in _engine_run_backward
    return Variable._execution_engine.run_backward(  # Calls into the C++ engine to run the backward pass
           ^^^^^^^^^^^^^^^^^^^^^^^^^^^^^^^^^^^^^^^^^^^^^^^^^^^^^^^^^^^^^^^^^^^^^^^^^^^^^^^^^^^^^^^^^^^^^^
torch.OutOfMemoryError: CUDA out of memory. Tried to allocate 1.53 GiB. GPU 0 has a total capacity of 79.18 GiB of which 949.00 MiB is free. Including non-PyTorch memory, this process has 30.75 GiB memory in use. Process 525443 has 23.74 GiB memory in use. Process 526115 has 23.74 GiB memory in use. Of the allocated memory 25.63 GiB is allocated by PyTorch, and 4.37 GiB is reserved by PyTorch but unallocated. If reserved but unallocated memory is large try setting PYTORCH_CUDA_ALLOC_CONF=expandable_segments:True to avoid fragmentation.  See documentation for Memory Management  (https://docs.pytorch.org/docs/stable/notes/cuda.html#optimizing-memory-usage-with-pytorch-cuda-alloc-conf)
