{
 "n_items": 24,
 "cells": {
  "algebra|2": {
   "n": 2,
   "mean_floor": 0.15833
  },
  "algebra|3": {
   "n": 2,
   "mean_floor": 0.06667
  },
  "algebra|4": {
   "n": 2,
   "mean_floor": 0.15833
  },
  "algebra|5": {
   "n": 2,
   "mean_floor": 0.25
  },
  "binary_op|None": {
   "n": 2,
   "mean_floor": 0.0035
  },
  "exception_rule|None": {
   "n": 2,
   "mean_floor": 0.5
  },
  "refuniverse|1": {
   "n": 1,
   "mean_floor": 0.00787
  },
  "refuniverse|2": {
   "n": 1,
   "mean_floor": 0.00787
  },
  "refuniverse|3": {
   "n": 1,
   "mean_floor": 0.00787
  },
  "refuniverse|4": {
   "n": 1,
   "mean_floor": 0.00787
  },
  "refuniverse|5": {
   "n": 1,
   "mean_floor": 0.00787
  },
  "refuniverse|6": {
   "n": 1,
   "mean_floor": 0.00787
  },
  "refuniverse|7": {
   "n": 1,
   "mean_floor": 0.00787
  },
  "refuniverse|8": {
   "n": 1,
   "mean_floor": 0.00787
  },
  "substitution_rule|None": {
   "n": 2,
   "mean_floor": 0.2
  },
  "threshold_rule|None": {
   "n": 2,
   "mean_floor": 0.5
  }
 },
 "universes_used": {
  "refuniverse": 1,
  "algebra": 2,
  "binary_op": 1,
  "threshold_rule": 1,
  "substitution_rule": 1,
  "exception_rule": 1
 },
 "seed_ranges_scanned": {
  "refuniverse": [
   915000000,
   915000001
  ],
  "algebra": [
   925000000,
   925000002
  ],
  "binary_op": [
   935000000,
   935000001
  ],
  "threshold_rule": [
   936000000,
   936000001
  ],
  "substitution_rule": [
   937000000,
   937000001
  ],
  "exception_rule": [
   938000000,
   938000001
  ]
 },
 "items_sha256": "92ad2d22462ef23a58d84ca2b32e7a3ef8b9af22c294bc6c1c49427f644e92dd"
}
{
 "refuniverse": {
  "new_notation": {
   "distinct_emitted": 1,
   "kept": 1
  },
  "new_definitions": {
   "distinct_emitted": 1,
   "kept": 1
  },
  "new_theorem": {
   "distinct_emitted": 1,
   "kept": 1
  },
  "new_proof_technique": {
   "distinct_emitted": 2,
   "kept": 1,
   "naive_arithmetic": 1
  },
  "prerequisite_discovery": {
   "distinct_emitted": 1,
   "kept": 1
  },
  "cross_chapter_composition": {
   "distinct_emitted": 1,
   "kept": 1
  },
  "not_explicitly_stated": {
   "distinct_emitted": 1,
   "kept": 1
  },
  "open": {
   "distinct_emitted": 1,
   "kept": 1
  }
 },
 "algebra": {
  "new_definitions": {
   "distinct_emitted": 2,
   "kept": 2
  },
  "new_theorem": {
   "distinct_emitted": 5,
   "kept": 2,
   "canary_answers_it": 2,
   "sibling:not_corpus_mode": 1
  },
  "new_proof_technique": {
   "distinct_emitted": 3,
   "kept": 2,
   "not_corpus_mode": 1
  },
  "prerequisite_discovery": {
   "distinct_emitted": 3,
   "kept": 2,
   "sibling:keyword_nearest": 1
  }
 },
 "binary_op": {
  "new_notation": {
   "distinct_emitted": 8,
   "kept": 8
  }
 },
 "threshold_rule": {
  "new_notation": {
   "distinct_emitted": 13,
   "kept": 8,
   "sibling:ablation": 5
  }
 },
 "substitution_rule": {
  "new_notation": {
   "distinct_emitted": 8,
   "kept": 8
  }
 },
 "exception_rule": {
  "new_notation": {
   "distinct_emitted": 8,
   "kept": 8
  }
 }
}
seconds 0.4
