[ok] questions, golds and gold plans identical across wordings
[parser_all_wordings] s0 d=1 page=1.000 train=1.000 n=150
[parser_trained_wording] s0 d=1 page=1.000 train=1.000 n=150
[parser_all_wordings] s0 d=2 page=1.000 train=1.000 n=150
[parser_trained_wording] s0 d=2 page=1.000 train=1.000 n=150
[parser_all_wordings] s0 d=3 page=1.000 train=1.000 n=150
[parser_trained_wording] s0 d=3 page=1.000 train=1.000 n=150
[parser_all_wordings] s0 d=4 page=1.000 train=1.000 n=150
[parser_trained_wording] s0 d=4 page=1.000 train=1.000 n=150
[parser_all_wordings] s0 d=8 page=1.000 train=1.000 n=150
[parser_trained_wording] s0 d=8 page=1.000 train=1.000 n=150
[parser_all_wordings] s2 d=1 page=1.000 train=1.000 n=150
[parser_trained_wording] s2 d=1 page=0.000 train=0.000 n=150
[parser_all_wordings] s2 d=2 page=1.000 train=1.000 n=150
[parser_trained_wording] s2 d=2 page=0.000 train=0.000 n=150
[parser_all_wordings] s2 d=3 page=1.000 train=1.000 n=150
[parser_trained_wording] s2 d=3 page=0.000 train=0.000 n=150
[parser_all_wordings] s2 d=4 page=1.000 train=1.000 n=150
[parser_trained_wording] s2 d=4 page=0.000 train=0.000 n=150
[parser_all_wordings] s2 d=8 page=1.000 train=1.000 n=150
[parser_trained_wording] s2 d=8 page=0.000 train=0.000 n=150
[parser_all_wordings] s3 d=1 page=1.000 train=1.000 n=150
[parser_trained_wording] s3 d=1 page=0.000 train=0.000 n=150
[parser_all_wordings] s3 d=2 page=1.000 train=1.000 n=150
[parser_trained_wording] s3 d=2 page=0.000 train=0.000 n=150
[parser_all_wordings] s3 d=3 page=1.000 train=1.000 n=150
[parser_trained_wording] s3 d=3 page=0.000 train=0.000 n=150
[parser_all_wordings] s3 d=4 page=1.000 train=1.000 n=150
[parser_trained_wording] s3 d=4 page=0.000 train=0.000 n=150
[parser_all_wordings] s3 d=8 page=1.000 train=1.000 n=150
[parser_trained_wording] s3 d=8 page=0.000 train=0.000 n=150
[parser_all_wordings] s4 d=1 page=1.000 train=1.000 n=150
[parser_trained_wording] s4 d=1 page=0.000 train=0.000 n=150
[parser_all_wordings] s4 d=2 page=1.000 train=1.000 n=150
[parser_trained_wording] s4 d=2 page=0.000 train=0.000 n=150
[parser_all_wordings] s4 d=3 page=1.000 train=1.000 n=150
[parser_trained_wording] s4 d=3 page=0.000 train=0.000 n=150
[parser_all_wordings] s4 d=4 page=1.000 train=1.000 n=150
[parser_trained_wording] s4 d=4 page=0.000 train=0.000 n=150
[parser_all_wordings] s4 d=8 page=1.000 train=1.000 n=150
[parser_trained_wording] s4 d=8 page=0.000 train=0.000 n=150
[parser_all_wordings] perm d=1 page=1.000 train=0.000 n=131
[parser_trained_wording] perm d=1 page=1.000 train=0.000 n=131
[parser_all_wordings] perm d=2 page=1.000 train=0.000 n=136
[parser_trained_wording] perm d=2 page=1.000 train=0.000 n=136
[parser_all_wordings] perm d=3 page=1.000 train=0.000 n=140
[parser_trained_wording] perm d=3 page=1.000 train=0.000 n=140
[parser_all_wordings] perm d=4 page=1.000 train=0.000 n=135
[parser_trained_wording] perm d=4 page=1.000 train=0.000 n=135
[parser_all_wordings] perm d=8 page=1.000 train=0.000 n=136
[parser_trained_wording] perm d=8 page=1.000 train=0.000 n=136
[direct_all] s0 d=1 page=0.480 train=0.480 n=150
[direct_oracle_page] s0 d=1 page=0.527 train=0.527 n=150
[direct_all] s0 d=2 page=0.227 train=0.227 n=150
[direct_oracle_page] s0 d=2 page=0.220 train=0.220 n=150
[direct_all] s0 d=3 page=0.127 train=0.127 n=150
[direct_oracle_page] s0 d=3 page=0.167 train=0.167 n=150
[direct_all] s0 d=4 page=0.020 train=0.020 n=150
[direct_oracle_page] s0 d=4 page=0.040 train=0.040 n=150
[direct_all] s0 d=8 page=0.013 train=0.013 n=150
[direct_oracle_page] s0 d=8 page=0.013 train=0.013 n=150
[direct_all] s2 d=1 page=0.127 train=0.127 n=150
[direct_oracle_page] s2 d=1 page=0.140 train=0.140 n=150
[direct_all] s2 d=2 page=0.040 train=0.040 n=150
[direct_oracle_page] s2 d=2 page=0.033 train=0.033 n=150
[direct_all] s2 d=3 page=0.027 train=0.027 n=150
[direct_oracle_page] s2 d=3 page=0.040 train=0.040 n=150
[direct_all] s2 d=4 page=0.000 train=0.000 n=150
[direct_oracle_page] s2 d=4 page=0.020 train=0.020 n=150
[direct_all] s2 d=8 page=0.013 train=0.013 n=150
[direct_oracle_page] s2 d=8 page=0.013 train=0.013 n=150
[direct_all] s3 d=1 page=0.087 train=0.087 n=150
[direct_oracle_page] s3 d=1 page=0.100 train=0.100 n=150
[direct_all] s3 d=2 page=0.027 train=0.027 n=150
[direct_oracle_page] s3 d=2 page=0.053 train=0.053 n=150
[direct_all] s3 d=3 page=0.000 train=0.000 n=150
[direct_oracle_page] s3 d=3 page=0.020 train=0.020 n=150
[direct_all] s3 d=4 page=0.013 train=0.013 n=150
[direct_oracle_page] s3 d=4 page=0.027 train=0.027 n=150
[direct_all] s3 d=8 page=0.013 train=0.013 n=150
[direct_oracle_page] s3 d=8 page=0.013 train=0.013 n=150
[direct_all] s4 d=1 page=0.193 train=0.193 n=150
[direct_oracle_page] s4 d=1 page=0.280 train=0.280 n=150
[direct_all] s4 d=2 page=0.113 train=0.113 n=150
[direct_oracle_page] s4 d=2 page=0.180 train=0.180 n=150
[direct_all] s4 d=3 page=0.073 train=0.073 n=150
[direct_oracle_page] s4 d=3 page=0.080 train=0.080 n=150
[direct_all] s4 d=4 page=0.013 train=0.013 n=150
[direct_oracle_page] s4 d=4 page=0.027 train=0.027 n=150
[direct_all] s4 d=8 page=0.013 train=0.013 n=150
[direct_oracle_page] s4 d=8 page=0.013 train=0.013 n=150
[direct_all] perm d=1 page=0.023 train=0.130 n=131
[direct_oracle_page] perm d=1 page=0.015 train=0.115 n=131
[direct_all] perm d=2 page=0.022 train=0.022 n=136
[direct_oracle_page] perm d=2 page=0.007 train=0.044 n=136
[direct_all] perm d=3 page=0.021 train=0.036 n=140
[direct_oracle_page] perm d=3 page=0.029 train=0.057 n=140
[direct_all] perm d=4 page=0.007 train=0.015 n=135
[direct_oracle_page] perm d=4 page=0.015 train=0.015 n=135
[direct_all] perm d=8 page=0.015 train=0.007 n=136
[direct_oracle_page] perm d=8 page=0.022 train=0.007 n=136
[trace_all] s0 d=1 page=0.860 train=0.860 n=150
[trace_oracle_page] s0 d=1 page=0.853 train=0.853 n=150
[trace_all] s0 d=2 page=0.460 train=0.460 n=150
[trace_oracle_page] s0 d=2 page=0.487 train=0.487 n=150
[trace_all] s0 d=3 page=0.267 train=0.267 n=150
[trace_oracle_page] s0 d=3 page=0.240 train=0.240 n=150
[trace_all] s0 d=4 page=0.027 train=0.027 n=150
[trace_oracle_page] s0 d=4 page=0.000 train=0.000 n=150
[trace_all] s0 d=8 page=0.000 train=0.000 n=150
[trace_oracle_page] s0 d=8 page=0.000 train=0.000 n=150
[trace_all] s2 d=1 page=0.067 train=0.067 n=150
[trace_oracle_page] s2 d=1 page=0.120 train=0.120 n=150
[trace_all] s2 d=2 page=0.013 train=0.013 n=150
[trace_oracle_page] s2 d=2 page=0.007 train=0.007 n=150
[trace_all] s2 d=3 page=0.000 train=0.000 n=150
[trace_oracle_page] s2 d=3 page=0.013 train=0.013 n=150
[trace_all] s2 d=4 page=0.000 train=0.000 n=150
[trace_oracle_page] s2 d=4 page=0.013 train=0.013 n=150
[trace_all] s2 d=8 page=0.000 train=0.000 n=150
[trace_oracle_page] s2 d=8 page=0.013 train=0.013 n=150
[trace_all] s3 d=1 page=0.047 train=0.047 n=150
[trace_oracle_page] s3 d=1 page=0.107 train=0.107 n=150
[trace_all] s3 d=2 page=0.013 train=0.013 n=150
[trace_oracle_page] s3 d=2 page=0.000 train=0.000 n=150
[trace_all] s3 d=3 page=0.013 train=0.013 n=150
[trace_oracle_page] s3 d=3 page=0.007 train=0.007 n=150
[trace_all] s3 d=4 page=0.000 train=0.000 n=150
[trace_oracle_page] s3 d=4 page=0.013 train=0.013 n=150
[trace_all] s3 d=8 page=0.013 train=0.013 n=150
[trace_oracle_page] s3 d=8 page=0.020 train=0.020 n=150
[trace_all] s4 d=1 page=0.187 train=0.187 n=150
[trace_oracle_page] s4 d=1 page=0.387 train=0.387 n=150
[trace_all] s4 d=2 page=0.067 train=0.067 n=150
[trace_oracle_page] s4 d=2 page=0.127 train=0.127 n=150
[trace_all] s4 d=3 page=0.040 train=0.040 n=150
[trace_oracle_page] s4 d=3 page=0.053 train=0.053 n=150
[trace_all] s4 d=4 page=0.007 train=0.007 n=150
[trace_oracle_page] s4 d=4 page=0.000 train=0.000 n=150
[trace_all] s4 d=8 page=0.007 train=0.007 n=150
[trace_oracle_page] s4 d=8 page=0.000 train=0.000 n=150
[trace_all] perm d=1 page=0.053 train=0.069 n=131
[trace_oracle_page] perm d=1 page=0.061 train=0.076 n=131
[trace_all] perm d=2 page=0.015 train=0.037 n=136
[trace_oracle_page] perm d=2 page=0.015 train=0.044 n=136
[trace_all] perm d=3 page=0.000 train=0.036 n=140
[trace_oracle_page] perm d=3 page=0.014 train=0.036 n=140
[trace_all] perm d=4 page=0.007 train=0.000 n=135
[trace_oracle_page] perm d=4 page=0.015 train=0.000 n=135
[trace_all] perm d=8 page=0.015 train=0.007 n=136
[trace_oracle_page] perm d=8 page=0.007 train=0.007 n=136
[induce] 512/600 pages
[induce] 600/600 pages
[induction s0] {"pages": 600, "pages_parsed": 600, "gold_ops": 900, "induced_ops": 900, "self_verified": 900, "exact_text": 600, "behavioural": 600}
[plan_execute] s0 d=1 page=1.000 train=1.000 n=150
[oracle_plan] s0 d=1 page=1.000 train=1.000 n=150
[oracle_ops] s0 d=1 page=1.000 train=1.000 n=150
[oracle_both] s0 d=1 page=1.000 train=1.000 n=150
[plan_execute] s0 d=2 page=0.480 train=0.480 n=150
[oracle_plan] s0 d=2 page=1.000 train=1.000 n=150
[oracle_ops] s0 d=2 page=0.480 train=0.480 n=150
[oracle_both] s0 d=2 page=1.000 train=1.000 n=150
[plan_execute] s0 d=3 page=0.500 train=0.500 n=150
[oracle_plan] s0 d=3 page=1.000 train=1.000 n=150
[oracle_ops] s0 d=3 page=0.507 train=0.507 n=150
[oracle_both] s0 d=3 page=1.000 train=1.000 n=150
[plan_execute] s0 d=4 page=0.020 train=0.020 n=150
[oracle_plan] s0 d=4 page=1.000 train=1.000 n=150
[oracle_ops] s0 d=4 page=0.020 train=0.020 n=150
[oracle_both] s0 d=4 page=1.000 train=1.000 n=150
[plan_execute] s0 d=8 page=0.013 train=0.013 n=150
[oracle_plan] s0 d=8 page=1.000 train=1.000 n=150
[oracle_ops] s0 d=8 page=0.013 train=0.013 n=150
[oracle_both] s0 d=8 page=1.000 train=1.000 n=150
[induce] 512/600 pages
[induce] 600/600 pages
[induction s2] {"pages": 600, "pages_parsed": 368, "gold_ops": 900, "induced_ops": 621, "self_verified": 353, "exact_text": 323, "behavioural": 376}
[plan_execute] s2 d=1 page=0.187 train=0.187 n=150
[oracle_plan] s2 d=1 page=0.187 train=0.187 n=150
[plan_execute] s2 d=2 page=0.100 train=0.100 n=150
[oracle_plan] s2 d=2 page=0.153 train=0.153 n=150
[plan_execute] s2 d=3 page=0.087 train=0.087 n=150
[oracle_plan] s2 d=3 page=0.127 train=0.127 n=150
[plan_execute] s2 d=4 page=0.000 train=0.000 n=150
[oracle_plan] s2 d=4 page=0.187 train=0.187 n=150
[plan_execute] s2 d=8 page=0.000 train=0.000 n=150
[oracle_plan] s2 d=8 page=0.133 train=0.133 n=150
[induce] 512/600 pages
[induce] 600/600 pages
[induction s3] {"pages": 600, "pages_parsed": 362, "gold_ops": 900, "induced_ops": 660, "self_verified": 532, "exact_text": 468, "behavioural": 468}
[plan_execute] s3 d=1 page=0.207 train=0.207 n=150
[oracle_plan] s3 d=1 page=0.207 train=0.207 n=150
[plan_execute] s3 d=2 page=0.080 train=0.080 n=150
[oracle_plan] s3 d=2 page=0.160 train=0.160 n=150
[plan_execute] s3 d=3 page=0.087 train=0.087 n=150
[oracle_plan] s3 d=3 page=0.153 train=0.153 n=150
[plan_execute] s3 d=4 page=0.000 train=0.000 n=150
[oracle_plan] s3 d=4 page=0.187 train=0.187 n=150
[plan_execute] s3 d=8 page=0.000 train=0.000 n=150
[oracle_plan] s3 d=8 page=0.167 train=0.167 n=150
[induce] 512/600 pages
[induce] 600/600 pages
[induction s4] {"pages": 600, "pages_parsed": 436, "gold_ops": 900, "induced_ops": 752, "self_verified": 157, "exact_text": 400, "behavioural": 407}
[plan_execute] s4 d=1 page=0.087 train=0.087 n=150
[oracle_plan] s4 d=1 page=0.087 train=0.087 n=150
[plan_execute] s4 d=2 page=0.053 train=0.053 n=150
[oracle_plan] s4 d=2 page=0.093 train=0.093 n=150
[plan_execute] s4 d=3 page=0.060 train=0.060 n=150
[oracle_plan] s4 d=3 page=0.073 train=0.073 n=150
[plan_execute] s4 d=4 page=0.000 train=0.000 n=150
[oracle_plan] s4 d=4 page=0.153 train=0.153 n=150
[plan_execute] s4 d=8 page=0.000 train=0.000 n=150
[oracle_plan] s4 d=8 page=0.107 train=0.107 n=150
[induce] 512/600 pages
[induce] 600/600 pages
[induction perm] {"pages": 600, "pages_parsed": 600, "gold_ops": 900, "induced_ops": 900, "self_verified": 610, "exact_text": 600, "behavioural": 600}
[identity] {"distinguishable": 290, "follows_training": 290, "indistinguishable": 10}
[plan_execute] perm d=1 page=0.000 train=1.000 n=131
[oracle_plan] perm d=1 page=0.000 train=1.000 n=131
[oracle_ops] perm d=1 page=1.000 train=0.000 n=131
[oracle_both] perm d=1 page=1.000 train=0.000 n=131
[plan_execute] perm d=2 page=0.088 train=0.493 n=136
[oracle_plan] perm d=2 page=0.000 train=1.000 n=136
[oracle_ops] perm d=2 page=0.493 train=0.096 n=136
[oracle_both] perm d=2 page=1.000 train=0.000 n=136
[plan_execute] perm d=3 page=0.021 train=0.479 n=140
[oracle_plan] perm d=3 page=0.000 train=1.000 n=140
[oracle_ops] perm d=3 page=0.493 train=0.007 n=140
[oracle_both] perm d=3 page=1.000 train=0.000 n=140
[plan_execute] perm d=4 page=0.000 train=0.022 n=135
[oracle_plan] perm d=4 page=0.000 train=1.000 n=135
[oracle_ops] perm d=4 page=0.000 train=0.015 n=135
[oracle_both] perm d=4 page=1.000 train=0.000 n=135
[plan_execute] perm d=8 page=0.000 train=0.015 n=136
[oracle_plan] perm d=8 page=0.000 train=1.000 n=136
[oracle_ops] perm d=8 page=0.022 train=0.000 n=136
[oracle_both] perm d=8 page=1.000 train=0.000 n=136
[written] results/audit_c78.json
