[induce] 512/600 pages
[induce] 600/600 pages
[dumped] s0
[induce] 512/600 pages
[induce] 600/600 pages
[dumped] s2
[induce] 512/600 pages
[induce] 600/600 pages
[dumped] s3
[induce] 512/600 pages
[induce] 600/600 pages
[dumped] s4
[induce] 512/600 pages
[induce] 600/600 pages
[dumped] perm
[induce] 512/600 pages
[induce] 600/600 pages
[dumped] renum
[renum plan_execute] d=1 acc=0.473
[renum oracle_plan] d=1 acc=0.473
[renum oracle_ops] d=1 acc=1.000
[renum oracle_both] d=1 acc=1.000
[renum plan_execute] d=2 acc=0.100
[renum oracle_plan] d=2 acc=0.127
[renum oracle_ops] d=2 acc=0.453
[renum oracle_both] d=2 acc=1.000
[renum plan_execute] d=3 acc=0.047
[renum oracle_plan] d=3 acc=0.080
[renum oracle_ops] d=3 acc=0.513
[renum oracle_both] d=3 acc=1.000
[renum plan_execute] d=4 acc=0.000
[renum oracle_plan] d=4 acc=0.100
[renum oracle_ops] d=4 acc=0.007
[renum oracle_both] d=4 acc=1.000
[renum plan_execute] d=8 acc=0.000
[renum oracle_plan] d=8 acc=0.013
[renum oracle_ops] d=8 acc=0.013
[renum oracle_both] d=8 acc=1.000
[renum direct_all] d=1 acc=0.040
[renum direct_oracle_page] d=1 acc=0.040
[renum direct_all] d=2 acc=0.027
[renum direct_oracle_page] d=2 acc=0.013
[renum direct_all] d=3 acc=0.000
[renum direct_oracle_page] d=3 acc=0.000
[renum direct_all] d=4 acc=0.013
[renum direct_oracle_page] d=4 acc=0.007
[renum direct_all] d=8 acc=0.007
[renum direct_oracle_page] d=8 acc=0.007
[written] results/audit_c78b.json
