{"batch": 1, "prompt_len": 600, "r_steps": 0, "decode_tokens": 16, "prompt_ms": 24.38, "reason_ms": 0.01, "decode_ms": 382.67, "ms_per_latent_step": 0.012, "ms_per_decoded_token": 23.917, "ms_per_example": 407.066, "reason_passes_per_example": 0, "reason_layer_apps_per_example": 0}
{"batch": 1, "prompt_len": 600, "r_steps": 1, "decode_tokens": 16, "prompt_ms": 24.7, "reason_ms": 24.63, "decode_ms": 380.6, "ms_per_latent_step": 24.631, "ms_per_decoded_token": 23.787, "ms_per_example": 429.931, "reason_passes_per_example": 1, "reason_layer_apps_per_example": 24}
{"batch": 1, "prompt_len": 600, "r_steps": 2, "decode_tokens": 16, "prompt_ms": 24.52, "reason_ms": 47.54, "decode_ms": 380.94, "ms_per_latent_step": 23.771, "ms_per_decoded_token": 23.809, "ms_per_example": 453.003, "reason_passes_per_example": 2, "reason_layer_apps_per_example": 48}
{"batch": 1, "prompt_len": 600, "r_steps": 4, "decode_tokens": 16, "prompt_ms": 25.17, "reason_ms": 103.96, "decode_ms": 392.7, "ms_per_latent_step": 25.99, "ms_per_decoded_token": 24.544, "ms_per_example": 521.837, "reason_passes_per_example": 4, "reason_layer_apps_per_example": 96}
{"batch": 1, "prompt_len": 600, "r_steps": 8, "decode_tokens": 16, "prompt_ms": 25.54, "reason_ms": 198.19, "decode_ms": 397.52, "ms_per_latent_step": 24.774, "ms_per_decoded_token": 24.845, "ms_per_example": 621.252, "reason_passes_per_example": 8, "reason_layer_apps_per_example": 192}
{"batch": 1, "prompt_len": 600, "r_steps": 16, "decode_tokens": 16, "prompt_ms": 25.57, "reason_ms": 400.8, "decode_ms": 397.05, "ms_per_latent_step": 25.05, "ms_per_decoded_token": 24.816, "ms_per_example": 823.426, "reason_passes_per_example": 16, "reason_layer_apps_per_example": 384}
{"batch": 1, "prompt_len": 600, "r_steps": 32, "decode_tokens": 16, "prompt_ms": 25.49, "reason_ms": 792.96, "decode_ms": 396.3, "ms_per_latent_step": 24.78, "ms_per_decoded_token": 24.769, "ms_per_example": 1214.752, "reason_passes_per_example": 32, "reason_layer_apps_per_example": 768}
{"batch": 1, "prompt_len": 600, "r_steps": 64, "decode_tokens": 16, "prompt_ms": 25.56, "reason_ms": 1600.49, "decode_ms": 405.92, "ms_per_latent_step": 25.008, "ms_per_decoded_token": 25.37, "ms_per_example": 2031.975, "reason_passes_per_example": 64, "reason_layer_apps_per_example": 1536}
{"batch": 16, "prompt_len": 600, "r_steps": 0, "decode_tokens": 16, "prompt_ms": 40.46, "reason_ms": 0.01, "decode_ms": 397.73, "ms_per_latent_step": 0.012, "ms_per_decoded_token": 24.858, "ms_per_example": 27.387, "reason_passes_per_example": 0, "reason_layer_apps_per_example": 0}
{"batch": 16, "prompt_len": 600, "r_steps": 1, "decode_tokens": 16, "prompt_ms": 40.58, "reason_ms": 24.83, "decode_ms": 394.69, "ms_per_latent_step": 24.827, "ms_per_decoded_token": 24.668, "ms_per_example": 28.756, "reason_passes_per_example": 1, "reason_layer_apps_per_example": 24}
{"batch": 16, "prompt_len": 600, "r_steps": 2, "decode_tokens": 16, "prompt_ms": 40.69, "reason_ms": 49.56, "decode_ms": 395.09, "ms_per_latent_step": 24.778, "ms_per_decoded_token": 24.693, "ms_per_example": 30.333, "reason_passes_per_example": 2, "reason_layer_apps_per_example": 48}
{"batch": 16, "prompt_len": 600, "r_steps": 4, "decode_tokens": 16, "prompt_ms": 40.53, "reason_ms": 97.19, "decode_ms": 389.72, "ms_per_latent_step": 24.297, "ms_per_decoded_token": 24.358, "ms_per_example": 32.965, "reason_passes_per_example": 4, "reason_layer_apps_per_example": 96}
{"batch": 16, "prompt_len": 600, "r_steps": 8, "decode_tokens": 16, "prompt_ms": 40.74, "reason_ms": 197.81, "decode_ms": 393.53, "ms_per_latent_step": 24.726, "ms_per_decoded_token": 24.595, "ms_per_example": 39.504, "reason_passes_per_example": 8, "reason_layer_apps_per_example": 192}
{"batch": 16, "prompt_len": 600, "r_steps": 16, "decode_tokens": 16, "prompt_ms": 40.63, "reason_ms": 398.44, "decode_ms": 395.14, "ms_per_latent_step": 24.902, "ms_per_decoded_token": 24.696, "ms_per_example": 52.138, "reason_passes_per_example": 16, "reason_layer_apps_per_example": 384}
{"batch": 16, "prompt_len": 600, "r_steps": 32, "decode_tokens": 16, "prompt_ms": 41.0, "reason_ms": 792.74, "decode_ms": 396.53, "ms_per_latent_step": 24.773, "ms_per_decoded_token": 24.783, "ms_per_example": 76.892, "reason_passes_per_example": 32, "reason_layer_apps_per_example": 768}
{"batch": 16, "prompt_len": 600, "r_steps": 64, "decode_tokens": 16, "prompt_ms": 40.67, "reason_ms": 1583.85, "decode_ms": 395.65, "ms_per_latent_step": 24.748, "ms_per_decoded_token": 24.728, "ms_per_example": 126.26, "reason_passes_per_example": 64, "reason_layer_apps_per_example": 1536}
[done] -> results/latent/bench.json
{"r": 2, "n": 24, "differs_from_r0": 0.041666666666666664, "differs_from_zeroed": 0.0, "differs_from_shuffled": 0.0}
{"r": 4, "n": 24, "differs_from_r0": 0.2916666666666667, "differs_from_zeroed": 0.041666666666666664, "differs_from_shuffled": 0.0}
{"r": 8, "n": 24, "differs_from_r0": 0.08333333333333333, "differs_from_zeroed": 0.0, "differs_from_shuffled": 0.0}
[done] -> results/latent/check_plan.json
{"r": 2, "n": 24, "differs_from_r0": 0.0, "differs_from_zeroed": 0.041666666666666664, "differs_from_shuffled": 0.0}
{"r": 4, "n": 24, "differs_from_r0": 0.041666666666666664, "differs_from_zeroed": 0.041666666666666664, "differs_from_shuffled": 0.041666666666666664}
{"r": 8, "n": 24, "differs_from_r0": 0.041666666666666664, "differs_from_zeroed": 0.041666666666666664, "differs_from_shuffled": 0.08333333333333333}
[done] -> results/latent/check_answer.json
LANE_DONE
