=== 2026-08-29T02:27:09Z bootstrap ===
tar: Ignoring unknown extended header keyword 'LIBARCHIVE.xattr.com.apple.provenance'
tar: Ignoring unknown extended header keyword 'LIBARCHIVE.xattr.com.apple.provenance'
tar: Ignoring unknown extended header keyword 'LIBARCHIVE.xattr.com.apple.provenance'
tar: Ignoring unknown extended header keyword 'LIBARCHIVE.xattr.com.apple.provenance'
tar: Ignoring unknown extended header keyword 'LIBARCHIVE.xattr.com.apple.provenance'
tar: Ignoring unknown extended header keyword 'LIBARCHIVE.xattr.com.apple.provenance'
tar: Ignoring unknown extended header keyword 'LIBARCHIVE.xattr.com.apple.provenance'
tar: Ignoring unknown extended header keyword 'LIBARCHIVE.xattr.com.apple.provenance'
tar: Ignoring unknown extended header keyword 'LIBARCHIVE.xattr.com.apple.provenance'
tar: Ignoring unknown extended header keyword 'LIBARCHIVE.xattr.com.apple.provenance'
tar: Ignoring unknown extended header keyword 'LIBARCHIVE.xattr.com.apple.provenance'
tar: Ignoring unknown extended header keyword 'LIBARCHIVE.xattr.com.apple.provenance'
tar: Ignoring unknown extended header keyword 'LIBARCHIVE.xattr.com.apple.provenance'
tar: Ignoring unknown extended header keyword 'LIBARCHIVE.xattr.com.apple.provenance'
tar: Ignoring unknown extended header keyword 'LIBARCHIVE.xattr.com.apple.provenance'
bundle ok

-- Docs: https://docs.pytest.org/en/stable/how-to/capture-warnings.html
36 passed, 1 warning in 1.92s
0, 0 %, 0 MiB
1, 100 %, 30533 MiB
2, 100 %, 30447 MiB
3, 77 %, 46629 MiB
4, 99 %, 36483 MiB
5, 10 %, 6323 MiB
6, 100 %, 50287 MiB
7, 100 %, 60465 MiB
/dev/nvme0n1p1  300G  180G  121G  60% /
464210 bash src/latent/publish.sh latent_publish
464788 bash src/latent/launch.sh latent_launcher
464789 bash src/latent/chain.sh latent_chain
=== bootstrap done ===
=== 2026-08-29T02:36:48Z bootstrap ===
tar: Ignoring unknown extended header keyword 'LIBARCHIVE.xattr.com.apple.provenance'
tar: Ignoring unknown extended header keyword 'LIBARCHIVE.xattr.com.apple.provenance'
tar: Ignoring unknown extended header keyword 'LIBARCHIVE.xattr.com.apple.provenance'
tar: Ignoring unknown extended header keyword 'LIBARCHIVE.xattr.com.apple.provenance'
tar: Ignoring unknown extended header keyword 'LIBARCHIVE.xattr.com.apple.provenance'
tar: Ignoring unknown extended header keyword 'LIBARCHIVE.xattr.com.apple.provenance'
tar: Ignoring unknown extended header keyword 'LIBARCHIVE.xattr.com.apple.provenance'
tar: Ignoring unknown extended header keyword 'LIBARCHIVE.xattr.com.apple.provenance'
tar: Ignoring unknown extended header keyword 'LIBARCHIVE.xattr.com.apple.provenance'
tar: Ignoring unknown extended header keyword 'LIBARCHIVE.xattr.com.apple.provenance'
tar: Ignoring unknown extended header keyword 'LIBARCHIVE.xattr.com.apple.provenance'
tar: Ignoring unknown extended header keyword 'LIBARCHIVE.xattr.com.apple.provenance'
tar: Ignoring unknown extended header keyword 'LIBARCHIVE.xattr.com.apple.provenance'
tar: Ignoring unknown extended header keyword 'LIBARCHIVE.xattr.com.apple.provenance'
tar: Ignoring unknown extended header keyword 'LIBARCHIVE.xattr.com.apple.provenance'
bundle ok

-- Docs: https://docs.pytest.org/en/stable/how-to/capture-warnings.html
36 passed, 1 warning in 2.03s
0, 100 %, 65367 MiB
1, 100 %, 30533 MiB
2, 98 %, 30447 MiB
3, 80 %, 46629 MiB
4, 50 %, 34913 MiB
5, 26 %, 4249 MiB
6, 49 %, 20123 MiB
7, 0 %, 0 MiB
/dev/nvme0n1p1  300G  184G  117G  62% /
464789 bash src/latent/chain.sh latent_chain
468158 bash src/latent/publish.sh latent_publish
=== bootstrap done ===
