=== nvidia-smi before choosing ===
0, 85 %, 37839 MiB, 81559 MiB
1, 100 %, 30533 MiB, 81559 MiB
2, 100 %, 30447 MiB, 81559 MiB
3, 89 %, 46627 MiB, 81559 MiB
4, 39 %, 28843 MiB, 81559 MiB
5, 53 %, 23599 MiB, 81559 MiB
6, 52 %, 25839 MiB, 81559 MiB
7, 96 %, 30771 MiB, 81559 MiB
chosen GPU=5 used=23601MiB
=== p1 train 2026-08-29T00:51:15+00:00 ===
train status=0
{"step": 4, "kind": "plan", "loss": 3.61142, "lr": 0.0, "secs": 1.4}
[dropped] {"induce": 0, "plan": 0, "sequences": 16}
[done] head=p1 -> runs/micro/p1.pt
=== p1 eval 2026-08-29T00:51:26+00:00 ===
eval status=0
[oracle_both] sequential d=1 n=2 acc=1.000 parse=1.000 exact=1.000 fwd=0.0
[oracle_both] sequential d=2 n=2 acc=1.000 parse=1.000 exact=1.000 fwd=0.0
[oracle_both] sequential d=3 n=2 acc=1.000 parse=1.000 exact=1.000 fwd=0.0
[oracle_both] sequential d=4 n=2 acc=1.000 parse=1.000 exact=1.000 fwd=0.0
[oracle_both] sequential d=5 n=2 acc=1.000 parse=1.000 exact=1.000 fwd=0.0
[oracle_both] sequential d=6 n=2 acc=1.000 parse=1.000 exact=1.000 fwd=0.0
[oracle_both] sequential d=7 n=2 acc=1.000 parse=1.000 exact=1.000 fwd=0.0
[oracle_both] sequential d=8 n=2 acc=1.000 parse=1.000 exact=1.000 fwd=0.0
oracle_ops@T0.8                    sequential         1:0.000 2:0.000 3:0.000 4:0.000 5:0.000 6:0.000 7:0.000 8:0.000
oracle_plan@T0.8                   sequential         1:0.000 2:0.000 3:0.000 4:0.000 5:0.000 6:0.000 7:0.000 8:0.000
[written] results/micro/p1.json
=== p2 train 2026-08-29T00:56:17+00:00 ===
train status=0
{"step": 4, "kind": "plan", "loss": 4.27595, "lr": 0.0, "secs": 1.3}
[dropped] {"induce": 0, "plan": 0, "sequences": 16}
[done] head=p2 -> runs/micro/p2.pt
=== p2 eval 2026-08-29T00:56:28+00:00 ===
eval status=0
[oracle_both] sequential d=1 n=2 acc=1.000 parse=1.000 exact=1.000 fwd=0.0
[oracle_both] sequential d=2 n=2 acc=1.000 parse=1.000 exact=1.000 fwd=0.0
[oracle_both] sequential d=3 n=2 acc=1.000 parse=1.000 exact=1.000 fwd=0.0
[oracle_both] sequential d=4 n=2 acc=1.000 parse=1.000 exact=1.000 fwd=0.0
[oracle_both] sequential d=5 n=2 acc=1.000 parse=1.000 exact=1.000 fwd=0.0
[oracle_both] sequential d=6 n=2 acc=1.000 parse=1.000 exact=1.000 fwd=0.0
[oracle_both] sequential d=7 n=2 acc=1.000 parse=1.000 exact=1.000 fwd=0.0
[oracle_both] sequential d=8 n=2 acc=1.000 parse=1.000 exact=1.000 fwd=0.0
oracle_ops@T0.8                    sequential         1:0.000 2:0.000 3:0.000 4:0.000 5:0.000 6:0.000 7:0.000 8:0.000
oracle_plan@T0.8                   sequential         1:0.000 2:0.000 3:0.000 4:0.000 5:0.000 6:0.000 7:0.000 8:0.000
[written] results/micro/p2.json
=== p2s train 2026-08-29T01:01:12+00:00 ===
train status=0
{"step": 4, "kind": "plan", "loss": 2.56426, "lr": 0.0, "secs": 1.6}
[dropped] {"induce": 0, "plan": 0, "sequences": 16}
[done] head=p2s -> runs/micro/p2s.pt
=== p2s eval 2026-08-29T01:01:23+00:00 ===
eval status=0
[oracle_both] sequential d=1 n=2 acc=1.000 parse=1.000 exact=1.000 fwd=0.0
[oracle_both] sequential d=2 n=2 acc=1.000 parse=1.000 exact=1.000 fwd=0.0
[oracle_both] sequential d=3 n=2 acc=1.000 parse=1.000 exact=1.000 fwd=0.0
[oracle_both] sequential d=4 n=2 acc=1.000 parse=1.000 exact=1.000 fwd=0.0
[oracle_both] sequential d=5 n=2 acc=1.000 parse=1.000 exact=1.000 fwd=0.0
[oracle_both] sequential d=6 n=2 acc=1.000 parse=1.000 exact=1.000 fwd=0.0
[oracle_both] sequential d=7 n=2 acc=1.000 parse=1.000 exact=1.000 fwd=0.0
[oracle_both] sequential d=8 n=2 acc=1.000 parse=1.000 exact=1.000 fwd=0.0
oracle_ops@T0.8                    sequential         1:0.000 2:0.000 3:0.000 4:0.000 5:0.000 6:0.000 7:0.000 8:0.000
oracle_plan@T0.8                   sequential         1:0.000 2:0.000 3:0.000 4:0.000 5:0.000 6:0.000 7:0.000 8:0.000
[written] results/micro/p2s.json
=== p3 train 2026-08-29T01:03:28+00:00 ===
train status=0
{"step": 4, "kind": "plan", "loss": 3.29918, "lr": 0.0, "secs": 1.5}
[dropped] {"induce": 0, "plan": 0, "sequences": 16}
[done] head=p3 -> runs/micro/p3.pt
=== p3 eval 2026-08-29T01:03:39+00:00 ===
eval status=0
[oracle_both] sequential d=1 n=2 acc=1.000 parse=1.000 exact=1.000 fwd=0.0
[oracle_both] sequential d=2 n=2 acc=1.000 parse=1.000 exact=1.000 fwd=0.0
[oracle_both] sequential d=3 n=2 acc=1.000 parse=1.000 exact=1.000 fwd=0.0
[oracle_both] sequential d=4 n=2 acc=1.000 parse=1.000 exact=1.000 fwd=0.0
[oracle_both] sequential d=5 n=2 acc=1.000 parse=1.000 exact=1.000 fwd=0.0
[oracle_both] sequential d=6 n=2 acc=1.000 parse=1.000 exact=1.000 fwd=0.0
[oracle_both] sequential d=7 n=2 acc=1.000 parse=1.000 exact=1.000 fwd=0.0
[oracle_both] sequential d=8 n=2 acc=1.000 parse=1.000 exact=1.000 fwd=0.0
oracle_ops@T0.8@it3                sequential         1:0.000 2:0.000 3:0.000 4:0.000 5:0.000 6:0.000 7:0.000 8:0.000
oracle_plan@T0.8@it3               sequential         1:0.000 2:0.000 3:0.000 4:0.000 5:0.000 6:0.000 7:0.000 8:0.000
[written] results/micro/p3.json
=== p4 train 2026-08-29T01:04:28+00:00 ===
train status=0
{"step": 4, "kind": "plan", "loss": 2.62973, "lr": 0.0, "secs": 1.6}
[dropped] {"induce": 0, "plan": 0, "sequences": 16}
[done] head=p4 -> runs/micro/p4.pt
=== p4 eval 2026-08-29T01:04:40+00:00 ===
eval status=0
[oracle_both] sequential d=1 n=2 acc=1.000 parse=1.000 exact=1.000 fwd=0.0
[oracle_both] sequential d=2 n=2 acc=1.000 parse=1.000 exact=1.000 fwd=0.0
[oracle_both] sequential d=3 n=2 acc=1.000 parse=1.000 exact=1.000 fwd=0.0
[oracle_both] sequential d=4 n=2 acc=1.000 parse=1.000 exact=1.000 fwd=0.0
[oracle_both] sequential d=5 n=2 acc=1.000 parse=1.000 exact=1.000 fwd=0.0
[oracle_both] sequential d=6 n=2 acc=1.000 parse=1.000 exact=1.000 fwd=0.0
[oracle_both] sequential d=7 n=2 acc=1.000 parse=1.000 exact=1.000 fwd=0.0
[oracle_both] sequential d=8 n=2 acc=1.000 parse=1.000 exact=1.000 fwd=0.0
oracle_ops@T0.8@it3                sequential         1:0.000 2:0.000 3:0.000 4:0.000 5:0.000 6:0.000 7:0.000 8:0.000
oracle_plan@T0.8@it3               sequential         1:0.000 2:0.000 3:0.000 4:0.000 5:0.000 6:0.000 7:0.000 8:0.000
[written] results/micro/p4.json
=== micro done 2026-08-29T01:05:29+00:00 ===
