=== p1 train 2026-08-28T23:50:32+00:00 ===
train status=0
{"step": 3, "kind": "induce", "loss": 2.80929, "lr": 1e-05, "secs": 1.2}
{"step": 4, "kind": "plan", "loss": 3.61142, "lr": 0.0, "secs": 1.4}
[done] head=p1 -> runs/micro/p1.pt
=== p1 eval 2026-08-28T23:50:43+00:00 ===
eval status=0
[oracle_both] sequential d=1 n=2 acc=1.000 parse=1.000 exact=1.000 fwd=0.0
[oracle_both] sequential d=2 n=2 acc=1.000 parse=1.000 exact=1.000 fwd=0.0
[oracle_both] sequential d=3 n=2 acc=1.000 parse=1.000 exact=1.000 fwd=0.0
[oracle_both] sequential d=4 n=2 acc=1.000 parse=1.000 exact=1.000 fwd=0.0
[oracle_both] sequential d=5 n=2 acc=1.000 parse=1.000 exact=1.000 fwd=0.0
[oracle_both] sequential d=6 n=2 acc=1.000 parse=1.000 exact=1.000 fwd=0.0
[oracle_both] sequential d=7 n=2 acc=1.000 parse=1.000 exact=1.000 fwd=0.0
[oracle_both] sequential d=8 n=2 acc=1.000 parse=1.000 exact=1.000 fwd=0.0
oracle_ops@T0.8                    sequential         1:0.000 2:0.000 3:0.000 4:0.000 5:0.000 6:0.000 7:0.000 8:0.000
oracle_plan@T0.8                   sequential         1:0.000 2:0.000 3:0.000 4:0.000 5:0.000 6:0.000 7:0.000 8:0.000
[written] results/micro/p1.json
=== p2 train 2026-08-28T23:55:23+00:00 ===
train status=0
{"step": 3, "kind": "induce", "loss": 2.79449, "lr": 1e-05, "secs": 1.1}
{"step": 4, "kind": "plan", "loss": 4.27595, "lr": 0.0, "secs": 1.3}
[done] head=p2 -> runs/micro/p2.pt
=== p2 eval 2026-08-28T23:55:34+00:00 ===
eval status=0
[oracle_both] sequential d=1 n=2 acc=1.000 parse=1.000 exact=1.000 fwd=0.0
[oracle_both] sequential d=2 n=2 acc=1.000 parse=1.000 exact=1.000 fwd=0.0
[oracle_both] sequential d=3 n=2 acc=1.000 parse=1.000 exact=1.000 fwd=0.0
[oracle_both] sequential d=4 n=2 acc=1.000 parse=1.000 exact=1.000 fwd=0.0
[oracle_both] sequential d=5 n=2 acc=1.000 parse=1.000 exact=1.000 fwd=0.0
[oracle_both] sequential d=6 n=2 acc=1.000 parse=1.000 exact=1.000 fwd=0.0
[oracle_both] sequential d=7 n=2 acc=1.000 parse=1.000 exact=1.000 fwd=0.0
[oracle_both] sequential d=8 n=2 acc=1.000 parse=1.000 exact=1.000 fwd=0.0
oracle_ops@T0.8                    sequential         1:0.000 2:0.000 3:0.000 4:0.000 5:0.000 6:0.000 7:0.000 8:0.000
oracle_plan@T0.8                   sequential         1:0.000 2:0.000 3:0.000 4:0.000 5:0.000 6:0.000 7:0.000 8:0.000
[written] results/micro/p2.json
=== p2s train 2026-08-29T00:00:11+00:00 ===
train status=0
{"step": 4, "kind": "plan", "loss": 3.82526, "lr": 0.0, "secs": 1.4}
[dropped] {"induce": 0, "plan": 0, "sequences": 16}
[done] head=p2s -> runs/micro/p2s.pt
=== p2s eval 2026-08-29T00:00:23+00:00 ===
eval status=0
[oracle_both] sequential d=1 n=2 acc=1.000 parse=1.000 exact=1.000 fwd=0.0
[oracle_both] sequential d=2 n=2 acc=1.000 parse=1.000 exact=1.000 fwd=0.0
[oracle_both] sequential d=3 n=2 acc=1.000 parse=1.000 exact=1.000 fwd=0.0
[oracle_both] sequential d=4 n=2 acc=1.000 parse=1.000 exact=1.000 fwd=0.0
[oracle_both] sequential d=5 n=2 acc=1.000 parse=1.000 exact=1.000 fwd=0.0
[oracle_both] sequential d=6 n=2 acc=1.000 parse=1.000 exact=1.000 fwd=0.0
[oracle_both] sequential d=7 n=2 acc=1.000 parse=1.000 exact=1.000 fwd=0.0
[oracle_both] sequential d=8 n=2 acc=1.000 parse=1.000 exact=1.000 fwd=0.0
oracle_ops@T0.8                    sequential         1:0.000 2:0.000 3:0.000 4:0.000 5:0.000 6:0.000 7:0.000 8:0.000
oracle_plan@T0.8                   sequential         1:0.000 2:0.000 3:0.000 4:0.000 5:0.000 6:0.000 7:0.000 8:0.000
[written] results/micro/p2s.json
=== p3 train 2026-08-29T00:02:32+00:00 ===
train status=0
{"step": 4, "kind": "plan", "loss": 2.4626, "lr": 0.0, "secs": 1.5}
[dropped] {"induce": 0, "plan": 0, "sequences": 16}
[done] head=p3 -> runs/micro/p3.pt
=== p3 eval 2026-08-29T00:02:44+00:00 ===
eval status=0
[oracle_both] sequential d=1 n=2 acc=1.000 parse=1.000 exact=1.000 fwd=0.0
[oracle_both] sequential d=2 n=2 acc=1.000 parse=1.000 exact=1.000 fwd=0.0
[oracle_both] sequential d=3 n=2 acc=1.000 parse=1.000 exact=1.000 fwd=0.0
[oracle_both] sequential d=4 n=2 acc=1.000 parse=1.000 exact=1.000 fwd=0.0
[oracle_both] sequential d=5 n=2 acc=1.000 parse=1.000 exact=1.000 fwd=0.0
[oracle_both] sequential d=6 n=2 acc=1.000 parse=1.000 exact=1.000 fwd=0.0
[oracle_both] sequential d=7 n=2 acc=1.000 parse=1.000 exact=1.000 fwd=0.0
[oracle_both] sequential d=8 n=2 acc=1.000 parse=1.000 exact=1.000 fwd=0.0
oracle_ops@T0.8@it3                sequential         1:0.000 2:0.000 3:0.000 4:0.000 5:0.000 6:0.000 7:0.000 8:0.000
oracle_plan@T0.8@it3               sequential         1:0.000 2:0.000 3:0.000 4:0.000 5:0.000 6:0.000 7:0.000 8:0.000
[written] results/micro/p3.json
=== p4 train 2026-08-29T00:03:32+00:00 ===
train status=0
{"step": 4, "kind": "plan", "loss": 3.3909, "lr": 0.0, "secs": 1.5}
[dropped] {"induce": 0, "plan": 0, "sequences": 16}
[done] head=p4 -> runs/micro/p4.pt
=== p4 eval 2026-08-29T00:03:43+00:00 ===
eval status=0
[oracle_both] sequential d=1 n=2 acc=1.000 parse=1.000 exact=1.000 fwd=0.0
[oracle_both] sequential d=2 n=2 acc=1.000 parse=1.000 exact=1.000 fwd=0.0
[oracle_both] sequential d=3 n=2 acc=1.000 parse=1.000 exact=1.000 fwd=0.0
[oracle_both] sequential d=4 n=2 acc=1.000 parse=1.000 exact=1.000 fwd=0.0
[oracle_both] sequential d=5 n=2 acc=1.000 parse=1.000 exact=1.000 fwd=0.0
[oracle_both] sequential d=6 n=2 acc=1.000 parse=1.000 exact=1.000 fwd=0.0
[oracle_both] sequential d=7 n=2 acc=1.000 parse=1.000 exact=1.000 fwd=0.0
[oracle_both] sequential d=8 n=2 acc=1.000 parse=1.000 exact=1.000 fwd=0.0
oracle_ops@T0.8@it3                sequential         1:0.000 2:0.000 3:0.000 4:0.000 5:0.000 6:0.000 7:0.000 8:0.000
oracle_plan@T0.8@it3               sequential         1:0.000 2:0.000 3:0.000 4:0.000 5:0.000 6:0.000 7:0.000 8:0.000
[written] results/micro/p4.json
=== micro done 2026-08-29T00:04:32+00:00 ===
