=== p1 train 2026-08-28T23:49:56+00:00 ===
train status=0
{"step": 160, "kind": "plan", "loss": 0.07913, "lr": 5.85e-06, "secs": 19.3}
{"step": 200, "kind": "plan", "loss": 0.05238, "lr": 1.59e-06, "secs": 23.0}
{"step": 240, "kind": "plan", "loss": 0.04528, "lr": 0.0, "secs": 26.9}
[done] head=p1 -> runs/smoke/p1.pt
=== p1 eval 2026-08-28T23:50:33+00:00 ===
eval status=0
oracle_plan@T0.8                   sequential         1:1.000 2:1.000 3:1.000 4:1.000 5:1.000 6:1.000 7:1.000 8:1.000
oracle_plan@T0.8                   breadth            1:1.000 2:1.000 3:1.000 4:0.000 5:0.000 6:0.000
oracle_plan@T0.8                   novel              2:1.000 3:1.000 4:1.000 5:1.000 6:1.000
[written] results/smoke/p1.json
=== p2 train 2026-08-28T23:53:47+00:00 ===
train status=0
{"step": 160, "kind": "plan", "loss": 0.10013, "lr": 5.85e-06, "secs": 18.5}
{"step": 200, "kind": "plan", "loss": 0.08771, "lr": 1.59e-06, "secs": 22.3}
{"step": 240, "kind": "plan", "loss": 0.12107, "lr": 0.0, "secs": 26.3}
[done] head=p2 -> runs/smoke/p2.pt
=== p2 eval 2026-08-28T23:54:24+00:00 ===
eval status=0
oracle_plan@T0.8                   sequential         1:1.000 2:1.000 3:1.000 4:1.000 5:1.000 6:1.000 7:1.000 8:1.000
oracle_plan@T0.8                   breadth            1:1.000 2:1.000 3:1.000 4:0.000 5:0.000 6:0.000
oracle_plan@T0.8                   novel              2:1.000 3:1.000 4:1.000 5:1.000 6:1.000
[written] results/smoke/p2.json
=== p2s train 2026-08-28T23:57:43+00:00 ===
train status=0
{"step": 160, "kind": "plan", "loss": 0.08631, "lr": 5.85e-06, "secs": 21.7}
{"step": 200, "kind": "plan", "loss": 0.07291, "lr": 1.59e-06, "secs": 25.7}
{"step": 240, "kind": "plan", "loss": 0.05189, "lr": 0.0, "secs": 29.3}
[done] head=p2s -> runs/smoke/p2s.pt
=== p2s eval 2026-08-28T23:58:23+00:00 ===
eval status=0
oracle_plan@T0.8                   sequential         1:1.000 2:1.000 3:1.000 4:1.000 5:1.000 6:1.000 7:1.000 8:1.000
oracle_plan@T0.8                   breadth            1:1.000 2:1.000 3:1.000 4:0.000 5:0.000 6:0.000
oracle_plan@T0.8                   novel              2:1.000 3:1.000 4:1.000 5:1.000 6:1.000
[written] results/smoke/p2s.json
=== p3 train 2026-08-29T00:03:53+00:00 ===
train status=0
{"step": 200, "kind": "plan", "loss": 0.05725, "lr": 1.59e-06, "secs": 24.4}
{"step": 240, "kind": "plan", "loss": 0.04875, "lr": 0.0, "secs": 28.5}
[dropped] {"induce": 0, "plan": 0, "sequences": 1920}
[done] head=p3 -> runs/smoke/p3.pt
=== p3 eval 2026-08-29T00:04:32+00:00 ===
eval status=0
oracle_plan@T0.8@it4               sequential         1:1.000 2:1.000 3:1.000 4:1.000 5:1.000 6:1.000 7:1.000 8:1.000
oracle_plan@T0.8@it4               breadth            1:1.000 2:1.000 3:1.000 4:0.000 5:0.000 6:0.000
oracle_plan@T0.8@it4               novel              2:1.000 3:1.000 4:1.000 5:1.000 6:1.000
[written] results/smoke/p3.json
=== p4 train 2026-08-29T00:06:57+00:00 ===
train status=0
{"step": 200, "kind": "plan", "loss": 0.06353, "lr": 1.59e-06, "secs": 24.5}
{"step": 240, "kind": "plan", "loss": 0.04112, "lr": 0.0, "secs": 30.0}
[dropped] {"induce": 0, "plan": 0, "sequences": 1920}
[done] head=p4 -> runs/smoke/p4.pt
=== p4 eval 2026-08-29T00:07:37+00:00 ===
eval status=0
oracle_plan@T0.8@it4               sequential         1:1.000 2:1.000 3:1.000 4:1.000 5:1.000 6:1.000 7:1.000 8:1.000
oracle_plan@T0.8@it4               breadth            1:1.000 2:1.000 3:1.000 4:0.000 5:0.000 6:0.000
oracle_plan@T0.8@it4               novel              2:1.000 3:1.000 4:1.000 5:1.000 6:1.000
[written] results/smoke/p4.json
codec status=127
scripts/planheads_smoke.sh: line 40: --n: command not found
scripts/planheads_smoke.sh: line 44: syntax error near unexpected token `fi'
scripts/planheads_smoke.sh: line 44: `fi'
