/opt/pytorch/lib64/python3.13/site-packages/torch/cuda/__init__.py:63: FutureWarning: The pynvml package is deprecated. Please install nvidia-ml-py instead. If you did not install pynvml directly, please report this to the maintainers of the package that installed pynvml for you.
  import pynvml  # type: ignore[import]
[oo_tok extrap_mixedk] step 0 loss 1.6748 t=1s
[oo_tok extrap_mixedk] step 1000 loss 0.6158 t=87s
[oo_tok extrap_mixedk] step 2000 loss 0.5739 t=167s
[oo_tok extrap_mixedk] step 3000 loss 0.5496 t=247s
[oo_tok extrap_mixedk] step 4000 loss 0.5457 t=327s
[oo_tok extrap_mixedk] step 5000 loss 0.1594 t=395s
[oo_tok extrap_mixedk] step 6000 loss 0.0690 t=630s
[oo_tok extrap_mixedk] step 7000 loss 0.0454 t=911s
[oo_tok extrap_mixedk] step 8000 loss 0.0364 t=1192s
[oo_tok extrap_mixedk] step 9000 loss 0.0361 t=1473s
[oo_tok extrap_mixedk] step 10000 loss 0.0428 t=1753s
[oo_tok extrap_mixedk] step 11000 loss 0.0361 t=2034s
[oo_tok extrap_mixedk] step 12000 loss 0.0340 t=2315s
[oo_tok extrap_mixedk] step 13000 loss 0.0299 t=2596s
[oo_tok extrap_mixedk] step 14000 loss 0.0256 t=2876s
[oo_tok extrap_mixedk] step 15000 loss 0.0329 t=3157s
[oo_tok extrap_mixedk] step 16000 loss 0.0275 t=3438s
[oo_tok extrap_mixedk] step 17000 loss 0.0223 t=3718s
[oo_tok extrap_mixedk] step 18000 loss 0.0203 t=3999s
[oo_tok extrap_mixedk] step 19000 loss 0.0230 t=4280s
[oo_tok extrap_mixedk] step 19999 loss 0.0141 t=4560s
Traceback (most recent call last):
  File "/home/ec2-user/ca/ca_arms.py", line 467, in <module>
    bit = (pred == final).float().mean().item()
  File "/home/ec2-user/ca/ca_arms.py", line 444, in run_arm
    h2, past = gpt(embeds=lat_in(cur)[:, None], past=past); cur = h2[:, -1]
       ^^^^^^^^^^^
  File "/opt/pytorch/lib64/python3.13/site-packages/torch/utils/_contextlib.py", line 124, in decorate_context
    return func(*args, **kwargs)
  File "/home/ec2-user/ca/ca_arms.py", line 376, in evaluate
    if arm == "oo_pause":
                      ^^^
  File "/opt/pytorch/lib64/python3.13/site-packages/torch/nn/modules/module.py", line 1778, in _wrapped_call_impl
    return self._call_impl(*args, **kwargs)
           ~~~~~~~~~~~~~~~^^^^^^^^^^^^^^^^^
  File "/opt/pytorch/lib64/python3.13/site-packages/torch/nn/modules/module.py", line 1789, in _call_impl
    return forward_call(*args, **kwargs)
  File "/home/ec2-user/ca/ca_arms.py", line 122, in forward
    x, kv = blk(x, None if past is None else past[i])
            ~~~^^^^^^^^^^^^^^^^^^^^^^^^^^^^^^^^^^^^^^
  File "/opt/pytorch/lib64/python3.13/site-packages/torch/nn/modules/module.py", line 1778, in _wrapped_call_impl
    return self._call_impl(*args, **kwargs)
           ~~~~~~~~~~~~~~~^^^^^^^^^^^^^^^^^
  File "/opt/pytorch/lib64/python3.13/site-packages/torch/nn/modules/module.py", line 1789, in _call_impl
    return forward_call(*args, **kwargs)
  File "/home/ec2-user/ca/ca_arms.py", line 96, in forward
    a, kv = self.attn(self.ln1(x), past)
            ~~~~~~~~~^^^^^^^^^^^^^^^^^^^
  File "/opt/pytorch/lib64/python3.13/site-packages/torch/nn/modules/module.py", line 1778, in _wrapped_call_impl
    return self._call_impl(*args, **kwargs)
           ~~~~~~~~~~~~~~~^^^^^^^^^^^^^^^^^
  File "/opt/pytorch/lib64/python3.13/site-packages/torch/nn/modules/module.py", line 1789, in _call_impl
    return forward_call(*args, **kwargs)
  File "/home/ec2-user/ca/ca_arms.py", line 84, in forward
    v = torch.cat([past[1], v], dim=2)
torch.OutOfMemoryError: CUDA out of memory. Tried to allocate 416.00 MiB. GPU 0 has a total capacity of 44.39 GiB of which 285.38 MiB is free. Including non-PyTorch memory, this process has 8.86 GiB memory in use. Process 449828 has 4.54 GiB memory in use. Process 449816 has 6.26 GiB memory in use. Process 449817 has 2.81 GiB memory in use. Process 449821 has 5.11 GiB memory in use. Process 449827 has 11.94 GiB memory in use. Process 449832 has 4.54 GiB memory in use. Of the allocated memory 6.11 GiB is allocated by PyTorch, and 2.25 GiB is reserved by PyTorch but unallocated. If reserved but unallocated memory is large try setting PYTORCH_CUDA_ALLOC_CONF=expandable_segments:True to avoid fragmentation.  See documentation for Memory Management  (https://docs.pytorch.org/docs/stable/notes/cuda.html#optimizing-memory-usage-with-pytorch-cuda-alloc-conf)
