=== big/coconut params=7.99M device=mps ===
train=17746 val=500 test=2000
  stage 0 ep 0 step 50 loss 1.3393 (4s)
  stage 0 ep 0 step 100 loss 0.5540 (7s)
  stage 0 ep 0 step 150 loss 0.4086 (11s)
  stage 0 ep 0 step 200 loss 0.3128 (14s)
  stage 0 ep 0 step 250 loss 0.1605 (18s)
  stage 0 ep 0 step 300 loss 0.0357 (21s)
  stage 0 ep 0 step 350 loss 0.0156 (24s)
  stage 0 ep 0 step 400 loss 0.0112 (27s)
  stage 0 ep 0 step 450 loss 0.0017 (31s)
  stage 0 ep 0 step 500 loss 0.0008 (34s)
  stage 0 ep 0 step 550 loss 0.0003 (37s)
  stage 0 ep 1 step 600 loss 0.0001 (41s)
  stage 0 ep 1 step 650 loss 0.0000 (44s)
  stage 0 ep 1 step 700 loss 0.0000 (47s)
  stage 0 ep 1 step 750 loss 0.0000 (51s)
  stage 0 ep 1 step 800 loss 0.0000 (54s)
  stage 0 ep 1 step 850 loss 0.0000 (57s)
  stage 0 ep 1 step 900 loss 0.0000 (60s)
  stage 0 ep 1 step 950 loss 0.0000 (64s)
  stage 0 ep 1 step 1000 loss 0.0000 (67s)
  stage 0 ep 1 step 1050 loss 0.0000 (70s)
  stage 0 ep 1 step 1100 loss 0.0000 (73s)
  stage 0 ep 2 step 1150 loss 0.0000 (76s)
  stage 0 ep 2 step 1200 loss 0.0000 (80s)
  stage 0 ep 2 step 1250 loss 0.0000 (83s)
  stage 0 ep 2 step 1300 loss 0.0000 (86s)
  stage 0 ep 2 step 1350 loss 0.0000 (89s)
  stage 0 ep 2 step 1400 loss 0.0000 (92s)
  stage 0 ep 2 step 1450 loss 0.0000 (95s)
  stage 0 ep 2 step 1500 loss 0.0000 (99s)
  stage 0 ep 2 step 1550 loss 0.0000 (102s)
  stage 0 ep 2 step 1600 loss 0.0000 (105s)
  stage 0 ep 2 step 1650 loss 0.0000 (108s)
  stage 0 ep 3 step 1700 loss 0.0000 (111s)
  stage 0 ep 3 step 1750 loss 0.0000 (115s)
  stage 0 ep 3 step 1800 loss 0.0000 (118s)
  stage 0 ep 3 step 1850 loss 0.0000 (122s)
  stage 0 ep 3 step 1900 loss 0.0000 (125s)
  stage 0 ep 3 step 1950 loss 0.0000 (128s)
  stage 0 ep 3 step 2000 loss 0.0000 (132s)
  stage 0 ep 3 step 2050 loss 0.0000 (135s)
  stage 0 ep 3 step 2100 loss 0.0000 (138s)
  stage 0 ep 3 step 2150 loss 0.0000 (141s)
  stage 0 ep 3 step 2200 loss 0.0000 (145s)
[stage 0] val exact=1.000 concept=1.000
  stage 1 ep 0 step 2250 loss 2.0351 (151s)
  stage 1 ep 0 step 2300 loss 0.2316 (157s)
  stage 1 ep 0 step 2350 loss 0.0178 (162s)
  stage 1 ep 0 step 2400 loss 0.0126 (167s)
  stage 1 ep 0 step 2450 loss 0.0112 (171s)
  stage 1 ep 0 step 2500 loss 0.0081 (177s)
  stage 1 ep 0 step 2550 loss 0.0088 (182s)
  stage 1 ep 0 step 2600 loss 0.0061 (186s)
  stage 1 ep 0 step 2650 loss 0.0054 (191s)
  stage 1 ep 0 step 2700 loss 0.0031 (196s)
  stage 1 ep 0 step 2750 loss 0.0043 (201s)
  stage 1 ep 1 step 2800 loss 0.0029 (206s)
  stage 1 ep 1 step 2850 loss 0.0054 (211s)
  stage 1 ep 1 step 2900 loss 0.0016 (216s)
  stage 1 ep 1 step 2950 loss 0.0000 (221s)
  stage 1 ep 1 step 3000 loss 0.0000 (225s)
  stage 1 ep 1 step 3050 loss 0.0000 (230s)
  stage 1 ep 1 step 3100 loss 0.0000 (235s)
  stage 1 ep 1 step 3150 loss 0.0000 (239s)
  stage 1 ep 1 step 3200 loss 0.0000 (245s)
  stage 1 ep 1 step 3250 loss 0.0000 (249s)
  stage 1 ep 1 step 3300 loss 0.0000 (254s)
  stage 1 ep 2 step 3350 loss 0.0000 (259s)
  stage 1 ep 2 step 3400 loss 0.0000 (263s)
  stage 1 ep 2 step 3450 loss 0.0000 (267s)
  stage 1 ep 2 step 3500 loss 0.0000 (272s)
  stage 1 ep 2 step 3550 loss 0.0000 (276s)
  stage 1 ep 2 step 3600 loss 0.0000 (280s)
  stage 1 ep 2 step 3650 loss 0.0000 (285s)
  stage 1 ep 2 step 3700 loss 0.0000 (289s)
  stage 1 ep 2 step 3750 loss 0.0000 (293s)
  stage 1 ep 2 step 3800 loss 0.0000 (297s)
  stage 1 ep 2 step 3850 loss 0.0000 (302s)
  stage 1 ep 3 step 3900 loss 0.0000 (306s)
  stage 1 ep 3 step 3950 loss 0.0000 (310s)
  stage 1 ep 3 step 4000 loss 0.0000 (315s)
  stage 1 ep 3 step 4050 loss 0.0000 (320s)
  stage 1 ep 3 step 4100 loss 0.0000 (324s)
  stage 1 ep 3 step 4150 loss 0.0000 (330s)
  stage 1 ep 3 step 4200 loss 0.0000 (335s)
  stage 1 ep 3 step 4250 loss 0.0000 (340s)
  stage 1 ep 3 step 4300 loss 0.0000 (346s)
  stage 1 ep 3 step 4350 loss 0.0000 (352s)
  stage 1 ep 3 step 4400 loss 0.0000 (358s)
[stage 1] val exact=1.000 concept=1.000
  stage 2 ep 0 step 4450 loss 2.5626 (366s)
  stage 2 ep 0 step 4500 loss 0.6415 (374s)
  stage 2 ep 0 step 4550 loss 0.1532 (383s)
  stage 2 ep 0 step 4600 loss 0.1176 (391s)
  stage 2 ep 0 step 4650 loss 0.1078 (400s)
  stage 2 ep 0 step 4700 loss 0.0946 (409s)
  stage 2 ep 0 step 4750 loss 0.0812 (416s)
  stage 2 ep 0 step 4800 loss 0.0781 (423s)
  stage 2 ep 0 step 4850 loss 0.0654 (432s)
  stage 2 ep 0 step 4900 loss 0.0513 (440s)
  stage 2 ep 0 step 4950 loss 0.0489 (449s)
  stage 2 ep 1 step 5000 loss 0.0401 (458s)
  stage 2 ep 1 step 5050 loss 0.0319 (466s)
  stage 2 ep 1 step 5100 loss 0.0298 (473s)
  stage 2 ep 1 step 5150 loss 0.0237 (481s)
  stage 2 ep 1 step 5200 loss 0.0195 (487s)
  stage 2 ep 1 step 5250 loss 0.0174 (493s)
  stage 2 ep 1 step 5300 loss 0.0186 (499s)
  stage 2 ep 1 step 5350 loss 0.0104 (505s)
  stage 2 ep 1 step 5400 loss 0.0120 (511s)
  stage 2 ep 1 step 5450 loss 0.0079 (517s)
  stage 2 ep 1 step 5500 loss 0.0089 (524s)
  stage 2 ep 1 step 5550 loss 0.0070 (530s)
  stage 2 ep 2 step 5600 loss 0.0071 (536s)
  stage 2 ep 2 step 5650 loss 0.0031 (542s)
  stage 2 ep 2 step 5700 loss 0.0033 (548s)
  stage 2 ep 2 step 5750 loss 0.0030 (554s)
  stage 2 ep 2 step 5800 loss 0.0015 (560s)
  stage 2 ep 2 step 5850 loss 0.0022 (566s)
  stage 2 ep 2 step 5900 loss 0.0016 (573s)
  stage 2 ep 2 step 5950 loss 0.0006 (579s)
  stage 2 ep 2 step 6000 loss 0.0003 (585s)
  stage 2 ep 2 step 6050 loss 0.0001 (591s)
  stage 2 ep 2 step 6100 loss 0.0001 (597s)
  stage 2 ep 3 step 6150 loss 0.0001 (603s)
  stage 2 ep 3 step 6200 loss 0.0000 (609s)
  stage 2 ep 3 step 6250 loss 0.0000 (615s)
  stage 2 ep 3 step 6300 loss 0.0000 (621s)
  stage 2 ep 3 step 6350 loss 0.0000 (627s)
  stage 2 ep 3 step 6400 loss 0.0000 (634s)
  stage 2 ep 3 step 6450 loss 0.0000 (640s)
  stage 2 ep 3 step 6500 loss 0.0000 (646s)
  stage 2 ep 3 step 6550 loss 0.0000 (652s)
  stage 2 ep 3 step 6600 loss 0.0000 (658s)
  stage 2 ep 3 step 6650 loss 0.0000 (664s)
[stage 2] val exact=1.000 concept=1.000
  stage 3 ep 0 step 6700 loss 2.6039 (673s)
  stage 3 ep 0 step 6750 loss 0.4592 (682s)
  stage 3 ep 0 step 6800 loss 0.3343 (690s)
  stage 3 ep 0 step 6850 loss 0.3106 (697s)
  stage 3 ep 0 step 6900 loss 0.2422 (705s)
  stage 3 ep 0 step 6950 loss 0.2206 (713s)
  stage 3 ep 0 step 7000 loss 0.1903 (722s)
  stage 3 ep 0 step 7050 loss 0.1749 (730s)
  stage 3 ep 0 step 7100 loss 0.1661 (737s)
  stage 3 ep 0 step 7150 loss 0.1525 (745s)
  stage 3 ep 0 step 7200 loss 0.1349 (753s)
  stage 3 ep 1 step 7250 loss 0.1130 (761s)
  stage 3 ep 1 step 7300 loss 0.1097 (769s)
  stage 3 ep 1 step 7350 loss 0.1010 (777s)
  stage 3 ep 1 step 7400 loss 0.1006 (785s)
  stage 3 ep 1 step 7450 loss 0.0868 (793s)
  stage 3 ep 1 step 7500 loss 0.0769 (801s)
  stage 3 ep 1 step 7550 loss 0.0758 (809s)
  stage 3 ep 1 step 7600 loss 0.0661 (817s)
  stage 3 ep 1 step 7650 loss 0.0696 (825s)
  stage 3 ep 1 step 7700 loss 0.0611 (833s)
  stage 3 ep 1 step 7750 loss 0.0558 (841s)
  stage 3 ep 2 step 7800 loss 0.0524 (848s)
  stage 3 ep 2 step 7850 loss 0.0503 (856s)
  stage 3 ep 2 step 7900 loss 0.0409 (864s)
  stage 3 ep 2 step 7950 loss 0.0402 (872s)
  stage 3 ep 2 step 8000 loss 0.0356 (880s)
  stage 3 ep 2 step 8050 loss 0.0338 (888s)
  stage 3 ep 2 step 8100 loss 0.0302 (896s)
  stage 3 ep 2 step 8150 loss 0.0304 (904s)
  stage 3 ep 2 step 8200 loss 0.0288 (911s)
  stage 3 ep 2 step 8250 loss 0.0278 (919s)
  stage 3 ep 2 step 8300 loss 0.0257 (927s)
  stage 3 ep 3 step 8350 loss 0.0235 (935s)
  stage 3 ep 3 step 8400 loss 0.0184 (943s)
  stage 3 ep 3 step 8450 loss 0.0192 (951s)
  stage 3 ep 3 step 8500 loss 0.0193 (959s)
  stage 3 ep 3 step 8550 loss 0.0147 (966s)
  stage 3 ep 3 step 8600 loss 0.0141 (974s)
  stage 3 ep 3 step 8650 loss 0.0131 (982s)
  stage 3 ep 3 step 8700 loss 0.0151 (990s)
  stage 3 ep 3 step 8750 loss 0.0148 (998s)
  stage 3 ep 3 step 8800 loss 0.0163 (1005s)
  stage 3 ep 3 step 8850 loss 0.0162 (1013s)
[stage 3] val exact=0.934 concept=0.934
  stage 99 ep 0 step 8900 loss 2.2389 (1022s)
  stage 99 ep 0 step 8950 loss 0.0745 (1030s)
  stage 99 ep 0 step 9000 loss 0.1049 (1038s)
  stage 99 ep 0 step 9050 loss 0.1124 (1045s)
  stage 99 ep 0 step 9100 loss 0.1156 (1053s)
  stage 99 ep 0 step 9150 loss 0.0942 (1061s)
  stage 99 ep 0 step 9200 loss 0.0999 (1069s)
  stage 99 ep 0 step 9250 loss 0.0867 (1076s)
  stage 99 ep 0 step 9300 loss 0.0789 (1084s)
  stage 99 ep 0 step 9350 loss 0.0773 (1092s)
  stage 99 ep 0 step 9400 loss 0.0797 (1100s)
  stage 99 ep 1 step 9450 loss 0.0734 (1108s)
  stage 99 ep 1 step 9500 loss 0.0742 (1115s)
  stage 99 ep 1 step 9550 loss 0.0638 (1123s)
  stage 99 ep 1 step 9600 loss 0.0564 (1131s)
  stage 99 ep 1 step 9650 loss 0.0589 (1139s)
  stage 99 ep 1 step 9700 loss 0.0437 (1147s)
  stage 99 ep 1 step 9750 loss 0.0424 (1154s)
  stage 99 ep 1 step 9800 loss 0.0355 (1162s)
  stage 99 ep 1 step 9850 loss 0.0386 (1170s)
  stage 99 ep 1 step 9900 loss 0.0436 (1177s)
  stage 99 ep 1 step 9950 loss 0.0305 (1185s)
  stage 99 ep 2 step 10000 loss 0.0296 (1193s)
  stage 99 ep 2 step 10050 loss 0.0242 (1201s)
  stage 99 ep 2 step 10100 loss 0.0178 (1208s)
  stage 99 ep 2 step 10150 loss 0.0195 (1216s)
  stage 99 ep 2 step 10200 loss 0.0144 (1224s)
  stage 99 ep 2 step 10250 loss 0.0101 (1232s)
  stage 99 ep 2 step 10300 loss 0.0108 (1239s)
  stage 99 ep 2 step 10350 loss 0.0099 (1247s)
  stage 99 ep 2 step 10400 loss 0.0074 (1255s)
  stage 99 ep 2 step 10450 loss 0.0083 (1263s)
  stage 99 ep 2 step 10500 loss 0.0054 (1271s)
  stage 99 ep 3 step 10550 loss 0.0011 (1279s)
  stage 99 ep 3 step 10600 loss 0.0039 (1286s)
  stage 99 ep 3 step 10650 loss 0.0013 (1294s)
  stage 99 ep 3 step 10700 loss 0.0025 (1302s)
  stage 99 ep 3 step 10750 loss 0.0016 (1310s)
  stage 99 ep 3 step 10800 loss 0.0012 (1317s)
  stage 99 ep 3 step 10850 loss 0.0015 (1325s)
  stage 99 ep 3 step 10900 loss 0.0013 (1333s)
  stage 99 ep 3 step 10950 loss 0.0008 (1341s)
  stage 99 ep 3 step 11000 loss 0.0006 (1349s)
  stage 99 ep 3 step 11050 loss 0.0010 (1356s)
  stage 99 ep 3 step 11100 loss 0.0005 (1364s)
[stage 99] val exact=1.000 concept=1.000
TEST exact=0.9970 concept=0.9970
saved -> runs/c3_big
