=== xs/cot params=0.12M device=mps ===
train=17746 val=500 test=2000
  stage 0 ep 0 step 50 loss 2.9595 (2s)
  stage 0 ep 0 step 100 loss 2.4438 (2s)
  stage 0 ep 0 step 150 loss 2.0287 (3s)
  stage 0 ep 0 step 200 loss 1.6837 (4s)
  stage 0 ep 0 step 250 loss 1.2748 (4s)
  stage 0 ep 0 step 300 loss 0.9373 (5s)
  stage 0 ep 0 step 350 loss 0.7136 (6s)
  stage 0 ep 0 step 400 loss 0.5903 (6s)
  stage 0 ep 0 step 450 loss 0.5221 (7s)
  stage 0 ep 0 step 500 loss 0.4802 (7s)
  stage 0 ep 0 step 550 loss 0.4550 (8s)
  stage 0 ep 1 step 600 loss 0.4397 (9s)
  stage 0 ep 1 step 650 loss 0.4280 (9s)
  stage 0 ep 1 step 700 loss 0.4240 (10s)
  stage 0 ep 1 step 750 loss 0.4167 (10s)
  stage 0 ep 1 step 800 loss 0.4062 (11s)
  stage 0 ep 1 step 850 loss 0.4028 (11s)
  stage 0 ep 1 step 900 loss 0.3985 (12s)
  stage 0 ep 1 step 950 loss 0.3943 (12s)
  stage 0 ep 1 step 1000 loss 0.3859 (13s)
  stage 0 ep 1 step 1050 loss 0.3750 (14s)
  stage 0 ep 1 step 1100 loss 0.3512 (14s)
  stage 0 ep 2 step 1150 loss 0.3349 (15s)
  stage 0 ep 2 step 1200 loss 0.3197 (15s)
  stage 0 ep 2 step 1250 loss 0.2947 (16s)
  stage 0 ep 2 step 1300 loss 0.2634 (16s)
  stage 0 ep 2 step 1350 loss 0.2404 (17s)
  stage 0 ep 2 step 1400 loss 0.2130 (17s)
  stage 0 ep 2 step 1450 loss 0.1785 (18s)
  stage 0 ep 2 step 1500 loss 0.1259 (19s)
  stage 0 ep 2 step 1550 loss 0.0778 (19s)
  stage 0 ep 2 step 1600 loss 0.0480 (20s)
  stage 0 ep 2 step 1650 loss 0.0326 (20s)
  stage 0 ep 3 step 1700 loss 0.0199 (21s)
  stage 0 ep 3 step 1750 loss 0.0132 (21s)
  stage 0 ep 3 step 1800 loss 0.0086 (22s)
  stage 0 ep 3 step 1850 loss 0.0055 (22s)
  stage 0 ep 3 step 1900 loss 0.0039 (23s)
  stage 0 ep 3 step 1950 loss 0.0025 (24s)
  stage 0 ep 3 step 2000 loss 0.0031 (24s)
  stage 0 ep 3 step 2050 loss 0.0026 (25s)
  stage 0 ep 3 step 2100 loss 0.0009 (25s)
  stage 0 ep 3 step 2150 loss 0.0007 (26s)
  stage 0 ep 3 step 2200 loss 0.0011 (26s)
  stage 0 ep 4 step 2250 loss 0.0003 (27s)
  stage 0 ep 4 step 2300 loss 0.0003 (27s)
  stage 0 ep 4 step 2350 loss 0.0002 (28s)
  stage 0 ep 4 step 2400 loss 0.0015 (29s)
  stage 0 ep 4 step 2450 loss 0.0002 (29s)
  stage 0 ep 4 step 2500 loss 0.0001 (30s)
  stage 0 ep 4 step 2550 loss 0.0001 (30s)
  stage 0 ep 4 step 2600 loss 0.0001 (31s)
  stage 0 ep 4 step 2650 loss 0.0017 (31s)
  stage 0 ep 4 step 2700 loss 0.0001 (32s)
  stage 0 ep 4 step 2750 loss 0.0000 (33s)
  stage 0 ep 5 step 2800 loss 0.0000 (33s)
  stage 0 ep 5 step 2850 loss 0.0000 (34s)
  stage 0 ep 5 step 2900 loss 0.0000 (34s)
  stage 0 ep 5 step 2950 loss 0.0013 (35s)
  stage 0 ep 5 step 3000 loss 0.0004 (35s)
  stage 0 ep 5 step 3050 loss 0.0000 (36s)
  stage 0 ep 5 step 3100 loss 0.0000 (36s)
  stage 0 ep 5 step 3150 loss 0.0000 (37s)
  stage 0 ep 5 step 3200 loss 0.0000 (38s)
  stage 0 ep 5 step 3250 loss 0.0000 (38s)
  stage 0 ep 5 step 3300 loss 0.0000 (39s)
  stage 0 ep 6 step 3350 loss 0.0004 (39s)
  stage 0 ep 6 step 3400 loss 0.0000 (40s)
  stage 0 ep 6 step 3450 loss 0.0000 (40s)
  stage 0 ep 6 step 3500 loss 0.0000 (41s)
  stage 0 ep 6 step 3550 loss 0.0000 (42s)
  stage 0 ep 6 step 3600 loss 0.0000 (42s)
  stage 0 ep 6 step 3650 loss 0.0000 (43s)
  stage 0 ep 6 step 3700 loss 0.0000 (43s)
  stage 0 ep 6 step 3750 loss 0.0004 (44s)
  stage 0 ep 6 step 3800 loss 0.0009 (44s)
  stage 0 ep 6 step 3850 loss 0.0006 (45s)
  stage 0 ep 7 step 3900 loss 0.0000 (45s)
  stage 0 ep 7 step 3950 loss 0.0000 (46s)
  stage 0 ep 7 step 4000 loss 0.0000 (47s)
  stage 0 ep 7 step 4050 loss 0.0000 (47s)
  stage 0 ep 7 step 4100 loss 0.0000 (48s)
  stage 0 ep 7 step 4150 loss 0.0000 (48s)
  stage 0 ep 7 step 4200 loss 0.0000 (49s)
  stage 0 ep 7 step 4250 loss 0.0000 (49s)
  stage 0 ep 7 step 4300 loss 0.0000 (50s)
  stage 0 ep 7 step 4350 loss 0.0000 (50s)
  stage 0 ep 7 step 4400 loss 0.0000 (51s)
  stage 0 ep 8 step 4450 loss 0.0000 (51s)
  stage 0 ep 8 step 4500 loss 0.0000 (52s)
  stage 0 ep 8 step 4550 loss 0.0000 (53s)
  stage 0 ep 8 step 4600 loss 0.0000 (53s)
  stage 0 ep 8 step 4650 loss 0.0000 (54s)
  stage 0 ep 8 step 4700 loss 0.0000 (54s)
  stage 0 ep 8 step 4750 loss 0.0000 (55s)
  stage 0 ep 8 step 4800 loss 0.0000 (55s)
  stage 0 ep 8 step 4850 loss 0.0000 (56s)
  stage 0 ep 8 step 4900 loss 0.0000 (57s)
  stage 0 ep 8 step 4950 loss 0.0000 (57s)
  stage 0 ep 9 step 5000 loss 0.0000 (58s)
  stage 0 ep 9 step 5050 loss 0.0000 (58s)
  stage 0 ep 9 step 5100 loss 0.0000 (59s)
  stage 0 ep 9 step 5150 loss 0.0000 (59s)
  stage 0 ep 9 step 5200 loss 0.0000 (60s)
  stage 0 ep 9 step 5250 loss 0.0000 (60s)
  stage 0 ep 9 step 5300 loss 0.0000 (61s)
  stage 0 ep 9 step 5350 loss 0.0000 (61s)
  stage 0 ep 9 step 5400 loss 0.0000 (62s)
  stage 0 ep 9 step 5450 loss 0.0000 (63s)
  stage 0 ep 9 step 5500 loss 0.0000 (63s)
  stage 0 ep 9 step 5550 loss 0.0000 (64s)
  stage 0 ep 10 step 5600 loss 0.0000 (64s)
  stage 0 ep 10 step 5650 loss 0.0000 (65s)
  stage 0 ep 10 step 5700 loss 0.0000 (65s)
  stage 0 ep 10 step 5750 loss 0.0000 (66s)
  stage 0 ep 10 step 5800 loss 0.0000 (67s)
  stage 0 ep 10 step 5850 loss 0.0000 (67s)
  stage 0 ep 10 step 5900 loss 0.0000 (68s)
  stage 0 ep 10 step 5950 loss 0.0000 (68s)
  stage 0 ep 10 step 6000 loss 0.0000 (69s)
  stage 0 ep 10 step 6050 loss 0.0000 (69s)
  stage 0 ep 10 step 6100 loss 0.0000 (70s)
  stage 0 ep 11 step 6150 loss 0.0000 (70s)
  stage 0 ep 11 step 6200 loss 0.0000 (71s)
  stage 0 ep 11 step 6250 loss 0.0000 (71s)
  stage 0 ep 11 step 6300 loss 0.0000 (72s)
  stage 0 ep 11 step 6350 loss 0.0000 (73s)
  stage 0 ep 11 step 6400 loss 0.0000 (73s)
  stage 0 ep 11 step 6450 loss 0.0000 (74s)
  stage 0 ep 11 step 6500 loss 0.0000 (74s)
  stage 0 ep 11 step 6550 loss 0.0000 (75s)
  stage 0 ep 11 step 6600 loss 0.0000 (75s)
  stage 0 ep 11 step 6650 loss 0.0000 (76s)
  stage 0 ep 12 step 6700 loss 0.0000 (76s)
  stage 0 ep 12 step 6750 loss 0.0000 (77s)
  stage 0 ep 12 step 6800 loss 0.0000 (77s)
  stage 0 ep 12 step 6850 loss 0.0000 (78s)
  stage 0 ep 12 step 6900 loss 0.0000 (79s)
  stage 0 ep 12 step 6950 loss 0.0000 (79s)
  stage 0 ep 12 step 7000 loss 0.0000 (80s)
  stage 0 ep 12 step 7050 loss 0.0000 (80s)
  stage 0 ep 12 step 7100 loss 0.0000 (81s)
  stage 0 ep 12 step 7150 loss 0.0000 (81s)
  stage 0 ep 12 step 7200 loss 0.0000 (82s)
  stage 0 ep 13 step 7250 loss 0.0000 (82s)
  stage 0 ep 13 step 7300 loss 0.0000 (83s)
  stage 0 ep 13 step 7350 loss 0.0000 (84s)
  stage 0 ep 13 step 7400 loss 0.0000 (84s)
  stage 0 ep 13 step 7450 loss 0.0000 (85s)
  stage 0 ep 13 step 7500 loss 0.0000 (85s)
  stage 0 ep 13 step 7550 loss 0.0000 (86s)
  stage 0 ep 13 step 7600 loss 0.0000 (86s)
  stage 0 ep 13 step 7650 loss 0.0000 (87s)
  stage 0 ep 13 step 7700 loss 0.0000 (87s)
  stage 0 ep 13 step 7750 loss 0.0000 (88s)
  stage 0 ep 14 step 7800 loss 0.0000 (88s)
  stage 0 ep 14 step 7850 loss 0.0000 (89s)
  stage 0 ep 14 step 7900 loss 0.0000 (90s)
  stage 0 ep 14 step 7950 loss 0.0000 (90s)
  stage 0 ep 14 step 8000 loss 0.0000 (91s)
  stage 0 ep 14 step 8050 loss 0.0000 (91s)
  stage 0 ep 14 step 8100 loss 0.0000 (92s)
  stage 0 ep 14 step 8150 loss 0.0000 (92s)
  stage 0 ep 14 step 8200 loss 0.0000 (93s)
  stage 0 ep 14 step 8250 loss 0.0000 (93s)
  stage 0 ep 14 step 8300 loss 0.0000 (94s)
  stage 0 ep 15 step 8350 loss 0.0000 (95s)
  stage 0 ep 15 step 8400 loss 0.0000 (95s)
  stage 0 ep 15 step 8450 loss 0.0000 (96s)
  stage 0 ep 15 step 8500 loss 0.0000 (96s)
  stage 0 ep 15 step 8550 loss 0.0000 (97s)
  stage 0 ep 15 step 8600 loss 0.0000 (97s)
  stage 0 ep 15 step 8650 loss 0.0000 (98s)
  stage 0 ep 15 step 8700 loss 0.0000 (98s)
  stage 0 ep 15 step 8750 loss 0.0000 (99s)
  stage 0 ep 15 step 8800 loss 0.0000 (100s)
  stage 0 ep 15 step 8850 loss 0.0000 (100s)
  stage 0 ep 16 step 8900 loss 0.0000 (101s)
  stage 0 ep 16 step 8950 loss 0.0000 (101s)
  stage 0 ep 16 step 9000 loss 0.0000 (102s)
  stage 0 ep 16 step 9050 loss 0.0000 (102s)
  stage 0 ep 16 step 9100 loss 0.0000 (103s)
  stage 0 ep 16 step 9150 loss 0.0000 (103s)
  stage 0 ep 16 step 9200 loss 0.0000 (104s)
  stage 0 ep 16 step 9250 loss 0.0000 (105s)
  stage 0 ep 16 step 9300 loss 0.0000 (105s)
  stage 0 ep 16 step 9350 loss 0.0000 (106s)
  stage 0 ep 16 step 9400 loss 0.0000 (106s)
  stage 0 ep 17 step 9450 loss 0.0000 (107s)
  stage 0 ep 17 step 9500 loss 0.0000 (107s)
  stage 0 ep 17 step 9550 loss 0.0000 (108s)
  stage 0 ep 17 step 9600 loss 0.0000 (108s)
  stage 0 ep 17 step 9650 loss 0.0000 (109s)
  stage 0 ep 17 step 9700 loss 0.0000 (110s)
  stage 0 ep 17 step 9750 loss 0.0000 (110s)
  stage 0 ep 17 step 9800 loss 0.0000 (111s)
  stage 0 ep 17 step 9850 loss 0.0000 (111s)
  stage 0 ep 17 step 9900 loss 0.0000 (112s)
  stage 0 ep 17 step 9950 loss 0.0000 (112s)
  stage 0 ep 18 step 10000 loss 0.0000 (113s)
  stage 0 ep 18 step 10050 loss 0.0000 (113s)
  stage 0 ep 18 step 10100 loss 0.0000 (114s)
  stage 0 ep 18 step 10150 loss 0.0000 (115s)
  stage 0 ep 18 step 10200 loss 0.0000 (115s)
  stage 0 ep 18 step 10250 loss 0.0000 (116s)
  stage 0 ep 18 step 10300 loss 0.0000 (116s)
  stage 0 ep 18 step 10350 loss 0.0000 (117s)
  stage 0 ep 18 step 10400 loss 0.0000 (117s)
  stage 0 ep 18 step 10450 loss 0.0000 (118s)
  stage 0 ep 18 step 10500 loss 0.0000 (118s)
  stage 0 ep 19 step 10550 loss 0.0000 (119s)
  stage 0 ep 19 step 10600 loss 0.0000 (119s)
  stage 0 ep 19 step 10650 loss 0.0000 (120s)
  stage 0 ep 19 step 10700 loss 0.0000 (121s)
  stage 0 ep 19 step 10750 loss 0.0000 (121s)
  stage 0 ep 19 step 10800 loss 0.0000 (122s)
  stage 0 ep 19 step 10850 loss 0.0000 (122s)
  stage 0 ep 19 step 10900 loss 0.0000 (123s)
  stage 0 ep 19 step 10950 loss 0.0000 (123s)
  stage 0 ep 19 step 11000 loss 0.0000 (124s)
  stage 0 ep 19 step 11050 loss 0.0000 (125s)
  stage 0 ep 19 step 11100 loss 0.0000 (125s)
[stage 0] val exact=1.000 concept=1.000
TEST exact=1.0000 concept=1.0000
saved -> runs/c3_xs_cot
=== xs/nocot params=0.12M device=mps ===
train=17746 val=500 test=2000
  stage 0 ep 0 step 50 loss 2.9707 (1s)
  stage 0 ep 0 step 100 loss 2.3318 (1s)
  stage 0 ep 0 step 150 loss 1.9676 (2s)
  stage 0 ep 0 step 200 loss 1.6256 (2s)
  stage 0 ep 0 step 250 loss 1.1936 (3s)
  stage 0 ep 0 step 300 loss 0.8433 (3s)
  stage 0 ep 0 step 350 loss 0.6824 (4s)
  stage 0 ep 0 step 400 loss 0.6251 (4s)
  stage 0 ep 0 step 450 loss 0.6013 (5s)
  stage 0 ep 0 step 500 loss 0.5888 (5s)
  stage 0 ep 0 step 550 loss 0.5834 (6s)
  stage 0 ep 1 step 600 loss 0.5794 (7s)
  stage 0 ep 1 step 650 loss 0.5790 (7s)
  stage 0 ep 1 step 700 loss 0.5779 (8s)
  stage 0 ep 1 step 750 loss 0.5776 (8s)
  stage 0 ep 1 step 800 loss 0.5771 (9s)
  stage 0 ep 1 step 850 loss 0.5772 (9s)
  stage 0 ep 1 step 900 loss 0.5771 (10s)
  stage 0 ep 1 step 950 loss 0.5770 (10s)
  stage 0 ep 1 step 1000 loss 0.5774 (11s)
  stage 0 ep 1 step 1050 loss 0.5765 (11s)
  stage 0 ep 1 step 1100 loss 0.5765 (12s)
  stage 0 ep 2 step 1150 loss 0.5767 (12s)
  stage 0 ep 2 step 1200 loss 0.5766 (13s)
  stage 0 ep 2 step 1250 loss 0.5767 (13s)
  stage 0 ep 2 step 1300 loss 0.5767 (14s)
  stage 0 ep 2 step 1350 loss 0.5766 (14s)
  stage 0 ep 2 step 1400 loss 0.5764 (15s)
  stage 0 ep 2 step 1450 loss 0.5767 (15s)
  stage 0 ep 2 step 1500 loss 0.5768 (16s)
  stage 0 ep 2 step 1550 loss 0.5763 (16s)
  stage 0 ep 2 step 1600 loss 0.5764 (17s)
  stage 0 ep 2 step 1650 loss 0.5765 (17s)
  stage 0 ep 3 step 1700 loss 0.5763 (18s)
  stage 0 ep 3 step 1750 loss 0.5763 (19s)
  stage 0 ep 3 step 1800 loss 0.5768 (19s)
  stage 0 ep 3 step 1850 loss 0.5763 (20s)
  stage 0 ep 3 step 1900 loss 0.5764 (20s)
  stage 0 ep 3 step 1950 loss 0.5760 (21s)
  stage 0 ep 3 step 2000 loss 0.5763 (21s)
  stage 0 ep 3 step 2050 loss 0.5763 (22s)
  stage 0 ep 3 step 2100 loss 0.5759 (22s)
  stage 0 ep 3 step 2150 loss 0.5763 (23s)
  stage 0 ep 3 step 2200 loss 0.5765 (23s)
  stage 0 ep 4 step 2250 loss 0.5764 (24s)
  stage 0 ep 4 step 2300 loss 0.5762 (24s)
  stage 0 ep 4 step 2350 loss 0.5764 (25s)
  stage 0 ep 4 step 2400 loss 0.5758 (25s)
  stage 0 ep 4 step 2450 loss 0.5768 (26s)
  stage 0 ep 4 step 2500 loss 0.5755 (26s)
  stage 0 ep 4 step 2550 loss 0.5768 (27s)
  stage 0 ep 4 step 2600 loss 0.5758 (27s)
  stage 0 ep 4 step 2650 loss 0.5764 (28s)
  stage 0 ep 4 step 2700 loss 0.5766 (28s)
  stage 0 ep 4 step 2750 loss 0.5762 (29s)
  stage 0 ep 5 step 2800 loss 0.5761 (30s)
  stage 0 ep 5 step 2850 loss 0.5763 (30s)
  stage 0 ep 5 step 2900 loss 0.5756 (31s)
  stage 0 ep 5 step 2950 loss 0.5764 (31s)
  stage 0 ep 5 step 3000 loss 0.5764 (32s)
  stage 0 ep 5 step 3050 loss 0.5757 (32s)
  stage 0 ep 5 step 3100 loss 0.5766 (33s)
  stage 0 ep 5 step 3150 loss 0.5760 (33s)
  stage 0 ep 5 step 3200 loss 0.5758 (34s)
  stage 0 ep 5 step 3250 loss 0.5764 (34s)
  stage 0 ep 5 step 3300 loss 0.5763 (35s)
  stage 0 ep 6 step 3350 loss 0.5758 (35s)
  stage 0 ep 6 step 3400 loss 0.5767 (36s)
  stage 0 ep 6 step 3450 loss 0.5759 (36s)
  stage 0 ep 6 step 3500 loss 0.5761 (37s)
  stage 0 ep 6 step 3550 loss 0.5759 (37s)
  stage 0 ep 6 step 3600 loss 0.5764 (38s)
  stage 0 ep 6 step 3650 loss 0.5760 (38s)
  stage 0 ep 6 step 3700 loss 0.5761 (39s)
  stage 0 ep 6 step 3750 loss 0.5759 (39s)
  stage 0 ep 6 step 3800 loss 0.5757 (40s)
  stage 0 ep 6 step 3850 loss 0.5764 (40s)
  stage 0 ep 7 step 3900 loss 0.5757 (41s)
  stage 0 ep 7 step 3950 loss 0.5762 (42s)
  stage 0 ep 7 step 4000 loss 0.5756 (42s)
  stage 0 ep 7 step 4050 loss 0.5764 (43s)
  stage 0 ep 7 step 4100 loss 0.5761 (43s)
  stage 0 ep 7 step 4150 loss 0.5763 (44s)
  stage 0 ep 7 step 4200 loss 0.5759 (44s)
  stage 0 ep 7 step 4250 loss 0.5759 (45s)
  stage 0 ep 7 step 4300 loss 0.5759 (45s)
  stage 0 ep 7 step 4350 loss 0.5755 (46s)
  stage 0 ep 7 step 4400 loss 0.5763 (46s)
  stage 0 ep 8 step 4450 loss 0.5754 (47s)
  stage 0 ep 8 step 4500 loss 0.5760 (47s)
  stage 0 ep 8 step 4550 loss 0.5757 (48s)
  stage 0 ep 8 step 4600 loss 0.5762 (48s)
  stage 0 ep 8 step 4650 loss 0.5759 (49s)
  stage 0 ep 8 step 4700 loss 0.5761 (49s)
  stage 0 ep 8 step 4750 loss 0.5758 (50s)
  stage 0 ep 8 step 4800 loss 0.5760 (50s)
  stage 0 ep 8 step 4850 loss 0.5761 (51s)
  stage 0 ep 8 step 4900 loss 0.5760 (51s)
  stage 0 ep 8 step 4950 loss 0.5758 (52s)
  stage 0 ep 9 step 5000 loss 0.5750 (52s)
  stage 0 ep 9 step 5050 loss 0.5760 (53s)
  stage 0 ep 9 step 5100 loss 0.5759 (54s)
  stage 0 ep 9 step 5150 loss 0.5759 (54s)
  stage 0 ep 9 step 5200 loss 0.5762 (55s)
  stage 0 ep 9 step 5250 loss 0.5758 (55s)
  stage 0 ep 9 step 5300 loss 0.5760 (56s)
  stage 0 ep 9 step 5350 loss 0.5759 (56s)
  stage 0 ep 9 step 5400 loss 0.5758 (57s)
  stage 0 ep 9 step 5450 loss 0.5759 (57s)
  stage 0 ep 9 step 5500 loss 0.5757 (58s)
  stage 0 ep 9 step 5550 loss 0.5761 (58s)
  stage 0 ep 10 step 5600 loss 0.5759 (59s)
  stage 0 ep 10 step 5650 loss 0.5757 (59s)
  stage 0 ep 10 step 5700 loss 0.5757 (60s)
  stage 0 ep 10 step 5750 loss 0.5757 (60s)
  stage 0 ep 10 step 5800 loss 0.5763 (61s)
  stage 0 ep 10 step 5850 loss 0.5760 (61s)
  stage 0 ep 10 step 5900 loss 0.5757 (62s)
  stage 0 ep 10 step 5950 loss 0.5759 (62s)
  stage 0 ep 10 step 6000 loss 0.5757 (63s)
  stage 0 ep 10 step 6050 loss 0.5758 (63s)
  stage 0 ep 10 step 6100 loss 0.5758 (64s)
  stage 0 ep 11 step 6150 loss 0.5756 (64s)
  stage 0 ep 11 step 6200 loss 0.5760 (65s)
  stage 0 ep 11 step 6250 loss 0.5757 (65s)
  stage 0 ep 11 step 6300 loss 0.5759 (66s)
  stage 0 ep 11 step 6350 loss 0.5756 (66s)
  stage 0 ep 11 step 6400 loss 0.5758 (67s)
  stage 0 ep 11 step 6450 loss 0.5756 (67s)
  stage 0 ep 11 step 6500 loss 0.5759 (68s)
  stage 0 ep 11 step 6550 loss 0.5757 (69s)
  stage 0 ep 11 step 6600 loss 0.5761 (69s)
  stage 0 ep 11 step 6650 loss 0.5760 (70s)
  stage 0 ep 12 step 6700 loss 0.5758 (70s)
  stage 0 ep 12 step 6750 loss 0.5756 (71s)
  stage 0 ep 12 step 6800 loss 0.5759 (71s)
  stage 0 ep 12 step 6850 loss 0.5755 (72s)
  stage 0 ep 12 step 6900 loss 0.5759 (72s)
  stage 0 ep 12 step 6950 loss 0.5758 (73s)
  stage 0 ep 12 step 7000 loss 0.5757 (73s)
  stage 0 ep 12 step 7050 loss 0.5760 (74s)
  stage 0 ep 12 step 7100 loss 0.5757 (74s)
  stage 0 ep 12 step 7150 loss 0.5757 (75s)
  stage 0 ep 12 step 7200 loss 0.5758 (75s)
  stage 0 ep 13 step 7250 loss 0.5755 (76s)
  stage 0 ep 13 step 7300 loss 0.5755 (77s)
  stage 0 ep 13 step 7350 loss 0.5758 (77s)
  stage 0 ep 13 step 7400 loss 0.5758 (78s)
  stage 0 ep 13 step 7450 loss 0.5758 (78s)
  stage 0 ep 13 step 7500 loss 0.5757 (79s)
  stage 0 ep 13 step 7550 loss 0.5756 (79s)
  stage 0 ep 13 step 7600 loss 0.5758 (80s)
  stage 0 ep 13 step 7650 loss 0.5756 (81s)
  stage 0 ep 13 step 7700 loss 0.5759 (81s)
  stage 0 ep 13 step 7750 loss 0.5759 (82s)
  stage 0 ep 14 step 7800 loss 0.5756 (83s)
  stage 0 ep 14 step 7850 loss 0.5757 (83s)
  stage 0 ep 14 step 7900 loss 0.5756 (84s)
  stage 0 ep 14 step 7950 loss 0.5756 (84s)
  stage 0 ep 14 step 8000 loss 0.5757 (85s)
  stage 0 ep 14 step 8050 loss 0.5757 (86s)
  stage 0 ep 14 step 8100 loss 0.5758 (86s)
  stage 0 ep 14 step 8150 loss 0.5757 (87s)
  stage 0 ep 14 step 8200 loss 0.5757 (88s)
  stage 0 ep 14 step 8250 loss 0.5756 (88s)
  stage 0 ep 14 step 8300 loss 0.5757 (89s)
  stage 0 ep 15 step 8350 loss 0.5754 (90s)
  stage 0 ep 15 step 8400 loss 0.5756 (90s)
  stage 0 ep 15 step 8450 loss 0.5759 (91s)
  stage 0 ep 15 step 8500 loss 0.5756 (91s)
  stage 0 ep 15 step 8550 loss 0.5752 (92s)
  stage 0 ep 15 step 8600 loss 0.5754 (93s)
  stage 0 ep 15 step 8650 loss 0.5757 (93s)
  stage 0 ep 15 step 8700 loss 0.5757 (94s)
  stage 0 ep 15 step 8750 loss 0.5759 (95s)
  stage 0 ep 15 step 8800 loss 0.5757 (95s)
  stage 0 ep 15 step 8850 loss 0.5755 (96s)
  stage 0 ep 16 step 8900 loss 0.5757 (96s)
  stage 0 ep 16 step 8950 loss 0.5756 (97s)
  stage 0 ep 16 step 9000 loss 0.5755 (98s)
  stage 0 ep 16 step 9050 loss 0.5752 (98s)
  stage 0 ep 16 step 9100 loss 0.5759 (99s)
  stage 0 ep 16 step 9150 loss 0.5753 (100s)
  stage 0 ep 16 step 9200 loss 0.5757 (100s)
  stage 0 ep 16 step 9250 loss 0.5756 (101s)
  stage 0 ep 16 step 9300 loss 0.5755 (101s)
  stage 0 ep 16 step 9350 loss 0.5757 (102s)
  stage 0 ep 16 step 9400 loss 0.5753 (103s)
  stage 0 ep 17 step 9450 loss 0.5747 (103s)
  stage 0 ep 17 step 9500 loss 0.5760 (104s)
  stage 0 ep 17 step 9550 loss 0.5751 (105s)
  stage 0 ep 17 step 9600 loss 0.5758 (105s)
  stage 0 ep 17 step 9650 loss 0.5756 (106s)
  stage 0 ep 17 step 9700 loss 0.5754 (106s)
  stage 0 ep 17 step 9750 loss 0.5757 (107s)
  stage 0 ep 17 step 9800 loss 0.5753 (108s)
  stage 0 ep 17 step 9850 loss 0.5750 (108s)
  stage 0 ep 17 step 9900 loss 0.5751 (109s)
  stage 0 ep 17 step 9950 loss 0.5754 (110s)
  stage 0 ep 18 step 10000 loss 0.5757 (110s)
  stage 0 ep 18 step 10050 loss 0.5753 (111s)
  stage 0 ep 18 step 10100 loss 0.5752 (111s)
  stage 0 ep 18 step 10150 loss 0.5756 (112s)
  stage 0 ep 18 step 10200 loss 0.5757 (113s)
  stage 0 ep 18 step 10250 loss 0.5752 (113s)
  stage 0 ep 18 step 10300 loss 0.5753 (114s)
  stage 0 ep 18 step 10350 loss 0.5750 (115s)
  stage 0 ep 18 step 10400 loss 0.5752 (115s)
  stage 0 ep 18 step 10450 loss 0.5755 (116s)
  stage 0 ep 18 step 10500 loss 0.5752 (116s)
  stage 0 ep 19 step 10550 loss 0.5750 (117s)
  stage 0 ep 19 step 10600 loss 0.5753 (118s)
  stage 0 ep 19 step 10650 loss 0.5753 (118s)
  stage 0 ep 19 step 10700 loss 0.5753 (119s)
  stage 0 ep 19 step 10750 loss 0.5754 (120s)
  stage 0 ep 19 step 10800 loss 0.5749 (120s)
  stage 0 ep 19 step 10850 loss 0.5758 (121s)
  stage 0 ep 19 step 10900 loss 0.5753 (122s)
  stage 0 ep 19 step 10950 loss 0.5756 (122s)
  stage 0 ep 19 step 11000 loss 0.5750 (123s)
  stage 0 ep 19 step 11050 loss 0.5751 (123s)
  stage 0 ep 19 step 11100 loss 0.5755 (124s)
[stage 0] val exact=0.096 concept=0.096
TEST exact=0.1120 concept=0.1120
saved -> runs/c3_xs_nocot
BASELINES_DONE
