=== pipeline d_s=64 d_b=256 proj=mlp random_big=0 ===
small=0.14M big=7.99M proj_up=0.082M lora=0.017M
  [s1] ep 0 step 50 loss 3.2069
  [s1] ep 0 step 100 loss 1.9614
  [s1] ep 0 step 150 loss 1.8193
  [s1] ep 0 step 200 loss 1.7823
  [s1] ep 0 step 250 loss 1.7190
  [s1] ep 0 step 300 loss 1.6653
  [s1] ep 0 step 350 loss 1.6454
  [s1] ep 0 step 400 loss 1.6299
  [s1] ep 0 step 450 loss 1.6092
  [s1] ep 0 step 500 loss 1.6038
  [s1] ep 0 step 550 loss 1.5922
  [s1] ep 1 step 600 loss 1.5721
  [s1] ep 1 step 650 loss 1.5439
  [s1] ep 1 step 700 loss 1.5392
  [s1] ep 1 step 750 loss 1.5352
  [s1] ep 1 step 800 loss 1.5064
  [s1] ep 1 step 850 loss 1.5158
  [s1] ep 1 step 900 loss 1.4890
  [s1] ep 1 step 950 loss 1.5026
  [s1] ep 1 step 1000 loss 1.4876
  [s1] ep 1 step 1050 loss 1.4910
  [s1] ep 1 step 1100 loss 1.4873
[gate s1] big-native          val concept=1.0000
[gate s1] big-from-projected  val concept=0.2680
  [s2] ep 0 step 50 loss 0.1539
  [s2] ep 0 step 100 loss 0.1549
  [s2] ep 0 step 150 loss 0.1485
  [s2] ep 0 step 200 loss 0.1478
  [s2] ep 0 step 250 loss 0.1494
  [s2] ep 0 step 300 loss 0.1417
  [s2] ep 0 step 350 loss 0.1521
  [s2] ep 0 step 400 loss 0.1462
  [s2] ep 0 step 450 loss 0.1428
  [s2] ep 0 step 500 loss 0.1413
  [s2] ep 0 step 550 loss 0.1449
  [s2] ep 1 step 600 loss 0.1410
  [s2] ep 1 step 650 loss 0.1402
  [s2] ep 1 step 700 loss 0.1453
  [s2] ep 1 step 750 loss 0.1418
  [s2] ep 1 step 800 loss 0.1353
  [s2] ep 1 step 850 loss 0.1387
  [s2] ep 1 step 900 loss 0.1381
  [s2] ep 1 step 950 loss 0.1403
  [s2] ep 1 step 1000 loss 0.1418
  [s2] ep 1 step 1050 loss 0.1322
  [s2] ep 1 step 1100 loss 0.1332
  [s2] ep 2 step 1150 loss 0.1457
  [s2] ep 2 step 1200 loss 0.1252
  [s2] ep 2 step 1250 loss 0.1309
  [s2] ep 2 step 1300 loss 0.1318
  [s2] ep 2 step 1350 loss 0.1191
  [s2] ep 2 step 1400 loss 0.1289
  [s2] ep 2 step 1450 loss 0.1210
  [s2] ep 2 step 1500 loss 0.1309
  [s2] ep 2 step 1550 loss 0.1291
  [s2] ep 2 step 1600 loss 0.1269
  [s2] ep 2 step 1650 loss 0.1207
[gate s2] pipeline val exact=0.7100 concept=0.7100
  [s3] ep 0 step 50 loss 0.1213
  [s3] ep 0 step 100 loss 0.1316
  [s3] ep 0 step 150 loss 0.1245
  [s3] ep 0 step 200 loss 0.1265
  [s3] ep 0 step 250 loss 0.1267
  [s3] ep 0 step 300 loss 0.1163
  [s3] ep 0 step 350 loss 0.1250
  [s3] ep 0 step 400 loss 0.1230
  [s3] ep 0 step 450 loss 0.1198
  [s3] ep 0 step 500 loss 0.1181
  [s3] ep 0 step 550 loss 0.1197
[gate s3] pipeline val exact=0.7160 concept=0.7160
TEST pipeline exact=0.7485 concept=0.7485
saved -> runs/c3_pipeline
=== pipeline d_s=64 d_b=256 proj=mlp random_big=1 ===
small=0.14M big=7.99M proj_up=0.082M lora=0.017M
  [s1] ep 0 step 50 loss 3.3211
  [s1] ep 0 step 100 loss 2.1266
  [s1] ep 0 step 150 loss 1.9536
  [s1] ep 0 step 200 loss 1.9153
  [s1] ep 0 step 250 loss 1.8913
  [s1] ep 0 step 300 loss 1.8710
  [s1] ep 0 step 350 loss 1.8454
  [s1] ep 0 step 400 loss 1.8364
  [s1] ep 0 step 450 loss 1.8305
  [s1] ep 0 step 500 loss 1.8237
  [s1] ep 0 step 550 loss 1.8168
  [s1] ep 1 step 600 loss 1.8075
  [s1] ep 1 step 650 loss 1.8056
  [s1] ep 1 step 700 loss 1.8018
  [s1] ep 1 step 750 loss 1.7939
  [s1] ep 1 step 800 loss 1.7931
  [s1] ep 1 step 850 loss 1.7868
  [s1] ep 1 step 900 loss 1.7830
  [s1] ep 1 step 950 loss 1.7831
  [s1] ep 1 step 1000 loss 1.7793
  [s1] ep 1 step 1050 loss 1.7784
  [s1] ep 1 step 1100 loss 1.7796
[gate s1] big-native          val concept=0.0420
[gate s1] big-from-projected  val concept=0.0000
  [s2] ep 0 step 50 loss 0.1483
  [s2] ep 0 step 100 loss 0.1551
  [s2] ep 0 step 150 loss 0.1486
  [s2] ep 0 step 200 loss 0.1479
  [s2] ep 0 step 250 loss 0.1495
  [s2] ep 0 step 300 loss 0.1419
  [s2] ep 0 step 350 loss 0.1528
  [s2] ep 0 step 400 loss 0.1455
  [s2] ep 0 step 450 loss 0.1422
  [s2] ep 0 step 500 loss 0.1410
  [s2] ep 0 step 550 loss 0.1449
  [s2] ep 1 step 600 loss 0.1413
  [s2] ep 1 step 650 loss 0.1405
  [s2] ep 1 step 700 loss 0.1455
  [s2] ep 1 step 750 loss 0.1420
  [s2] ep 1 step 800 loss 0.1355
  [s2] ep 1 step 850 loss 0.1388
  [s2] ep 1 step 900 loss 0.1384
  [s2] ep 1 step 950 loss 0.1401
  [s2] ep 1 step 1000 loss 0.1416
  [s2] ep 1 step 1050 loss 0.1327
  [s2] ep 1 step 1100 loss 0.1334
  [s2] ep 2 step 1150 loss 0.1459
  [s2] ep 2 step 1200 loss 0.1254
  [s2] ep 2 step 1250 loss 0.1314
  [s2] ep 2 step 1300 loss 0.1321
  [s2] ep 2 step 1350 loss 0.1197
  [s2] ep 2 step 1400 loss 0.1290
  [s2] ep 2 step 1450 loss 0.1218
  [s2] ep 2 step 1500 loss 0.1309
  [s2] ep 2 step 1550 loss 0.1296
  [s2] ep 2 step 1600 loss 0.1273
  [s2] ep 2 step 1650 loss 0.1213
[gate s2] pipeline val exact=0.7100 concept=0.7100
  [s3] ep 0 step 50 loss 0.1221
  [s3] ep 0 step 100 loss 0.1323
  [s3] ep 0 step 150 loss 0.1246
  [s3] ep 0 step 200 loss 0.1275
  [s3] ep 0 step 250 loss 0.1272
  [s3] ep 0 step 300 loss 0.1171
  [s3] ep 0 step 350 loss 0.1261
  [s3] ep 0 step 400 loss 0.1236
  [s3] ep 0 step 450 loss 0.1210
  [s3] ep 0 step 500 loss 0.1195
  [s3] ep 0 step 550 loss 0.1208
[gate s3] pipeline val exact=0.7200 concept=0.7200
TEST pipeline exact=0.7440 concept=0.7440
saved -> runs/c3_pipeline_randbig
CHAIN_DONE
