=== pipeline d_s=64 d_b=256 proj=mlp random_big=0 ===
small=0.14M big=8.32M proj_up=0.082M lora=0.017M
  [s1] ep 0 step 50 loss 3.5577
  [s1] ep 0 step 100 loss 1.8201
  [s1] ep 0 step 150 loss 1.5969
  [s1] ep 0 step 200 loss 1.4826
  [s1] ep 0 step 250 loss 1.2492
  [s1] ep 0 step 300 loss 0.9062
  [s1] ep 0 step 350 loss 0.7327
  [s1] ep 0 step 400 loss 0.6642
  [s1] ep 0 step 450 loss 0.5914
  [s1] ep 0 step 500 loss 0.5260
  [s1] ep 0 step 550 loss 0.4764
  [s1] ep 1 step 600 loss 0.3598
  [s1] ep 1 step 650 loss 0.2883
  [s1] ep 1 step 700 loss 0.2464
  [s1] ep 1 step 750 loss 0.2263
  [s1] ep 1 step 800 loss 0.2193
  [s1] ep 1 step 850 loss 0.1599
  [s1] ep 1 step 900 loss 0.1487
  [s1] ep 1 step 950 loss 0.1181
  [s1] ep 1 step 1000 loss 0.0999
  [s1] ep 1 step 1050 loss 0.0958
  [s1] ep 1 step 1100 loss 0.0814
  [s1] ep 2 step 1150 loss 0.0691
  [s1] ep 2 step 1200 loss 0.0638
  [s1] ep 2 step 1250 loss 0.0548
  [s1] ep 2 step 1300 loss 0.0529
  [s1] ep 2 step 1350 loss 0.0550
  [s1] ep 2 step 1400 loss 0.0497
  [s1] ep 2 step 1450 loss 0.0474
  [s1] ep 2 step 1500 loss 0.0448
  [s1] ep 2 step 1550 loss 0.0416
  [s1] ep 2 step 1600 loss 0.0381
  [s1] ep 2 step 1650 loss 0.0362
  [s1] ep 3 step 1700 loss 0.0352
  [s1] ep 3 step 1750 loss 0.0333
  [s1] ep 3 step 1800 loss 0.0336
  [s1] ep 3 step 1850 loss 0.0320
  [s1] ep 3 step 1900 loss 0.0315
  [s1] ep 3 step 1950 loss 0.0306
  [s1] ep 3 step 2000 loss 0.0317
  [s1] ep 3 step 2050 loss 0.0307
  [s1] ep 3 step 2100 loss 0.0307
  [s1] ep 3 step 2150 loss 0.0314
  [s1] ep 3 step 2200 loss 0.0329
[gate s1] big-native          val concept=0.9180
[gate s1] big-from-projected  val concept=0.9940
  [s2] ep 0 step 50 loss 0.1566
  [s2] ep 0 step 100 loss 0.1528
  [s2] ep 0 step 150 loss 0.1441
  [s2] ep 0 step 200 loss 0.1391
  [s2] ep 0 step 250 loss 0.1398
  [s2] ep 0 step 300 loss 0.1254
  [s2] ep 0 step 350 loss 0.1303
  [s2] ep 0 step 400 loss 0.1199
  [s2] ep 0 step 450 loss 0.1062
  [s2] ep 0 step 500 loss 0.0908
  [s2] ep 0 step 550 loss 0.0911
  [s2] ep 1 step 600 loss 0.0720
  [s2] ep 1 step 650 loss 0.0586
  [s2] ep 1 step 700 loss 0.0479
  [s2] ep 1 step 750 loss 0.0382
  [s2] ep 1 step 800 loss 0.0382
  [s2] ep 1 step 850 loss 0.0281
  [s2] ep 1 step 900 loss 0.0255
  [s2] ep 1 step 950 loss 0.0165
  [s2] ep 1 step 1000 loss 0.0166
  [s2] ep 1 step 1050 loss 0.0121
  [s2] ep 1 step 1100 loss 0.0082
  [s2] ep 2 step 1150 loss 0.0062
  [s2] ep 2 step 1200 loss 0.0053
  [s2] ep 2 step 1250 loss 0.0053
  [s2] ep 2 step 1300 loss 0.0052
  [s2] ep 2 step 1350 loss 0.0049
  [s2] ep 2 step 1400 loss 0.0038
  [s2] ep 2 step 1450 loss 0.0043
  [s2] ep 2 step 1500 loss 0.0041
  [s2] ep 2 step 1550 loss 0.0037
  [s2] ep 2 step 1600 loss 0.0042
  [s2] ep 2 step 1650 loss 0.0043
[gate s2] pipeline val exact=0.9960 concept=0.9960
  [s3] ep 0 step 50 loss 0.0094
  [s3] ep 0 step 100 loss 0.0142
  [s3] ep 0 step 150 loss 0.0197
  [s3] ep 0 step 200 loss 0.0098
  [s3] ep 0 step 250 loss 0.0043
  [s3] ep 0 step 300 loss 0.0043
  [s3] ep 0 step 350 loss 0.0033
  [s3] ep 0 step 400 loss 0.0037
  [s3] ep 0 step 450 loss 0.0028
  [s3] ep 0 step 500 loss 0.0026
  [s3] ep 0 step 550 loss 0.0026
[gate s3] pipeline val exact=0.9980 concept=0.9980
TEST pipeline exact=0.9995 concept=0.9995
saved -> runs/c3_pipe_lorabig
=== pipeline d_s=64 d_b=256 proj=mlp random_big=1 ===
small=0.14M big=8.32M proj_up=0.082M lora=0.017M
  [s1] ep 0 step 50 loss 3.0833
  [s1] ep 0 step 100 loss 0.8088
  [s1] ep 0 step 150 loss 0.6822
  [s1] ep 0 step 200 loss 0.6496
  [s1] ep 0 step 250 loss 0.6309
  [s1] ep 0 step 300 loss 0.6096
  [s1] ep 0 step 350 loss 0.5990
  [s1] ep 0 step 400 loss 0.5946
  [s1] ep 0 step 450 loss 0.5928
  [s1] ep 0 step 500 loss 0.5887
  [s1] ep 0 step 550 loss 0.5883
  [s1] ep 1 step 600 loss 0.5859
  [s1] ep 1 step 650 loss 0.5865
  [s1] ep 1 step 700 loss 0.5855
  [s1] ep 1 step 750 loss 0.5852
  [s1] ep 1 step 800 loss 0.5847
  [s1] ep 1 step 850 loss 0.5860
  [s1] ep 1 step 900 loss 0.5831
  [s1] ep 1 step 950 loss 0.5817
  [s1] ep 1 step 1000 loss 0.5492
  [s1] ep 1 step 1050 loss 0.5277
  [s1] ep 1 step 1100 loss 0.5050
  [s1] ep 2 step 1150 loss 0.4946
  [s1] ep 2 step 1200 loss 0.4868
  [s1] ep 2 step 1250 loss 0.4731
  [s1] ep 2 step 1300 loss 0.4654
  [s1] ep 2 step 1350 loss 0.4500
  [s1] ep 2 step 1400 loss 0.4410
  [s1] ep 2 step 1450 loss 0.4338
  [s1] ep 2 step 1500 loss 0.4280
  [s1] ep 2 step 1550 loss 0.4248
  [s1] ep 2 step 1600 loss 0.4205
  [s1] ep 2 step 1650 loss 0.4174
  [s1] ep 3 step 1700 loss 0.4157
  [s1] ep 3 step 1750 loss 0.4156
  [s1] ep 3 step 1800 loss 0.4121
  [s1] ep 3 step 1850 loss 0.4114
  [s1] ep 3 step 1900 loss 0.4096
  [s1] ep 3 step 1950 loss 0.4084
  [s1] ep 3 step 2000 loss 0.4080
  [s1] ep 3 step 2050 loss 0.4072
  [s1] ep 3 step 2100 loss 0.4071
  [s1] ep 3 step 2150 loss 0.4087
  [s1] ep 3 step 2200 loss 0.4083
[gate s1] big-native          val concept=0.1120
[gate s1] big-from-projected  val concept=0.2320
  [s2] ep 0 step 50 loss 0.1518
  [s2] ep 0 step 100 loss 0.1550
  [s2] ep 0 step 150 loss 0.1490
  [s2] ep 0 step 200 loss 0.1479
  [s2] ep 0 step 250 loss 0.1496
  [s2] ep 0 step 300 loss 0.1416
  [s2] ep 0 step 350 loss 0.1527
  [s2] ep 0 step 400 loss 0.1465
  [s2] ep 0 step 450 loss 0.1427
  [s2] ep 0 step 500 loss 0.1410
  [s2] ep 0 step 550 loss 0.1446
  [s2] ep 1 step 600 loss 0.1413
  [s2] ep 1 step 650 loss 0.1403
  [s2] ep 1 step 700 loss 0.1455
  [s2] ep 1 step 750 loss 0.1420
  [s2] ep 1 step 800 loss 0.1353
  [s2] ep 1 step 850 loss 0.1389
  [s2] ep 1 step 900 loss 0.1383
  [s2] ep 1 step 950 loss 0.1399
  [s2] ep 1 step 1000 loss 0.1416
  [s2] ep 1 step 1050 loss 0.1330
  [s2] ep 1 step 1100 loss 0.1334
  [s2] ep 2 step 1150 loss 0.1457
  [s2] ep 2 step 1200 loss 0.1258
  [s2] ep 2 step 1250 loss 0.1313
  [s2] ep 2 step 1300 loss 0.1320
  [s2] ep 2 step 1350 loss 0.1197
  [s2] ep 2 step 1400 loss 0.1291
  [s2] ep 2 step 1450 loss 0.1219
  [s2] ep 2 step 1500 loss 0.1309
  [s2] ep 2 step 1550 loss 0.1297
  [s2] ep 2 step 1600 loss 0.1274
  [s2] ep 2 step 1650 loss 0.1211
[gate s2] pipeline val exact=0.7160 concept=0.7160
  [s3] ep 0 step 50 loss 0.1219
  [s3] ep 0 step 100 loss 0.1323
  [s3] ep 0 step 150 loss 0.1246
  [s3] ep 0 step 200 loss 0.1277
  [s3] ep 0 step 250 loss 0.1268
  [s3] ep 0 step 300 loss 0.1167
  [s3] ep 0 step 350 loss 0.1258
  [s3] ep 0 step 400 loss 0.1231
  [s3] ep 0 step 450 loss 0.1205
  [s3] ep 0 step 500 loss 0.1182
  [s3] ep 0 step 550 loss 0.1195
[gate s3] pipeline val exact=0.7240 concept=0.7240
TEST pipeline exact=0.7430 concept=0.7430
saved -> runs/c3_pipe_lorabig_rand
CHAIN3_DONE
