=== pipeline d_s=64 d_b=256 proj=mlp random_big=0 ===
small=0.14M big=8.32M proj_up=0.082M lora=0.017M
  [s1] ep 0 step 50 loss 1.1856
  [s1] ep 0 step 100 loss 0.9333
  [s1] ep 0 step 150 loss 0.8520
  [s1] ep 0 step 200 loss 0.8390
  [s1] ep 0 step 250 loss 0.8141
  [s1] ep 0 step 300 loss 0.8124
  [s1] ep 0 step 350 loss 0.8098
  [s1] ep 0 step 400 loss 0.7968
  [s1] ep 0 step 450 loss 0.7608
  [s1] ep 0 step 500 loss 0.7358
  [s1] ep 0 step 550 loss 0.6700
  [s1] ep 1 step 600 loss 0.6644
  [s1] ep 1 step 650 loss 0.6380
  [s1] ep 1 step 700 loss 0.6213
  [s1] ep 1 step 750 loss 0.6143
  [s1] ep 1 step 800 loss 0.5853
  [s1] ep 1 step 850 loss 0.5848
  [s1] ep 1 step 900 loss 0.5469
  [s1] ep 1 step 950 loss 0.5539
  [s1] ep 1 step 1000 loss 0.5496
  [s1] ep 1 step 1050 loss 0.5443
  [s1] ep 1 step 1100 loss 0.5205
  [s1] ep 2 step 1150 loss 0.4964
  [s1] ep 2 step 1200 loss 0.5058
  [s1] ep 2 step 1250 loss 0.4886
  [s1] ep 2 step 1300 loss 0.4906
  [s1] ep 2 step 1350 loss 0.4777
  [s1] ep 2 step 1400 loss 0.4477
  [s1] ep 2 step 1450 loss 0.4395
  [s1] ep 2 step 1500 loss 0.4464
  [s1] ep 2 step 1550 loss 0.4428
  [s1] ep 2 step 1600 loss 0.4188
  [s1] ep 2 step 1650 loss 0.4151
  [s1] ep 3 step 1700 loss 0.4019
  [s1] ep 3 step 1750 loss 0.3987
  [s1] ep 3 step 1800 loss 0.4174
  [s1] ep 3 step 1850 loss 0.3884
  [s1] ep 3 step 1900 loss 0.3836
  [s1] ep 3 step 1950 loss 0.3848
  [s1] ep 3 step 2000 loss 0.3850
  [s1] ep 3 step 2050 loss 0.3749
  [s1] ep 3 step 2100 loss 0.3658
  [s1] ep 3 step 2150 loss 0.3710
  [s1] ep 3 step 2200 loss 0.3831
[gate s1] big-native          val concept=0.6600
  [s2] ep 0 step 50 loss 0.1537
  [s2] ep 0 step 100 loss 0.1527
  [s2] ep 0 step 150 loss 0.1562
  [s2] ep 0 step 200 loss 0.1454
  [s2] ep 0 step 250 loss 0.1457
  [s2] ep 0 step 300 loss 0.1399
  [s2] ep 0 step 350 loss 0.1516
  [s2] ep 0 step 400 loss 0.1420
  [s2] ep 0 step 450 loss 0.1376
  [s2] ep 0 step 500 loss 0.1338
  [s2] ep 0 step 550 loss 0.1374
  [s2] ep 1 step 600 loss 0.1346
  [s2] ep 1 step 650 loss 0.1285
  [s2] ep 1 step 700 loss 0.1356
  [s2] ep 1 step 750 loss 0.1304
  [s2] ep 1 step 800 loss 0.1253
  [s2] ep 1 step 850 loss 0.1272
  [s2] ep 1 step 900 loss 0.1253
  [s2] ep 1 step 950 loss 0.1215
  [s2] ep 1 step 1000 loss 0.1184
  [s2] ep 1 step 1050 loss 0.1162
  [s2] ep 1 step 1100 loss 0.1108
  [s2] ep 2 step 1150 loss 0.1083
  [s2] ep 2 step 1200 loss 0.0997
  [s2] ep 2 step 1250 loss 0.0996
  [s2] ep 2 step 1300 loss 0.1009
  [s2] ep 2 step 1350 loss 0.0880
  [s2] ep 2 step 1400 loss 0.0933
  [s2] ep 2 step 1450 loss 0.0863
  [s2] ep 2 step 1500 loss 0.0968
  [s2] ep 2 step 1550 loss 0.0921
  [s2] ep 2 step 1600 loss 0.0850
  [s2] ep 2 step 1650 loss 0.0854
[gate s2] pipeline val exact=0.7900 concept=0.7900
  [s3] ep 0 step 50 loss 0.0921
  [s3] ep 0 step 100 loss 0.0982
  [s3] ep 0 step 150 loss 0.1050
  [s3] ep 0 step 200 loss 0.0951
  [s3] ep 0 step 250 loss 0.0905
  [s3] ep 0 step 300 loss 0.0810
  [s3] ep 0 step 350 loss 0.0888
  [s3] ep 0 step 400 loss 0.0863
  [s3] ep 0 step 450 loss 0.0813
  [s3] ep 0 step 500 loss 0.0765
  [s3] ep 0 step 550 loss 0.0769
[gate s3] pipeline val exact=0.8200 concept=0.8200
TEST pipeline exact=0.8230 concept=0.8230
saved -> runs/c3_pipe_msg4
