=== pipeline d_s=64 d_b=256 proj=mlp random_big=0 ===
small=0.14M big=7.99M proj_up=0.082M lora=0.017M
  [s1] ep 0 step 50 loss 4.3306
  [s1] ep 0 step 100 loss 2.1693
  [s1] ep 0 step 150 loss 1.9285
  [s1] ep 0 step 200 loss 1.9031
  [s1] ep 0 step 250 loss 1.8660
  [s1] ep 0 step 300 loss 1.8579
  [s1] ep 0 step 350 loss 1.8170
  [s1] ep 0 step 400 loss 1.8404
  [s1] ep 0 step 450 loss 1.8188
  [s1] ep 0 step 500 loss 1.7943
  [s1] ep 0 step 550 loss 1.8024
  [s1] ep 1 step 600 loss 1.7976
  [s1] ep 1 step 650 loss 1.7749
  [s1] ep 1 step 700 loss 1.7805
  [s1] ep 1 step 750 loss 1.7992
  [s1] ep 1 step 800 loss 1.7673
  [s1] ep 1 step 850 loss 1.7766
  [s1] ep 1 step 900 loss 1.7651
  [s1] ep 1 step 950 loss 1.7778
  [s1] ep 1 step 1000 loss 1.7735
  [s1] ep 1 step 1050 loss 1.7746
  [s1] ep 1 step 1100 loss 1.7632
  [s1] ep 2 step 1150 loss 1.7623
  [s1] ep 2 step 1200 loss 1.7508
  [s1] ep 2 step 1250 loss 1.7616
  [s1] ep 2 step 1300 loss 1.7520
  [s1] ep 2 step 1350 loss 1.7662
  [s1] ep 2 step 1400 loss 1.7516
  [s1] ep 2 step 1450 loss 1.7545
  [s1] ep 2 step 1500 loss 1.7528
  [s1] ep 2 step 1550 loss 1.7505
  [s1] ep 2 step 1600 loss 1.7626
  [s1] ep 2 step 1650 loss 1.7479
  [s1] ep 3 step 1700 loss 1.7419
  [s1] ep 3 step 1750 loss 1.7431
  [s1] ep 3 step 1800 loss 1.7497
  [s1] ep 3 step 1850 loss 1.7359
  [s1] ep 3 step 1900 loss 1.7486
  [s1] ep 3 step 1950 loss 1.7397
  [s1] ep 3 step 2000 loss 1.7414
  [s1] ep 3 step 2050 loss 1.7345
  [s1] ep 3 step 2100 loss 1.7303
  [s1] ep 3 step 2150 loss 1.7318
  [s1] ep 3 step 2200 loss 1.7375
  [s1] ep 4 step 2250 loss 1.7294
  [s1] ep 4 step 2300 loss 1.7222
  [s1] ep 4 step 2350 loss 1.7306
  [s1] ep 4 step 2400 loss 1.7284
  [s1] ep 4 step 2450 loss 1.7337
  [s1] ep 4 step 2500 loss 1.7318
  [s1] ep 4 step 2550 loss 1.7217
  [s1] ep 4 step 2600 loss 1.7255
  [s1] ep 4 step 2650 loss 1.7195
  [s1] ep 4 step 2700 loss 1.7245
  [s1] ep 4 step 2750 loss 1.7192
  [s1] ep 5 step 2800 loss 1.7274
  [s1] ep 5 step 2850 loss 1.7173
  [s1] ep 5 step 2900 loss 1.7256
  [s1] ep 5 step 2950 loss 1.7174
  [s1] ep 5 step 3000 loss 1.7150
  [s1] ep 5 step 3050 loss 1.7140
  [s1] ep 5 step 3100 loss 1.7206
  [s1] ep 5 step 3150 loss 1.7162
  [s1] ep 5 step 3200 loss 1.7171
  [s1] ep 5 step 3250 loss 1.7149
  [s1] ep 5 step 3300 loss 1.7187
[gate s1] big-native          val concept=1.0000
[gate s1] big-from-projected  val concept=0.0960
  [s2] ep 0 step 50 loss 0.1549
  [s2] ep 0 step 100 loss 0.1549
  [s2] ep 0 step 150 loss 0.1486
  [s2] ep 0 step 200 loss 0.1478
  [s2] ep 0 step 250 loss 0.1495
