=== xs/coconut params=0.12M device=mps ===
train=17746 val=500 test=2000
  stage 0 ep 0 step 50 loss 2.6654 (1s)
  stage 0 ep 0 step 100 loss 1.6769 (2s)
  stage 0 ep 0 step 150 loss 1.1167 (3s)
  stage 0 ep 0 step 200 loss 0.8550 (3s)
  stage 0 ep 0 step 250 loss 0.6970 (4s)
  stage 0 ep 0 step 300 loss 0.5812 (5s)
  stage 0 ep 0 step 350 loss 0.5202 (6s)
  stage 0 ep 0 step 400 loss 0.4816 (6s)
  stage 0 ep 0 step 450 loss 0.4586 (7s)
  stage 0 ep 0 step 500 loss 0.4438 (8s)
  stage 0 ep 0 step 550 loss 0.4342 (9s)
  stage 0 ep 1 step 600 loss 0.4277 (10s)
  stage 0 ep 1 step 650 loss 0.4195 (11s)
  stage 0 ep 1 step 700 loss 0.4143 (11s)
  stage 0 ep 1 step 750 loss 0.4101 (12s)
  stage 0 ep 1 step 800 loss 0.4024 (13s)
  stage 0 ep 1 step 850 loss 0.4010 (14s)
  stage 0 ep 1 step 900 loss 0.3977 (14s)
  stage 0 ep 1 step 950 loss 0.3939 (15s)
  stage 0 ep 1 step 1000 loss 0.3900 (16s)
  stage 0 ep 1 step 1050 loss 0.3867 (16s)
  stage 0 ep 1 step 1100 loss 0.3752 (17s)
  stage 0 ep 2 step 1150 loss 0.3739 (18s)
  stage 0 ep 2 step 1200 loss 0.3589 (18s)
  stage 0 ep 2 step 1250 loss 0.3539 (19s)
  stage 0 ep 2 step 1300 loss 0.3434 (20s)
  stage 0 ep 2 step 1350 loss 0.3408 (20s)
  stage 0 ep 2 step 1400 loss 0.3359 (21s)
  stage 0 ep 2 step 1450 loss 0.3287 (22s)
  stage 0 ep 2 step 1500 loss 0.3260 (22s)
  stage 0 ep 2 step 1550 loss 0.3171 (23s)
  stage 0 ep 2 step 1600 loss 0.3185 (24s)
  stage 0 ep 2 step 1650 loss 0.3111 (25s)
  stage 0 ep 3 step 1700 loss 0.3115 (25s)
  stage 0 ep 3 step 1750 loss 0.3097 (26s)
  stage 0 ep 3 step 1800 loss 0.3041 (27s)
  stage 0 ep 3 step 1850 loss 0.3052 (27s)
  stage 0 ep 3 step 1900 loss 0.3037 (28s)
  stage 0 ep 3 step 1950 loss 0.3043 (29s)
  stage 0 ep 3 step 2000 loss 0.3032 (30s)
  stage 0 ep 3 step 2050 loss 0.3027 (30s)
  stage 0 ep 3 step 2100 loss 0.3016 (31s)
  stage 0 ep 3 step 2150 loss 0.3016 (32s)
  stage 0 ep 3 step 2200 loss 0.3039 (32s)
[stage 0] val exact=0.228 concept=0.228
  stage 1 ep 0 step 2250 loss 1.3414 (35s)
  stage 1 ep 0 step 2300 loss 0.5332 (37s)
  stage 1 ep 0 step 2350 loss 0.4147 (38s)
  stage 1 ep 0 step 2400 loss 0.3897 (39s)
  stage 1 ep 0 step 2450 loss 0.3672 (40s)
  stage 1 ep 0 step 2500 loss 0.3491 (41s)
  stage 1 ep 0 step 2550 loss 0.3132 (43s)
  stage 1 ep 0 step 2600 loss 0.2789 (44s)
  stage 1 ep 0 step 2650 loss 0.2550 (45s)
  stage 1 ep 0 step 2700 loss 0.2265 (46s)
  stage 1 ep 0 step 2750 loss 0.1934 (48s)
  stage 1 ep 1 step 2800 loss 0.1294 (49s)
  stage 1 ep 1 step 2850 loss 0.0909 (50s)
  stage 1 ep 1 step 2900 loss 0.0574 (51s)
  stage 1 ep 1 step 2950 loss 0.0406 (53s)
  stage 1 ep 1 step 3000 loss 0.0320 (54s)
  stage 1 ep 1 step 3050 loss 0.0232 (55s)
  stage 1 ep 1 step 3100 loss 0.0166 (56s)
  stage 1 ep 1 step 3150 loss 0.0114 (57s)
  stage 1 ep 1 step 3200 loss 0.0079 (58s)
  stage 1 ep 1 step 3250 loss 0.0050 (60s)
  stage 1 ep 1 step 3300 loss 0.0035 (61s)
  stage 1 ep 2 step 3350 loss 0.0023 (62s)
  stage 1 ep 2 step 3400 loss 0.0022 (63s)
  stage 1 ep 2 step 3450 loss 0.0016 (64s)
  stage 1 ep 2 step 3500 loss 0.0011 (65s)
  stage 1 ep 2 step 3550 loss 0.0009 (67s)
  stage 1 ep 2 step 3600 loss 0.0007 (68s)
  stage 1 ep 2 step 3650 loss 0.0006 (69s)
  stage 1 ep 2 step 3700 loss 0.0005 (70s)
  stage 1 ep 2 step 3750 loss 0.0004 (71s)
  stage 1 ep 2 step 3800 loss 0.0003 (72s)
  stage 1 ep 2 step 3850 loss 0.0003 (73s)
  stage 1 ep 3 step 3900 loss 0.0002 (75s)
  stage 1 ep 3 step 3950 loss 0.0002 (76s)
  stage 1 ep 3 step 4000 loss 0.0002 (77s)
  stage 1 ep 3 step 4050 loss 0.0002 (78s)
  stage 1 ep 3 step 4100 loss 0.0002 (79s)
  stage 1 ep 3 step 4150 loss 0.0002 (80s)
  stage 1 ep 3 step 4200 loss 0.0002 (81s)
  stage 1 ep 3 step 4250 loss 0.0002 (82s)
  stage 1 ep 3 step 4300 loss 0.0002 (83s)
  stage 1 ep 3 step 4350 loss 0.0002 (84s)
  stage 1 ep 3 step 4400 loss 0.0002 (86s)
[stage 1] val exact=1.000 concept=1.000
  stage 2 ep 0 step 4450 loss 3.1187 (88s)
  stage 2 ep 0 step 4500 loss 0.7191 (89s)
  stage 2 ep 0 step 4550 loss 0.2359 (90s)
  stage 2 ep 0 step 4600 loss 0.2146 (92s)
  stage 2 ep 0 step 4650 loss 0.1890 (93s)
  stage 2 ep 0 step 4700 loss 0.1854 (94s)
  stage 2 ep 0 step 4750 loss 0.1726 (96s)
  stage 2 ep 0 step 4800 loss 0.1662 (97s)
  stage 2 ep 0 step 4850 loss 0.1563 (99s)
  stage 2 ep 0 step 4900 loss 0.1454 (100s)
  stage 2 ep 0 step 4950 loss 0.1356 (101s)
  stage 2 ep 1 step 5000 loss 0.1117 (103s)
  stage 2 ep 1 step 5050 loss 0.1247 (104s)
  stage 2 ep 1 step 5100 loss 0.1204 (106s)
  stage 2 ep 1 step 5150 loss 0.1082 (107s)
  stage 2 ep 1 step 5200 loss 0.1011 (109s)
  stage 2 ep 1 step 5250 loss 0.0968 (110s)
  stage 2 ep 1 step 5300 loss 0.0961 (111s)
  stage 2 ep 1 step 5350 loss 0.0880 (113s)
  stage 2 ep 1 step 5400 loss 0.0895 (115s)
  stage 2 ep 1 step 5450 loss 0.0814 (116s)
  stage 2 ep 1 step 5500 loss 0.0746 (118s)
  stage 2 ep 1 step 5550 loss 0.0714 (119s)
  stage 2 ep 2 step 5600 loss 0.0650 (121s)
  stage 2 ep 2 step 5650 loss 0.0697 (122s)
  stage 2 ep 2 step 5700 loss 0.0652 (124s)
  stage 2 ep 2 step 5750 loss 0.0625 (126s)
  stage 2 ep 2 step 5800 loss 0.0596 (127s)
  stage 2 ep 2 step 5850 loss 0.0559 (128s)
  stage 2 ep 2 step 5900 loss 0.0508 (130s)
  stage 2 ep 2 step 5950 loss 0.0502 (131s)
  stage 2 ep 2 step 6000 loss 0.0538 (132s)
  stage 2 ep 2 step 6050 loss 0.0479 (134s)
  stage 2 ep 2 step 6100 loss 0.0500 (135s)
  stage 2 ep 3 step 6150 loss 0.0452 (137s)
  stage 2 ep 3 step 6200 loss 0.0421 (138s)
  stage 2 ep 3 step 6250 loss 0.0428 (140s)
  stage 2 ep 3 step 6300 loss 0.0454 (141s)
  stage 2 ep 3 step 6350 loss 0.0426 (143s)
  stage 2 ep 3 step 6400 loss 0.0389 (144s)
  stage 2 ep 3 step 6450 loss 0.0407 (146s)
  stage 2 ep 3 step 6500 loss 0.0388 (147s)
  stage 2 ep 3 step 6550 loss 0.0391 (148s)
  stage 2 ep 3 step 6600 loss 0.0414 (150s)
  stage 2 ep 3 step 6650 loss 0.0420 (151s)
[stage 2] val exact=0.814 concept=0.814
  stage 3 ep 0 step 6700 loss 1.5450 (155s)
  stage 3 ep 0 step 6750 loss 0.3477 (159s)
  stage 3 ep 0 step 6800 loss 0.3327 (162s)
  stage 3 ep 0 step 6850 loss 0.3130 (165s)
  stage 3 ep 0 step 6900 loss 0.2608 (167s)
  stage 3 ep 0 step 6950 loss 0.2435 (170s)
  stage 3 ep 0 step 7000 loss 0.2318 (174s)
  stage 3 ep 0 step 7050 loss 0.2247 (177s)
  stage 3 ep 0 step 7100 loss 0.2172 (180s)
  stage 3 ep 0 step 7150 loss 0.2208 (183s)
  stage 3 ep 0 step 7200 loss 0.2099 (186s)
  stage 3 ep 1 step 7250 loss 0.2074 (189s)
  stage 3 ep 1 step 7300 loss 0.2043 (192s)
  stage 3 ep 1 step 7350 loss 0.2003 (195s)
  stage 3 ep 1 step 7400 loss 0.1945 (198s)
  stage 3 ep 1 step 7450 loss 0.1910 (202s)
  stage 3 ep 1 step 7500 loss 0.1905 (205s)
  stage 3 ep 1 step 7550 loss 0.1801 (208s)
  stage 3 ep 1 step 7600 loss 0.1804 (211s)
  stage 3 ep 1 step 7650 loss 0.1833 (215s)
  stage 3 ep 1 step 7700 loss 0.1810 (217s)
  stage 3 ep 1 step 7750 loss 0.1763 (220s)
  stage 3 ep 2 step 7800 loss 0.1636 (223s)
  stage 3 ep 2 step 7850 loss 0.1668 (225s)
  stage 3 ep 2 step 7900 loss 0.1565 (228s)
  stage 3 ep 2 step 7950 loss 0.1590 (231s)
  stage 3 ep 2 step 8000 loss 0.1588 (234s)
  stage 3 ep 2 step 8050 loss 0.1492 (237s)
  stage 3 ep 2 step 8100 loss 0.1510 (240s)
  stage 3 ep 2 step 8150 loss 0.1495 (244s)
  stage 3 ep 2 step 8200 loss 0.1471 (247s)
  stage 3 ep 2 step 8250 loss 0.1417 (250s)
  stage 3 ep 2 step 8300 loss 0.1397 (252s)
  stage 3 ep 3 step 8350 loss 0.1408 (255s)
  stage 3 ep 3 step 8400 loss 0.1370 (258s)
  stage 3 ep 3 step 8450 loss 0.1369 (261s)
  stage 3 ep 3 step 8500 loss 0.1295 (264s)
  stage 3 ep 3 step 8550 loss 0.1272 (266s)
  stage 3 ep 3 step 8600 loss 0.1318 (269s)
  stage 3 ep 3 step 8650 loss 0.1285 (271s)
  stage 3 ep 3 step 8700 loss 0.1300 (274s)
  stage 3 ep 3 step 8750 loss 0.1284 (276s)
  stage 3 ep 3 step 8800 loss 0.1314 (278s)
  stage 3 ep 3 step 8850 loss 0.1294 (281s)
[stage 3] val exact=0.580 concept=0.580
  stage 99 ep 0 step 8900 loss 3.2158 (284s)
  stage 99 ep 0 step 8950 loss 0.2940 (286s)
  stage 99 ep 0 step 9000 loss 0.2871 (288s)
  stage 99 ep 0 step 9050 loss 0.2719 (291s)
  stage 99 ep 0 step 9100 loss 0.2686 (293s)
  stage 99 ep 0 step 9150 loss 0.2576 (296s)
  stage 99 ep 0 step 9200 loss 0.2638 (298s)
  stage 99 ep 0 step 9250 loss 0.2426 (301s)
  stage 99 ep 0 step 9300 loss 0.2396 (303s)
  stage 99 ep 0 step 9350 loss 0.2402 (305s)
  stage 99 ep 0 step 9400 loss 0.2329 (308s)
  stage 99 ep 1 step 9450 loss 0.2148 (310s)
  stage 99 ep 1 step 9500 loss 0.2358 (313s)
  stage 99 ep 1 step 9550 loss 0.2204 (315s)
  stage 99 ep 1 step 9600 loss 0.2157 (318s)
  stage 99 ep 1 step 9650 loss 0.2269 (320s)
  stage 99 ep 1 step 9700 loss 0.2031 (323s)
  stage 99 ep 1 step 9750 loss 0.2111 (326s)
  stage 99 ep 1 step 9800 loss 0.1974 (329s)
  stage 99 ep 1 step 9850 loss 0.2049 (331s)
  stage 99 ep 1 step 9900 loss 0.2098 (334s)
  stage 99 ep 1 step 9950 loss 0.1909 (337s)
  stage 99 ep 2 step 10000 loss 0.1762 (340s)
  stage 99 ep 2 step 10050 loss 0.1824 (343s)
  stage 99 ep 2 step 10100 loss 0.1869 (347s)
  stage 99 ep 2 step 10150 loss 0.1787 (351s)
  stage 99 ep 2 step 10200 loss 0.1798 (355s)
  stage 99 ep 2 step 10250 loss 0.1695 (357s)
  stage 99 ep 2 step 10300 loss 0.1713 (360s)
  stage 99 ep 2 step 10350 loss 0.1618 (363s)
  stage 99 ep 2 step 10400 loss 0.1614 (366s)
  stage 99 ep 2 step 10450 loss 0.1703 (369s)
  stage 99 ep 2 step 10500 loss 0.1550 (372s)
  stage 99 ep 3 step 10550 loss 0.1587 (375s)
  stage 99 ep 3 step 10600 loss 0.1539 (379s)
  stage 99 ep 3 step 10650 loss 0.1401 (382s)
  stage 99 ep 3 step 10700 loss 0.1516 (385s)
  stage 99 ep 3 step 10750 loss 0.1514 (389s)
  stage 99 ep 3 step 10800 loss 0.1493 (392s)
  stage 99 ep 3 step 10850 loss 0.1446 (396s)
  stage 99 ep 3 step 10900 loss 0.1528 (399s)
  stage 99 ep 3 step 10950 loss 0.1425 (402s)
  stage 99 ep 3 step 11000 loss 0.1481 (405s)
  stage 99 ep 3 step 11050 loss 0.1488 (408s)
  stage 99 ep 3 step 11100 loss 0.1508 (410s)
[stage 99] val exact=0.692 concept=0.692
TEST exact=0.6840 concept=0.6840
saved -> runs/c3_xs
