universe ref-0000400-M103 contract ok True
universes 6 problems 114 levels (1, 2, 3, 4, 5, 6, 7, 8)

discards per level
  new_notation                 level 1 distinct_emitted 18 kept 18 discarded 0 discard_rate 0.0000 repeat_draws_skipped 0
  new_definitions              level 2 distinct_emitted 19 kept 18 discarded 1 discard_rate 0.0526 repeat_draws_skipped 0
  new_theorem                  level 3 distinct_emitted 12 kept 12 discarded 0 discard_rate 0.0000 repeat_draws_skipped 6
  new_proof_technique          level 4 distinct_emitted 19 kept 18 discarded 1 discard_rate 0.0526 repeat_draws_skipped 0
  prerequisite_discovery       level 5 distinct_emitted 19 kept 18 discarded 1 discard_rate 0.0526 repeat_draws_skipped 0
  cross_chapter_composition    level 6 distinct_emitted 19 kept 18 discarded 1 discard_rate 0.0526 repeat_draws_skipped 0
  not_explicitly_stated        level 7 distinct_emitted 6 kept 6 discarded 0 discard_rate 0.0000 repeat_draws_skipped 0
  open                         level 8 distinct_emitted 6 kept 6 discarded 0 discard_rate 0.0000 repeat_draws_skipped 0

majority baseline per level
  new_notation                 majority 0.0556 n_distinct 18
  new_definitions              majority 0.1111 n_distinct 17
  new_theorem                  majority 0.0833 n_distinct 12
  new_proof_technique          majority 0.1111 n_distinct 17
  prerequisite_discovery       majority 0.1667 n_distinct 11
  cross_chapter_composition    majority 0.1111 n_distinct 16
  not_explicitly_stated        majority 0.1667 n_distinct 6
  open                         majority 0.1667 n_distinct 6

accuracy per level, condition closed_book
  new_notation                 level 1 n 18 accuracy 0.0000
  new_definitions              level 2 n 18 accuracy 0.0000
  new_theorem                  level 3 n 12 accuracy 0.0000
  new_proof_technique          level 4 n 18 accuracy 0.0000
  prerequisite_discovery       level 5 n 18 accuracy 0.0000
  cross_chapter_composition    level 6 n 18 accuracy 0.0000
  not_explicitly_stated        level 7 n 6 accuracy 0.0000
  open                         level 8 n 6 accuracy 0.0000

accuracy per level, condition oracle
  new_notation                 level 1 n 18 accuracy 1.0000
  new_definitions              level 2 n 18 accuracy 1.0000
  new_theorem                  level 3 n 12 accuracy 1.0000
  new_proof_technique          level 4 n 18 accuracy 1.0000
  prerequisite_discovery       level 5 n 18 accuracy 1.0000
  cross_chapter_composition    level 6 n 18 accuracy 1.0000
  not_explicitly_stated        level 7 n 6 accuracy 1.0000
  open                         level 8 n 6 accuracy 1.0000

accuracy per level, condition rag
  new_notation                 level 1 n 18 accuracy 1.0000
  new_definitions              level 2 n 18 accuracy 0.6667
  new_theorem                  level 3 n 12 accuracy 0.5000
  new_proof_technique          level 4 n 18 accuracy 0.0556
  prerequisite_discovery       level 5 n 18 accuracy 0.1111
  cross_chapter_composition    level 6 n 18 accuracy 0.0000
  not_explicitly_stated        level 7 n 6 accuracy 0.0000
  open                         level 8 n 6 accuracy 0.0000

accuracy per level, condition acquisition
  new_notation                 level 1 n 18 accuracy 1.0000
  new_definitions              level 2 n 18 accuracy 1.0000
  new_theorem                  level 3 n 12 accuracy 1.0000
  new_proof_technique          level 4 n 18 accuracy 1.0000
  prerequisite_discovery       level 5 n 18 accuracy 1.0000
  cross_chapter_composition    level 6 n 18 accuracy 1.0000
  not_explicitly_stated        level 7 n 6 accuracy 1.0000
  open                         level 8 n 6 accuracy 1.0000

accuracy per target chapter, condition closed_book
  ch1                          n 18 accuracy 0.0000
  ch2                          n 36 accuracy 0.0000
  ch3                          n 18 accuracy 0.0000
  ch4                          n 36 accuracy 0.0000
  ch5                          n 24 accuracy 0.0000
  ch6                          n 6 accuracy 0.0000

accuracy per target chapter, condition oracle
  ch1                          n 18 accuracy 1.0000
  ch2                          n 36 accuracy 1.0000
  ch3                          n 18 accuracy 1.0000
  ch4                          n 36 accuracy 1.0000
  ch5                          n 24 accuracy 1.0000
  ch6                          n 6 accuracy 1.0000

accuracy per target chapter, condition rag
  ch1                          n 18 accuracy 1.0000
  ch2                          n 36 accuracy 0.5000
  ch3                          n 18 accuracy 0.0000
  ch4                          n 36 accuracy 0.0278
  ch5                          n 24 accuracy 0.0833
  ch6                          n 6 accuracy 0.0000

accuracy per target chapter, condition acquisition
  ch1                          n 18 accuracy 1.0000
  ch2                          n 36 accuracy 1.0000
  ch3                          n 18 accuracy 1.0000
  ch4                          n 36 accuracy 1.0000
  ch5                          n 24 accuracy 1.0000
  ch6                          n 6 accuracy 1.0000

fraction of agent rollouts that issued a query
  new_notation                 1.0000
  new_definitions              1.0000
  new_theorem                  1.0000
  new_proof_technique          1.0000
  prerequisite_discovery       1.0000
  cross_chapter_composition    1.0000
  not_explicitly_stated        1.0000
  open                         1.0000

acquisition battery per test
  reconstruction               n 3 passed 3 rate 1.0000 semantic False
  recognition                  n 3 passed 3 rate 1.0000 semantic True chance 0.2500
  application                  n 3 passed 3 rate 1.0000 semantic True
  counterexample               n 3 passed 3 rate 1.0000 semantic True chance 0.0129
  composition                  n 3 passed 3 rate 1.0000 semantic True
  transfer                     n 3 passed 3 rate 1.0000 semantic True chance 0.5000
  acquired per item: {"i_conductor": true, "i_core": true, "i_march": true}

CLOSED_BOOK new_notation:0.000 new_definitions:0.000 new_theorem:0.000 new_proof_technique:0.000 prerequisite_discovery:0.000 cross_chapter_composition:0.000 not_explicitly_stated:0.000 open:0.000
MAJORITY    new_notation:0.056 new_definitions:0.111 new_theorem:0.083 new_proof_technique:0.111 prerequisite_discovery:0.167 cross_chapter_composition:0.111 not_explicitly_stated:0.167 open:0.167
