[0/40] doc=0/4 wrong_doc=0/4 no_doc=0/4 result=0/4 t=23s
[20/40] doc=0/84 wrong_doc=0/84 no_doc=0/84 result=6/84 t=281s
SUMMARY {
 "doc": {
  "acc": 0.01875,
  "well_formed": 0.98125,
  "n": 160,
  "mean_prompt_toks": 244.225
 },
 "wrong_doc": {
  "acc": 0.0,
  "well_formed": 1.0,
  "n": 160,
  "mean_prompt_toks": 244.175
 },
 "no_doc": {
  "acc": 0.0,
  "well_formed": 1.0,
  "n": 160,
  "mean_prompt_toks": 31.65
 },
 "result": {
  "acc": 0.04375,
  "well_formed": 0.64375,
  "n": 160,
  "mean_prompt_toks": 250.3
 }
}
