[0/40] doc=0/4 wrong_doc=0/4 no_doc=0/4 result=0/4 t=17s
[20/40] doc=6/84 wrong_doc=5/84 no_doc=0/84 result=0/84 t=395s
SUMMARY {
 "doc": {
  "acc": 0.075,
  "well_formed": 0.8875,
  "n": 160,
  "mean_prompt_toks": 249.94375,
  "by_fam": {
   "binary_op": 0.0,
   "units": 0.0,
   "procedure": 0.231
  }
 },
 "wrong_doc": {
  "acc": 0.0625,
  "well_formed": 0.9375,
  "n": 160,
  "mean_prompt_toks": 259.09375,
  "by_fam": {
   "binary_op": 0.0,
   "units": 0.0,
   "procedure": 0.192
  }
 },
 "no_doc": {
  "acc": 0.0,
  "well_formed": 1.0,
  "n": 160,
  "mean_prompt_toks": 28.24375,
  "by_fam": {
   "binary_op": 0.0,
   "units": 0.0,
   "procedure": 0.0
  }
 },
 "result": {
  "acc": 0.00625,
  "well_formed": 0.58125,
  "n": 160,
  "mean_prompt_toks": 256.11875,
  "by_fam": {
   "binary_op": 0.018,
   "units": 0.0,
   "procedure": 0.0
  }
 }
}
