[0/40] doc=0/4 wrong_doc=0/4 no_doc=0/4 result=0/4 t=14s
[20/40] doc=9/84 wrong_doc=8/84 no_doc=5/84 result=9/84 t=187s
SUMMARY {
 "doc": {
  "acc": 0.1,
  "well_formed": 1.0,
  "n": 160,
  "mean_prompt_toks": 249.94375,
  "by_fam": {
   "binary_op": 0.0,
   "units": 0.019,
   "procedure": 0.288
  }
 },
 "wrong_doc": {
  "acc": 0.09375,
  "well_formed": 1.0,
  "n": 160,
  "mean_prompt_toks": 259.09375,
  "by_fam": {
   "binary_op": 0.0,
   "units": 0.0,
   "procedure": 0.288
  }
 },
 "no_doc": {
  "acc": 0.05625,
  "well_formed": 0.5875,
  "n": 160,
  "mean_prompt_toks": 28.24375,
  "by_fam": {
   "binary_op": 0.018,
   "units": 0.0,
   "procedure": 0.154
  }
 },
 "result": {
  "acc": 0.10625,
  "well_formed": 1.0,
  "n": 160,
  "mean_prompt_toks": 256.11875,
  "by_fam": {
   "binary_op": 0.054,
   "units": 0.0,
   "procedure": 0.269
  }
 }
}
