[0/40] doc=0/4 wrong_doc=0/4 no_doc=0/4 result=0/4 t=7s
[20/40] doc=4/84 wrong_doc=1/84 no_doc=1/84 result=0/84 t=236s
SUMMARY {
 "doc": {
  "acc": 0.03125,
  "well_formed": 1.0,
  "n": 160,
  "mean_prompt_toks": 249.94375,
  "by_fam": {
   "binary_op": 0.018,
   "units": 0.0,
   "procedure": 0.077
  }
 },
 "wrong_doc": {
  "acc": 0.00625,
  "well_formed": 1.0,
  "n": 160,
  "mean_prompt_toks": 259.09375,
  "by_fam": {
   "binary_op": 0.0,
   "units": 0.0,
   "procedure": 0.019
  }
 },
 "no_doc": {
  "acc": 0.00625,
  "well_formed": 1.0,
  "n": 160,
  "mean_prompt_toks": 28.24375,
  "by_fam": {
   "binary_op": 0.018,
   "units": 0.0,
   "procedure": 0.0
  }
 },
 "result": {
  "acc": 0.0,
  "well_formed": 0.7375,
  "n": 160,
  "mean_prompt_toks": 256.11875,
  "by_fam": {
   "binary_op": 0.0,
   "units": 0.0,
   "procedure": 0.0
  }
 }
}
