[0/40] doc=0/4 wrong_doc=0/4 no_doc=0/4 result=2/4 t=12s
[20/40] doc=11/84 wrong_doc=0/84 no_doc=0/84 result=38/84 t=230s
SUMMARY {
 "doc": {
  "acc": 0.1375,
  "well_formed": 1.0,
  "n": 160,
  "mean_prompt_toks": 244.225
 },
 "wrong_doc": {
  "acc": 0.0,
  "well_formed": 0.98125,
  "n": 160,
  "mean_prompt_toks": 244.175
 },
 "no_doc": {
  "acc": 0.0,
  "well_formed": 1.0,
  "n": 160,
  "mean_prompt_toks": 31.65
 },
 "result": {
  "acc": 0.44375,
  "well_formed": 0.95625,
  "n": 160,
  "mean_prompt_toks": 250.3
 }
}
