[0/40] doc=0/4 wrong_doc=0/4 no_doc=0/4 result=0/4 t=21s
[20/40] doc=0/84 wrong_doc=0/84 no_doc=0/84 result=0/84 t=422s
SUMMARY {
 "doc": {
  "acc": 0.0,
  "well_formed": 0.98125,
  "n": 160,
  "mean_prompt_toks": 249.94375
 },
 "wrong_doc": {
  "acc": 0.0,
  "well_formed": 0.975,
  "n": 160,
  "mean_prompt_toks": 259.09375
 },
 "no_doc": {
  "acc": 0.0,
  "well_formed": 1.0,
  "n": 160,
  "mean_prompt_toks": 28.24375
 },
 "result": {
  "acc": 0.0,
  "well_formed": 0.96875,
  "n": 160,
  "mean_prompt_toks": 256.11875
 }
}
