[0/40] doc=0/4 wrong_doc=0/4 no_doc=0/4 result=2/4 t=7s
[20/40] doc=0/84 wrong_doc=0/84 no_doc=0/84 result=41/84 t=157s
SUMMARY {
 "doc": {
  "acc": 0.0,
  "well_formed": 0.0,
  "n": 160,
  "mean_prompt_toks": 243.225,
  "by_fam": {
   "exception_rule": 0.0,
   "substitution_rule": 0.0,
   "threshold_rule": 0.0
  }
 },
 "wrong_doc": {
  "acc": 0.0,
  "well_formed": 0.0,
  "n": 160,
  "mean_prompt_toks": 243.175,
  "by_fam": {
   "exception_rule": 0.0,
   "substitution_rule": 0.0,
   "threshold_rule": 0.0
  }
 },
 "no_doc": {
  "acc": 0.0,
  "well_formed": 0.0,
  "n": 160,
  "mean_prompt_toks": 30.65,
  "by_fam": {
   "exception_rule": 0.0,
   "substitution_rule": 0.0,
   "threshold_rule": 0.0
  }
 },
 "result": {
  "acc": 0.4625,
  "well_formed": 1.0,
  "n": 160,
  "mean_prompt_toks": 249.3,
  "by_fam": {
   "exception_rule": 0.429,
   "substitution_rule": 0.635,
   "threshold_rule": 0.327
  }
 }
}
