[induce] 512/600 pages
[induce] 600/600 pages
[induction] {"pages": 600, "pages_parsed": 600, "gold_ops": 900, "induced_ops": 900, "exact_text": 600, "behavioural": 600}
[plan_execute] d=1 acc=1.000 calls=300
[oracle_plan] d=1 acc=1.000 calls=300
[oracle_ops] d=1 acc=1.000 calls=300
[oracle_both] d=1 acc=1.000 calls=300
[plan_execute] d=2 acc=0.480 calls=450
[oracle_plan] d=2 acc=1.000 calls=450
[oracle_ops] d=2 acc=0.480 calls=450
[oracle_both] d=2 acc=1.000 calls=450
[plan_execute] d=3 acc=0.500 calls=600
[oracle_plan] d=3 acc=1.000 calls=600
[oracle_ops] d=3 acc=0.507 calls=600
[oracle_both] d=3 acc=1.000 calls=600
[plan_execute] d=4 acc=0.020 calls=600
[oracle_plan] d=4 acc=1.000 calls=750
[oracle_ops] d=4 acc=0.020 calls=600
[oracle_both] d=4 acc=1.000 calls=750
[plan_execute] d=5 acc=0.033 calls=600
[oracle_plan] d=5 acc=1.000 calls=900
[oracle_ops] d=5 acc=0.033 calls=600
[oracle_both] d=5 acc=1.000 calls=900
[plan_execute] d=6 acc=0.020 calls=582
[oracle_plan] d=6 acc=1.000 calls=1050
[oracle_ops] d=6 acc=0.020 calls=590
[oracle_both] d=6 acc=1.000 calls=1050
[plan_execute] d=7 acc=0.007 calls=600
[oracle_plan] d=7 acc=1.000 calls=1200
[oracle_ops] d=7 acc=0.007 calls=600
[oracle_both] d=7 acc=1.000 calls=1200
[plan_execute] d=8 acc=0.013 calls=600
[oracle_plan] d=8 acc=1.000 calls=1350
[oracle_ops] d=8 acc=0.013 calls=600
[oracle_both] d=8 acc=1.000 calls=1350
[written] results/audit_leak_raw_s0.json 21872 calls
[induce] 512/600 pages
[induce] 600/600 pages
[induction] {"pages": 600, "pages_parsed": 484, "gold_ops": 900, "induced_ops": 763, "exact_text": 420, "behavioural": 428}
[plan_execute] d=1 acc=0.600 calls=300
[oracle_plan] d=1 acc=0.600 calls=300
[oracle_ops] d=1 acc=1.000 calls=300
[oracle_both] d=1 acc=1.000 calls=300
[plan_execute] d=2 acc=0.313 calls=402
[oracle_plan] d=2 acc=0.640 calls=402
[oracle_ops] d=2 acc=0.480 calls=450
[oracle_both] d=2 acc=1.000 calls=450
[plan_execute] d=3 acc=0.293 calls=490
[oracle_plan] d=3 acc=0.580 calls=490
[oracle_ops] d=3 acc=0.507 calls=600
[oracle_both] d=3 acc=1.000 calls=600
[plan_execute] d=4 acc=0.007 calls=484
[oracle_plan] d=4 acc=0.587 calls=576
[oracle_ops] d=4 acc=0.020 calls=600
[oracle_both] d=4 acc=1.000 calls=750
[plan_execute] d=5 acc=0.027 calls=484
[oracle_plan] d=5 acc=0.600 calls=668
[oracle_ops] d=5 acc=0.033 calls=600
[oracle_both] d=5 acc=1.000 calls=900
[plan_execute] d=6 acc=0.020 calls=480
[oracle_plan] d=6 acc=0.633 calls=795
[oracle_ops] d=6 acc=0.020 calls=590
[oracle_both] d=6 acc=1.000 calls=1050
[plan_execute] d=7 acc=0.007 calls=474
[oracle_plan] d=7 acc=0.573 calls=822
[oracle_ops] d=7 acc=0.007 calls=600
[oracle_both] d=7 acc=1.000 calls=1200
[plan_execute] d=8 acc=0.007 calls=480
[oracle_plan] d=8 acc=0.580 calls=930
[oracle_ops] d=8 acc=0.013 calls=600
[oracle_both] d=8 acc=1.000 calls=1350
[written] results/audit_leak_raw_s1.json 19517 calls
DONE_ALL
