[induce] 512/600 pages
[induce] 600/600 pages
[induction] {"pages": 600, "pages_parsed": 600, "gold_ops": 900, "induced_ops": 900, "exact_text": 600, "behavioural": 600}
[plan_execute] d=1 acc=1.000 calls=300
[oracle_plan] d=1 acc=1.000 calls=300
[oracle_ops] d=1 acc=1.000 calls=300
[oracle_both] d=1 acc=1.000 calls=300
[plan_execute] d=2 acc=0.480 calls=450
[oracle_plan] d=2 acc=1.000 calls=450
[oracle_ops] d=2 acc=0.480 calls=450
[oracle_both] d=2 acc=1.000 calls=450
[plan_execute] d=3 acc=0.500 calls=600
[oracle_plan] d=3 acc=1.000 calls=600
[oracle_ops] d=3 acc=0.507 calls=600
[oracle_both] d=3 acc=1.000 calls=600
[plan_execute] d=4 acc=0.020 calls=600
[oracle_plan] d=4 acc=1.000 calls=750
[oracle_ops] d=4 acc=0.020 calls=600
[oracle_both] d=4 acc=1.000 calls=750
[plan_execute] d=5 acc=0.033 calls=600
[oracle_plan] d=5 acc=1.000 calls=900
[oracle_ops] d=5 acc=0.033 calls=600
[oracle_both] d=5 acc=1.000 calls=900
[plan_execute] d=6 acc=0.020 calls=582
[oracle_plan] d=6 acc=1.000 calls=1050
[oracle_ops] d=6 acc=0.020 calls=590
[oracle_both] d=6 acc=1.000 calls=1050
[plan_execute] d=7 acc=0.007 calls=600
[oracle_plan] d=7 acc=1.000 calls=1200
[oracle_ops] d=7 acc=0.007 calls=600
[oracle_both] d=7 acc=1.000 calls=1200
[plan_execute] d=8 acc=0.013 calls=600
[oracle_plan] d=8 acc=1.000 calls=1350
[oracle_ops] d=8 acc=0.013 calls=600
[oracle_both] d=8 acc=1.000 calls=1350
[written] results/audit_leak_seq_s0.json 21872 calls
[induce] 512/3600 pages
[induce] 1024/3600 pages
[induce] 1536/3600 pages
[induce] 2048/3600 pages
[induce] 2560/3600 pages
[induce] 3072/3600 pages
[induce] 3584/3600 pages
[induce] 3600/3600 pages
[induction] {"pages": 3600, "pages_parsed": 3600, "gold_ops": 5398, "induced_ops": 5398, "exact_text": 3146, "behavioural": 3146}
[plan_execute] d=1 acc=1.000 calls=300
[oracle_plan] d=1 acc=1.000 calls=300
[oracle_ops] d=1 acc=1.000 calls=300
[oracle_both] d=1 acc=1.000 calls=300
[plan_execute] d=2 acc=1.000 calls=300
[oracle_plan] d=2 acc=1.000 calls=300
[oracle_ops] d=2 acc=1.000 calls=300
[oracle_both] d=2 acc=1.000 calls=300
[plan_execute] d=3 acc=1.000 calls=300
[oracle_plan] d=3 acc=1.000 calls=300
[oracle_ops] d=3 acc=1.000 calls=300
[oracle_both] d=3 acc=1.000 calls=300
[plan_execute] d=4 acc=0.420 calls=300
[oracle_plan] d=4 acc=0.000 calls=150
[oracle_ops] d=4 acc=0.000 calls=150
[oracle_both] d=4 acc=1.000 calls=300
[plan_execute] d=5 acc=0.313 calls=300
[oracle_plan] d=5 acc=0.000 calls=150
[oracle_ops] d=5 acc=0.000 calls=150
[oracle_both] d=5 acc=1.000 calls=300
[plan_execute] d=6 acc=0.113 calls=238
[oracle_plan] d=6 acc=0.000 calls=150
[oracle_ops] d=6 acc=0.000 calls=150
[oracle_both] d=6 acc=1.000 calls=300
[written] results/audit_leak_breadth_s0.json 6238 calls
[induce] 512/600 pages
[induce] 600/600 pages
[induction] {"pages": 600, "pages_parsed": 600, "gold_ops": 899, "induced_ops": 899, "exact_text": 598, "behavioural": 598}
[plan_execute] d=2 acc=0.013 calls=450
[oracle_plan] d=2 acc=1.000 calls=450
[oracle_ops] d=2 acc=0.013 calls=450
[oracle_both] d=2 acc=1.000 calls=450
[plan_execute] d=3 acc=0.013 calls=600
[oracle_plan] d=3 acc=1.000 calls=600
[oracle_ops] d=3 acc=0.027 calls=600
[oracle_both] d=3 acc=1.000 calls=600
[plan_execute] d=4 acc=0.013 calls=434
[oracle_plan] d=4 acc=1.000 calls=750
[oracle_ops] d=4 acc=0.013 calls=434
[oracle_both] d=4 acc=1.000 calls=750
[plan_execute] d=5 acc=0.020 calls=590
[oracle_plan] d=5 acc=1.000 calls=900
[oracle_ops] d=5 acc=0.020 calls=588
[oracle_both] d=5 acc=1.000 calls=900
[plan_execute] d=6 acc=0.013 calls=591
[oracle_plan] d=6 acc=1.000 calls=1050
[oracle_ops] d=6 acc=0.013 calls=592
[oracle_both] d=6 acc=1.000 calls=1050
[written] results/audit_leak_novel_s0.json 12829 calls
[induce] 512/3600 pages
[induce] 1024/3600 pages
[induce] 1536/3600 pages
[induce] 2048/3600 pages
[induce] 2560/3600 pages
[induce] 3072/3600 pages
[induce] 3584/3600 pages
[induce] 3600/3600 pages
[induction] {"pages": 3600, "pages_parsed": 2863, "gold_ops": 5398, "induced_ops": 4556, "exact_text": 1917, "behavioural": 1987}
[plan_execute] d=1 acc=0.000 calls=247
[oracle_plan] d=1 acc=0.000 calls=247
[oracle_ops] d=1 acc=1.000 calls=300
[oracle_both] d=1 acc=1.000 calls=300
[plan_execute] d=2 acc=0.960 calls=297
[oracle_plan] d=2 acc=0.960 calls=297
[oracle_ops] d=2 acc=1.000 calls=300
[oracle_both] d=2 acc=1.000 calls=300
[plan_execute] d=3 acc=0.747 calls=296
[oracle_plan] d=3 acc=0.747 calls=296
[oracle_ops] d=3 acc=1.000 calls=300
[oracle_both] d=3 acc=1.000 calls=300
[plan_execute] d=4 acc=0.407 calls=300
[oracle_plan] d=4 acc=0.000 calls=153
[oracle_ops] d=4 acc=0.000 calls=150
[oracle_both] d=4 acc=1.000 calls=300
[plan_execute] d=5 acc=0.287 calls=300
[oracle_plan] d=5 acc=0.000 calls=151
[oracle_ops] d=5 acc=0.000 calls=150
[oracle_both] d=5 acc=1.000 calls=300
[plan_execute] d=6 acc=0.147 calls=300
[oracle_plan] d=6 acc=0.000 calls=152
[oracle_ops] d=6 acc=0.000 calls=150
[oracle_both] d=6 acc=1.000 calls=300
[written] results/audit_leak_breadth_s1.json 6186 calls
DONE_ALL2
