/opt/pytorch/lib64/python3.13/site-packages/torch/cuda/__init__.py:63: FutureWarning: The pynvml package is deprecated. Please install nvidia-ml-py instead. If you did not install pynvml directly, please report this to the maintainers of the package that installed pynvml for you.
  import pynvml  # type: ignore[import]
Traceback (most recent call last):
  File "/home/ec2-user/ca/ca_arms.py", line 647, in <module>
    run_arm(a.arm, ks, ke, a.steps, a.seed, a.tag, a.out, a.spec, a.batch, a.pos, a.block, a.eval_only)
    ~~~~~~~^^^^^^^^^^^^^^^^^^^^^^^^^^^^^^^^^^^^^^^^^^^^^^^^^^^^^^^^^^^^^^^^^^^^^^^^^^^^^^^^^^^^^^^^^^^^
  File "/home/ec2-user/ca/ca_arms.py", line 610, in run_arm
    loss = train_step(k)
  File "/home/ec2-user/ca/ca_arms.py", line 464, in train_step
    loss = loss + readout_loss(h[:, P + t], past_t, target[:, t])
                  ~~~~~~~~~~~~^^^^^^^^^^^^^^^^^^^^^^^^^^^^^^^^^^^
  File "/home/ec2-user/ca/ca_arms.py", line 341, in readout_loss
    h_rest, _ = gpt(embeds=gpt.wte(bits[:, :-1]), past=past_t)          # (B,W-1,d)
                ~~~^^^^^^^^^^^^^^^^^^^^^^^^^^^^^^^^^^^^^^^^^^^
  File "/opt/pytorch/lib64/python3.13/site-packages/torch/nn/modules/module.py", line 1778, in _wrapped_call_impl
    return self._call_impl(*args, **kwargs)
           ~~~~~~~~~~~~~~~^^^^^^^^^^^^^^^^^
  File "/opt/pytorch/lib64/python3.13/site-packages/torch/nn/modules/module.py", line 1789, in _call_impl
    return forward_call(*args, **kwargs)
  File "/home/ec2-user/ca/ca_arms.py", line 152, in forward
    x, kv = blk(x, None if past is None else past[i])
            ~~~^^^^^^^^^^^^^^^^^^^^^^^^^^^^^^^^^^^^^^
  File "/opt/pytorch/lib64/python3.13/site-packages/torch/nn/modules/module.py", line 1778, in _wrapped_call_impl
    return self._call_impl(*args, **kwargs)
           ~~~~~~~~~~~~~~~^^^^^^^^^^^^^^^^^
  File "/opt/pytorch/lib64/python3.13/site-packages/torch/nn/modules/module.py", line 1789, in _call_impl
    return forward_call(*args, **kwargs)
  File "/home/ec2-user/ca/ca_arms.py", line 125, in forward
    a, kv = self.attn(self.ln1(x), past)
            ~~~~~~~~~^^^^^^^^^^^^^^^^^^^
  File "/opt/pytorch/lib64/python3.13/site-packages/torch/nn/modules/module.py", line 1778, in _wrapped_call_impl
    return self._call_impl(*args, **kwargs)
           ~~~~~~~~~~~~~~~^^^^^^^^^^^^^^^^^
  File "/opt/pytorch/lib64/python3.13/site-packages/torch/nn/modules/module.py", line 1789, in _call_impl
    return forward_call(*args, **kwargs)
  File "/home/ec2-user/ca/ca_arms.py", line 107, in forward
    k = torch.cat([past[0], k], dim=2)
torch.OutOfMemoryError: CUDA out of memory. Tried to allocate 30.00 MiB. GPU 0 has a total capacity of 44.39 GiB of which 8.00 MiB is free. Process 493237 has 6.84 GiB memory in use. Process 493406 has 9.36 GiB memory in use. Process 493403 has 7.28 GiB memory in use. Process 493411 has 5.90 GiB memory in use. Process 493413 has 8.85 GiB memory in use. Process 501396 has 2.94 GiB memory in use. Including non-PyTorch memory, this process has 2.69 GiB memory in use. Process 501759 has 502.00 MiB memory in use. Of the allocated memory 2.13 GiB is allocated by PyTorch, and 62.53 MiB is reserved by PyTorch but unallocated. If reserved but unallocated memory is large try setting PYTORCH_CUDA_ALLOC_CONF=expandable_segments:True to avoid fragmentation.  See documentation for Memory Management  (https://docs.pytorch.org/docs/stable/notes/cuda.html#optimizing-memory-usage-with-pytorch-cuda-alloc-conf)
