
### A. uncompressed pipeline (n_message=None) - the diagnostic :: 01:54:51
Warning: You are sending unauthenticated requests to the HF Hub. Please set a HF_TOKEN to enable higher rate limits and faster downloads.
Loading weights:   0%|          | 0/290 [00:00<?, ?it/s]Loading weights: 100%|██████████| 290/290 [00:00<00:00, 5252.77it/s]
Loading weights:   0%|          | 0/339 [00:00<?, ?it/s]Loading weights: 100%|██████████| 339/339 [00:00<00:00, 4804.23it/s]
=== pipeline d_s=896 d_b=3584 proj=mlp random_big=0 ===
small=505.03M big=7655.63M proj_up=16.063M lora=11.239M
Traceback (most recent call last):
  File "/home/ubuntu/mm/scripts/train_pipeline.py", line 414, in <module>
    main()
  File "/home/ubuntu/mm/scripts/train_pipeline.py", line 275, in main
    run_epochs(opt, sched, s1_step, train_ex, tok, cur, a.batch_size, a.epochs_s1, log, "s1", up_params)
  File "/home/ubuntu/mm/scripts/train_pipeline.py", line 90, in run_epochs
    loss.backward()
  File "/home/ubuntu/.local/lib/python3.10/site-packages/torch/_tensor.py", line 626, in backward
    torch.autograd.backward(
  File "/home/ubuntu/.local/lib/python3.10/site-packages/torch/autograd/__init__.py", line 347, in backward
    _engine_run_backward(
  File "/home/ubuntu/.local/lib/python3.10/site-packages/torch/autograd/graph.py", line 823, in _engine_run_backward
    return Variable._execution_engine.run_backward(  # Calls into the C++ engine to run the backward pass
torch.OutOfMemoryError: CUDA out of memory. Tried to allocate 512.00 MiB. GPU 0 has a total capacity of 44.39 GiB of which 73.31 MiB is free. Including non-PyTorch memory, this process has 44.31 GiB memory in use. Of the allocated memory 39.88 GiB is allocated by PyTorch, and 3.93 GiB is reserved by PyTorch but unallocated. If reserved but unallocated memory is large try setting PYTORCH_CUDA_ALLOC_CONF=expandable_segments:True to avoid fragmentation.  See documentation for Memory Management  (https://pytorch.org/docs/stable/notes/cuda.html#environment-variables)

### B. m=128 - only informative if A worked :: 01:56:09
Warning: You are sending unauthenticated requests to the HF Hub. Please set a HF_TOKEN to enable higher rate limits and faster downloads.
Loading weights:   0%|          | 0/290 [00:00<?, ?it/s]Loading weights: 100%|██████████| 290/290 [00:00<00:00, 5565.61it/s]
Loading weights:   0%|          | 0/339 [00:00<?, ?it/s]Loading weights: 100%|██████████| 339/339 [00:00<00:00, 6249.64it/s]
=== pipeline d_s=896 d_b=3584 proj=mlp random_big=0 ===
small=505.03M big=7655.63M proj_up=16.063M lora=11.239M
