### 1/5 skipped: runs/qwen7b/model.pt already exists

### 2/5 pipeline stages 1-3, m=32 (headline config) :: 00:37:42
Warning: You are sending unauthenticated requests to the HF Hub. Please set a HF_TOKEN to enable higher rate limits and faster downloads.
Loading weights:   0%|          | 0/290 [00:00<?, ?it/s]Loading weights: 100%|██████████| 290/290 [00:00<00:00, 5055.37it/s]
Loading weights:   0%|          | 0/339 [00:00<?, ?it/s]Loading weights: 100%|██████████| 339/339 [00:00<00:00, 4932.69it/s]
=== pipeline d_s=896 d_b=3584 proj=mlp random_big=0 ===
small=505.03M big=7655.63M proj_up=16.063M lora=11.239M
  [s1] ep 0 step 50 loss 13.1725
  [s1] ep 0 step 100 loss 11.8650
  [s1] ep 0 step 150 loss 10.7000
  [s1] ep 0 step 200 loss 8.8212
  [s1] ep 0 step 250 loss 7.7056
  [s1] ep 1 step 300 loss 7.5788
  [s1] ep 1 step 350 loss 7.4906
  [s1] ep 1 step 400 loss 7.0550
  [s1] ep 1 step 450 loss 6.8056
  [s1] ep 1 step 500 loss 6.7750
[gate s1] big-native          val concept=0.9900
  [s2] ep 0 step 50 loss 0.0418
  [s2] ep 0 step 100 loss 0.0786
  [s2] ep 0 step 150 loss 0.0897
  [s2] ep 0 step 200 loss 0.1037
  [s2] ep 0 step 250 loss 0.1066
  [s2] ep 1 step 300 loss 0.0952
  [s2] ep 1 step 350 loss 0.0682
  [s2] ep 1 step 400 loss 0.0689
  [s2] ep 1 step 450 loss 0.0543
  [s2] ep 1 step 500 loss 0.0531
  [s2] ep 2 step 550 loss 0.0298
  [s2] ep 2 step 600 loss 0.0231
  [s2] ep 2 step 650 loss 0.0274
  [s2] ep 2 step 700 loss 0.0352
  [s2] ep 2 step 750 loss 0.0330
[gate s2] pipeline val exact=0.7650 concept=0.7650
  [s3] ep 0 step 50 loss 0.0282
  [s3] ep 0 step 100 loss 0.0322
  [s3] ep 0 step 150 loss 0.0261
  [s3] ep 0 step 200 loss 0.0286
  [s3] ep 0 step 250 loss 0.0304
[gate s3] pipeline val exact=0.7600 concept=0.7600
TEST pipeline exact=0.7220 concept=0.7220
saved -> runs/pipe_m32

### 3/5 control: random frozen receiver (did the projectors learn it alone?) :: 01:18:31
Warning: You are sending unauthenticated requests to the HF Hub. Please set a HF_TOKEN to enable higher rate limits and faster downloads.
Loading weights:   0%|          | 0/290 [00:00<?, ?it/s]Loading weights: 100%|██████████| 290/290 [00:00<00:00, 5639.81it/s]
=== pipeline d_s=896 d_b=3584 proj=mlp random_big=1 ===
small=505.03M big=7612.78M proj_up=16.063M lora=11.239M
  [s1] ep 0 step 50 loss 1.7175
  [s1] ep 0 step 100 loss 1.5425
  [s1] ep 0 step 150 loss 1.5102
  [s1] ep 0 step 200 loss 1.4941
  [s1] ep 0 step 250 loss 1.4772
  [s1] ep 1 step 300 loss 1.4680
  [s1] ep 1 step 350 loss 1.4605
  [s1] ep 1 step 400 loss 1.4527
  [s1] ep 1 step 450 loss 1.4491
  [s1] ep 1 step 500 loss 1.4498
[gate s1] big-native          val concept=0.0000
  [s2] ep 0 step 50 loss 0.0421
  [s2] ep 0 step 100 loss 0.0857
  [s2] ep 0 step 150 loss 0.0618
  [s2] ep 0 step 200 loss 0.0660
  [s2] ep 0 step 250 loss 0.0664
  [s2] ep 1 step 300 loss 0.0489
  [s2] ep 1 step 350 loss 0.0436
  [s2] ep 1 step 400 loss 0.0406
  [s2] ep 1 step 450 loss 0.0367
  [s2] ep 1 step 500 loss 0.0371
  [s2] ep 2 step 550 loss 0.0183
  [s2] ep 2 step 600 loss 0.0133
  [s2] ep 2 step 650 loss 0.0184
  [s2] ep 2 step 700 loss 0.0236
  [s2] ep 2 step 750 loss 0.0217
[gate s2] pipeline val exact=0.8050 concept=0.8050
  [s3] ep 0 step 50 loss 0.0184
  [s3] ep 0 step 100 loss 0.0181
  [s3] ep 0 step 150 loss 0.0196
  [s3] ep 0 step 200 loss 0.0174
  [s3] ep 0 step 250 loss 0.0197
[gate s3] pipeline val exact=0.7850 concept=0.7850
TEST pipeline exact=0.7600 concept=0.7600
saved -> runs/pipe_random

### 4/5 compression sweep, m=8 and m=128 :: 01:54:14
Warning: You are sending unauthenticated requests to the HF Hub. Please set a HF_TOKEN to enable higher rate limits and faster downloads.
Loading weights:   0%|          | 0/290 [00:00<?, ?it/s]Loading weights: 100%|██████████| 290/290 [00:00<00:00, 5169.92it/s]
Loading weights:   0%|          | 0/339 [00:00<?, ?it/s]Loading weights: 100%|██████████| 339/339 [00:00<00:00, 4804.46it/s]
