{"event": "start", "size": "m", "params": {"total": 8051200, "embeddings": 689664, "non_embedding": 7361536}, "lr": 0.0006, "steps": 30000, "n_train": 1200000, "budget": 32768, "in_vocab": 923, "out_vocab": 155, "seed": 1, "tag": "m"}
{"event": "step", "step": 200, "loss": 2.8816, "lr": 0.00024, "sec": 13.7}
{"event": "step", "step": 400, "loss": 0.705, "lr": 0.00048, "sec": 26.5}
{"event": "step", "step": 600, "loss": 0.4024, "lr": 0.0006, "sec": 39.2}
{"event": "step", "step": 800, "loss": 0.3104, "lr": 0.0006, "sec": 52.4}
{"event": "step", "step": 1000, "loss": 0.29, "lr": 0.0006, "sec": 65.4}
{"event": "step", "step": 1200, "loss": 0.2582, "lr": 0.000599, "sec": 78.5}
{"event": "step", "step": 1400, "loss": 0.2201, "lr": 0.000599, "sec": 91.5}
{"event": "step", "step": 1600, "loss": 0.2254, "lr": 0.000598, "sec": 104.6}
{"event": "step", "step": 1800, "loss": 0.2196, "lr": 0.000597, "sec": 117.4}
{"event": "step", "step": 2000, "loss": 0.2047, "lr": 0.000596, "sec": 130.2}
{"event": "step", "step": 2200, "loss": 0.2035, "lr": 0.000595, "sec": 143.0}
{"event": "step", "step": 2400, "loss": 0.1986, "lr": 0.000594, "sec": 155.7}
{"event": "step", "step": 2600, "loss": 0.1963, "lr": 0.000593, "sec": 168.4}
{"event": "step", "step": 2800, "loss": 0.171, "lr": 0.000591, "sec": 181.2}
{"event": "step", "step": 3000, "loss": 0.1785, "lr": 0.00059, "sec": 194.3}
{"event": "eval", "step": 3000, "train_frames_eval": 0.3271, "qframe": 0.3143, "lexicon": 0.3071, "mode": 0.2286}
{"event": "step", "step": 3200, "loss": 0.1705, "lr": 0.000588, "sec": 230.7}
{"event": "step", "step": 3400, "loss": 0.1643, "lr": 0.000587, "sec": 243.3}
{"event": "step", "step": 3600, "loss": 0.1693, "lr": 0.000585, "sec": 256.3}
{"event": "step", "step": 3800, "loss": 0.1641, "lr": 0.000583, "sec": 268.9}
{"event": "step", "step": 4000, "loss": 0.1533, "lr": 0.00058, "sec": 281.2}
{"event": "step", "step": 4200, "loss": 0.147, "lr": 0.000578, "sec": 294.3}
{"event": "step", "step": 4400, "loss": 0.1463, "lr": 0.000576, "sec": 307.0}
{"event": "step", "step": 4600, "loss": 0.1293, "lr": 0.000573, "sec": 320.0}
{"event": "step", "step": 4800, "loss": 0.1179, "lr": 0.000571, "sec": 332.9}
{"event": "step", "step": 5000, "loss": 0.1326, "lr": 0.000568, "sec": 345.6}
{"event": "step", "step": 5200, "loss": 0.1355, "lr": 0.000565, "sec": 358.1}
{"event": "step", "step": 5400, "loss": 0.1258, "lr": 0.000562, "sec": 365.9}
{"event": "step", "step": 5600, "loss": 0.1146, "lr": 0.000559, "sec": 381.5}
{"event": "step", "step": 5800, "loss": 0.1208, "lr": 0.000556, "sec": 397.1}
{"event": "step", "step": 6000, "loss": 0.1112, "lr": 0.000552, "sec": 412.8}
{"event": "eval", "step": 6000, "train_frames_eval": 0.62, "qframe": 0.5843, "lexicon": 0.5829, "mode": 0.4171}
{"event": "step", "step": 6200, "loss": 0.1105, "lr": 0.000549, "sec": 456.9}
{"event": "step", "step": 6400, "loss": 0.1016, "lr": 0.000546, "sec": 469.1}
{"event": "step", "step": 6600, "loss": 0.1159, "lr": 0.000542, "sec": 478.3}
{"event": "step", "step": 6800, "loss": 0.1087, "lr": 0.000538, "sec": 490.7}
{"event": "step", "step": 7000, "loss": 0.1014, "lr": 0.000534, "sec": 503.7}
{"event": "step", "step": 7200, "loss": 0.0925, "lr": 0.00053, "sec": 516.5}
{"event": "step", "step": 7400, "loss": 0.0965, "lr": 0.000526, "sec": 529.2}
{"event": "step", "step": 7600, "loss": 0.0931, "lr": 0.000522, "sec": 541.8}
{"event": "step", "step": 7800, "loss": 0.0903, "lr": 0.000518, "sec": 554.5}
{"event": "step", "step": 8000, "loss": 0.0908, "lr": 0.000514, "sec": 567.3}
{"event": "step", "step": 8200, "loss": 0.0821, "lr": 0.000509, "sec": 576.8}
{"event": "step", "step": 8400, "loss": 0.0817, "lr": 0.000505, "sec": 587.3}
{"event": "step", "step": 8600, "loss": 0.0895, "lr": 0.0005, "sec": 600.0}
{"event": "step", "step": 8800, "loss": 0.0903, "lr": 0.000496, "sec": 612.8}
{"event": "step", "step": 9000, "loss": 0.0816, "lr": 0.000491, "sec": 625.8}
{"event": "eval", "step": 9000, "train_frames_eval": 0.67, "qframe": 0.6743, "lexicon": 0.6371, "mode": 0.4586}
{"event": "step", "step": 9200, "loss": 0.0808, "lr": 0.000486, "sec": 662.5}
{"event": "step", "step": 9400, "loss": 0.0795, "lr": 0.000481, "sec": 675.4}
{"event": "step", "step": 9600, "loss": 0.0742, "lr": 0.000476, "sec": 688.5}
{"event": "step", "step": 9800, "loss": 0.0651, "lr": 0.000471, "sec": 701.2}
{"event": "step", "step": 10000, "loss": 0.0742, "lr": 0.000466, "sec": 713.9}
{"event": "step", "step": 10200, "loss": 0.0724, "lr": 0.000461, "sec": 726.7}
{"event": "step", "step": 10400, "loss": 0.0684, "lr": 0.000456, "sec": 739.7}
{"event": "step", "step": 10600, "loss": 0.0696, "lr": 0.00045, "sec": 752.5}
{"event": "step", "step": 10800, "loss": 0.0575, "lr": 0.000445, "sec": 765.1}
{"event": "step", "step": 11000, "loss": 0.0717, "lr": 0.00044, "sec": 778.0}
{"event": "step", "step": 11200, "loss": 0.0645, "lr": 0.000434, "sec": 791.1}
{"event": "step", "step": 11400, "loss": 0.0619, "lr": 0.000429, "sec": 803.7}
{"event": "step", "step": 11600, "loss": 0.0592, "lr": 0.000423, "sec": 816.4}
{"event": "step", "step": 11800, "loss": 0.0648, "lr": 0.000417, "sec": 829.5}
{"event": "step", "step": 12000, "loss": 0.0709, "lr": 0.000412, "sec": 842.4}
{"event": "eval", "step": 12000, "train_frames_eval": 0.7314, "qframe": 0.7343, "lexicon": 0.6329, "mode": 0.5114}
{"event": "step", "step": 12200, "loss": 0.0538, "lr": 0.000406, "sec": 879.2}
{"event": "step", "step": 12400, "loss": 0.0559, "lr": 0.0004, "sec": 892.0}
{"event": "step", "step": 12600, "loss": 0.06, "lr": 0.000394, "sec": 905.1}
{"event": "step", "step": 12800, "loss": 0.0559, "lr": 0.000389, "sec": 917.6}
{"event": "step", "step": 13000, "loss": 0.0629, "lr": 0.000383, "sec": 930.5}
{"event": "step", "step": 13200, "loss": 0.0514, "lr": 0.000377, "sec": 943.4}
{"event": "step", "step": 13400, "loss": 0.05, "lr": 0.000371, "sec": 956.1}
{"event": "step", "step": 13600, "loss": 0.054, "lr": 0.000365, "sec": 968.5}
{"event": "step", "step": 13800, "loss": 0.0544, "lr": 0.000359, "sec": 980.9}
{"event": "step", "step": 14000, "loss": 0.048, "lr": 0.000353, "sec": 993.8}
{"event": "step", "step": 14200, "loss": 0.0494, "lr": 0.000347, "sec": 1006.7}
{"event": "step", "step": 14400, "loss": 0.0485, "lr": 0.000341, "sec": 1019.9}
{"event": "step", "step": 14600, "loss": 0.0468, "lr": 0.000335, "sec": 1032.6}
{"event": "step", "step": 14800, "loss": 0.0464, "lr": 0.000329, "sec": 1045.7}
{"event": "step", "step": 15000, "loss": 0.0481, "lr": 0.000323, "sec": 1058.5}
{"event": "eval", "step": 15000, "train_frames_eval": 0.7714, "qframe": 0.7714, "lexicon": 0.6929, "mode": 0.5529}
{"event": "step", "step": 15200, "loss": 0.0429, "lr": 0.000317, "sec": 1095.3}
{"event": "step", "step": 15400, "loss": 0.0466, "lr": 0.00031, "sec": 1108.6}
{"event": "step", "step": 15600, "loss": 0.0396, "lr": 0.000304, "sec": 1121.3}
{"event": "step", "step": 15800, "loss": 0.0425, "lr": 0.000298, "sec": 1134.2}
{"event": "step", "step": 16000, "loss": 0.0454, "lr": 0.000292, "sec": 1147.3}
{"event": "step", "step": 16200, "loss": 0.0439, "lr": 0.000286, "sec": 1160.5}
{"event": "step", "step": 16400, "loss": 0.0399, "lr": 0.00028, "sec": 1171.9}
{"event": "step", "step": 16600, "loss": 0.0378, "lr": 0.000274, "sec": 1180.7}
{"event": "step", "step": 16800, "loss": 0.0451, "lr": 0.000268, "sec": 1196.2}
{"event": "step", "step": 17000, "loss": 0.0387, "lr": 0.000262, "sec": 1212.0}
{"event": "step", "step": 17200, "loss": 0.0375, "lr": 0.000256, "sec": 1227.7}
{"event": "step", "step": 17400, "loss": 0.034, "lr": 0.00025, "sec": 1243.4}
{"event": "step", "step": 17600, "loss": 0.0364, "lr": 0.000244, "sec": 1259.0}
{"event": "step", "step": 17800, "loss": 0.0357, "lr": 0.000239, "sec": 1274.1}
{"event": "step", "step": 18000, "loss": 0.0329, "lr": 0.000233, "sec": 1289.6}
{"event": "eval", "step": 18000, "train_frames_eval": 0.8243, "qframe": 0.81, "lexicon": 0.69, "mode": 0.5471}
{"event": "step", "step": 18200, "loss": 0.0328, "lr": 0.000227, "sec": 1325.8}
{"event": "step", "step": 18400, "loss": 0.0333, "lr": 0.000221, "sec": 1338.6}
{"event": "step", "step": 18600, "loss": 0.0351, "lr": 0.000215, "sec": 1351.4}
{"event": "step", "step": 18800, "loss": 0.0311, "lr": 0.00021, "sec": 1363.8}
{"event": "step", "step": 19000, "loss": 0.0328, "lr": 0.000204, "sec": 1376.3}
{"event": "step", "step": 19200, "loss": 0.0284, "lr": 0.000199, "sec": 1389.4}
{"event": "step", "step": 19400, "loss": 0.031, "lr": 0.000193, "sec": 1402.0}
{"event": "step", "step": 19600, "loss": 0.0339, "lr": 0.000188, "sec": 1415.5}
{"event": "step", "step": 19800, "loss": 0.0293, "lr": 0.000182, "sec": 1428.3}
{"event": "step", "step": 20000, "loss": 0.0309, "lr": 0.000177, "sec": 1441.7}
{"event": "step", "step": 20200, "loss": 0.0303, "lr": 0.000172, "sec": 1454.8}
{"event": "step", "step": 20400, "loss": 0.025, "lr": 0.000166, "sec": 1468.4}
{"event": "step", "step": 20600, "loss": 0.0259, "lr": 0.000161, "sec": 1481.2}
{"event": "step", "step": 20800, "loss": 0.0308, "lr": 0.000156, "sec": 1494.6}
{"event": "step", "step": 21000, "loss": 0.0219, "lr": 0.000151, "sec": 1507.7}
{"event": "eval", "step": 21000, "train_frames_eval": 0.8557, "qframe": 0.8443, "lexicon": 0.7529, "mode": 0.5543}
{"event": "step", "step": 21200, "loss": 0.0287, "lr": 0.000146, "sec": 1544.6}
{"event": "step", "step": 21400, "loss": 0.0248, "lr": 0.000141, "sec": 1557.3}
{"event": "step", "step": 21600, "loss": 0.0268, "lr": 0.000137, "sec": 1570.6}
{"event": "step", "step": 21800, "loss": 0.0211, "lr": 0.000132, "sec": 1583.6}
{"event": "step", "step": 22000, "loss": 0.0246, "lr": 0.000127, "sec": 1596.5}
{"event": "step", "step": 22200, "loss": 0.0238, "lr": 0.000123, "sec": 1609.5}
{"event": "step", "step": 22400, "loss": 0.0237, "lr": 0.000118, "sec": 1622.6}
{"event": "step", "step": 22600, "loss": 0.0202, "lr": 0.000114, "sec": 1635.7}
{"event": "step", "step": 22800, "loss": 0.0208, "lr": 0.00011, "sec": 1648.8}
{"event": "step", "step": 23000, "loss": 0.0235, "lr": 0.000106, "sec": 1661.5}
{"event": "step", "step": 23200, "loss": 0.0201, "lr": 0.000102, "sec": 1674.7}
{"event": "step", "step": 23400, "loss": 0.0197, "lr": 9.8e-05, "sec": 1687.5}
{"event": "step", "step": 23600, "loss": 0.0191, "lr": 9.4e-05, "sec": 1700.1}
{"event": "step", "step": 23800, "loss": 0.0196, "lr": 9e-05, "sec": 1713.4}
{"event": "step", "step": 24000, "loss": 0.0184, "lr": 8.6e-05, "sec": 1726.3}
{"event": "eval", "step": 24000, "train_frames_eval": 0.88, "qframe": 0.8543, "lexicon": 0.7357, "mode": 0.5971}
{"event": "step", "step": 24200, "loss": 0.0184, "lr": 8.3e-05, "sec": 1763.4}
{"event": "step", "step": 24400, "loss": 0.0187, "lr": 7.9e-05, "sec": 1776.0}
{"event": "step", "step": 24600, "loss": 0.0181, "lr": 7.6e-05, "sec": 1789.4}
{"event": "step", "step": 24800, "loss": 0.0187, "lr": 7.3e-05, "sec": 1802.2}
{"event": "step", "step": 25000, "loss": 0.0238, "lr": 6.9e-05, "sec": 1815.4}
{"event": "step", "step": 25200, "loss": 0.0199, "lr": 6.6e-05, "sec": 1828.4}
{"event": "step", "step": 25400, "loss": 0.0204, "lr": 6.4e-05, "sec": 1841.6}
{"event": "step", "step": 25600, "loss": 0.0155, "lr": 6.1e-05, "sec": 1854.5}
{"event": "step", "step": 25800, "loss": 0.0199, "lr": 5.8e-05, "sec": 1867.5}
{"event": "step", "step": 26000, "loss": 0.0167, "lr": 5.5e-05, "sec": 1880.5}
{"event": "step", "step": 26200, "loss": 0.0189, "lr": 5.3e-05, "sec": 1893.8}
{"event": "step", "step": 26400, "loss": 0.0164, "lr": 5.1e-05, "sec": 1906.8}
{"event": "step", "step": 26600, "loss": 0.0156, "lr": 4.8e-05, "sec": 1920.1}
{"event": "step", "step": 26800, "loss": 0.0171, "lr": 4.6e-05, "sec": 1933.0}
{"event": "step", "step": 27000, "loss": 0.0171, "lr": 4.4e-05, "sec": 1945.9}
{"event": "eval", "step": 27000, "train_frames_eval": 0.8829, "qframe": 0.8886, "lexicon": 0.7086, "mode": 0.58}
{"event": "step", "step": 27200, "loss": 0.0147, "lr": 4.3e-05, "sec": 1982.7}
{"event": "step", "step": 27400, "loss": 0.0146, "lr": 4.1e-05, "sec": 1994.8}
{"event": "step", "step": 27600, "loss": 0.0167, "lr": 3.9e-05, "sec": 2007.8}
{"event": "step", "step": 27800, "loss": 0.0151, "lr": 3.8e-05, "sec": 2020.5}
{"event": "step", "step": 28000, "loss": 0.0172, "lr": 3.6e-05, "sec": 2033.2}
{"event": "step", "step": 28200, "loss": 0.0201, "lr": 3.5e-05, "sec": 2046.0}
{"event": "step", "step": 28400, "loss": 0.0172, "lr": 3.4e-05, "sec": 2058.4}
{"event": "step", "step": 28600, "loss": 0.0135, "lr": 3.3e-05, "sec": 2071.4}
{"event": "step", "step": 28800, "loss": 0.0162, "lr": 3.2e-05, "sec": 2083.9}
{"event": "step", "step": 29000, "loss": 0.0153, "lr": 3.2e-05, "sec": 2096.8}
{"event": "step", "step": 29200, "loss": 0.0161, "lr": 3.1e-05, "sec": 2109.5}
{"event": "step", "step": 29400, "loss": 0.0143, "lr": 3.1e-05, "sec": 2122.1}
{"event": "step", "step": 29600, "loss": 0.0142, "lr": 3e-05, "sec": 2134.8}
{"event": "step", "step": 29800, "loss": 0.0162, "lr": 3e-05, "sec": 2147.5}
{"event": "step", "step": 30000, "loss": 0.0155, "lr": 3e-05, "sec": 2160.2}
{"event": "eval", "step": 30000, "train_frames_eval": 0.9071, "qframe": 0.8929, "lexicon": 0.69, "mode": 0.5871}
{"event": "done", "ckpt": "results/norm/train/ckpt_m.pt", "sec": 2183.5, "params": {"total": 8051200, "embeddings": 689664, "non_embedding": 7361536}}
