{"event": "start", "size": "s", "params": {"total": 1729280, "embeddings": 344832, "non_embedding": 1384448}, "lr": 0.001, "steps": 30000, "n_train": 1200000, "budget": 32768, "in_vocab": 923, "out_vocab": 155, "seed": 1, "tag": "s"}
{"event": "step", "step": 200, "loss": 3.2891, "lr": 0.0004, "sec": 5.4}
{"event": "step", "step": 400, "loss": 0.9104, "lr": 0.0008, "sec": 10.2}
{"event": "step", "step": 600, "loss": 0.4482, "lr": 0.001, "sec": 15.1}
{"event": "step", "step": 800, "loss": 0.3433, "lr": 0.001, "sec": 20.0}
{"event": "step", "step": 1000, "loss": 0.3255, "lr": 0.000999, "sec": 24.8}
{"event": "step", "step": 1200, "loss": 0.3005, "lr": 0.000999, "sec": 29.7}
{"event": "step", "step": 1400, "loss": 0.2644, "lr": 0.000998, "sec": 34.5}
{"event": "step", "step": 1600, "loss": 0.2612, "lr": 0.000997, "sec": 39.5}
{"event": "step", "step": 1800, "loss": 0.2579, "lr": 0.000995, "sec": 44.3}
{"event": "step", "step": 2000, "loss": 0.2315, "lr": 0.000994, "sec": 49.1}
{"event": "step", "step": 2200, "loss": 0.2332, "lr": 0.000992, "sec": 53.9}
{"event": "step", "step": 2400, "loss": 0.2215, "lr": 0.00099, "sec": 58.8}
{"event": "step", "step": 2600, "loss": 0.2231, "lr": 0.000988, "sec": 63.6}
{"event": "step", "step": 2800, "loss": 0.2001, "lr": 0.000986, "sec": 68.4}
{"event": "step", "step": 3000, "loss": 0.205, "lr": 0.000983, "sec": 73.2}
{"event": "eval", "step": 3000, "train_frames_eval": 0.1557, "qframe": 0.1557, "lexicon": 0.1414, "mode": 0.0929}
{"event": "step", "step": 3200, "loss": 0.2006, "lr": 0.00098, "sec": 96.1}
{"event": "step", "step": 3400, "loss": 0.1877, "lr": 0.000978, "sec": 100.9}
{"event": "step", "step": 3600, "loss": 0.1997, "lr": 0.000974, "sec": 105.7}
{"event": "step", "step": 3800, "loss": 0.1938, "lr": 0.000971, "sec": 110.5}
{"event": "step", "step": 4000, "loss": 0.1853, "lr": 0.000967, "sec": 115.3}
{"event": "step", "step": 4200, "loss": 0.1829, "lr": 0.000964, "sec": 120.2}
{"event": "step", "step": 4400, "loss": 0.1815, "lr": 0.00096, "sec": 125.0}
{"event": "step", "step": 4600, "loss": 0.1711, "lr": 0.000955, "sec": 129.8}
{"event": "step", "step": 4800, "loss": 0.1576, "lr": 0.000951, "sec": 134.6}
{"event": "step", "step": 5000, "loss": 0.1754, "lr": 0.000946, "sec": 139.5}
{"event": "step", "step": 5200, "loss": 0.1789, "lr": 0.000942, "sec": 144.3}
{"event": "step", "step": 5400, "loss": 0.1701, "lr": 0.000937, "sec": 149.1}
{"event": "step", "step": 5600, "loss": 0.1576, "lr": 0.000932, "sec": 153.9}
{"event": "step", "step": 5800, "loss": 0.1653, "lr": 0.000926, "sec": 158.7}
{"event": "step", "step": 6000, "loss": 0.1553, "lr": 0.000921, "sec": 163.5}
{"event": "eval", "step": 6000, "train_frames_eval": 0.3757, "qframe": 0.3643, "lexicon": 0.36, "mode": 0.2329}
{"event": "step", "step": 6200, "loss": 0.1497, "lr": 0.000915, "sec": 186.0}
{"event": "step", "step": 6400, "loss": 0.1404, "lr": 0.000909, "sec": 190.9}
{"event": "step", "step": 6600, "loss": 0.1605, "lr": 0.000903, "sec": 195.6}
{"event": "step", "step": 6800, "loss": 0.149, "lr": 0.000897, "sec": 200.4}
{"event": "step", "step": 7000, "loss": 0.1379, "lr": 0.000891, "sec": 205.3}
{"event": "step", "step": 7200, "loss": 0.1279, "lr": 0.000884, "sec": 210.1}
{"event": "step", "step": 7400, "loss": 0.132, "lr": 0.000877, "sec": 214.9}
{"event": "step", "step": 7600, "loss": 0.13, "lr": 0.000871, "sec": 219.6}
{"event": "step", "step": 7800, "loss": 0.1235, "lr": 0.000864, "sec": 224.4}
{"event": "step", "step": 8000, "loss": 0.1276, "lr": 0.000856, "sec": 229.2}
{"event": "step", "step": 8200, "loss": 0.1149, "lr": 0.000849, "sec": 234.0}
{"event": "step", "step": 8400, "loss": 0.1143, "lr": 0.000842, "sec": 238.9}
{"event": "step", "step": 8600, "loss": 0.1245, "lr": 0.000834, "sec": 243.8}
{"event": "step", "step": 8800, "loss": 0.1274, "lr": 0.000826, "sec": 248.8}
{"event": "step", "step": 9000, "loss": 0.114, "lr": 0.000818, "sec": 253.8}
{"event": "eval", "step": 9000, "train_frames_eval": 0.6014, "qframe": 0.5757, "lexicon": 0.5386, "mode": 0.4129}
{"event": "step", "step": 9200, "loss": 0.1169, "lr": 0.00081, "sec": 277.9}
{"event": "step", "step": 9400, "loss": 0.1165, "lr": 0.000802, "sec": 282.8}
{"event": "step", "step": 9600, "loss": 0.1081, "lr": 0.000794, "sec": 287.6}
{"event": "step", "step": 9800, "loss": 0.0968, "lr": 0.000785, "sec": 292.4}
{"event": "step", "step": 10000, "loss": 0.1121, "lr": 0.000777, "sec": 297.2}
{"event": "step", "step": 10200, "loss": 0.108, "lr": 0.000768, "sec": 302.0}
{"event": "step", "step": 10400, "loss": 0.1042, "lr": 0.00076, "sec": 306.9}
{"event": "step", "step": 10600, "loss": 0.1005, "lr": 0.000751, "sec": 311.7}
{"event": "step", "step": 10800, "loss": 0.0889, "lr": 0.000742, "sec": 316.4}
{"event": "step", "step": 11000, "loss": 0.1058, "lr": 0.000733, "sec": 321.2}
{"event": "step", "step": 11200, "loss": 0.0942, "lr": 0.000724, "sec": 326.1}
{"event": "step", "step": 11400, "loss": 0.0928, "lr": 0.000714, "sec": 330.8}
{"event": "step", "step": 11600, "loss": 0.0893, "lr": 0.000705, "sec": 335.6}
{"event": "step", "step": 11800, "loss": 0.0947, "lr": 0.000696, "sec": 340.5}
{"event": "step", "step": 12000, "loss": 0.1062, "lr": 0.000686, "sec": 345.2}
{"event": "eval", "step": 12000, "train_frames_eval": 0.6814, "qframe": 0.6729, "lexicon": 0.62, "mode": 0.4743}
{"event": "step", "step": 12200, "loss": 0.084, "lr": 0.000677, "sec": 367.7}
{"event": "step", "step": 12400, "loss": 0.0849, "lr": 0.000667, "sec": 372.6}
{"event": "step", "step": 12600, "loss": 0.0897, "lr": 0.000657, "sec": 377.5}
{"event": "step", "step": 12800, "loss": 0.0877, "lr": 0.000648, "sec": 382.3}
{"event": "step", "step": 13000, "loss": 0.0973, "lr": 0.000638, "sec": 387.1}
{"event": "step", "step": 13200, "loss": 0.0809, "lr": 0.000628, "sec": 392.0}
{"event": "step", "step": 13400, "loss": 0.0743, "lr": 0.000618, "sec": 396.8}
{"event": "step", "step": 13600, "loss": 0.0844, "lr": 0.000608, "sec": 401.5}
{"event": "step", "step": 13800, "loss": 0.0863, "lr": 0.000598, "sec": 406.2}
{"event": "step", "step": 14000, "loss": 0.0775, "lr": 0.000588, "sec": 411.0}
{"event": "step", "step": 14200, "loss": 0.0808, "lr": 0.000578, "sec": 415.8}
{"event": "step", "step": 14400, "loss": 0.0769, "lr": 0.000568, "sec": 420.7}
{"event": "step", "step": 14600, "loss": 0.0755, "lr": 0.000558, "sec": 425.5}
{"event": "step", "step": 14800, "loss": 0.0758, "lr": 0.000548, "sec": 430.3}
{"event": "step", "step": 15000, "loss": 0.0779, "lr": 0.000538, "sec": 435.3}
{"event": "eval", "step": 15000, "train_frames_eval": 0.7029, "qframe": 0.6943, "lexicon": 0.6143, "mode": 0.5}
{"event": "step", "step": 15200, "loss": 0.0724, "lr": 0.000528, "sec": 461.0}
{"event": "step", "step": 15400, "loss": 0.0761, "lr": 0.000517, "sec": 466.0}
{"event": "step", "step": 15600, "loss": 0.0674, "lr": 0.000507, "sec": 470.8}
{"event": "step", "step": 15800, "loss": 0.071, "lr": 0.000497, "sec": 475.6}
{"event": "step", "step": 16000, "loss": 0.075, "lr": 0.000487, "sec": 480.4}
{"event": "step", "step": 16200, "loss": 0.0736, "lr": 0.000477, "sec": 484.9}
{"event": "step", "step": 16400, "loss": 0.0674, "lr": 0.000467, "sec": 488.8}
{"event": "step", "step": 16600, "loss": 0.063, "lr": 0.000457, "sec": 492.3}
{"event": "step", "step": 16800, "loss": 0.0774, "lr": 0.000447, "sec": 496.1}
{"event": "step", "step": 17000, "loss": 0.0666, "lr": 0.000437, "sec": 501.0}
{"event": "step", "step": 17200, "loss": 0.0653, "lr": 0.000427, "sec": 505.9}
{"event": "step", "step": 17400, "loss": 0.0604, "lr": 0.000417, "sec": 510.8}
{"event": "step", "step": 17600, "loss": 0.0637, "lr": 0.000407, "sec": 515.4}
{"event": "step", "step": 17800, "loss": 0.0619, "lr": 0.000398, "sec": 520.1}
{"event": "step", "step": 18000, "loss": 0.0575, "lr": 0.000388, "sec": 525.0}
{"event": "eval", "step": 18000, "train_frames_eval": 0.74, "qframe": 0.7229, "lexicon": 0.5957, "mode": 0.5057}
{"event": "step", "step": 18200, "loss": 0.0573, "lr": 0.000378, "sec": 549.6}
{"event": "step", "step": 18400, "loss": 0.0614, "lr": 0.000369, "sec": 554.4}
{"event": "step", "step": 18600, "loss": 0.0622, "lr": 0.000359, "sec": 559.2}
{"event": "step", "step": 18800, "loss": 0.056, "lr": 0.00035, "sec": 564.2}
{"event": "step", "step": 19000, "loss": 0.0596, "lr": 0.00034, "sec": 569.0}
{"event": "step", "step": 19200, "loss": 0.0529, "lr": 0.000331, "sec": 573.7}
{"event": "step", "step": 19400, "loss": 0.0562, "lr": 0.000322, "sec": 578.3}
{"event": "step", "step": 19600, "loss": 0.0593, "lr": 0.000313, "sec": 583.2}
{"event": "step", "step": 19800, "loss": 0.0551, "lr": 0.000304, "sec": 588.1}
{"event": "step", "step": 20000, "loss": 0.0558, "lr": 0.000295, "sec": 593.0}
{"event": "step", "step": 20200, "loss": 0.0586, "lr": 0.000286, "sec": 597.8}
{"event": "step", "step": 20400, "loss": 0.0497, "lr": 0.000277, "sec": 601.3}
{"event": "step", "step": 20600, "loss": 0.0489, "lr": 0.000269, "sec": 604.8}
{"event": "step", "step": 20800, "loss": 0.0579, "lr": 0.00026, "sec": 609.4}
{"event": "step", "step": 21000, "loss": 0.0438, "lr": 0.000252, "sec": 614.5}
{"event": "eval", "step": 21000, "train_frames_eval": 0.7614, "qframe": 0.7186, "lexicon": 0.5171, "mode": 0.5129}
{"event": "step", "step": 21200, "loss": 0.0538, "lr": 0.000244, "sec": 637.4}
{"event": "step", "step": 21400, "loss": 0.047, "lr": 0.000236, "sec": 642.3}
{"event": "step", "step": 21600, "loss": 0.0496, "lr": 0.000228, "sec": 647.2}
{"event": "step", "step": 21800, "loss": 0.0416, "lr": 0.00022, "sec": 652.1}
{"event": "step", "step": 22000, "loss": 0.0482, "lr": 0.000212, "sec": 657.1}
{"event": "step", "step": 22200, "loss": 0.0472, "lr": 0.000205, "sec": 662.0}
{"event": "step", "step": 22400, "loss": 0.0493, "lr": 0.000197, "sec": 666.8}
{"event": "step", "step": 22600, "loss": 0.0431, "lr": 0.00019, "sec": 671.9}
{"event": "step", "step": 22800, "loss": 0.0439, "lr": 0.000183, "sec": 676.7}
{"event": "step", "step": 23000, "loss": 0.0493, "lr": 0.000176, "sec": 682.0}
{"event": "step", "step": 23200, "loss": 0.0441, "lr": 0.000169, "sec": 686.9}
{"event": "step", "step": 23400, "loss": 0.0428, "lr": 0.000163, "sec": 691.8}
{"event": "step", "step": 23600, "loss": 0.0419, "lr": 0.000156, "sec": 696.7}
{"event": "step", "step": 23800, "loss": 0.0417, "lr": 0.00015, "sec": 701.7}
{"event": "step", "step": 24000, "loss": 0.0422, "lr": 0.000144, "sec": 706.5}
{"event": "eval", "step": 24000, "train_frames_eval": 0.7829, "qframe": 0.7586, "lexicon": 0.4757, "mode": 0.52}
{"event": "step", "step": 24200, "loss": 0.0408, "lr": 0.000138, "sec": 729.0}
{"event": "step", "step": 24400, "loss": 0.0406, "lr": 0.000132, "sec": 733.9}
{"event": "step", "step": 24600, "loss": 0.0398, "lr": 0.000126, "sec": 738.8}
{"event": "step", "step": 24800, "loss": 0.0423, "lr": 0.000121, "sec": 743.7}
{"event": "step", "step": 25000, "loss": 0.0486, "lr": 0.000116, "sec": 748.6}
{"event": "step", "step": 25200, "loss": 0.0449, "lr": 0.000111, "sec": 753.5}
{"event": "step", "step": 25400, "loss": 0.0454, "lr": 0.000106, "sec": 758.4}
{"event": "step", "step": 25600, "loss": 0.0351, "lr": 0.000101, "sec": 763.4}
{"event": "step", "step": 25800, "loss": 0.0442, "lr": 9.7e-05, "sec": 768.2}
{"event": "step", "step": 26000, "loss": 0.0388, "lr": 9.2e-05, "sec": 773.2}
{"event": "step", "step": 26200, "loss": 0.0414, "lr": 8.8e-05, "sec": 778.2}
{"event": "step", "step": 26400, "loss": 0.0372, "lr": 8.4e-05, "sec": 783.0}
{"event": "step", "step": 26600, "loss": 0.0372, "lr": 8.1e-05, "sec": 787.9}
{"event": "step", "step": 26800, "loss": 0.0411, "lr": 7.7e-05, "sec": 792.9}
{"event": "step", "step": 27000, "loss": 0.0407, "lr": 7.4e-05, "sec": 797.8}
{"event": "eval", "step": 27000, "train_frames_eval": 0.8114, "qframe": 0.76, "lexicon": 0.4743, "mode": 0.5214}
{"event": "step", "step": 27200, "loss": 0.0347, "lr": 7.1e-05, "sec": 820.3}
{"event": "step", "step": 27400, "loss": 0.0373, "lr": 6.8e-05, "sec": 825.0}
{"event": "step", "step": 27600, "loss": 0.038, "lr": 6.5e-05, "sec": 830.0}
{"event": "step", "step": 27800, "loss": 0.0355, "lr": 6.3e-05, "sec": 834.9}
{"event": "step", "step": 28000, "loss": 0.0402, "lr": 6.1e-05, "sec": 839.8}
{"event": "step", "step": 28200, "loss": 0.0461, "lr": 5.9e-05, "sec": 844.7}
{"event": "step", "step": 28400, "loss": 0.0407, "lr": 5.7e-05, "sec": 849.5}
{"event": "step", "step": 28600, "loss": 0.0345, "lr": 5.5e-05, "sec": 854.5}
{"event": "step", "step": 28800, "loss": 0.04, "lr": 5.4e-05, "sec": 859.4}
{"event": "step", "step": 29000, "loss": 0.038, "lr": 5.3e-05, "sec": 864.3}
{"event": "step", "step": 29200, "loss": 0.039, "lr": 5.2e-05, "sec": 869.3}
{"event": "step", "step": 29400, "loss": 0.0357, "lr": 5.1e-05, "sec": 874.3}
{"event": "step", "step": 29600, "loss": 0.035, "lr": 5e-05, "sec": 879.3}
{"event": "step", "step": 29800, "loss": 0.0378, "lr": 5e-05, "sec": 884.3}
{"event": "step", "step": 30000, "loss": 0.0371, "lr": 5e-05, "sec": 889.3}
{"event": "eval", "step": 30000, "train_frames_eval": 0.8071, "qframe": 0.7714, "lexicon": 0.4543, "mode": 0.5229}
{"event": "done", "ckpt": "results/norm/train/ckpt_s.pt", "sec": 907.0, "params": {"total": 1729280, "embeddings": 344832, "non_embedding": 1384448}}
