{"in": "/home/ec2-user/realret/eps/hotpot_qa.validation.jsonl", "lines": 6733, "seed": 8412, "take": 600, "kept": 600, "out": "/home/ec2-user/realret/eval/hotpot_qa.eval.jsonl"}
{"in": "/home/ec2-user/realret/eval/hotpot_qa.eval.jsonl", "lines": 600, "seed": 8413, "take": 300, "kept": 300, "out": "/home/ec2-user/realret/eval/hotpot_qa.evalS.jsonl"}
{"in": "/home/ec2-user/realret/eps/natural_questions.validation.jsonl", "lines": 6160, "seed": 8412, "take": 600, "kept": 600, "out": "/home/ec2-user/realret/eval/natural_questions.eval.jsonl"}
{"in": "/home/ec2-user/realret/eval/natural_questions.eval.jsonl", "lines": 600, "seed": 8413, "take": 300, "kept": 300, "out": "/home/ec2-user/realret/eval/natural_questions.evalS.jsonl"}
{"in": "/home/ec2-user/realret/eps/trivia_qa.validation.jsonl", "lines": 6790, "seed": 8412, "take": 600, "kept": 600, "out": "/home/ec2-user/realret/eval/trivia_qa.eval.jsonl"}
{"in": "/home/ec2-user/realret/eval/trivia_qa.eval.jsonl", "lines": 600, "seed": 8413, "take": 300, "kept": 300, "out": "/home/ec2-user/realret/eval/trivia_qa.evalS.jsonl"}
/home/ec2-user/realret/eps/hotpot_qa.train.jsonl {"lines": 80906, "stride": 20, "checked": 4046, "episodes_with_failures": 1, "clean_rate": 0.9998, "reasons": {"rendered": 1}, "examples": [{"qid": "5ae4c0295542995dadf243d3", "fails": ["q0: rendered length 1230 over 1024"]}], "rounds_hist": {"2": 3383, "3": 663}}
/home/ec2-user/realret/eps/natural_questions.train.jsonl {"lines": 48733, "stride": 12, "checked": 4062, "episodes_with_failures": 0, "clean_rate": 1.0, "reasons": {}, "examples": [], "rounds_hist": {"1": 1994, "2": 2068}}
/home/ec2-user/realret/eps/trivia_qa.train.jsonl {"lines": 52917, "stride": 13, "checked": 4071, "episodes_with_failures": 0, "clean_rate": 1.0, "reasons": {}, "examples": [], "rounds_hist": {"1": 1651, "2": 2420}}
/home/ec2-user/realret/eval/hotpot_qa.eval.jsonl {"lines": 600, "stride": 1, "checked": 600, "episodes_with_failures": 0, "clean_rate": 1.0, "reasons": {}, "examples": [], "rounds_hist": {"2": 490, "3": 110}}
/home/ec2-user/realret/eval/natural_questions.eval.jsonl {"lines": 600, "stride": 1, "checked": 600, "episodes_with_failures": 0, "clean_rate": 1.0, "reasons": {}, "examples": [], "rounds_hist": {"1": 308, "2": 292}}
/home/ec2-user/realret/eval/trivia_qa.eval.jsonl {"lines": 600, "stride": 1, "checked": 600, "episodes_with_failures": 0, "clean_rate": 1.0, "reasons": {}, "examples": [], "rounds_hist": {"1": 261, "2": 339}}
{
 "/home/ec2-user/realret/eps/hotpot_qa.train.jsonl": {
  "lines": 80906,
  "stride": 20,
  "checked": 4046,
  "episodes_with_failures": 1,
  "clean_rate": 0.9998,
  "reasons": {
   "rendered": 1
  },
  "rounds_hist": {
   "2": 3383,
   "3": 663
  }
 },
 "/home/ec2-user/realret/eps/natural_questions.train.jsonl": {
  "lines": 48733,
  "stride": 12,
  "checked": 4062,
  "episodes_with_failures": 0,
  "clean_rate": 1.0,
  "reasons": {},
  "rounds_hist": {
   "1": 1994,
   "2": 2068
  }
 },
 "/home/ec2-user/realret/eps/trivia_qa.train.jsonl": {
  "lines": 52917,
  "stride": 13,
  "checked": 4071,
  "episodes_with_failures": 0,
  "clean_rate": 1.0,
  "reasons": {},
  "rounds_hist": {
   "1": 1651,
   "2": 2420
  }
 },
 "/home/ec2-user/realret/eval/hotpot_qa.eval.jsonl": {
  "lines": 600,
  "stride": 1,
  "checked": 600,
  "episodes_with_failures": 0,
  "clean_rate": 1.0,
  "reasons": {},
  "rounds_hist": {
   "2": 490,
   "3": 110
  }
 },
 "/home/ec2-user/realret/eval/natural_questions.eval.jsonl": {
  "lines": 600,
  "stride": 1,
  "checked": 600,
  "episodes_with_failures": 0,
  "clean_rate": 1.0,
  "reasons": {},
  "rounds_hist": {
   "1": 308,
   "2": 292
  }
 },
 "/home/ec2-user/realret/eval/trivia_qa.eval.jsonl": {
  "lines": 600,
  "stride": 1,
  "checked": 600,
  "episodes_with_failures": 0,
  "clean_rate": 1.0,
  "reasons": {},
  "rounds_hist": {
   "1": 261,
   "2": 339
  }
 }
}
{
 "/home/ec2-user/realret/eps/hotpot_qa.train.jsonl,/home/ec2-user/realret/eval/hotpot_qa.eval.jsonl": {
  "train_episodes": 80906,
  "eval_episodes": 600,
  "train_distinct_hashes": 80896,
  "eval_distinct_hashes": 600,
  "shared_hashes": 0,
  "shared_fraction_of_eval": 0.0,
  "shared_examples": [],
  "train_doc_keys_sampled": 132746,
  "train_doc_stride": 5,
  "eval_doc_keys": 5918,
  "shared_doc_keys": 1670,
  "shared_doc_fraction_of_eval": 0.28219
 }
}
{
 "/home/ec2-user/realret/eps/natural_questions.train.jsonl,/home/ec2-user/realret/eval/natural_questions.eval.jsonl": {
  "train_episodes": 48733,
  "eval_episodes": 600,
  "train_distinct_hashes": 48718,
  "eval_distinct_hashes": 562,
  "shared_hashes": 0,
  "shared_fraction_of_eval": 0.0,
  "shared_examples": [],
  "train_doc_keys_sampled": 50981,
  "train_doc_stride": 5,
  "eval_doc_keys": 3592,
  "shared_doc_keys": 1011,
  "shared_doc_fraction_of_eval": 0.281459
 }
}
{
 "/home/ec2-user/realret/eps/trivia_qa.train.jsonl,/home/ec2-user/realret/eval/trivia_qa.eval.jsonl": {
  "train_episodes": 52917,
  "eval_episodes": 600,
  "train_distinct_hashes": 52779,
  "eval_distinct_hashes": 600,
  "shared_hashes": 8,
  "shared_fraction_of_eval": 0.013333,
  "shared_examples": [
   {
    "hash": "469ffd8a50aaba9386358614",
    "train": [
     [
      "/home/ec2-user/realret/eps/trivia_qa.train.jsonl",
      30083,
      "15ab5a82f8184f2b8e2a38da3386f347"
     ]
    ],
    "eval": [
     [
      "/home/ec2-user/realret/eval/trivia_qa.eval.jsonl",
      147,
      "af0db26e0b194897b2ee53ec9b396a6d"
     ]
    ]
   },
   {
    "hash": "535a95006ff72a9cb684b220",
    "train": [
     [
      "/home/ec2-user/realret/eps/trivia_qa.train.jsonl",
      16436,
      "3bd6f2a0c87c490a98a59be5957c3349"
     ]
    ],
    "eval": [
     [
      "/home/ec2-user/realret/eval/trivia_qa.eval.jsonl",
      535,
      "2f0458cebdfe4d668c2f77d89d664ad2"
     ]
    ]
   },
   {
    "hash": "80be2f861e2a6a83b9995dd2",
    "train": [
     [
      "/home/ec2-user/realret/eps/trivia_qa.train.jsonl",
      46911,
      "fc04629dfc7348529ec5fde4e70f752c"
     ]
    ],
    "eval": [
     [
      "/home/ec2-user/realret/eval/trivia_qa.eval.jsonl",
      521,
      "69b812db71c64ebbba623242ae6fa655"
     ]
    ]
   },
   {
    "hash": "9907b2b4656c398a3856de5c",
    "train": [
     [
      "/home/ec2-user/realret/eps/trivia_qa.train.jsonl",
      29914,
      "43ae150db94f499b8d2a
benchmark stems: {"mmlu": 12936, "arc": 1108, "winogrande": 1267, "gsm8k": 1319}
{
 "episodes": [
  "/home/ec2-user/realret/eps/hotpot_qa.train.jsonl",
  "/home/ec2-user/realret/eps/natural_questions.train.jsonl",
  "/home/ec2-user/realret/eps/trivia_qa.train.jsonl"
 ],
 "benchmark_stems": {
  "mmlu": 12936,
  "arc": 1108,
  "winogrande": 1267,
  "gsm8k": 1319
 },
 "benchmark_stems_total": 16630,
 "min_stem_words": 8,
 "ngram": 5,
 "near_threshold": 0.5,
 "training_questions_scanned": 182556,
 "training_documents_scanned": 333041,
 "all_documents": false,
 "training_chars_scanned": 155823870,
 "exact_matches": 17,
 "near_matches": 17,
 "exact_by_task": {
  "mmlu": 15,
  "arc": 2,
  "winogrande": 0,
  "gsm8k": 0
 },
 "near_by_task": {
  "mmlu": 17,
  "arc": 0,
  "winogrande": 0,
  "gsm8k": 0
 },
 "seconds": 37.1
}
/home/ec2-user/realret/pack/hotpot_qa: 20000 kept, 18s
/home/ec2-user/realret/pack/hotpot_qa: 40000 kept, 35s
{"episodes": "/home/ec2-user/realret/eps/hotpot_qa.train.jsonl", "total_lines": 80906, "selected": 56000, "seed": 5150, "take": 56000, "kept": 55982, "drops": {"prompt": 0, "length": 18}, "tokens": 17506306, "rounds_hist": {"2": 47126, "3": 8856}, "mean_len": 312.7, "seconds": 48.6}
/home/ec2-user/realret/pack/natural_questions: 20000 kept, 12s
{"episodes": "/home/ec2-user/realret/eps/natural_questions.train.jsonl", "total_lines": 48733, "selected": 36000, "seed": 5150, "take": 36000, "kept": 36000, "drops": {"prompt": 0, "length": 0}, "tokens": 6289690, "rounds_hist": {"1": 17455, "2": 18545}, "mean_len": 174.7, "seconds": 19.7}
/home/ec2-user/realret/pack/trivia_qa: 20000 kept, 15s
{"episodes": "/home/ec2-user/realret/eps/trivia_qa.train.jsonl", "total_lines": 52917, "selected": 36000, "seed": 5150, "take": 36000, "kept": 35993, "drops": {"prompt": 0, "length": 7}, "tokens": 8376687, "rounds_hist": {"1": 14437, "2": 21556}, "mean_len": 232.7, "seconds": 25.1}
{"pack": "/home/ec2-user/retrain/pack/mix1", "source_n": 253972, "selected": 128000, "seed": 5150, "take": 128000, "n": 128000, "tokens": 38785091, "per_component": {"relation": 64408, "mathgen": 11113, "external": 12179, "plan_step": 24139, "plan_whole": 16161}}
{"n": 255975, "tokens": 70957774, "per_component": {"plan_step": 24139, "external": 12179, "natural_questions": 36000, "relation": 64408, "hotpot_qa": 55982, "trivia_qa": 35993, "plan_whole": 16161, "mathgen": 11113}, "seed": 90210, "packs": ["/home/ec2-user/realret/pack/hotpot_qa", "/home/ec2-user/realret/pack/natural_questions", "/home/ec2-user/realret/pack/trivia_qa", "/home/ec2-user/realret/pack/synthetic"]}
PREPARE_DONE
