vocab 701 types, device cuda
[latent] step     0 loss 7.496 task 6.453 ret 0.906 acc 0.003 foil 0.505 hit 0.234 gate_auc 0.764 gap +0.000
[latent] step   250 loss 2.034 task 1.905 ret 0.019 acc 0.164 foil 0.510 hit 0.469 gate_auc 1.000 gap +0.905
[latent] step   500 loss 1.805 task 1.652 ret 0.033 acc 0.177 foil 0.516 hit 0.682 gate_auc 1.000 gap +1.000
[latent] step   750 loss 1.839 task 1.714 ret 0.017 acc 0.026 foil 0.359 hit 0.609 gate_auc 1.000 gap +1.000
[latent] step  1000 loss 1.586 task 1.457 ret 0.039 acc 0.146 foil 0.479 hit 0.497 gate_auc 1.000 gap +1.000
[latent] step  1250 loss 1.542 task 1.449 ret 0.019 acc 0.094 foil 0.492 hit 0.474 gate_auc 1.000 gap +0.992
[latent] step  1500 loss 1.897 task 1.820 ret 0.003 acc 0.128 foil 0.474 hit 0.651 gate_auc 1.000 gap +1.000
[latent] step  1750 loss 1.644 task 1.572 ret 0.004 acc 0.174 foil 0.487 hit 0.562 gate_auc 1.000 gap +0.999
[latent] step  2000 loss 1.389 task 1.322 ret 0.001 acc 0.125 foil 0.422 hit 0.547 gate_auc 1.000 gap +1.000
[latent] step  2250 loss 1.291 task 1.227 ret 0.001 acc 0.172 foil 0.474 hit 0.469 gate_auc 1.000 gap +0.997
[latent] step  2500 loss 1.493 task 1.420 ret 0.002 acc 0.161 foil 0.484 hit 0.539 gate_auc 1.000 gap +1.000
[latent] step  2750 loss 1.209 task 1.134 ret 0.007 acc 0.117 foil 0.440 hit 0.589 gate_auc 1.000 gap +0.994
[latent] step  3000 loss 1.287 task 1.201 ret 0.010 acc 0.107 foil 0.497 hit 0.536 gate_auc 1.000 gap +1.000
[latent] step  3250 loss 1.320 task 1.255 ret 0.004 acc 0.086 foil 0.409 hit 0.599 gate_auc 1.000 gap +1.000
[latent] step  3500 loss 1.280 task 1.224 ret 0.000 acc 0.091 foil 0.451 hit 0.573 gate_auc 1.000 gap +1.000
[latent] step  3750 loss 1.287 task 1.223 ret 0.000 acc 0.104 foil 0.456 hit 0.630 gate_auc 1.000 gap +1.000
[latent] step  4000 loss 1.216 task 1.169 ret 0.002 acc 0.076 foil 0.432 hit 0.599 gate_auc 1.000 gap +1.000
[latent] step  4250 loss 0.904 task 0.835 ret 0.000 acc 0.091 foil 0.430 hit 0.523 gate_auc 1.000 gap +1.000
[latent] step  4500 loss 0.965 task 0.878 ret 0.000 acc 0.073 foil 0.393 hit 0.529 gate_auc 1.000 gap +1.000
[latent] step  4750 loss 1.124 task 1.043 ret 0.010 acc 0.060 foil 0.458 hit 0.641 gate_auc 1.000 gap +1.000
[latent] step  5000 loss 0.976 task 0.905 ret 0.000 acc 0.070 foil 0.451 hit 0.576 gate_auc 1.000 gap +1.000
[latent] step  5250 loss 0.806 task 0.738 ret 0.000 acc 0.081 foil 0.464 hit 0.573 gate_auc 1.000 gap +1.000
[latent] step  5500 loss 1.105 task 1.030 ret 0.001 acc 0.130 foil 0.466 hit 0.599 gate_auc 1.000 gap +1.000
[latent] step  5750 loss 0.791 task 0.720 ret 0.008 acc 0.099 foil 0.484 hit 0.578 gate_auc 1.000 gap +0.995
[latent] step  5999 loss 0.861 task 0.813 ret 0.000 acc 0.086 foil 0.458 hit 0.591 gate_auc 1.000 gap +1.000
DONE latent: acc 0.096 hit_any 0.972 gate_auc 1.000 -> results/latentret/latent_seed1234.json
