vocab 701 types, device cuda
[latent_gated] step     0 loss 7.566 task 6.524 ret 0.906 acc 0.000 foil 0.500 hit 0.227 gate_auc 0.767 gap +0.000
[latent_gated] step   250 loss 2.137 task 1.888 ret 0.056 acc 0.146 foil 0.497 hit 0.482 gate_auc 0.995 gap +0.021
[latent_gated] step   500 loss 1.763 task 1.606 ret 0.033 acc 0.156 foil 0.492 hit 0.589 gate_auc 1.000 gap +0.935
[latent_gated] step   750 loss 1.797 task 1.673 ret 0.012 acc 0.107 foil 0.482 hit 0.542 gate_auc 1.000 gap +0.999
[latent_gated] step  1000 loss 1.696 task 1.577 ret 0.013 acc 0.130 foil 0.490 hit 0.464 gate_auc 1.000 gap +0.973
[latent_gated] step  1250 loss 1.561 task 1.433 ret 0.054 acc 0.099 foil 0.458 hit 0.357 gate_auc 1.000 gap +0.999
[latent_gated] step  1500 loss 1.748 task 1.635 ret 0.017 acc 0.146 foil 0.503 hit 0.568 gate_auc 0.905 gap +0.630
[latent_gated] step  1750 loss 1.821 task 1.741 ret 0.012 acc 0.083 foil 0.438 hit 0.365 gate_auc 1.000 gap +1.000
[latent_gated] step  2000 loss 1.499 task 1.418 ret 0.015 acc 0.068 foil 0.495 hit 0.370 gate_auc 1.000 gap +1.000
[latent_gated] step  2250 loss 1.582 task 1.514 ret 0.003 acc 0.112 foil 0.516 hit 0.398 gate_auc 1.000 gap +0.990
[latent_gated] step  2500 loss 1.603 task 1.529 ret 0.003 acc 0.073 foil 0.516 hit 0.383 gate_auc 1.000 gap +1.000
[latent_gated] step  2750 loss 1.259 task 1.184 ret 0.006 acc 0.039 foil 0.547 hit 0.461 gate_auc 1.000 gap +0.999
[latent_gated] step  3000 loss 1.231 task 1.149 ret 0.005 acc 0.042 foil 0.518 hit 0.440 gate_auc 1.000 gap +1.000
[latent_gated] step  3250 loss 1.259 task 1.193 ret 0.005 acc 0.013 foil 0.510 hit 0.406 gate_auc 1.000 gap +1.000
[latent_gated] step  3500 loss 1.530 task 1.471 ret 0.004 acc 0.094 foil 0.510 hit 0.456 gate_auc 1.000 gap +0.999
[latent_gated] step  3750 loss 1.162 task 1.099 ret 0.000 acc 0.016 foil 0.549 hit 0.424 gate_auc 1.000 gap +1.000
[latent_gated] step  4000 loss 1.106 task 1.061 ret 0.000 acc 0.036 foil 0.500 hit 0.573 gate_auc 1.000 gap +1.000
[latent_gated] step  4250 loss 1.119 task 1.049 ret 0.002 acc 0.036 foil 0.503 hit 0.516 gate_auc 1.000 gap +1.000
[latent_gated] step  4500 loss 1.007 task 0.920 ret 0.000 acc 0.029 foil 0.516 hit 0.492 gate_auc 1.000 gap +1.000
[latent_gated] step  4750 loss 1.167 task 1.095 ret 0.000 acc 0.023 foil 0.552 hit 0.508 gate_auc 1.000 gap +1.000
[latent_gated] step  5000 loss 0.981 task 0.910 ret 0.000 acc 0.029 foil 0.453 hit 0.523 gate_auc 1.000 gap +1.000
[latent_gated] step  5250 loss 0.867 task 0.797 ret 0.002 acc 0.031 foil 0.526 hit 0.534 gate_auc 1.000 gap +1.000
[latent_gated] step  5500 loss 1.222 task 1.148 ret 0.001 acc 0.034 foil 0.526 hit 0.523 gate_auc 1.000 gap +1.000
[latent_gated] step  5750 loss 1.142 task 1.078 ret 0.001 acc 0.034 foil 0.474 hit 0.534 gate_auc 1.000 gap +1.000
[latent_gated] step  5999 loss 1.043 task 0.995 ret 0.000 acc 0.042 foil 0.508 hit 0.513 gate_auc 1.000 gap +0.995
DONE latent_gated: acc 0.039 hit_any 0.980 gate_auc 1.000 -> results/latentret/latent_gated_seed1234.json
