vocab 701 types, device cuda
[latent_lm] step     0 loss 7.645 task 6.603 ret 0.905 acc 0.000 foil 0.503 hit 0.232 gate_auc 0.746 gap +0.000
[latent_lm] step   250 loss 6.131 task 6.021 ret 0.020 acc 0.003 foil 0.510 hit 0.458 gate_auc 1.000 gap +0.987
[latent_lm] step   500 loss 6.094 task 5.943 ret 0.037 acc 0.003 foil 0.484 hit 0.526 gate_auc 1.000 gap +0.999
[latent_lm] step   750 loss 6.058 task 5.924 ret 0.031 acc 0.003 foil 0.487 hit 0.469 gate_auc 1.000 gap +1.000
[latent_lm] step  1000 loss 5.906 task 5.800 ret 0.009 acc 0.003 foil 0.544 hit 0.534 gate_auc 1.000 gap +1.000
[latent_lm] step  1250 loss 5.980 task 5.911 ret 0.001 acc 0.005 foil 0.589 hit 0.495 gate_auc 1.000 gap +1.000
[latent_lm] step  1500 loss 5.848 task 5.794 ret 0.006 acc 0.008 foil 0.604 hit 0.404 gate_auc 1.000 gap +1.000
[latent_lm] step  1750 loss 5.497 task 5.451 ret 0.000 acc 0.003 foil 0.526 hit 0.453 gate_auc 1.000 gap +1.000
[latent_lm] step  2000 loss 5.365 task 5.306 ret 0.014 acc 0.005 foil 0.594 hit 0.474 gate_auc 1.000 gap +1.000
[latent_lm] step  2250 loss 5.355 task 5.265 ret 0.046 acc 0.016 foil 0.594 hit 0.456 gate_auc 1.000 gap +1.000
[latent_lm] step  2500 loss 5.636 task 5.586 ret 0.002 acc 0.003 foil 0.534 hit 0.477 gate_auc 1.000 gap +0.999
[latent_lm] step  2750 loss 5.505 task 5.458 ret 0.000 acc 0.010 foil 0.523 hit 0.430 gate_auc 1.000 gap +0.991
[latent_lm] step  3000 loss 5.072 task 5.020 ret 0.000 acc 0.008 foil 0.576 hit 0.453 gate_auc 1.000 gap +1.000
[latent_lm] step  3250 loss 4.804 task 4.761 ret 0.001 acc 0.000 foil 0.560 hit 0.477 gate_auc 1.000 gap +0.998
[latent_lm] step  3500 loss 4.548 task 4.465 ret 0.043 acc 0.013 foil 0.578 hit 0.461 gate_auc 1.000 gap +1.000
[latent_lm] step  3750 loss 4.883 task 4.835 ret 0.003 acc 0.013 foil 0.607 hit 0.482 gate_auc 1.000 gap +1.000
[latent_lm] step  4000 loss 3.671 task 3.638 ret 0.001 acc 0.008 foil 0.576 hit 0.474 gate_auc 1.000 gap +1.000
[latent_lm] step  4250 loss 4.625 task 4.572 ret 0.004 acc 0.008 foil 0.555 hit 0.443 gate_auc 1.000 gap +0.997
[latent_lm] step  4500 loss 4.833 task 4.769 ret 0.003 acc 0.003 foil 0.589 hit 0.443 gate_auc 1.000 gap +0.999
[latent_lm] step  4750 loss 4.564 task 4.513 ret 0.000 acc 0.008 foil 0.565 hit 0.419 gate_auc 1.000 gap +1.000
[latent_lm] step  5000 loss 4.183 task 4.127 ret 0.005 acc 0.013 foil 0.576 hit 0.417 gate_auc 1.000 gap +1.000
[latent_lm] step  5250 loss 4.353 task 4.300 ret 0.004 acc 0.008 foil 0.578 hit 0.417 gate_auc 1.000 gap +1.000
[latent_lm] step  5500 loss 4.386 task 4.333 ret 0.000 acc 0.008 foil 0.583 hit 0.451 gate_auc 1.000 gap +1.000
[latent_lm] step  5750 loss 3.849 task 3.803 ret 0.001 acc 0.005 foil 0.526 hit 0.396 gate_auc 1.000 gap +1.000
[latent_lm] step  5999 loss 3.266 task 3.228 ret 0.002 acc 0.010 foil 0.576 hit 0.378 gate_auc 1.000 gap +1.000
DONE latent_lm: acc 0.010 hit_any 0.870 gate_auc 1.000 -> results/latentret/latent_lm_seed1234.json
