vocab 701 types, device cuda
[latent_gated_notask] step     0 loss 6.661 task 6.524 ret 0.906 acc 0.000 foil 0.503 hit 0.174 gate_auc 0.632 gap +0.000
[latent_gated_notask] step   250 loss 1.907 task 1.893 ret 2.777 acc 0.151 foil 0.492 hit 0.487 gate_auc 0.374 gap -0.005
[latent_gated_notask] step   500 loss 1.564 task 1.560 ret 9.410 acc 0.281 foil 0.654 hit 0.698 gate_auc 0.269 gap -0.000
[latent_gated_notask] step   750 loss 1.609 task 1.605 ret 12.228 acc 0.271 foil 0.661 hit 0.677 gate_auc 0.338 gap -0.000
[latent_gated_notask] step  1000 loss 1.490 task 1.486 ret 12.503 acc 0.286 foil 0.703 hit 0.688 gate_auc 0.415 gap -0.000
[latent_gated_notask] step  1250 loss 1.552 task 1.546 ret 13.224 acc 0.279 foil 0.716 hit 0.714 gate_auc 0.488 gap -0.000
[latent_gated_notask] step  1500 loss 1.636 task 1.634 ret 11.766 acc 0.326 foil 0.724 hit 0.695 gate_auc 0.489 gap -0.001
[latent_gated_notask] step  1750 loss 1.735 task 1.731 ret 11.821 acc 0.279 foil 0.693 hit 0.755 gate_auc 0.531 gap -0.000
[latent_gated_notask] step  2000 loss 1.227 task 1.224 ret 12.440 acc 0.365 foil 0.740 hit 0.690 gate_auc 0.617 gap -0.000
[latent_gated_notask] step  2250 loss 1.449 task 1.445 ret 13.224 acc 0.458 foil 0.786 hit 0.779 gate_auc 0.585 gap -0.001
[latent_gated_notask] step  2500 loss 1.443 task 1.439 ret 13.307 acc 0.396 foil 0.786 hit 0.750 gate_auc 0.646 gap -0.000
[latent_gated_notask] step  2750 loss 1.223 task 1.220 ret 13.240 acc 0.414 foil 0.815 hit 0.789 gate_auc 0.403 gap -0.000
[latent_gated_notask] step  3000 loss 1.256 task 1.253 ret 13.675 acc 0.424 foil 0.831 hit 0.745 gate_auc 0.407 gap -0.000
[latent_gated_notask] step  3250 loss 1.119 task 1.115 ret 13.515 acc 0.427 foil 0.810 hit 0.786 gate_auc 0.460 gap -0.001
[latent_gated_notask] step  3500 loss 1.441 task 1.437 ret 13.224 acc 0.375 foil 0.789 hit 0.758 gate_auc 0.361 gap -0.000
[latent_gated_notask] step  3750 loss 1.221 task 1.218 ret 13.276 acc 0.445 foil 0.836 hit 0.784 gate_auc 0.300 gap -0.001
[latent_gated_notask] step  4000 loss 1.242 task 1.240 ret 13.304 acc 0.484 foil 0.862 hit 0.807 gate_auc 0.264 gap -0.000
[latent_gated_notask] step  4250 loss 1.025 task 1.023 ret 13.575 acc 0.424 foil 0.823 hit 0.784 gate_auc 0.296 gap -0.000
[latent_gated_notask] step  4500 loss 0.830 task 0.827 ret 13.632 acc 0.435 foil 0.857 hit 0.802 gate_auc 0.290 gap -0.000
[latent_gated_notask] step  4750 loss 1.178 task 1.176 ret 13.538 acc 0.474 foil 0.826 hit 0.768 gate_auc 0.263 gap -0.000
[latent_gated_notask] step  5000 loss 0.842 task 0.840 ret 13.452 acc 0.456 foil 0.833 hit 0.784 gate_auc 0.287 gap -0.000
[latent_gated_notask] step  5250 loss 0.968 task 0.966 ret 13.349 acc 0.438 foil 0.820 hit 0.792 gate_auc 0.208 gap -0.006
[latent_gated_notask] step  5500 loss 1.100 task 1.097 ret 13.697 acc 0.464 foil 0.852 hit 0.794 gate_auc 0.278 gap -0.000
[latent_gated_notask] step  5750 loss 0.885 task 0.882 ret 13.317 acc 0.432 foil 0.859 hit 0.807 gate_auc 0.260 gap -0.000
[latent_gated_notask] step  5999 loss 0.911 task 0.909 ret 13.456 acc 0.401 foil 0.823 hit 0.789 gate_auc 0.313 gap -0.000
DONE latent_gated_notask: acc 0.473 hit_any 0.815 gate_auc 0.263 -> results/latentret/latent_gated_notask_seed1234.json
