vocab 701 types, device cuda
[latent] step     0 loss 7.592 task 6.450 ret 1.005 acc 0.003 foil 0.510 hit 0.047 gate_auc 1.000 gap +0.000
[latent] step   250 loss 2.211 task 2.054 ret 0.023 acc 0.177 foil 0.510 hit 0.477 gate_auc 1.000 gap +0.984
[latent] step   500 loss 2.183 task 2.013 ret 0.021 acc 0.164 foil 0.471 hit 0.505 gate_auc 1.000 gap +0.992
[latent] step   750 loss 1.922 task 1.775 ret 0.024 acc 0.120 foil 0.419 hit 0.536 gate_auc 1.000 gap +0.983
[latent] step  1000 loss 1.531 task 1.393 ret 0.009 acc 0.107 foil 0.435 hit 0.633 gate_auc 1.000 gap +0.998
[latent] step  1250 loss 1.567 task 1.458 ret 0.032 acc 0.125 foil 0.523 hit 0.487 gate_auc 1.000 gap +1.000
[latent] step  1500 loss 1.595 task 1.508 ret 0.011 acc 0.174 foil 0.531 hit 0.594 gate_auc 1.000 gap +1.000
[latent] step  1750 loss 1.343 task 1.272 ret 0.016 acc 0.151 foil 0.500 hit 0.497 gate_auc 1.000 gap +1.000
[latent] step  2000 loss 1.192 task 1.122 ret 0.004 acc 0.201 foil 0.542 hit 0.570 gate_auc 1.000 gap +1.000
[latent] step  2250 loss 1.307 task 1.211 ret 0.017 acc 0.133 foil 0.529 hit 0.539 gate_auc 1.000 gap +1.000
[latent] step  2500 loss 1.214 task 1.132 ret 0.003 acc 0.177 foil 0.536 hit 0.552 gate_auc 1.000 gap +0.996
[latent] step  2750 loss 1.194 task 1.111 ret 0.001 acc 0.167 foil 0.495 hit 0.565 gate_auc 0.997 gap +0.976
[latent] step  3000 loss 1.271 task 1.207 ret 0.000 acc 0.146 foil 0.487 hit 0.586 gate_auc 1.000 gap +1.000
[latent] step  3250 loss 1.052 task 0.984 ret 0.005 acc 0.130 foil 0.557 hit 0.604 gate_auc 1.000 gap +1.000
[latent] step  3500 loss 1.120 task 1.043 ret 0.001 acc 0.201 foil 0.539 hit 0.583 gate_auc 1.000 gap +0.998
[latent] step  3750 loss 1.069 task 0.997 ret 0.001 acc 0.138 foil 0.508 hit 0.633 gate_auc 1.000 gap +0.999
[latent] step  4000 loss 1.324 task 1.249 ret 0.001 acc 0.135 foil 0.492 hit 0.518 gate_auc 1.000 gap +1.000
[latent] step  4250 loss 1.042 task 0.954 ret 0.001 acc 0.174 foil 0.568 hit 0.596 gate_auc 1.000 gap +0.999
[latent] step  4500 loss 0.991 task 0.926 ret 0.004 acc 0.125 foil 0.555 hit 0.568 gate_auc 1.000 gap +1.000
[latent] step  4750 loss 1.111 task 1.039 ret 0.001 acc 0.146 foil 0.526 hit 0.586 gate_auc 1.000 gap +1.000
[latent] step  5000 loss 1.147 task 1.075 ret 0.000 acc 0.164 foil 0.560 hit 0.586 gate_auc 1.000 gap +1.000
[latent] step  5250 loss 1.211 task 1.139 ret 0.000 acc 0.120 foil 0.497 hit 0.607 gate_auc 1.000 gap +1.000
[latent] step  5500 loss 0.939 task 0.863 ret 0.000 acc 0.083 foil 0.523 hit 0.594 gate_auc 1.000 gap +1.000
[latent] step  5750 loss 1.058 task 0.977 ret 0.010 acc 0.115 foil 0.521 hit 0.643 gate_auc 1.000 gap +1.000
[latent] step  5999 loss 1.185 task 1.107 ret 0.001 acc 0.125 foil 0.513 hit 0.596 gate_auc 1.000 gap +1.000
DONE latent: acc 0.124 hit_any 0.974 gate_auc 1.000 -> results/latentret/latent_seed5678.json
