vocab 701 types, device cuda
[latent_notask] step     0 loss 6.475 task 6.453 ret 0.906 acc 0.003 foil 0.505 hit 0.188 gate_auc 0.686 gap +0.000
[latent_notask] step   250 loss 1.899 task 1.899 ret 7.244 acc 0.146 foil 0.484 hit 0.503 gate_auc 0.689 gap +0.000
[latent_notask] step   500 loss 1.520 task 1.518 ret 12.634 acc 0.294 foil 0.672 hit 0.643 gate_auc 0.374 gap -0.000
[latent_notask] step   750 loss 1.726 task 1.722 ret 13.816 acc 0.229 foil 0.552 hit 0.654 gate_auc 0.412 gap -0.000
[latent_notask] step  1000 loss 1.566 task 1.563 ret 13.816 acc 0.279 foil 0.688 hit 0.690 gate_auc 0.452 gap -0.000
[latent_notask] step  1250 loss 1.307 task 1.304 ret 13.816 acc 0.294 foil 0.680 hit 0.688 gate_auc 0.302 gap -0.000
[latent_notask] step  1500 loss 1.912 task 1.908 ret 13.816 acc 0.305 foil 0.719 hit 0.651 gate_auc 0.361 gap -0.000
[latent_notask] step  1750 loss 1.975 task 1.972 ret 13.594 acc 0.312 foil 0.690 hit 0.685 gate_auc 0.502 gap -0.000
[latent_notask] step  2000 loss 1.346 task 1.345 ret 12.646 acc 0.344 foil 0.758 hit 0.711 gate_auc 0.446 gap -0.008
[latent_notask] step  2250 loss 1.473 task 1.470 ret 13.756 acc 0.310 foil 0.701 hit 0.695 gate_auc 0.419 gap -0.000
[latent_notask] step  2500 loss 1.589 task 1.586 ret 12.638 acc 0.312 foil 0.734 hit 0.758 gate_auc 0.541 gap -0.010
[latent_notask] step  2750 loss 1.369 task 1.364 ret 13.756 acc 0.346 foil 0.773 hit 0.742 gate_auc 0.442 gap -0.000
[latent_notask] step  3000 loss 1.050 task 1.047 ret 13.811 acc 0.352 foil 0.776 hit 0.786 gate_auc 0.450 gap -0.000
[latent_notask] step  3250 loss 1.390 task 1.386 ret 13.816 acc 0.406 foil 0.802 hit 0.755 gate_auc 0.459 gap -0.000
[latent_notask] step  3500 loss 1.360 task 1.358 ret 13.641 acc 0.396 foil 0.797 hit 0.768 gate_auc 0.425 gap -0.000
[latent_notask] step  3750 loss 1.378 task 1.376 ret 13.730 acc 0.422 foil 0.794 hit 0.740 gate_auc 0.433 gap -0.000
[latent_notask] step  4000 loss 1.531 task 1.529 ret 13.816 acc 0.401 foil 0.779 hit 0.758 gate_auc 0.348 gap -0.000
[latent_notask] step  4250 loss 1.061 task 1.058 ret 13.816 acc 0.398 foil 0.820 hit 0.779 gate_auc 0.355 gap -0.000
[latent_notask] step  4500 loss 1.039 task 1.037 ret 13.816 acc 0.427 foil 0.831 hit 0.771 gate_auc 0.327 gap -0.000
[latent_notask] step  4750 loss 1.255 task 1.252 ret 13.780 acc 0.456 foil 0.812 hit 0.750 gate_auc 0.327 gap -0.000
[latent_notask] step  5000 loss 1.068 task 1.066 ret 13.816 acc 0.440 foil 0.849 hit 0.805 gate_auc 0.377 gap -0.000
[latent_notask] step  5250 loss 0.728 task 0.726 ret 13.816 acc 0.424 foil 0.815 hit 0.763 gate_auc 0.369 gap -0.000
[latent_notask] step  5500 loss 1.068 task 1.066 ret 13.816 acc 0.451 foil 0.831 hit 0.784 gate_auc 0.341 gap -0.000
[latent_notask] step  5750 loss 1.252 task 1.250 ret 13.816 acc 0.430 foil 0.836 hit 0.781 gate_auc 0.362 gap -0.000
[latent_notask] step  5999 loss 0.952 task 0.950 ret 13.816 acc 0.419 foil 0.828 hit 0.797 gate_auc 0.338 gap -0.000
DONE latent_notask: acc 0.426 hit_any 0.779 gate_auc 0.334 -> results/latentret/latent_notask_seed1234.json
