vocab 701 types, device cuda
[question] step     0 loss 7.658 task 6.462 ret 1.059 acc 0.005 foil 0.505 hit 0.117 gate_auc 0.792 gap +0.000
[question] step   250 loss 1.867 task 1.644 ret 0.077 acc 0.276 foil 0.799 hit 0.849 gate_auc 0.434 gap -0.001
[question] step   500 loss 1.478 task 1.396 ret 0.005 acc 0.260 foil 0.888 hit 0.891 gate_auc 1.000 gap +0.990
[question] step   750 loss 1.642 task 1.569 ret 0.010 acc 0.193 foil 0.805 hit 0.862 gate_auc 1.000 gap +1.000
[question] step  1000 loss 1.186 task 1.138 ret 0.009 acc 0.242 foil 0.893 hit 0.898 gate_auc 1.000 gap +1.000
[question] step  1250 loss 1.487 task 1.395 ret 0.047 acc 0.185 foil 0.758 hit 0.911 gate_auc 1.000 gap +1.000
[question] step  1500 loss 1.386 task 1.318 ret 0.015 acc 0.242 foil 0.732 hit 0.911 gate_auc 0.985 gap +0.838
[question] step  1750 loss 1.669 task 1.574 ret 0.064 acc 0.240 foil 0.802 hit 0.932 gate_auc 1.000 gap +0.995
[question] step  2000 loss 1.054 task 1.022 ret 0.006 acc 0.279 foil 0.823 hit 0.904 gate_auc 1.000 gap +1.000
[question] step  2250 loss 1.157 task 1.120 ret 0.010 acc 0.234 foil 0.784 hit 0.911 gate_auc 1.000 gap +0.932
[question] step  2500 loss 1.229 task 1.202 ret 0.005 acc 0.302 foil 0.880 hit 0.914 gate_auc 1.000 gap +0.998
[question] step  2750 loss 1.087 task 1.061 ret 0.005 acc 0.312 foil 0.878 hit 0.914 gate_auc 1.000 gap +1.000
[question] step  3000 loss 0.929 task 0.903 ret 0.001 acc 0.380 foil 0.896 hit 0.904 gate_auc 1.000 gap +0.999
[question] step  3250 loss 1.172 task 1.152 ret 0.001 acc 0.333 foil 0.909 hit 0.927 gate_auc 1.000 gap +1.000
[question] step  3500 loss 1.208 task 1.186 ret 0.005 acc 0.414 foil 0.880 hit 0.901 gate_auc 1.000 gap +1.000
[question] step  3750 loss 1.119 task 1.098 ret 0.001 acc 0.393 foil 0.896 hit 0.932 gate_auc 1.000 gap +1.000
[question] step  4000 loss 1.038 task 1.025 ret 0.000 acc 0.474 foil 0.932 hit 0.932 gate_auc 1.000 gap +1.000
[question] step  4250 loss 0.887 task 0.865 ret 0.001 acc 0.461 foil 0.922 hit 0.914 gate_auc 1.000 gap +1.000
[question] step  4500 loss 0.691 task 0.663 ret 0.001 acc 0.500 foil 0.938 hit 0.943 gate_auc 1.000 gap +1.000
[question] step  4750 loss 0.974 task 0.952 ret 0.000 acc 0.484 foil 0.919 hit 0.917 gate_auc 1.000 gap +1.000
[question] step  5000 loss 0.814 task 0.792 ret 0.001 acc 0.492 foil 0.901 hit 0.911 gate_auc 1.000 gap +0.999
[question] step  5250 loss 0.638 task 0.617 ret 0.001 acc 0.456 foil 0.909 hit 0.911 gate_auc 1.000 gap +1.000
[question] step  5500 loss 0.922 task 0.900 ret 0.001 acc 0.456 foil 0.919 hit 0.922 gate_auc 1.000 gap +1.000
[question] step  5750 loss 0.947 task 0.928 ret 0.000 acc 0.453 foil 0.930 hit 0.956 gate_auc 1.000 gap +1.000
[question] step  5999 loss 0.693 task 0.679 ret 0.000 acc 0.518 foil 0.917 hit 0.932 gate_auc 1.000 gap +1.000
DONE question: acc 0.509 hit_any 0.926 gate_auc 1.000 -> results/latentret/question_seed1234.json
