vocab 701 types, device cuda
[uniform] step     0 loss 7.487 task 6.450 ret 0.900 acc 0.008 foil 0.495 hit 0.148 gate_auc 0.792 gap +0.000
[uniform] step   250 loss 2.823 task 2.164 ret 0.408 acc 0.138 foil 0.492 hit 0.161 gate_auc 0.772 gap +0.000
[uniform] step   500 loss 2.788 task 2.130 ret 0.408 acc 0.130 foil 0.495 hit 0.188 gate_auc 0.519 gap +0.000
[uniform] step   750 loss 2.763 task 2.212 ret 0.408 acc 0.052 foil 0.474 hit 0.115 gate_auc 0.884 gap +0.754
[uniform] step  1000 loss 2.549 task 1.992 ret 0.408 acc 0.065 foil 0.513 hit 0.141 gate_auc 1.000 gap +1.000
[uniform] step  1250 loss 2.638 task 2.098 ret 0.408 acc 0.154 foil 0.557 hit 0.169 gate_auc 1.000 gap +1.000
[uniform] step  1500 loss 2.742 task 2.203 ret 0.408 acc 0.112 foil 0.560 hit 0.190 gate_auc 1.000 gap +1.000
[uniform] step  1750 loss 2.785 task 2.256 ret 0.408 acc 0.109 foil 0.542 hit 0.154 gate_auc 1.000 gap +1.000
[uniform] step  2000 loss 2.460 task 1.936 ret 0.408 acc 0.164 foil 0.586 hit 0.154 gate_auc 1.000 gap +1.000
[uniform] step  2250 loss 2.624 task 2.104 ret 0.408 acc 0.219 foil 0.625 hit 0.161 gate_auc 1.000 gap +1.000
[uniform] step  2500 loss 2.632 task 2.097 ret 0.408 acc 0.125 foil 0.503 hit 0.174 gate_auc 1.000 gap +1.000
[uniform] step  2750 loss 2.350 task 1.820 ret 0.408 acc 0.188 foil 0.599 hit 0.190 gate_auc 1.000 gap +0.999
[uniform] step  3000 loss 2.229 task 1.684 ret 0.408 acc 0.227 foil 0.617 hit 0.185 gate_auc 1.000 gap +1.000
[uniform] step  3250 loss 2.445 task 1.931 ret 0.408 acc 0.193 foil 0.576 hit 0.161 gate_auc 1.000 gap +1.000
[uniform] step  3500 loss 2.476 task 1.973 ret 0.408 acc 0.182 foil 0.604 hit 0.172 gate_auc 1.000 gap +0.999
[uniform] step  3750 loss 2.448 task 1.929 ret 0.408 acc 0.221 foil 0.643 hit 0.156 gate_auc 1.000 gap +1.000
[uniform] step  4000 loss 2.310 task 1.826 ret 0.408 acc 0.193 foil 0.591 hit 0.159 gate_auc 1.000 gap +1.000
[uniform] step  4250 loss 2.660 task 2.130 ret 0.408 acc 0.211 foil 0.599 hit 0.185 gate_auc 1.000 gap +1.000
[uniform] step  4500 loss 2.498 task 1.932 ret 0.408 acc 0.232 foil 0.630 hit 0.154 gate_auc 1.000 gap +1.000
[uniform] step  4750 loss 2.287 task 1.753 ret 0.408 acc 0.219 foil 0.646 hit 0.135 gate_auc 1.000 gap +0.998
[uniform] step  5000 loss 2.195 task 1.660 ret 0.408 acc 0.206 foil 0.591 hit 0.180 gate_auc 1.000 gap +1.000
[uniform] step  5250 loss 2.312 task 1.783 ret 0.408 acc 0.214 foil 0.609 hit 0.120 gate_auc 1.000 gap +0.998
[uniform] step  5500 loss 2.277 task 1.738 ret 0.408 acc 0.245 foil 0.638 hit 0.182 gate_auc 1.000 gap +0.990
[uniform] step  5750 loss 2.290 task 1.771 ret 0.408 acc 0.208 foil 0.599 hit 0.148 gate_auc 1.000 gap +0.998
[uniform] step  5999 loss 2.154 task 1.666 ret 0.408 acc 0.247 foil 0.667 hit 0.164 gate_auc 1.000 gap +0.996
DONE uniform: acc 0.245 hit_any 0.183 gate_auc 1.000 -> results/latentret/uniform_seed1234.json
