BATTERY_START 2026-08-31T06:13:52Z
STEP gate base 2026-08-31T06:13:52Z
STEP gate new 2026-08-31T06:24:26Z
GATE_DONE 2026-08-31T06:37:10Z
STEP transposed new 2026-08-31T06:37:10Z
STEP transposed base 2026-08-31T06:52:01Z
TRANSPOSED_DONE 2026-08-31T07:05:46Z
STEP frames new greedy 2026-08-31T07:05:46Z
STEP frames new t07 2026-08-31T07:21:20Z
STEP frames base greedy 2026-08-31T07:43:22Z
STEP frames base t07 2026-08-31T07:57:49Z
FRAMES_DONE 2026-08-31T08:16:23Z
STEP plan new heldout_whole_sample greedy 2026-08-31T08:16:23Z
STEP plan new heldout_whole_sample t1 2026-08-31T08:22:48Z
STEP plan new extrap_whole greedy 2026-08-31T08:33:30Z
STEP plan new extrap_whole t1 2026-08-31T08:40:16Z
STEP plan base heldout_whole_sample greedy 2026-08-31T08:45:55Z
STEP plan base heldout_whole_sample t1 2026-08-31T09:02:33Z
STEP plan base extrap_whole greedy 2026-08-31T09:08:28Z
STEP plan base extrap_whole t1 2026-08-31T09:09:35Z
PLAN_DONE 2026-08-31T09:10:04Z
STEP relation new heldout greedy 2026-08-31T09:10:04Z
STEP relation new heldout t1 2026-08-31T09:28:07Z
STEP relation new train greedy 2026-08-31T09:46:18Z
STEP relation new train t1 2026-08-31T10:04:51Z
STEP relation base heldout greedy 2026-08-31T10:22:27Z
STEP relation base heldout t1 2026-08-31T10:38:03Z
STEP relation base train greedy 2026-08-31T10:49:27Z
STEP relation base train t1 2026-08-31T11:06:16Z
BATTERY_DONE 2026-08-31T11:23:35Z
