B34_START 2026-08-31T11:24:30Z
STEP direct opgrapharm greedy 2026-08-31T11:24:30Z
STEP induce opgrapharm greedy 2026-08-31T11:25:35Z
STEP direct opgrapharm t1 2026-08-31T11:26:16Z
STEP induce opgrapharm t1 2026-08-31T11:27:05Z
STEP direct directarm greedy 2026-08-31T11:27:42Z
STEP induce directarm greedy 2026-08-31T11:28:14Z
STEP direct directarm t1 2026-08-31T11:28:31Z
STEP induce directarm t1 2026-08-31T11:28:55Z
STEP direct new greedy 2026-08-31T11:29:14Z
STEP induce new greedy 2026-08-31T11:29:47Z
STEP direct new t1 2026-08-31T11:30:04Z
STEP induce new t1 2026-08-31T11:30:26Z
STEP direct base greedy 2026-08-31T11:31:13Z
STEP induce base greedy 2026-08-31T11:32:00Z
STEP direct base t1 2026-08-31T11:32:45Z
STEP induce base t1 2026-08-31T11:33:27Z
A_DONE 2026-08-31T11:33:59Z
STEP planarm heldout_whole_sample greedy 2026-08-31T11:33:59Z
STEP planarm heldout_whole_sample t1 2026-08-31T11:35:03Z
STEP planarm extrap_whole greedy 2026-08-31T11:36:06Z
STEP planarm extrap_whole t1 2026-08-31T11:36:33Z
B_DONE 2026-08-31T11:37:01Z
STEP framesext new greedy 2026-08-31T11:37:01Z
STEP framesext new t07 2026-08-31T11:51:43Z
STEP framesext base greedy 2026-08-31T12:04:21Z
STEP framesext base t07 2026-08-31T12:11:06Z
B34_DONE 2026-08-31T12:20:52Z
