decode  req_step     n     acc   parse emit_mean emit_max long_enuf   noplan
greedy        56    60   0.000   0.950      2.65        3     0.000    0.000
greedy        64    60   0.000   0.967      2.67        3     0.000    0.000
greedy        72    60   0.000   1.000      2.55        3     0.000    0.000
greedy        80    60   0.000   0.900      2.00        3     0.000    0.000
greedy        96    60   0.000   0.883      2.33        3     0.000    0.000
t1            56    60   0.000   0.850      2.53        3     0.000    0.000
t1            64    60   0.000   0.883      2.55        3     0.000    0.000
t1            72    60   0.000   0.933      2.48        3     0.000    0.000
t1            80    60   0.000   0.783      2.33        3     0.000    0.000
t1            96    60   0.000   0.817      2.47        3     0.000    0.000

decode  req_syms     n     acc   emit_syms     enough
greedy         1    60   0.000       1.000      1.000
greedy         2   120   0.000       1.008      0.008
greedy         3    60   0.000       1.017      0.000
greedy         5    60   0.000       1.000      0.000
t1             1    60   0.000       1.117      1.000
t1             2   120   0.000       1.050      0.042
t1             3    60   0.000       1.017      0.000
t1             5    60   0.000       1.000      0.000

determinate subset only, rate 0.593
decode  req_step     n     acc   planEx emit_mean emit_max long_enuf
greedy        56    40   0.000    0.000      2.70        3     0.000
greedy        64    15   0.000    0.000      2.40        3     0.000
greedy        72    33   0.000    0.000      2.46        3     0.000
greedy        80    52   0.000    0.000      1.86        3     0.000
greedy        96    38   0.000    0.000      2.16        3     0.000
t1            56    40   0.000    0.000      2.50        3     0.000
t1            64    15   0.000    0.000      2.47        3     0.000
t1            72    33   0.000    0.000      2.48        3     0.000
t1            80    52   0.000    0.000      2.23        3     0.000
t1            96    38   0.000    0.000      2.32        3     0.000
decode  req_syms     n     acc   planEx   emit_syms     enough
greedy         1    52   0.000    0.000       1.000      1.000
greedy         2    78   0.000    0.000       1.000      0.000
greedy         3    33   0.000    0.000       1.000      0.000
greedy         5    15   0.000    0.000       1.000      0.000
t1             1    52   0.000    0.000       1.135      1.000
t1             2    78   0.000    0.000       1.026      0.026
t1             3    33   0.000    0.000       1.000      0.000
t1             5    15   0.000    0.000       1.000      0.000
wrote /home/ec2-user/retrain/plan/score_opgrapharm_extrap_whole.json
