decode  req_step     n     acc   parse emit_mean emit_max long_enuf   noplan
greedy        56    60   0.117   0.433     45.87       88     0.267    0.000
greedy        64    60   0.167   0.733     40.53       90     0.117    0.000
greedy        72    60   0.150   0.450     48.87       95     0.117    0.000
greedy        80    60   0.100   0.150     63.97       96     0.217    0.000
greedy        96    60   0.100   0.367     57.60       95     0.000    0.000
t1            56    60   0.033   0.267     50.63       97     0.400    0.000
t1            64    60   0.033   0.533     48.38       88     0.167    0.000
t1            72    60   0.033   0.267     54.50       90     0.167    0.000
t1            80    60   0.017   0.083     65.93      111     0.183    0.000
t1            96    60   0.017   0.167     64.98      105     0.033    0.000

decode  req_syms     n     acc   emit_syms     enough
greedy         1    60   0.100       1.033      1.000
greedy         2   120   0.108       2.008      1.000
greedy         3    60   0.150       3.017      1.000
greedy         5    60   0.167       4.900      0.917
t1             1    60   0.017       1.283      1.000
t1             2   120   0.025       2.467      1.000
t1             3    60   0.033       3.583      1.000
t1             5    60   0.033       5.650      0.933

determinate subset only, rate 0.593
decode  req_step     n     acc   planEx emit_mean emit_max long_enuf
greedy        56    40   0.000    0.000     56.20       88     0.400
greedy        64    15   0.000    0.000     64.33       90     0.467
greedy        72    33   0.000    0.000     64.67       95     0.212
greedy        80    52   0.000    0.000     72.85       96     0.250
greedy        96    38   0.000    0.000     76.50       95     0.000
t1            56    40   0.000    0.000     58.08       97     0.550
t1            64    15   0.000    0.000     61.13       78     0.467
t1            72    33   0.000    0.000     65.06       90     0.303
t1            80    52   0.000    0.000     70.96      111     0.192
t1            96    38   0.000    0.000     75.82      105     0.053
decode  req_syms     n     acc   planEx   emit_syms     enough
greedy         1    52   0.000    0.000       1.038      1.000
greedy         2    78   0.000    0.000       2.013      1.000
greedy         3    33   0.000    0.000       3.030      1.000
greedy         5    15   0.000    0.000       5.067      1.000
t1             1    52   0.000    0.000       1.231      1.000
t1             2    78   0.000    0.000       2.462      1.000
t1             3    33   0.000    0.000       3.424      1.000
t1             5    15   0.000    0.000       5.800      1.000
wrote /home/ec2-user/retrain/plan/score_new_extrap_whole.json
