decode  req_step     n     acc   parse emit_mean emit_max long_enuf   noplan
greedy        56    60   0.000   0.000      0.00        0     0.000    1.000
greedy        64    60   0.000   0.000      0.00        0     0.000    1.000
greedy        72    60   0.000   0.000      0.00        0     0.000    1.000
greedy        80    60   0.000   0.000      0.00        0     0.000    1.000
greedy        96    60   0.000   0.000      0.00        0     0.000    1.000
t1            56    60   0.000   0.000      0.00        0     0.000    1.000
t1            64    60   0.000   0.000      0.00        0     0.000    1.000
t1            72    60   0.000   0.000      0.00        0     0.000    1.000
t1            80    60   0.000   0.000      0.00        0     0.000    1.000
t1            96    60   0.000   0.000      0.00        0     0.000    1.000

decode  req_syms     n     acc   emit_syms     enough
greedy         1    60   0.000       0.000      0.000
greedy         2   120   0.000       0.000      0.000
greedy         3    60   0.000       0.000      0.000
greedy         5    60   0.000       0.000      0.000
t1             1    60   0.000       0.000      0.000
t1             2   120   0.000       0.000      0.000
t1             3    60   0.000       0.000      0.000
t1             5    60   0.000       0.000      0.000

determinate subset only, rate 0.593
decode  req_step     n     acc   planEx emit_mean emit_max long_enuf
greedy        56    40   0.000    0.000      0.00        0     0.000
greedy        64    15   0.000    0.000      0.00        0     0.000
greedy        72    33   0.000    0.000      0.00        0     0.000
greedy        80    52   0.000    0.000      0.00        0     0.000
greedy        96    38   0.000    0.000      0.00        0     0.000
t1            56    40   0.000    0.000      0.00        0     0.000
t1            64    15   0.000    0.000      0.00        0     0.000
t1            72    33   0.000    0.000      0.00        0     0.000
t1            80    52   0.000    0.000      0.00        0     0.000
t1            96    38   0.000    0.000      0.00        0     0.000
decode  req_syms     n     acc   planEx   emit_syms     enough
greedy         1    52   0.000    0.000       0.000      0.000
greedy         2    78   0.000    0.000       0.000      0.000
greedy         3    33   0.000    0.000       0.000      0.000
greedy         5    15   0.000    0.000       0.000      0.000
t1             1    52   0.000    0.000       0.000      0.000
t1             2    78   0.000    0.000       0.000      0.000
t1             3    33   0.000    0.000       0.000      0.000
t1             5    15   0.000    0.000       0.000      0.000
wrote /home/ec2-user/retrain/plan/score_base_extrap_whole.json
