frame                  family                 n shipped  forced   first  hedge   none  chance  chncPg served  frcdSv
greedy                 band_rule            200   0.120   0.075   0.100  0.075  0.790   0.333   0.034  0.385   0.195
greedy                 band_then_lookup     200   0.010   0.010   0.010  0.000  0.990   0.333   0.005  0.075   0.133
greedy                 chain_rule           200   0.020   0.020   0.020  0.000  0.945   0.250   0.003  0.115   0.174
greedy                 exception_rule       200   0.210   0.115   0.170  0.095  0.715   0.500   0.064  0.385   0.299
greedy                 inverse_chain        200   0.000   0.000   0.000  0.000  0.990   0.250   0.003  0.060   0.000
greedy                 inverse_table        200   0.015   0.000   0.005  0.030  0.905   0.250   0.035  0.420   0.000
greedy                 lookup_then_band     200   0.030   0.010   0.025  0.030  0.935   0.333   0.009  0.105   0.095
greedy                 substitution         200   0.075   0.075   0.075  0.020  0.740   0.200   0.037  0.470   0.160
greedy                 threshold            200   0.220   0.085   0.150  0.135  0.730   0.500   0.054  0.400   0.212
greedy                 transitive           200   0.030   0.030   0.030  0.005  0.810   0.100   0.026  0.375   0.080
t1                     band_rule            200   0.060   0.055   0.055  0.015  0.890   0.333   0.032  0.285   0.193
t1                     band_then_lookup     200   0.000   0.000   0.000  0.000  0.980   0.333   0.007  0.085   0.000
t1                     chain_rule           200   0.010   0.010   0.010  0.000  0.970   0.250   0.003  0.065   0.154
t1                     exception_rule       200   0.065   0.070   0.075  0.010  0.865   0.500   0.043  0.260   0.269
t1                     inverse_chain        200   0.000   0.000   0.000  0.000  0.995   0.250   0.003  0.050   0.000
t1                     inverse_table        200   0.005   0.005   0.005  0.000  0.970   0.250   0.016  0.200   0.025
t1                     lookup_then_band     200   0.025   0.015   0.025  0.015  0.950   0.333   0.011  0.120   0.125
t1                     substitution         200   0.015   0.015   0.015  0.000  0.960   0.200   0.014  0.170   0.088
t1                     threshold            200   0.085   0.035   0.065  0.050  0.880   0.500   0.035  0.245   0.143
t1                     transitive           200   0.000   0.000   0.000  0.000  0.975   0.100   0.011  0.140   0.000

open numeric answer, no candidate set, strict exact match, floor 0.000
decode   family                  n    exact  shipped   rounds      gen
greedy   modular_apply         200    0.000    0.000     0.31     24.0
greedy   weighted_chain        200    0.000    0.000     0.21     33.8
t1       modular_apply         200    0.000    0.000     0.17     58.7
t1       weighted_chain        200    0.000    0.000     0.14     44.7

macro over families, both orders:
  greedy   cells=10 macroAcc=0.042 macroChance=0.305 A=-0.378 B=-0.417
  t1       cells=10 macroAcc=0.021 macroChance=0.305 A=-0.409 B=-0.451
wrote /home/ec2-user/retrain/relation/score_base_train.json
