frame                  family                 n shipped  forced   first  hedge   none  chance  chncPg served  frcdSv
greedy                 band_rule            200   0.990   0.990   0.990  0.000  0.005   0.333   0.173  0.995   0.995
greedy                 band_then_lookup     200   0.915   0.915   0.915  0.000  0.010   0.333   0.103  0.990   0.924
greedy                 chain_rule           200   0.390   0.390   0.390  0.000  0.040   0.250   0.074  0.970   0.402
greedy                 exception_rule       200   1.000   1.000   1.000  0.000  0.000   0.500   0.192  1.000   1.000
greedy                 inverse_chain        200   0.175   0.175   0.175  0.000  0.590   0.250   0.023  0.465   0.376
greedy                 inverse_table        200   1.000   1.000   1.000  0.000  0.000   0.250   0.097  1.000   1.000
greedy                 lookup_then_band     200   0.365   0.365   0.365  0.000  0.000   0.333   0.153  1.000   0.365
greedy                 substitution         200   0.980   0.980   0.980  0.000  0.015   0.200   0.086  1.000   0.980
greedy                 threshold            200   1.000   1.000   1.000  0.000  0.000   0.500   0.213  1.000   1.000
greedy                 transitive           200   0.095   0.095   0.095  0.000  0.000   0.100   0.076  1.000   0.095
t1                     band_rule            200   0.975   0.975   0.975  0.000  0.015   0.333   0.171  0.990   0.985
t1                     band_then_lookup     200   0.910   0.910   0.910  0.000  0.000   0.333   0.104  1.000   0.910
t1                     chain_rule           200   0.310   0.310   0.310  0.000  0.100   0.250   0.074  0.965   0.321
t1                     exception_rule       200   1.000   1.000   1.000  0.000  0.000   0.500   0.192  1.000   1.000
t1                     inverse_chain        200   0.170   0.170   0.170  0.000  0.675   0.250   0.022  0.460   0.370
t1                     inverse_table        200   1.000   1.000   1.000  0.000  0.000   0.250   0.097  1.000   1.000
t1                     lookup_then_band     200   0.370   0.370   0.370  0.000  0.040   0.333   0.152  0.995   0.372
t1                     substitution         200   0.980   0.980   0.980  0.000  0.015   0.200   0.086  1.000   0.980
t1                     threshold            200   1.000   1.000   1.000  0.000  0.000   0.500   0.213  1.000   1.000
t1                     transitive           200   0.150   0.150   0.150  0.000  0.180   0.100   0.076  1.000   0.150

open numeric answer, no candidate set, strict exact match, floor 0.000
decode   family                  n    exact  shipped   rounds      gen
greedy   modular_apply         200    0.005    0.005     2.44     64.3
greedy   weighted_chain        200    0.165    0.165     3.42     88.7
t1       modular_apply         200    0.005    0.005     2.33     61.5
t1       weighted_chain        200    0.170    0.170     3.33     86.2

macro over families, both orders:
  greedy   cells=10 macroAcc=0.691 macroChance=0.305 A=0.555 B=0.596
  t1       cells=10 macroAcc=0.686 macroChance=0.305 A=0.549 B=0.589
wrote /home/ec2-user/retrain/relation/score_new_train.json
