upload: ../../home/ec2-user/retrain/corpus-v1-8k.pt to s3://decoupled-reasoner-009398924577/runs/corpus-v1-8k/final.pt
upload: ../../home/ec2-user/retrain/battery2.sh to s3://decoupled-reasoner-009398924577/runs/corpus-v1-8k/artifacts/battery2.sh
upload: ../../home/ec2-user/retrain/frames/dump_base-greedy/frames-abstract__active-exception_rule-textbook.rolls.jsonl to s3://decoupled-reasoner-009398924577/runs/corpus-v1-8k/artifacts/frames/dump_base-greedy/frames-abstract__active-exception_rule-textbook.rolls.jsonl
upload: ../../home/ec2-user/retrain/battery34.sh to s3://decoupled-reasoner-009398924577/runs/corpus-v1-8k/artifacts/battery34.sh
upload: ../../home/ec2-user/retrain/framedist.py to s3://decoupled-reasoner-009398924577/runs/corpus-v1-8k/artifacts/framedist.py
upload: ../../home/ec2-user/retrain/framecurve.py to s3://decoupled-reasoner-009398924577/runs/corpus-v1-8k/artifacts/framecurve.py
upload: ../../home/ec2-user/retrain/digest.py to s3://decoupled-reasoner-009398924577/runs/corpus-v1-8k/artifacts/digest.py
upload: ../../home/ec2-user/retrain/battery3.sh to s3://decoupled-reasoner-009398924577/runs/corpus-v1-8k/artifacts/battery3.sh
upload: ../../home/ec2-user/retrain/battery.sh to s3://decoupled-reasoner-009398924577/runs/corpus-v1-8k/artifacts/battery.sh
upload: ../../home/ec2-user/retrain/frames/dump_base-greedy/frames-abstract__conditional-exception_rule-textbook.rolls.jsonl to s3://decoupled-reasoner-009398924577/runs/corpus-v1-8k/artifacts/frames/dump_base-greedy/frames-abstract__conditional-exception_rule-textbook.rolls.jsonl
upload: ../../home/ec2-user/retrain/frames/dump_base-greedy/frames-abstract__active-substitution_rule-textbook.rolls.jsonl to s3://decoupled-reasoner-009398924577/runs/corpus-v1-8k/artifacts/frames/dump_base-greedy/frames-abstract__active-substitution_rule-textbook.rolls.jsonl
upload: ../../home/ec2-user/retrain/determinate.py to s3://decoupled-reasoner-009398924577/runs/corpus-v1-8k/artifacts/determinate.py
upload: ../../home/ec2-user/retrain/frames/dump_base-greedy/frames-abstract__tablepipe-substitution_rule-textbook.rolls.jsonl to s3://decoupled-reasoner-009398924577/runs/corpus-v1-8k/artifacts/frames/dump_base-greedy/frames-abstract__tablepipe-substitution_rule-textbook.rolls.jsonl
upload: ../../home/ec2-user/retrain/frames/curve.json to s3://decoupled-reasoner-009398924577/runs/corpus-v1-8k/artifacts/frames/curve.json
upload: ../../home/ec2-user/retrain/frames/dump_base-greedy/frames-abstract__tablepipe-exception_rule-textbook.rolls.jsonl to s3://decoupled-reasoner-009398924577/runs/corpus-v1-8k/artifacts/frames/dump_base-greedy/frames-abstract__tablepipe-exception_rule-textbook.rolls.jsonl
upload: ../../home/ec2-user/retrain/frames/dump_base-greedy/frames-assembly__imperative-substitution_rule-textbook.rolls.jsonl to s3://decoupled-reasoner-009398924577/runs/corpus-v1-8k/artifacts/frames/dump_base-greedy/frames-assembly__imperative-substitution_rule-textbook.rolls.jsonl
upload: ../../home/ec2-user/retrain/frames/dump_base-greedy/frames-clinic__keyphrase-exception_rule-textbook.rolls.jsonl to s3://decoupled-reasoner-009398924577/runs/corpus-v1-8k/artifacts/frames/dump_base-greedy/frames-clinic__keyphrase-exception_rule-textbook.rolls.jsonl
upload: ../../home/ec2-user/retrain/frames/dump_base-greedy/frames-archive__native-exception_rule-textbook.rolls.jsonl to s3://decoupled-reasoner-009398924577/runs/corpus-v1-8k/artifacts/frames/dump_base-greedy/frames-archive__native-exception_rule-textbook.rolls.jsonl
upload: ../../home/ec2-user/retrain/frames/dump_base-greedy/frames-depot__native-exception_rule-textbook.rolls.jsonl to s3://decoupled-reasoner-009398924577/runs/corpus-v1-8k/artifacts/frames/dump_base-greedy/frames-depot__native-exception_rule-textbook.rolls.jsonl
upload: ../../home/ec2-user/retrain/frames/dump_base-greedy/frames-archive__native-substitution_rule-textbook.rolls.jsonl to s3://decoupled-reasoner-009398924577/runs/corpus-v1-8k/artifacts/frames/dump_base-greedy/frames-archive__native-substitution_rule-textbook.rolls.jsonl
upload: ../../home/ec2-user/retrain/frames/dump_base-greedy/frames-assembly__imperative-exception_rule-textbook.rolls.jsonl to s3://decoupled-reasoner-009398924577/runs/corpus-v1-8k/artifacts/frames/dump_base-greedy/frames-assembly__imperative-exception_rule-textbook.rolls.jsonl
upload: ../../home/ec2-user/retrain/frames/dump_base-greedy/frames-clinic__keyphrase-substitution_rule-textbook.rolls.jsonl to s3://decoupled-reasoner-009398924577/runs/corpus-v1-8k/artifacts/frames/dump_base-greedy/frames-clinic__keyphrase-substitution_rule-textbook.rolls.jsonl
upload: ../../home/ec2-user/retrain/frames/dump_base-greedy/frames-forge__keyphrase-exception_rule-textbook.rolls.jsonl to s3://decoupled-reasoner-009398924577/runs/corpus-v1-8k/artifacts/frames/dump_base-greedy/frames-forge__keyphrase-exception_rule-textbook.rolls.jsonl
upload: ../../home/ec2-user/retrain/frames/dump_base-greedy/frames-kitchen__condthen-exception_rule-textbook.rolls.jsonl to s3://decoupled-reasoner-009398924577/runs/corpus-v1-8k/artifacts/frames/dump_base-greedy/frames-kitchen__condthen-exception_rule-textbook.rolls.jsonl
upload: ../../home/ec2-user/retrain/frames/dump_base-greedy/frames-kitchen__native-substitution_rule-textbook.rolls.jsonl to s3://decoupled-reasoner-009398924577/runs/corpus-v1-8k/artifacts/frames/dump_base-greedy/frames-kitchen__native-substitution_rule-textbook.rolls.jsonl
upload: ../../home/ec2-user/retrain/frames/dump_base-greedy/frames-mailroom__postvalue-exception_rule-textbook.rolls.jsonl to s3://decoupled-reasoner-009398924577/runs/corpus-v1-8k/artifacts/frames/dump_base-greedy/frames-mailroom__postvalue-exception_rule-textbook.rolls.jsonl
upload: ../../home/ec2-user/retrain/frames/dump_base-greedy/frames-kitchen__native-exception_rule-textbook.rolls.jsonl to s3://decoupled-reasoner-009398924577/runs/corpus-v1-8k/artifacts/frames/dump_base-greedy/frames-kitchen__native-exception_rule-textbook.rolls.jsonl
upload: ../../home/ec2-user/retrain/frames/dump_base-greedy/frames-forge__keyphrase-substitution_rule-textbook.rolls.jsonl to s3://decoupled-reasoner-009398924577/runs/corpus-v1-8k/artifacts/frames/dump_base-greedy/frames-forge__keyphrase-substitution_rule-textbook.rolls.jsonl
upload: ../../home/ec2-user/retrain/frames/dump_base-greedy/frames-observatory__valuefirst-exception_rule-textbook.rolls.jsonl to s3://decoupled-reasoner-009398924577/runs/corpus-v1-8k/artifacts/frames/dump_base-greedy/frames-observatory__valuefirst-exception_rule-textbook.rolls.jsonl
upload: ../../home/ec2-user/retrain/frames/dump_base-greedy/frames-kitchen__condthen-substitution_rule-textbook.rolls.jsonl to s3://decoupled-reasoner-009398924577/runs/corpus-v1-8k/artifacts/frames/dump_base-greedy/frames-kitchen__condthen-substitution_rule-textbook.rolls.jsonl
upload: ../../home/ec2-user/retrain/frames/dump_base-greedy/frames-mailroom__postvalue-substitution_rule-textbook.rolls.jsonl to s3://decoupled-reasoner-009398924577/runs/corpus-v1-8k/artifacts/frames/dump_base-greedy/frames-mailroom__postvalue-substitution_rule-textbook.rolls.jsonl
upload: ../../home/ec2-user/retrain/frames/dump_base-greedy/frames-panel__active-exception_rule-textbook.rolls.jsonl to s3://decoupled-reasoner-009398924577/runs/corpus-v1-8k/artifacts/frames/dump_base-greedy/frames-panel__active-exception_rule-textbook.rolls.jsonl
upload: ../../home/ec2-user/retrain/frames/dump_base-greedy/frames-depot__tablecolon-exception_rule-textbook.rolls.jsonl to s3://decoupled-reasoner-009398924577/runs/corpus-v1-8k/artifacts/frames/dump_base-greedy/frames-depot__tablecolon-exception_rule-textbook.rolls.jsonl
upload: ../../home/ec2-user/retrain/frames/dump_base-greedy/frames-observatory__valuefirst-substitution_rule-textbook.rolls.jsonl to s3://decoupled-reasoner-009398924577/runs/corpus-v1-8k/artifacts/frames/dump_base-greedy/frames-observatory__valuefirst-substitution_rule-textbook.rolls.jsonl
upload: ../../home/ec2-user/retrain/frames/dump_base-greedy/frames-depot__tablecolon-substitution_rule-textbook.rolls.jsonl to s3://decoupled-reasoner-009398924577/runs/corpus-v1-8k/artifacts/frames/dump_base-greedy/frames-depot__tablecolon-substitution_rule-textbook.rolls.jsonl
upload: ../../home/ec2-user/retrain/frames/dump_base-greedy/frames-panel__active-substitution_rule-textbook.rolls.jsonl to s3://decoupled-reasoner-009398924577/runs/corpus-v1-8k/artifacts/frames/dump_base-greedy/frames-panel__active-substitution_rule-textbook.rolls.jsonl
upload: ../../home/ec2-user/retrain/frames/dump_base-greedy/frames-depot__relative-exception_rule-textbook.rolls.jsonl to s3://decoupled-reasoner-009398924577/runs/corpus-v1-8k/artifacts/frames/dump_base-greedy/frames-depot__relative-exception_rule-textbook.rolls.jsonl
upload: ../../home/ec2-user/retrain/frames/dump_base-greedy/frames-depot__native-substitution_rule-textbook.rolls.jsonl to s3://decoupled-reasoner-009398924577/runs/corpus-v1-8k/artifacts/frames/dump_base-greedy/frames-depot__native-substitution_rule-textbook.rolls.jsonl
upload: ../../home/ec2-user/retrain/frames/dump_base-greedy/frames-depot__relative-substitution_rule-textbook.rolls.jsonl to s3://decoupled-reasoner-009398924577/runs/corpus-v1-8k/artifacts/frames/dump_base-greedy/frames-depot__relative-substitution_rule-textbook.rolls.jsonl
upload: ../../home/ec2-user/retrain/frames/dump_base-greedy/frames-rail__tablecolon-exception_rule-textbook.rolls.jsonl to s3://decoupled-reasoner-009398924577/runs/corpus-v1-8k/artifacts/frames/dump_base-greedy/frames-rail__tablecolon-exception_rule-textbook.rolls.jsonl
upload: ../../home/ec2-user/retrain/frames/dump_base-greedy/frames-routing__native-exception_rule-textbook.rolls.jsonl to s3://decoupled-reasoner-009398924577/runs/corpus-v1-8k/artifacts/frames/dump_base-greedy/frames-routing__native-exception_rule-textbook.rolls.jsonl
upload: ../../home/ec2-user/retrain/frames/dump_base-greedy/frames-routing__valuefirst-exception_rule-textbook.rolls.jsonl to s3://decoupled-reasoner-009398924577/runs/corpus-v1-8k/artifacts/frames/dump_base-greedy/frames-routing__valuefirst-exception_rule-textbook.rolls.jsonl
upload: ../../home/ec2-user/retrain/frames/dump_base-greedy/frames-registry__keyphrase-substitution_rule-textbook.rolls.jsonl to s3://decoupled-reasoner-009398924577/runs/corpus-v1-8k/artifacts/frames/dump_base-greedy/frames-registry__keyphrase-substitution_rule-textbook.rolls.jsonl
upload: ../../home/ec2-user/retrain/frames/dump_base-greedy/frames-abstract__conditional-substitution_rule-textbook.rolls.jsonl to s3://decoupled-reasoner-009398924577/runs/corpus-v1-8k/artifacts/frames/dump_base-greedy/frames-abstract__conditional-substitution_rule-textbook.rolls.jsonl
upload: ../../home/ec2-user/retrain/frames/dump_base-greedy/frames-routing__relative-exception_rule-textbook.rolls.jsonl to s3://decoupled-reasoner-009398924577/runs/corpus-v1-8k/artifacts/frames/dump_base-greedy/frames-routing__relative-exception_rule-textbook.rolls.jsonl
upload: ../../home/ec2-user/retrain/frames/dump_base-greedy/frames-rail__tablecolon-substitution_rule-textbook.rolls.jsonl to s3://decoupled-reasoner-009398924577/runs/corpus-v1-8k/artifacts/frames/dump_base-greedy/frames-rail__tablecolon-substitution_rule-textbook.rolls.jsonl
upload: ../../home/ec2-user/retrain/frames/dump_base-greedy/frames-routing__valuefirst-substitution_rule-textbook.rolls.jsonl to s3://decoupled-reasoner-009398924577/runs/corpus-v1-8k/artifacts/frames/dump_base-greedy/frames-routing__valuefirst-substitution_rule-textbook.rolls.jsonl
upload: ../../home/ec2-user/retrain/frames/dump_base-greedy/frames-routing__native-substitution_rule-textbook.rolls.jsonl to s3://decoupled-reasoner-009398924577/runs/corpus-v1-8k/artifacts/frames/dump_base-greedy/frames-routing__native-substitution_rule-textbook.rolls.jsonl
upload: ../../home/ec2-user/retrain/frames/dump_base-greedy/frames-registry__keyphrase-exception_rule-textbook.rolls.jsonl to s3://decoupled-reasoner-009398924577/runs/corpus-v1-8k/artifacts/frames/dump_base-greedy/frames-registry__keyphrase-exception_rule-textbook.rolls.jsonl
upload: ../../home/ec2-user/retrain/frames/dump_base-t07/frames-abstract__conditional-exception_rule-textbook.rolls.jsonl to s3://decoupled-reasoner-009398924577/runs/corpus-v1-8k/artifacts/frames/dump_base-t07/frames-abstract__conditional-exception_rule-textbook.rolls.jsonl
upload: ../../home/ec2-user/retrain/frames/dump_base-t07/frames-assembly__imperative-exception_rule-textbook.rolls.jsonl to s3://decoupled-reasoner-009398924577/runs/corpus-v1-8k/artifacts/frames/dump_base-t07/frames-assembly__imperative-exception_rule-textbook.rolls.jsonl
upload: ../../home/ec2-user/retrain/frames/dump_base-t07/frames-abstract__active-exception_rule-textbook.rolls.jsonl to s3://decoupled-reasoner-009398924577/runs/corpus-v1-8k/artifacts/frames/dump_base-t07/frames-abstract__active-exception_rule-textbook.rolls.jsonl
upload: ../../home/ec2-user/retrain/frames/dump_base-t07/frames-abstract__tablepipe-substitution_rule-textbook.rolls.jsonl to s3://decoupled-reasoner-009398924577/runs/corpus-v1-8k/artifacts/frames/dump_base-t07/frames-abstract__tablepipe-substitution_rule-textbook.rolls.jsonl
upload: ../../home/ec2-user/retrain/frames/dump_base-greedy/frames-routing__relative-substitution_rule-textbook.rolls.jsonl to s3://decoupled-reasoner-009398924577/runs/corpus-v1-8k/artifacts/frames/dump_base-greedy/frames-routing__relative-substitution_rule-textbook.rolls.jsonl
upload: ../../home/ec2-user/retrain/frames/dump_base-t07/frames-assembly__imperative-substitution_rule-textbook.rolls.jsonl to s3://decoupled-reasoner-009398924577/runs/corpus-v1-8k/artifacts/frames/dump_base-t07/frames-assembly__imperative-substitution_rule-textbook.rolls.jsonl
