decode  depth     n  chance  fc_page fc_train fc_other  hedge   none  rounds     gen
greedy  1       127   0.200    0.000    0.000    0.000  0.000  1.000    0.00    25.0
greedy  2       140   0.200    0.000    0.000    0.000  0.000  1.000    0.00     8.3
greedy  3       140   0.200    0.000    0.000    0.000  0.000  1.000    0.00     8.3
greedy  4       139   0.200    0.000    0.000    0.000  0.000  1.000    0.00    28.6
greedy  8       143   0.200    0.000    0.000    0.000  0.000  1.000    0.00     1.0
mc      1       127   0.200    0.378    0.283    0.339  0.000  0.000    0.00     0.0
mc      2       140   0.200    0.257    0.264    0.479  0.000  0.000    0.00     0.0
mc      3       140   0.200    0.243    0.229    0.529  0.000  0.000    0.00     0.0
mc      4       139   0.200    0.237    0.194    0.568  0.000  0.000    0.00     0.0
mc      8       143   0.200    0.203    0.210    0.587  0.000  0.000    0.00     0.0
t1      1       508   0.200    0.000    0.000    0.000  0.000  1.000    0.08    91.3
t1      2       560   0.200    0.002    0.000    0.000  0.000  0.998    0.06    78.6
t1      3       560   0.200    0.000    0.000    0.002  0.000  0.998    0.05    87.2
t1      4       556   0.200    0.000    0.000    0.000  0.000  1.000    0.03    87.9
t1      8       572   0.200    0.000    0.000    0.000  0.000  1.000    0.04    77.9
greedy  all     689   0.200    0.000    0.000    0.000  0.000  1.000    0.00    14.0
mc      all     689   0.200    0.261    0.235    0.504  0.000  0.000    0.00     0.0
t1      all    2756   0.200    0.000    0.000    0.000  0.000  0.999    0.05    84.4
wrote /home/ec2-user/retrain/transposed/score_base.json
