decode  depth     n  chance  fc_page fc_train fc_other  hedge   none  rounds     gen
greedy  1       127   0.200    0.024    0.016    0.032  0.000  0.929    1.01    11.1
greedy  2       140   0.200    0.007    0.007    0.029  0.000  0.957    1.01    13.0
greedy  3       140   0.200    0.000    0.007    0.007  0.000  0.986    1.01    14.1
greedy  4       139   0.200    0.007    0.022    0.014  0.000  0.957    0.99    15.4
greedy  8       143   0.200    0.000    0.000    0.014  0.000  0.986    0.91    17.6
mc      1       127   0.200    0.378    0.268    0.354  0.000  0.000    0.00     0.0
mc      2       140   0.200    0.257    0.271    0.471  0.000  0.000    0.00     0.0
mc      3       140   0.200    0.279    0.250    0.471  0.000  0.000    0.00     0.0
mc      4       139   0.200    0.266    0.223    0.511  0.000  0.000    0.00     0.0
mc      8       143   0.200    0.266    0.224    0.510  0.000  0.000    0.00     0.0
t1      1       508   0.200    0.018    0.016    0.020  0.000  0.947    1.28    13.2
t1      2       560   0.200    0.002    0.013    0.013  0.000  0.973    1.29    15.7
t1      3       560   0.200    0.004    0.005    0.016  0.000  0.975    1.24    16.9
t1      4       556   0.200    0.005    0.013    0.011  0.000  0.971    1.20    18.3
t1      8       572   0.200    0.000    0.002    0.011  0.000  0.988    1.02    18.6
greedy  all     689   0.200    0.007    0.010    0.019  0.000  0.964    0.98    14.3
mc      all     689   0.200    0.287    0.247    0.466  0.000  0.000    0.00     0.0
t1      all    2756   0.200    0.005    0.009    0.014  0.000  0.971    1.20    16.6
wrote /home/ec2-user/retrain/transposed/score_new.json
