== arm web_greedy: mode=web decode=greedy max_new_tokens=256
  web/greedy 10/400 3s eta 116s live=0 cached=2 emit=3
  web/greedy 20/400 13s eta 238s live=0 cached=5 emit=6
  web/greedy 30/400 25s eta 309s live=0 cached=10 emit=8
  web/greedy 40/400 41s eta 369s live=0 cached=17 emit=12
  web/greedy 50/400 43s eta 299s live=0 cached=20 emit=14
  web/greedy 60/400 48s eta 275s live=1 cached=22 emit=16
  web/greedy 70/400 51s eta 239s live=2 cached=22 emit=17
  web/greedy 80/400 57s eta 227s live=4 cached=24 emit=19
  web/greedy 90/400 60s eta 208s live=5 cached=25 emit=20
  web/greedy 100/400 66s eta 197s live=5 cached=31 emit=22
  web/greedy 110/400 82s eta 217s live=8 cached=31 emit=25
  web/greedy 120/400 89s eta 208s live=11 cached=33 emit=28
  web/greedy 130/400 92s eta 192s live=12 cached=34 emit=29
  web/greedy 140/400 109s eta 202s live=14 cached=38 emit=32
  web/greedy 150/400 125s eta 208s live=18 cached=38 emit=37
  web/greedy 160/400 127s eta 190s live=19 cached=39 emit=40
  web/greedy 170/400 132s eta 179s live=21 cached=40 emit=42
  web/greedy 180/400 140s eta 171s live=24 cached=42 emit=45
  web/greedy 190/400 150s eta 166s live=27 cached=45 emit=48
  web/greedy 200/400 155s eta 155s live=29 cached=45 emit=51
  web/greedy 210/400 173s eta 156s live=30 cached=48 emit=54
  web/greedy 220/400 185s eta 151s live=35 cached=49 emit=58
  web/greedy 230/400 199s eta 147s live=38 cached=51 emit=61
  web/greedy 240/400 200s eta 133s live=38 cached=51 emit=61
  web/greedy 250/400 207s eta 124s live=40 cached=52 emit=63
  web/greedy 260/400 231s eta 125s live=46 cached=60 emit=69
  web/greedy 270/400 235s eta 113s live=48 cached=60 emit=70
  web/greedy 280/400 239s eta 102s live=50 cached=62 emit=72
  web/greedy 290/400 243s eta 92s live=50 cached=65 emit=73
  web/greedy 300/400 243s eta 81s live=50 cached=65 emit=73
  web/greedy 310/400 247s eta 72s live=51 cached=68 emit=75
  web/greedy 320/400 268s eta 67s live=53 cached=78 emit=79
  web/greedy 330/400 277s eta 59s live=56 cached=80 emit=83
  web/greedy 340/400 284s eta 50s live=57 cached=83 emit=85
  web/greedy 350/400 290s eta 41s live=58 cached=83 emit=86
  web/greedy 360/400 313s eta 35s live=62 cached=86 emit=90
  web/greedy 370/400 324s eta 26s live=66 cached=89 emit=94
  web/greedy 380/400 330s eta 17s live=68 cached=91 emit=96
  web/greedy 390/400 349s eta 9s live=71 cached=95 emit=100
  web/greedy 400/400 356s eta 0s live=73 cached=98 emit=102
== arm web_greedy done in 355.6s, live=73 cached=98
== arm none_greedy: mode=none decode=greedy max_new_tokens=256
  none/greedy 10/400 1s eta 22s live=73 cached=98 emit=3
  none/greedy 20/400 1s eta 19s live=73 cached=98 emit=6
  none/greedy 30/400 9s eta 115s live=73 cached=98 emit=8
  none/greedy 40/400 10s eta 86s live=73 cached=98 emit=12
  none/greedy 50/400 10s eta 70s live=73 cached=98 emit=14
  none/greedy 60/400 11s eta 60s live=73 cached=98 emit=16
  none/greedy 70/400 11s eta 54s live=73 cached=98 emit=17
  none/greedy 80/400 12s eta 47s live=73 cached=98 emit=19
  none/greedy 90/400 12s eta 42s live=73 cached=98 emit=20
  none/greedy 100/400 13s eta 39s live=73 cached=98 emit=22
  none/greedy 110/400 13s eta 35s live=73 cached=98 emit=25
  none/greedy 120/400 14s eta 32s live=73 cached=98 emit=28
  none/greedy 130/400 14s eta 30s live=73 cached=98 emit=29
  none/greedy 140/400 15s eta 27s live=73 cached=98 emit=32
  none/greedy 150/400 15s eta 25s live=73 cached=98 emit=37
  none/greedy 160/400 16s eta 24s live=73 cached=98 emit=40
  none/greedy 170/400 17s eta 23s live=73 cached=98 emit=42
  none/greedy 180/400 17s eta 21s live=73 cached=98 emit=45
  none/greedy 190/400 18s eta 20s live=73 cached=98 emit=48
  none/greedy 200/400 18s eta 18s live=73 cached=98 emit=51
  none/greedy 210/400 18s eta 17s live=73 cached=98 emit=54
  none/greedy 220/400 19s eta 15s live=73 cached=98 emit=58
  none/greedy 230/400 19s eta 14s live=73 cached=98 emit=61
  none/greedy 240/400 20s eta 13s live=73 cached=98 emit=61
  none/greedy 250/400 21s eta 13s live=73 cached=98 emit=63
  none/greedy 260/400 21s eta 11s live=73 cached=98 emit=69
  none/greedy 270/400 22s eta 10s live=73 cached=98 emit=70
  none/greedy 280/400 23s eta 10s live=73 cached=98 emit=72
  none/greedy 290/400 23s eta 9s live=73 cached=98 emit=73
  none/greedy 300/400 23s eta 8s live=73 cached=98 emit=73
  none/greedy 310/400 24s eta 7s live=73 cached=98 emit=75
  none/greedy 320/400 28s eta 7s live=73 cached=98 emit=79
  none/greedy 330/400 29s eta 6s live=73 cached=98 emit=83
  none/greedy 340/400 33s eta 6s live=73 cached=98 emit=85
  none/greedy 350/400 37s eta 5s live=73 cached=98 emit=86
  none/greedy 360/400 38s eta 4s live=73 cached=98 emit=90
  none/greedy 370/400 38s eta 3s live=73 cached=98 emit=94
  none/greedy 380/400 39s eta 2s live=73 cached=98 emit=96
  none/greedy 390/400 39s eta 1s live=73 cached=98 emit=100
  none/greedy 400/400 39s eta 0s live=73 cached=98 emit=102
== arm none_greedy done in 39.5s, live=73 cached=98
== arm none_t10: mode=none decode=T=1.0 max_new_tokens=256
  none/T=1.0 10/400 1s eta 20s live=73 cached=98 emit=2
  none/T=1.0 20/400 1s eta 20s live=73 cached=98 emit=6
  none/T=1.0 30/400 2s eta 20s live=73 cached=98 emit=9
  none/T=1.0 40/400 2s eta 17s live=73 cached=98 emit=13
  none/T=1.0 50/400 2s eta 16s live=73 cached=98 emit=14
  none/T=1.0 60/400 3s eta 16s live=73 cached=98 emit=19
  none/T=1.0 70/400 4s eta 17s live=73 cached=98 emit=21
  none/T=1.0 80/400 4s eta 16s live=73 cached=98 emit=24
  none/T=1.0 90/400 5s eta 16s live=73 cached=98 emit=25
  none/T=1.0 100/400 6s eta 18s live=73 cached=98 emit=28
  none/T=1.0 110/400 7s eta 17s live=73 cached=98 emit=30
  none/T=1.0 120/400 7s eta 16s live=73 cached=98 emit=32
  none/T=1.0 130/400 8s eta 17s live=73 cached=98 emit=34
  none/T=1.0 140/400 8s eta 16s live=73 cached=98 emit=37
  none/T=1.0 150/400 9s eta 15s live=73 cached=98 emit=41
  none/T=1.0 160/400 9s eta 14s live=73 cached=98 emit=44
  none/T=1.0 170/400 10s eta 14s live=73 cached=98 emit=47
  none/T=1.0 180/400 11s eta 13s live=73 cached=98 emit=50
  none/T=1.0 190/400 11s eta 12s live=73 cached=98 emit=53
  none/T=1.0 200/400 12s eta 12s live=73 cached=98 emit=55
  none/T=1.0 210/400 12s eta 11s live=73 cached=98 emit=57
  none/T=1.0 220/400 13s eta 11s live=73 cached=98 emit=60
  none/T=1.0 230/400 14s eta 10s live=73 cached=98 emit=62
  none/T=1.0 240/400 14s eta 10s live=73 cached=98 emit=64
  none/T=1.0 250/400 15s eta 9s live=73 cached=98 emit=65
  none/T=1.0 260/400 15s eta 8s live=73 cached=98 emit=69
  none/T=1.0 270/400 17s eta 8s live=73 cached=98 emit=70
  none/T=1.0 280/400 17s eta 7s live=73 cached=98 emit=71
  none/T=1.0 290/400 18s eta 7s live=73 cached=98 emit=74
  none/T=1.0 300/400 18s eta 6s live=73 cached=98 emit=75
  none/T=1.0 310/400 18s eta 5s live=73 cached=98 emit=78
  none/T=1.0 320/400 19s eta 5s live=73 cached=98 emit=83
  none/T=1.0 330/400 20s eta 4s live=73 cached=98 emit=88
  none/T=1.0 340/400 20s eta 4s live=73 cached=98 emit=90
  none/T=1.0 350/400 22s eta 3s live=73 cached=98 emit=91
  none/T=1.0 360/400 22s eta 2s live=73 cached=98 emit=95
  none/T=1.0 370/400 22s eta 2s live=73 cached=98 emit=99
  none/T=1.0 380/400 23s eta 1s live=73 cached=98 emit=102
  none/T=1.0 390/400 24s eta 1s live=73 cached=98 emit=104
  none/T=1.0 400/400 25s eta 0s live=73 cached=98 emit=104
== arm none_t10 done in 25.1s, live=73 cached=98
== arm none_t08: mode=none decode=T=0.8,p=0.95 max_new_tokens=256
  none/T=0.8,p=0.95 10/400 1s eta 26s live=73 cached=98 emit=2
  none/T=0.8,p=0.95 20/400 1s eta 24s live=73 cached=98 emit=5
  none/T=0.8,p=0.95 30/400 2s eta 27s live=73 cached=98 emit=7
  none/T=0.8,p=0.95 40/400 3s eta 24s live=73 cached=98 emit=11
  none/T=0.8,p=0.95 50/400 3s eta 22s live=73 cached=98 emit=14
  none/T=0.8,p=0.95 60/400 4s eta 23s live=73 cached=98 emit=17
  none/T=0.8,p=0.95 70/400 5s eta 23s live=73 cached=98 emit=20
  none/T=0.8,p=0.95 80/400 6s eta 22s live=73 cached=98 emit=22
  none/T=0.8,p=0.95 90/400 6s eta 21s live=73 cached=98 emit=24
  none/T=0.8,p=0.95 100/400 7s eta 21s live=73 cached=98 emit=25
  none/T=0.8,p=0.95 110/400 7s eta 20s live=73 cached=98 emit=27
  none/T=0.8,p=0.95 120/400 8s eta 19s live=73 cached=98 emit=28
  none/T=0.8,p=0.95 130/400 10s eta 20s live=73 cached=98 emit=29
  none/T=0.8,p=0.95 140/400 10s eta 19s live=73 cached=98 emit=31
  none/T=0.8,p=0.95 150/400 10s eta 17s live=73 cached=98 emit=34
  none/T=0.8,p=0.95 160/400 11s eta 17s live=73 cached=98 emit=37
  none/T=0.8,p=0.95 170/400 12s eta 16s live=73 cached=98 emit=39
  none/T=0.8,p=0.95 180/400 13s eta 16s live=73 cached=98 emit=39
  none/T=0.8,p=0.95 190/400 13s eta 15s live=73 cached=98 emit=42
  none/T=0.8,p=0.95 200/400 14s eta 14s live=73 cached=98 emit=45
  none/T=0.8,p=0.95 210/400 14s eta 13s live=73 cached=98 emit=47
  none/T=0.8,p=0.95 220/400 15s eta 12s live=73 cached=98 emit=52
  none/T=0.8,p=0.95 230/400 15s eta 11s live=73 cached=98 emit=57
  none/T=0.8,p=0.95 240/400 16s eta 10s live=73 cached=98 emit=59
  none/T=0.8,p=0.95 250/400 17s eta 10s live=73 cached=98 emit=61
  none/T=0.8,p=0.95 260/400 17s eta 9s live=73 cached=98 emit=66
  none/T=0.8,p=0.95 270/400 18s eta 9s live=73 cached=98 emit=68
  none/T=0.8,p=0.95 280/400 19s eta 8s live=73 cached=98 emit=69
  none/T=0.8,p=0.95 290/400 20s eta 7s live=73 cached=98 emit=71
  none/T=0.8,p=0.95 300/400 20s eta 7s live=73 cached=98 emit=71
  none/T=0.8,p=0.95 310/400 21s eta 6s live=73 cached=98 emit=72
  none/T=0.8,p=0.95 320/400 22s eta 5s live=73 cached=98 emit=78
  none/T=0.8,p=0.95 330/400 23s eta 5s live=73 cached=98 emit=82
  none/T=0.8,p=0.95 340/400 23s eta 4s live=73 cached=98 emit=83
  none/T=0.8,p=0.95 350/400 24s eta 3s live=73 cached=98 emit=83
  none/T=0.8,p=0.95 360/400 25s eta 3s live=73 cached=98 emit=88
  none/T=0.8,p=0.95 370/400 25s eta 2s live=73 cached=98 emit=92
  none/T=0.8,p=0.95 380/400 26s eta 1s live=73 cached=98 emit=94
  none/T=0.8,p=0.95 390/400 27s eta 1s live=73 cached=98 emit=98
  none/T=0.8,p=0.95 400/400 28s eta 0s live=73 cached=98 emit=98
== arm none_t08 done in 27.6s, live=73 cached=98
== arm web_greedy_trunc64: mode=web decode=greedy,trunc max_new_tokens=64
  web/greedy,trunc 10/400 3s eta 110s live=73 cached=100 emit=3
  web/greedy,trunc 20/400 7s eta 127s live=73 cached=103 emit=6
  web/greedy,trunc 30/400 13s eta 165s live=73 cached=108 emit=8
  web/greedy,trunc 40/400 19s eta 175s live=73 cached=110 emit=12
  web/greedy,trunc 50/400 21s eta 148s live=73 cached=113 emit=14
  web/greedy,trunc 60/400 25s eta 141s live=73 cached=116 emit=16
  web/greedy,trunc 70/400 27s eta 125s live=73 cached=116 emit=17
  web/greedy,trunc 80/400 31s eta 123s live=73 cached=119 emit=19
  web/greedy,trunc 90/400 34s eta 115s live=73 cached=121 emit=20
  web/greedy,trunc 100/400 39s eta 117s live=73 cached=127 emit=22
  web/greedy,trunc 110/400 46s eta 122s live=73 cached=130 emit=25
  web/greedy,trunc 120/400 52s eta 121s live=73 cached=135 emit=28
  web/greedy,trunc 130/400 55s eta 114s live=73 cached=137 emit=29
  web/greedy,trunc 140/400 62s eta 115s live=73 cached=143 emit=32
  web/greedy,trunc 150/400 70s eta 116s live=73 cached=146 emit=37
  web/greedy,trunc 160/400 71s eta 107s live=73 cached=148 emit=40
  web/greedy,trunc 170/400 76s eta 103s live=73 cached=151 emit=42
  web/greedy,trunc 180/400 83s eta 101s live=73 cached=156 emit=45
  web/greedy,trunc 190/400 92s eta 102s live=73 cached=162 emit=48
  web/greedy,trunc 200/400 96s eta 96s live=73 cached=164 emit=51
  web/greedy,trunc 210/400 103s eta 93s live=73 cached=168 emit=54
  web/greedy,trunc 220/400 112s eta 92s live=73 cached=173 emit=58
  web/greedy,trunc 230/400 125s eta 92s live=73 cached=178 emit=61
  web/greedy,trunc 240/400 125s eta 83s live=73 cached=178 emit=61
  web/greedy,trunc 250/400 131s eta 79s live=73 cached=181 emit=63
  web/greedy,trunc 260/400 148s eta 80s live=73 cached=195 emit=69
  web/greedy,trunc 270/400 150s eta 72s live=73 cached=196 emit=70
  web/greedy,trunc 280/400 153s eta 66s live=73 cached=200 emit=72
  web/greedy,trunc 290/400 157s eta 59s live=73 cached=203 emit=73
  web/greedy,trunc 300/400 157s eta 52s live=73 cached=203 emit=73
  web/greedy,trunc 310/400 161s eta 47s live=73 cached=207 emit=75
  web/greedy,trunc 320/400 179s eta 45s live=73 cached=219 emit=79
  web/greedy,trunc 330/400 187s eta 40s live=73 cached=224 emit=83
  web/greedy,trunc 340/400 191s eta 34s live=73 cached=228 emit=85
  web/greedy,trunc 350/400 193s eta 28s live=73 cached=229 emit=86
  web/greedy,trunc 360/400 214s eta 24s live=73 cached=236 emit=90
  web/greedy,trunc 370/400 219s eta 18s live=73 cached=241 emit=94
  web/greedy,trunc 380/400 224s eta 12s live=73 cached=245 emit=96
  web/greedy,trunc 390/400 235s eta 6s live=73 cached=251 emit=100
  web/greedy,trunc 400/400 240s eta 0s live=73 cached=255 emit=102
== arm web_greedy_trunc64 done in 239.8s, live=73 cached=255
{"model": "ours:corpus-v1-8k", "cell": "2", "task": "mmlu", "ckpt": "/home/ec2-user/retrain/corpus-v1-8k.pt", "params_total": 375440384, "n_items": 400, "seed": 1234, "device": "cuda", "retriever": "exa", "live_searches": 73, "cache_hits": 255, "budget": 400, "empty_queries": 4, "api_errors": [], "n_api_errors": 0, "suspect_cache_hits": [], "n_suspect_cache_hits": 0, "max_rounds": 3, "num_results": 5, "chunk_tokens": 512, "world_preamble": "domain: corporate", "prompt_builder": "src.rl.env.build_prompt", "floor": 0.25, "seconds": 687.5}
web_greedy n 400 emit 0.255 legacy 0.225 served 0.22 acc 0.01
none_greedy n 400 emit 0.255 legacy 0.255 served 0.0 acc 0.01
none_t10 n 400 emit 0.26 legacy 0.26 served 0.0 acc 0.005
none_t08 n 400 emit 0.245 legacy 0.245 served 0.0 acc 0.01
web_greedy_trunc64 n 400 emit 0.255 legacy 0.2125 served 0.2075 acc 0.01
