{
 "n_items": 1440,
 "cells": {
  "algebra|2": {
   "n": 110,
   "mean_floor": 0.15448,
   "mean_closed_book_floor": 0.0
  },
  "algebra|3": {
   "n": 110,
   "mean_floor": 0.11501,
   "mean_closed_book_floor": 0.02105
  },
  "algebra|4": {
   "n": 110,
   "mean_floor": 0.07042,
   "mean_closed_book_floor": 0.00795
  },
  "algebra|5": {
   "n": 110,
   "mean_floor": 0.24415,
   "mean_closed_book_floor": 0.03476
  },
  "binary_op|None": {
   "n": 50,
   "mean_floor": 0.02564,
   "mean_closed_book_floor": 0.02564
  },
  "exception_rule|None": {
   "n": 50,
   "mean_floor": 0.5,
   "mean_closed_book_floor": 0.0
  },
  "refuniverse|1": {
   "n": 100,
   "mean_floor": 0.01503,
   "mean_closed_book_floor": 0.01503
  },
  "refuniverse|2": {
   "n": 100,
   "mean_floor": 0.01367,
   "mean_closed_book_floor": 0.01367
  },
  "refuniverse|3": {
   "n": 100,
   "mean_floor": 0.01443,
   "mean_closed_book_floor": 0.01443
  },
  "refuniverse|4": {
   "n": 100,
   "mean_floor": 0.01433,
   "mean_closed_book_floor": 0.01433
  },
  "refuniverse|5": {
   "n": 100,
   "mean_floor": 0.06867,
   "mean_closed_book_floor": 0.06867
  },
  "refuniverse|6": {
   "n": 100,
   "mean_floor": 0.01434,
   "mean_closed_book_floor": 0.01434
  },
  "refuniverse|7": {
   "n": 100,
   "mean_floor": 0.02273,
   "mean_closed_book_floor": 0.02273
  },
  "refuniverse|8": {
   "n": 100,
   "mean_floor": 0.05261,
   "mean_closed_book_floor": 0.05261
  },
  "substitution_rule|None": {
   "n": 50,
   "mean_floor": 0.202,
   "mean_closed_book_floor": 0.0
  },
  "threshold_rule|None": {
   "n": 50,
   "mean_floor": 0.5,
   "mean_closed_book_floor": 0.0
  }
 },
 "universes_used": {
  "refuniverse": 121,
  "algebra": 91,
  "binary_op": 25,
  "threshold_rule": 38,
  "substitution_rule": 26,
  "exception_rule": 25
 },
 "seed_ranges_scanned": {
  "refuniverse": [
   910000000,
   910000121
  ],
  "algebra": [
   920000000,
   920000101
  ],
  "binary_op": [
   930000000,
   930000025
  ],
  "threshold_rule": [
   931000000,
   931000038
  ],
  "substitution_rule": [
   932000000,
   932000027
  ],
  "exception_rule": [
   933000000,
   933000025
  ]
 },
 "items_sha256": "00111fb53a14a86c84431f0746bc72fe817e27764107b059e4003963360612e1"
}
{
 "refuniverse": {
  "new_notation": {
   "distinct_emitted": 372,
   "kept": 100,
   "naive_arithmetic": 272
  },
  "new_definitions": {
   "distinct_emitted": 106,
   "kept": 100,
   "not_corpus_mode": 1,
   "naive_arithmetic": 4,
   "sibling:not_corpus_mode": 1
  },
  "new_theorem": {
   "distinct_emitted": 104,
   "kept": 100,
   "not_corpus_mode": 3,
   "keyword_nearest": 1
  },
  "new_proof_technique": {
   "distinct_emitted": 108,
   "kept": 100,
   "naive_arithmetic": 7,
   "sibling:not_corpus_mode": 1
  },
  "prerequisite_discovery": {
   "distinct_emitted": 105,
   "kept": 100,
   "not_corpus_mode": 5
  },
  "cross_chapter_composition": {
   "distinct_emitted": 103,
   "kept": 100,
   "sibling:not_corpus_mode": 2,
   "not_corpus_mode": 1
  },
  "not_explicitly_stated": {
   "distinct_emitted": 103,
   "kept": 100,
   "sibling:level7_no_single_chunk": 2,
   "level7_no_single_chunk": 1
  },
  "open": {
   "distinct_emitted": 121,
   "kept": 100,
   "level8_absent": 19,
   "not_corpus_mode": 2
  }
 },
 "algebra": {
  "new_definitions": {
   "distinct_emitted": 160,
   "kept": 110,
   "canary_answers_it": 15,
   "gold_in_question": 5,
   "keyword_nearest": 23,
   "sibling:sibling_silent": 4,
   "prompt_in_corpus": 1,
   "sibling:sibling_terms": 2
  },
  "new_theorem": {
   "distinct_emitted": 316,
   "kept": 110,
   "canary_answers_it": 24,
   "sibling:sibling_slots": 79,
   "not_corpus_mode": 48,
   "keyword_nearest": 37,
   "sibling:keyword_nearest": 9,
   "sibling:ablation": 4,
   "sibling:not_corpus_mode": 2,
   "sibling:sibling_terms": 3
  },
  "new_proof_technique": {
   "distinct_emitted": 406,
   "kept": 110,
   "not_corpus_mode": 23,
   "canary_answers_it": 46,
   "sibling:sibling_slots": 171,
   "gold_in_question": 14,
   "keyword_nearest": 17,
   "sibling:sibling_terms": 11,
   "sibling:ablation": 10,
   "sibling:sibling_silent": 3,
   "sibling:keyword_nearest": 1
  },
  "prerequisite_discovery": {
   "distinct_emitted": 378,
   "kept": 111,
   "not_corpus_mode": 62,
   "sibling:sibling_silent": 22,
   "keyword_nearest": 21,
   "sibling:sibling_slots": 80,
   "sibling:ablation": 37,
   "sibling:sibling_terms": 22,
   "sibling:not_corpus_mode": 14,
   "sibling:keyword_nearest": 9
  }
 },
 "binary_op": {
  "new_notation": {
   "distinct_emitted": 245,
   "kept": 200,
   "naive_arithmetic": 23,
   "sibling:sibling_silent": 15,
   "not_corpus_mode": 5,
   "sibling:keyword_nearest": 1,
   "keyword_nearest": 1
  }
 },
 "threshold_rule": {
  "new_notation": {
   "distinct_emitted": 743,
   "kept": 304,
   "sibling:ablation": 439
  }
 },
 "substitution_rule": {
  "new_notation": {
   "distinct_emitted": 217,
   "kept": 216,
   "gold_in_question": 1
  }
 },
 "exception_rule": {
  "new_notation": {
   "distinct_emitted": 200,
   "kept": 200
  }
 }
}
seconds 44.9
{
 "n_items": 24,
 "cells": {
  "algebra|2": {
   "n": 2,
   "mean_floor": 0.15833,
   "mean_closed_book_floor": 0.0
  },
  "algebra|3": {
   "n": 2,
   "mean_floor": 0.06667,
   "mean_closed_book_floor": 0.0
  },
  "algebra|4": {
   "n": 2,
   "mean_floor": 0.06667,
   "mean_closed_book_floor": 0.0
  },
  "algebra|5": {
   "n": 2,
   "mean_floor": 0.25,
   "mean_closed_book_floor": 0.0
  },
  "binary_op|None": {
   "n": 2,
   "mean_floor": 0.00888,
   "mean_closed_book_floor": 0.00888
  },
  "exception_rule|None": {
   "n": 2,
   "mean_floor": 0.5,
   "mean_closed_book_floor": 0.0
  },
  "refuniverse|1": {
   "n": 1,
   "mean_floor": 0.01503,
   "mean_closed_book_floor": 0.01503
  },
  "refuniverse|2": {
   "n": 1,
   "mean_floor": 0.01367,
   "mean_closed_book_floor": 0.01367
  },
  "refuniverse|3": {
   "n": 1,
   "mean_floor": 0.01443,
   "mean_closed_book_floor": 0.01443
  },
  "refuniverse|4": {
   "n": 1,
   "mean_floor": 0.01433,
   "mean_closed_book_floor": 0.01433
  },
  "refuniverse|5": {
   "n": 1,
   "mean_floor": 0.06867,
   "mean_closed_book_floor": 0.06867
  },
  "refuniverse|6": {
   "n": 1,
   "mean_floor": 0.01434,
   "mean_closed_book_floor": 0.01434
  },
  "refuniverse|7": {
   "n": 1,
   "mean_floor": 0.02273,
   "mean_closed_book_floor": 0.02273
  },
  "refuniverse|8": {
   "n": 1,
   "mean_floor": 0.05261,
   "mean_closed_book_floor": 0.05261
  },
  "substitution_rule|None": {
   "n": 2,
   "mean_floor": 0.2,
   "mean_closed_book_floor": 0.0
  },
  "threshold_rule|None": {
   "n": 2,
   "mean_floor": 0.5,
   "mean_closed_book_floor": 0.0
  }
 },
 "universes_used": {
  "refuniverse": 1,
  "algebra": 2,
  "binary_op": 1,
  "threshold_rule": 1,
  "substitution_rule": 1,
  "exception_rule": 1
 },
 "seed_ranges_scanned": {
  "refuniverse": [
   915000000,
   915000001
  ],
  "algebra": [
   925000000,
   925000002
  ],
  "binary_op": [
   935000000,
   935000001
  ],
  "threshold_rule": [
   936000000,
   936000001
  ],
  "substitution_rule": [
   937000000,
   937000001
  ],
  "exception_rule": [
   938000000,
   938000001
  ]
 },
 "items_sha256": "ce33ea70321732ba22a0102ae614c4f779f6fe9596afc35413b9bb25dd8b845b"
}
{
 "refuniverse": {
  "new_notation": {
   "distinct_emitted": 2,
   "kept": 1,
   "naive_arithmetic": 1
  },
  "new_definitions": {
   "distinct_emitted": 1,
   "kept": 1
  },
  "new_theorem": {
   "distinct_emitted": 1,
   "kept": 1
  },
  "new_proof_technique": {
   "distinct_emitted": 2,
   "kept": 1,
   "naive_arithmetic": 1
  },
  "prerequisite_discovery": {
   "distinct_emitted": 1,
   "kept": 1
  },
  "cross_chapter_composition": {
   "distinct_emitted": 1,
   "kept": 1
  },
  "not_explicitly_stated": {
   "distinct_emitted": 1,
   "kept": 1
  },
  "open": {
   "distinct_emitted": 1,
   "kept": 1
  }
 },
 "algebra": {
  "new_definitions": {
   "distinct_emitted": 2,
   "kept": 2
  },
  "new_theorem": {
   "distinct_emitted": 5,
   "kept": 2,
   "canary_answers_it": 2,
   "sibling:not_corpus_mode": 1
  },
  "new_proof_technique": {
   "distinct_emitted": 4,
   "kept": 2,
   "not_corpus_mode": 1,
   "sibling:sibling_slots": 1
  },
  "prerequisite_discovery": {
   "distinct_emitted": 3,
   "kept": 2,
   "sibling:keyword_nearest": 1
  }
 },
 "binary_op": {
  "new_notation": {
   "distinct_emitted": 10,
   "kept": 8,
   "sibling:sibling_silent": 1,
   "naive_arithmetic": 1
  }
 },
 "threshold_rule": {
  "new_notation": {
   "distinct_emitted": 13,
   "kept": 8,
   "sibling:ablation": 5
  }
 },
 "substitution_rule": {
  "new_notation": {
   "distinct_emitted": 8,
   "kept": 8
  }
 },
 "exception_rule": {
  "new_notation": {
   "distinct_emitted": 8,
   "kept": 8
  }
 }
}
seconds 0.6
