5000/40000 episodes, 51.5/s, 5000 bundles tried
10000/40000 episodes, 51.4/s, 10000 bundles tried
15000/40000 episodes, 51.4/s, 15000 bundles tried
20000/40000 episodes, 51.3/s, 20000 bundles tried
25000/40000 episodes, 51.2/s, 25000 bundles tried
30000/40000 episodes, 51.0/s, 30000 bundles tried
35000/40000 episodes, 51.1/s, 35000 bundles tried
40000/40000 episodes, 51.1/s, 40000 bundles tried
{
  "episodes": 40000,
  "bundles_tried": 40000,
  "questions": 160000,
  "questions_per_episode": 4.0,
  "hops": 197370,
  "hops_per_question": 1.234,
  "dropped_questions": 1217,
  "verify_failures": 0,
  "query_first": 0,
  "seed": 4731,
  "parquet": [
    "/home/ec2-user/b4work/parquet/013_00000.parquet"
  ],
  "knobs": {
    "min_docs": 12,
    "max_docs": 30,
    "doc_chars": 1200,
    "min_doc_chars": 600,
    "questions": 4,
    "two_hop": 0.25,
    "context_docs": 3,
    "entity_policy": "shuffle"
  },
  "seconds": 783.0,
  "bytes": 955491374
}
wrote 40000 episodes to /home/ec2-user/data/evidence_web/episodes.jsonl
