== train_frames_eval
   key_first              n=  69018  key 1.0000  value 1.0000  both 1.0000
   value_first            n=  67304  key 1.0000  value 1.0000  both 1.0000
   key_first|one_role     n=  31573  key 1.0000  value 1.0000  both 1.0000
   value_first|one_role   n=  31102  key 1.0000  value 1.0000  both 1.0000
== qframe
   key_first              n=  68142  key 1.0000  value 1.0000  both 1.0000
   value_first            n=  68193  key 1.0000  value 1.0000  both 1.0000
   key_first|one_role     n=  31346  key 1.0000  value 1.0000  both 1.0000
   value_first|one_role   n=  31262  key 1.0000  value 1.0000  both 1.0000
== lexicon
   key_first              n=  68194  key 0.9779  value 0.9961  both 0.9753
   value_first            n=  67784  key 0.9657  value 0.9984  both 0.9642
   key_first|one_role     n=  31578  key 0.9528  value 0.9929  both 0.9483
   value_first|one_role   n=  31051  key 0.9260  value 0.9967  both 0.9227
== mode
   key_first              n=  69130  key 0.9523  value 0.9543  both 0.9345
   value_first            n=  68423  key 0.8203  value 0.7071  both 0.6923
   key_first|one_role     n=  31566  key 0.9220  value 0.9051  both 0.8884
   value_first|one_role   n=  31040  key 0.6312  value 0.4976  both 0.4920
wrote /home/ec2-user/decoupled-reasoner/results/role/aux_roleC.json
