== train_frames_eval
   key_first              n=  69018  key 1.0000  value 1.0000  both 1.0000
   value_first            n=  67304  key 1.0000  value 1.0000  both 1.0000
   key_first|one_role     n=  31573  key 1.0000  value 1.0000  both 1.0000
   value_first|one_role   n=  31102  key 1.0000  value 1.0000  both 1.0000
== qframe
   key_first              n=  68142  key 1.0000  value 1.0000  both 1.0000
   value_first            n=  68193  key 1.0000  value 1.0000  both 1.0000
   key_first|one_role     n=  31346  key 1.0000  value 1.0000  both 1.0000
   value_first|one_role   n=  31262  key 1.0000  value 1.0000  both 1.0000
== lexicon
   key_first              n=  68194  key 0.9958  value 0.9991  both 0.9954
   value_first            n=  67784  key 0.9915  value 0.9989  both 0.9913
   key_first|one_role     n=  31578  key 0.9924  value 0.9989  both 0.9917
   value_first|one_role   n=  31051  key 0.9839  value 0.9993  both 0.9833
== mode
   key_first              n=  69130  key 0.8199  value 0.7188  both 0.7162
   value_first            n=  68423  key 0.9842  value 0.9783  both 0.9767
   key_first|one_role     n=  31566  key 0.6063  value 0.5087  both 0.5038
   value_first|one_role   n=  31040  key 0.9663  value 0.9562  both 0.9535
wrote /home/ec2-user/decoupled-reasoner/results/role/aux_roleD.json
