2026-09-01 18:48:07 worker 1 queue starts
2026-09-01 18:48:28 gpu smoke rc=0
2026-09-01 19:59:35 train roleA rc=0
2026-09-01 20:09:31 eval roleA rc=0
2026-09-01 20:09:31 split roleA rc=0
2026-09-01 20:09:31 shapes roleA rc=0
2026-09-01 20:11:33 swap roleA rc=0
2026-09-01 20:11:36 shipped roleA
2026-09-01 21:18:24 train roleB rc=0
2026-09-01 21:28:17 eval roleB rc=0
2026-09-01 21:28:17 split roleB rc=0
2026-09-01 21:28:17 shapes roleB rc=0
2026-09-01 21:30:19 swap roleB rc=0
2026-09-01 21:30:21 shipped roleB
2026-09-01 21:37:39 probe 0.25 rc=0
2026-09-01 21:44:58 probe 1.0 rc=0
2026-09-01 21:52:18 probe 4.0 rc=0
2026-09-01 21:52:18 auxiliary weight chosen: 4.0
2026-09-01 21:52:20 shipped probes
2026-09-01 23:04:16 train roleC rc=0
2026-09-01 23:14:17 eval roleC rc=0
2026-09-01 23:14:18 split roleC rc=0
2026-09-01 23:14:18 shapes roleC rc=0
2026-09-01 23:14:28 aux probe roleC rc=0
2026-09-01 23:16:29 swap roleC rc=0
2026-09-01 23:16:32 shipped roleC
2026-09-02 00:24:26 train roleD rc=0
2026-09-02 00:34:23 eval roleD rc=0
2026-09-02 00:34:24 split roleD rc=0
2026-09-02 00:34:24 shapes roleD rc=0
2026-09-02 00:34:34 aux probe roleD rc=0
2026-09-02 00:36:36 swap roleD rc=0
2026-09-02 00:36:38 shipped roleD
2026-09-02 00:38:40 swap l45 rc=0
