==========================================================================
roleD   held-out split: mode
  greedy
    group or shape                 key_first         value_first      gap
    new keys                 0.0203 (n=2016)     0.5776 (n=1984)  -0.5573  <
    seen keys                 0.6905 (n=252)      0.7984 (n=248)  -0.1079  <
    header only               0.3730 (n=252)      0.3710 (n=248)  +0.0020  <
    out of reach             0.6171 (n=1008)      0.6321 (n=992)  -0.0150  <
    apply_n                   0.3333 (n=252)      0.3629 (n=248)  -0.0296
    band_then_lookup          0.6905 (n=252)      0.7984 (n=248)  -0.1079
    classify                  0.2063 (n=252)      0.2460 (n=248)  -0.0397
    compose                   0.0079 (n=252)      0.1734 (n=248)  -0.1655
    exclusion                 0.0714 (n=252)      0.1331 (n=248)  -0.0617
    inverse                   0.0238 (n=252)      0.9395 (n=248)  -0.9157
    iterate                   0.0357 (n=252)      0.8548 (n=248)  -0.8191
    lookup                    0.0000 (n=252)      0.9315 (n=248)  -0.9315
    lookup_general            1.0000 (n=252)      1.0000 (n=248)  +0.0000
    lookup_then_band          0.3730 (n=252)      0.3710 (n=248)  +0.0020
    pair                      0.9286 (n=252)      0.9194 (n=248)  +0.0092
    precedence                0.0000 (n=252)      0.7984 (n=248)  -0.7984
    priority                  0.0238 (n=252)      0.7742 (n=248)  -0.7504
    sum_chain                 0.0000 (n=252)      0.0161 (n=248)  -0.0161
  sampled
    group or shape                 key_first         value_first      gap
    new keys                 0.0248 (n=2016)     0.5605 (n=1984)  -0.5357  <
    seen keys                 0.6786 (n=252)      0.7661 (n=248)  -0.0875  <
    header only               0.3294 (n=252)      0.3226 (n=248)  +0.0068  <
    out of reach             0.6181 (n=1008)      0.6190 (n=992)  -0.0009  <
    apply_n                   0.3373 (n=252)      0.3306 (n=248)  +0.0067
    band_then_lookup          0.6786 (n=252)      0.7661 (n=248)  -0.0875
    classify                  0.2421 (n=252)      0.2298 (n=248)  +0.0123
    compose                   0.0079 (n=252)      0.1653 (n=248)  -0.1574
    exclusion                 0.0714 (n=252)      0.1290 (n=248)  -0.0576
    inverse                   0.0238 (n=252)      0.9395 (n=248)  -0.9157
    iterate                   0.0675 (n=252)      0.8024 (n=248)  -0.7349
    lookup                    0.0000 (n=252)      0.8911 (n=248)  -0.8911
    lookup_general            1.0000 (n=252)      1.0000 (n=248)  +0.0000
    lookup_then_band          0.3294 (n=252)      0.3226 (n=248)  +0.0068
    pair                      0.8929 (n=252)      0.9153 (n=248)  -0.0224
    precedence                0.0000 (n=252)      0.7863 (n=248)  -0.7863
    priority                  0.0278 (n=252)      0.7621 (n=248)  -0.7343
    sum_chain                 0.0000 (n=252)      0.0081 (n=248)  -0.0081
  wrote /home/ec2-user/decoupled-reasoner/results/role/shapes_roleD_mode.json
