==========================================================================
roleB   held-out split: mode
  greedy
    group or shape                 key_first         value_first      gap
    new keys                 0.7312 (n=2016)     0.0000 (n=1984)  +0.7312  <
    seen keys                 0.8889 (n=252)      0.9758 (n=248)  -0.0869  <
    header only               0.7937 (n=252)      0.8306 (n=248)  -0.0369  <
    out of reach             0.8690 (n=1008)      0.8740 (n=992)  -0.0050  <
    apply_n                   0.4921 (n=252)      0.5081 (n=248)  -0.0160
    band_then_lookup          0.8889 (n=252)      0.9758 (n=248)  -0.0869
    classify                  0.9841 (n=252)      0.9879 (n=248)  -0.0038
    compose                   0.2262 (n=252)      0.0000 (n=248)  +0.2262
    exclusion                 0.4167 (n=252)      0.0000 (n=248)  +0.4167
    inverse                   1.0000 (n=252)      0.0000 (n=248)  +1.0000
    iterate                   0.9802 (n=252)      0.0000 (n=248)  +0.9802
    lookup                    1.0000 (n=252)      0.0000 (n=248)  +1.0000
    lookup_general            1.0000 (n=252)      1.0000 (n=248)  +0.0000
    lookup_then_band          0.7937 (n=252)      0.8306 (n=248)  -0.0369
    pair                      1.0000 (n=252)      1.0000 (n=248)  +0.0000
    precedence                1.0000 (n=252)      0.0000 (n=248)  +1.0000
    priority                  1.0000 (n=252)      0.0000 (n=248)  +1.0000
    sum_chain                 0.2262 (n=252)      0.0000 (n=248)  +0.2262
  sampled
    group or shape                 key_first         value_first      gap
    new keys                 0.7232 (n=2016)     0.0000 (n=1984)  +0.7232  <
    seen keys                 0.8968 (n=252)      0.9435 (n=248)  -0.0467  <
    header only               0.7817 (n=252)      0.8105 (n=248)  -0.0288  <
    out of reach             0.8631 (n=1008)      0.8609 (n=992)  +0.0022  <
    apply_n                   0.4802 (n=252)      0.4637 (n=248)  +0.0165
    band_then_lookup          0.8968 (n=252)      0.9435 (n=248)  -0.0467
    classify                  0.9762 (n=252)      0.9839 (n=248)  -0.0077
    compose                   0.2024 (n=252)      0.0000 (n=248)  +0.2024
    exclusion                 0.4127 (n=252)      0.0000 (n=248)  +0.4127
    inverse                   1.0000 (n=252)      0.0000 (n=248)  +1.0000
    iterate                   0.9722 (n=252)      0.0000 (n=248)  +0.9722
    lookup                    1.0000 (n=252)      0.0000 (n=248)  +1.0000
    lookup_general            1.0000 (n=252)      1.0000 (n=248)  +0.0000
    lookup_then_band          0.7817 (n=252)      0.8105 (n=248)  -0.0288
    pair                      0.9960 (n=252)      0.9960 (n=248)  +0.0000
    precedence                1.0000 (n=252)      0.0000 (n=248)  +1.0000
    priority                  0.9960 (n=252)      0.0000 (n=248)  +0.9960
    sum_chain                 0.2024 (n=252)      0.0000 (n=248)  +0.2024
  wrote /home/ec2-user/decoupled-reasoner/results/role/shapes_roleB_mode.json
