==========================================================================
roleA   held-out split: mode
  greedy
    group or shape                 key_first         value_first      gap
    new keys                 0.7222 (n=2016)     0.0015 (n=1984)  +0.7207  <
    seen keys                 0.6786 (n=252)      0.7581 (n=248)  -0.0795  <
    header only               0.1786 (n=252)      0.2298 (n=248)  -0.0512  <
    out of reach             0.8304 (n=1008)      0.8417 (n=992)  -0.0113  <
    apply_n                   0.4881 (n=252)      0.5161 (n=248)  -0.0280
    band_then_lookup          0.6786 (n=252)      0.7581 (n=248)  -0.0795
    classify                  0.8373 (n=252)      0.8508 (n=248)  -0.0135
    compose                   0.2579 (n=252)      0.0000 (n=248)  +0.2579
    exclusion                 0.4286 (n=252)      0.0121 (n=248)  +0.4165
    inverse                   1.0000 (n=252)      0.0000 (n=248)  +1.0000
    iterate                   0.9762 (n=252)      0.0000 (n=248)  +0.9762
    lookup                    1.0000 (n=252)      0.0000 (n=248)  +1.0000
    lookup_general            1.0000 (n=252)      1.0000 (n=248)  +0.0000
    lookup_then_band          0.1786 (n=252)      0.2298 (n=248)  -0.0512
    pair                      0.9960 (n=252)      1.0000 (n=248)  -0.0040
    precedence                0.9881 (n=252)      0.0000 (n=248)  +0.9881
    priority                  1.0000 (n=252)      0.0000 (n=248)  +1.0000
    sum_chain                 0.1270 (n=252)      0.0000 (n=248)  +0.1270
  sampled
    group or shape                 key_first         value_first      gap
    new keys                 0.7163 (n=2016)     0.0015 (n=1984)  +0.7148  <
    seen keys                 0.6786 (n=252)      0.7460 (n=248)  -0.0674  <
    header only               0.1548 (n=252)      0.2258 (n=248)  -0.0710  <
    out of reach             0.8194 (n=1008)      0.8397 (n=992)  -0.0203  <
    apply_n                   0.4643 (n=252)      0.4839 (n=248)  -0.0196
    band_then_lookup          0.6786 (n=252)      0.7460 (n=248)  -0.0674
    classify                  0.8254 (n=252)      0.8750 (n=248)  -0.0496
    compose                   0.2421 (n=252)      0.0000 (n=248)  +0.2421
    exclusion                 0.4127 (n=252)      0.0121 (n=248)  +0.4006
    inverse                   0.9960 (n=252)      0.0000 (n=248)  +0.9960
    iterate                   0.9762 (n=252)      0.0000 (n=248)  +0.9762
    lookup                    1.0000 (n=252)      0.0000 (n=248)  +1.0000
    lookup_general            1.0000 (n=252)      1.0000 (n=248)  +0.0000
    lookup_then_band          0.1548 (n=252)      0.2258 (n=248)  -0.0710
    pair                      0.9881 (n=252)      1.0000 (n=248)  -0.0119
    precedence                0.9921 (n=252)      0.0000 (n=248)  +0.9921
    priority                  1.0000 (n=252)      0.0000 (n=248)  +1.0000
    sum_chain                 0.1111 (n=252)      0.0000 (n=248)  +0.1111
  wrote /home/ec2-user/decoupled-reasoner/results/role/shapes_roleA_mode.json
