==========================================================================
roleC   held-out split: mode
  greedy
    group or shape                 key_first         value_first      gap
    new keys                 0.5630 (n=2016)     0.0393 (n=1984)  +0.5237  <
    seen keys                 0.6825 (n=252)      0.7460 (n=248)  -0.0635  <
    header only               0.5516 (n=252)      0.5484 (n=248)  +0.0032  <
    out of reach             0.4970 (n=1008)      0.5192 (n=992)  -0.0222  <
    apply_n                   0.2183 (n=252)      0.2581 (n=248)  -0.0398
    band_then_lookup          0.6825 (n=252)      0.7460 (n=248)  -0.0635
    classify                  0.3254 (n=252)      0.3831 (n=248)  -0.0577
    compose                   0.1984 (n=252)      0.0000 (n=248)  +0.1984
    exclusion                 0.4881 (n=252)      0.0363 (n=248)  +0.4518
    inverse                   0.6905 (n=252)      0.0161 (n=248)  +0.6744
    iterate                   0.4206 (n=252)      0.1774 (n=248)  +0.2432
    lookup                    0.9722 (n=252)      0.0000 (n=248)  +0.9722
    lookup_general            1.0000 (n=252)      1.0000 (n=248)  +0.0000
    lookup_then_band          0.5516 (n=252)      0.5484 (n=248)  +0.0032
    pair                      0.4444 (n=252)      0.4355 (n=248)  +0.0089
    precedence                0.9405 (n=252)      0.0000 (n=248)  +0.9405
    priority                  0.7698 (n=252)      0.0847 (n=248)  +0.6851
    sum_chain                 0.0238 (n=252)      0.0000 (n=248)  +0.0238
  sampled
    group or shape                 key_first         value_first      gap
    new keys                 0.5531 (n=2016)     0.0378 (n=1984)  +0.5153  <
    seen keys                 0.6429 (n=252)      0.7177 (n=248)  -0.0748  <
    header only               0.5000 (n=252)      0.5081 (n=248)  -0.0081  <
    out of reach             0.4901 (n=1008)      0.5212 (n=992)  -0.0311  <
    apply_n                   0.1944 (n=252)      0.2460 (n=248)  -0.0516
    band_then_lookup          0.6429 (n=252)      0.7177 (n=248)  -0.0748
    classify                  0.3452 (n=252)      0.3911 (n=248)  -0.0459
    compose                   0.1667 (n=252)      0.0000 (n=248)  +0.1667
    exclusion                 0.4762 (n=252)      0.0363 (n=248)  +0.4399
    inverse                   0.6706 (n=252)      0.0161 (n=248)  +0.6545
    iterate                   0.4206 (n=252)      0.1694 (n=248)  +0.2512
    lookup                    0.9643 (n=252)      0.0000 (n=248)  +0.9643
    lookup_general            1.0000 (n=252)      1.0000 (n=248)  +0.0000
    lookup_then_band          0.5000 (n=252)      0.5081 (n=248)  -0.0081
    pair                      0.4206 (n=252)      0.4476 (n=248)  -0.0270
    precedence                0.9325 (n=252)      0.0000 (n=248)  +0.9325
    priority                  0.7659 (n=252)      0.0806 (n=248)  +0.6853
    sum_chain                 0.0278 (n=252)      0.0000 (n=248)  +0.0278
  wrote /home/ec2-user/decoupled-reasoner/results/role/shapes_roleC_mode.json
