==============================================================================
roleB
  train_frames_eval
    key_first    n= 3528   greedy 0.9243   sampled 0.9201   floor 0.0643   parser 1.0000
    value_first  n= 3472   greedy 0.9248   sampled 0.9202   floor 0.1273   parser 1.0000
    gap -0.0005   pooled (uninformative) 0.9246
  qframe
    key_first    n= 3500   greedy 0.9220   sampled 0.9177   floor 0.0871   parser 1.0000
    value_first  n= 3500   greedy 0.9240   sampled 0.9157   floor 0.0989   parser 1.0000
    gap -0.0020   pooled (uninformative) 0.9230
  lexicon
    key_first    n= 3528   greedy 0.7840   sampled 0.7744   floor 0.1352   parser 1.0000
    value_first  n= 3472   greedy 0.7293   sampled 0.7212   floor 0.0550   parser 1.0000
    gap +0.0548   pooled (uninformative) 0.7569
  mode
    key_first    n= 3528   greedy 0.7863   sampled 0.7798   floor 0.1026   parser 1.0000
    value_first  n= 3472   greedy 0.3787   sampled 0.3713   floor 0.0864   parser 1.0000
    gap +0.4075   pooled (uninformative) 0.5841
  held-out sentence mode, what the failures are made of
    value_first          n= 3472  exact 1315 (0.3787)  wrong 1624 (0.4677)  refused  509 (0.1466)  malformed   24 (0.0069)
    value_first|seven    n= 1736  exact    0 (0.0000)  wrong 1224 (0.7051)  refused  509 (0.2932)  malformed    3 (0.0017)
    key_first            n= 3528  exact 2774 (0.7863)  wrong  752 (0.2132)  refused    1 (0.0003)  malformed    1 (0.0003)
    key_first|seven      n= 1764  exact 1222 (0.6927)  wrong  541 (0.3067)  refused    1 (0.0006)  malformed    0 (0.0000)
  wrote /home/ec2-user/decoupled-reasoner/results/role/split_roleB.json
