==============================================================================
roleC
  train_frames_eval
    key_first    n= 3528   greedy 0.8537   sampled 0.8279   floor 0.0643   parser 1.0000
    value_first  n= 3472   greedy 0.8450   sampled 0.8240   floor 0.1273   parser 1.0000
    gap +0.0087   pooled (uninformative) 0.8494
  qframe
    key_first    n= 3500   greedy 0.8300   sampled 0.8100   floor 0.0871   parser 1.0000
    value_first  n= 3500   greedy 0.8346   sampled 0.8106   floor 0.0989   parser 1.0000
    gap -0.0046   pooled (uninformative) 0.8323
  lexicon
    key_first    n= 3528   greedy 0.7398   sampled 0.7188   floor 0.1352   parser 1.0000
    value_first  n= 3472   greedy 0.7120   sampled 0.6881   floor 0.0550   parser 1.0000
    gap +0.0278   pooled (uninformative) 0.7260
  mode
    key_first    n= 3528   greedy 0.5519   sampled 0.5377   floor 0.1026   parser 1.0000
    value_first  n= 3472   greedy 0.2632   sampled 0.2581   floor 0.0864   parser 1.0000
    gap +0.2886   pooled (uninformative) 0.4087
  held-out sentence mode, what the failures are made of
    value_first          n= 3472  exact  914 (0.2632)  wrong 2043 (0.5884)  refused  306 (0.0881)  malformed  209 (0.0602)
    value_first|seven    n= 1736  exact   57 (0.0328)  wrong 1364 (0.7857)  refused  286 (0.1647)  malformed   29 (0.0167)
    key_first            n= 3528  exact 1947 (0.5519)  wrong 1273 (0.3608)  refused   69 (0.0196)  malformed  239 (0.0677)
    key_first|seven      n= 1764  exact  941 (0.5334)  wrong  729 (0.4133)  refused   48 (0.0272)  malformed   46 (0.0261)
  wrote /home/ec2-user/decoupled-reasoner/results/role/split_roleC.json
