==============================================================================
roleA
  train_frames_eval
    key_first    n= 3528   greedy 0.9354   sampled 0.9320   floor 0.0643   parser 1.0000
    value_first  n= 3472   greedy 0.9404   sampled 0.9283   floor 0.1273   parser 1.0000
    gap -0.0050   pooled (uninformative) 0.9379
  qframe
    key_first    n= 3500   greedy 0.9343   sampled 0.9246   floor 0.0871   parser 1.0000
    value_first  n= 3500   greedy 0.9354   sampled 0.9240   floor 0.0989   parser 1.0000
    gap -0.0011   pooled (uninformative) 0.9349
  lexicon
    key_first    n= 3528   greedy 0.6491   sampled 0.6378   floor 0.1352   parser 1.0000
    value_first  n= 3472   greedy 0.5239   sampled 0.5158   floor 0.0550   parser 1.0000
    gap +0.1252   pooled (uninformative) 0.5870
  mode
    key_first    n= 3528   greedy 0.7112   sampled 0.7029   floor 0.1026   parser 1.0000
    value_first  n= 3472   greedy 0.3119   sampled 0.3102   floor 0.0864   parser 1.0000
    gap +0.3992   pooled (uninformative) 0.5131
  held-out sentence mode, what the failures are made of
    value_first          n= 3472  exact 1083 (0.3119)  wrong 1883 (0.5423)  refused  475 (0.1368)  malformed   31 (0.0089)
    value_first|seven    n= 1736  exact    3 (0.0017)  wrong 1239 (0.7137)  refused  475 (0.2736)  malformed   19 (0.0109)
    key_first            n= 3528  exact 2509 (0.7112)  wrong  995 (0.2820)  refused   10 (0.0028)  malformed   14 (0.0040)
    key_first|seven      n= 1764  exact 1204 (0.6825)  wrong  546 (0.3095)  refused   10 (0.0057)  malformed    4 (0.0023)
  wrote /home/ec2-user/decoupled-reasoner/results/role/split_roleA.json
