==============================================================================
roleD
  train_frames_eval
    key_first    n= 3528   greedy 0.8688   sampled 0.8552   floor 0.0643   parser 1.0000
    value_first  n= 3472   greedy 0.8701   sampled 0.8508   floor 0.1273   parser 1.0000
    gap -0.0013   pooled (uninformative) 0.8694
  qframe
    key_first    n= 3500   greedy 0.8526   sampled 0.8371   floor 0.0871   parser 1.0000
    value_first  n= 3500   greedy 0.8540   sampled 0.8434   floor 0.0989   parser 1.0000
    gap -0.0014   pooled (uninformative) 0.8533
  lexicon
    key_first    n= 3528   greedy 0.7934   sampled 0.7772   floor 0.1352   parser 1.0000
    value_first  n= 3472   greedy 0.7840   sampled 0.7679   floor 0.0550   parser 1.0000
    gap +0.0094   pooled (uninformative) 0.7887
  mode
    key_first    n= 3528   greedy 0.2639   sampled 0.2628   floor 0.1026   parser 1.0000
    value_first  n= 3472   greedy 0.5942   sampled 0.5749   floor 0.0864   parser 1.0000
    gap -0.3303   pooled (uninformative) 0.4277
  held-out sentence mode, what the failures are made of
    value_first          n= 3472  exact 2063 (0.5942)  wrong 1177 (0.3390)  refused   62 (0.0179)  malformed  170 (0.0490)
    value_first|seven    n= 1736  exact  954 (0.5495)  wrong  720 (0.4147)  refused   60 (0.0346)  malformed    2 (0.0012)
    key_first            n= 3528  exact  931 (0.2639)  wrong 2046 (0.5799)  refused  358 (0.1015)  malformed  193 (0.0547)
    key_first|seven      n= 1764  exact   35 (0.0198)  wrong 1361 (0.7715)  refused  356 (0.2018)  malformed   12 (0.0068)
  wrote /home/ec2-user/decoupled-reasoner/results/role/split_roleD.json
