{"event": "start", "size": "l45", "cfg": {"d_model": 512, "n_head": 8, "n_enc": 6, "n_dec": 6, "d_ff": 2048}, "params": {"total": 45483008, "embeddings": 1379328, "non_embedding": 44103680}, "lr": 0.0004, "steps": 30000, "n_train": 1200000, "budget": 32768, "in_vocab": 923, "out_vocab": 155, "seed": 1, "tag": "roleC", "torch": "2.13.0+cu130", "train_split": "/home/ec2-user/decoupled-reasoner/data/norm/train", "pairs": 0, "aux": 4.0, "roles": "/home/ec2-user/decoupled-reasoner/data/norm/train.roles.npy"}
{"event": "step", "step": 200, "loss": 2.5657, "aux_loss": 0.4044, "aux_acc": 0.7878, "lr": 0.00016, "gb": 12.5, "sec": 27.3}
{"event": "step", "step": 400, "loss": 0.7769, "aux_loss": 0.2188, "aux_acc": 0.9061, "lr": 0.00032, "gb": 12.5, "sec": 53.3}
{"event": "step", "step": 600, "loss": 0.4672, "aux_loss": 0.1205, "aux_acc": 0.9518, "lr": 0.0004, "gb": 12.5, "sec": 79.3}
{"event": "step", "step": 800, "loss": 0.3438, "aux_loss": 0.0501, "aux_acc": 0.9823, "lr": 0.0003999, "gb": 12.53, "sec": 106.1}
{"event": "step", "step": 1000, "loss": 0.3058, "aux_loss": 0.0254, "aux_acc": 0.9911, "lr": 0.0003997, "gb": 12.53, "sec": 132.6}
{"event": "step", "step": 1200, "loss": 0.2757, "aux_loss": 0.0176, "aux_acc": 0.9943, "lr": 0.0003995, "gb": 12.53, "sec": 159.3}
{"event": "step", "step": 1400, "loss": 0.2334, "aux_loss": 0.0122, "aux_acc": 0.9961, "lr": 0.0003991, "gb": 12.53, "sec": 186.1}
{"event": "step", "step": 1600, "loss": 0.2329, "aux_loss": 0.0095, "aux_acc": 0.9971, "lr": 0.0003987, "gb": 12.53, "sec": 213.2}
{"event": "step", "step": 1800, "loss": 0.2342, "aux_loss": 0.0093, "aux_acc": 0.9974, "lr": 0.0003982, "gb": 12.53, "sec": 239.4}
{"event": "step", "step": 2000, "loss": 0.2178, "aux_loss": 0.0079, "aux_acc": 0.9977, "lr": 0.0003976, "gb": 12.53, "sec": 265.7}
{"event": "step", "step": 2200, "loss": 0.2184, "aux_loss": 0.0071, "aux_acc": 0.9981, "lr": 0.0003969, "gb": 12.53, "sec": 292.0}
{"event": "step", "step": 2400, "loss": 0.2169, "aux_loss": 0.0043, "aux_acc": 0.9986, "lr": 0.0003961, "gb": 12.53, "sec": 318.0}
{"event": "step", "step": 2600, "loss": 0.2198, "aux_loss": 0.0051, "aux_acc": 0.9987, "lr": 0.0003953, "gb": 12.53, "sec": 343.9}
{"event": "step", "step": 2800, "loss": 0.2024, "aux_loss": 0.0041, "aux_acc": 0.9989, "lr": 0.0003943, "gb": 12.53, "sec": 370.5}
{"event": "step", "step": 3000, "loss": 0.207, "aux_loss": 0.0033, "aux_acc": 0.9991, "lr": 0.0003933, "gb": 12.53, "sec": 397.1}
{"event": "eval", "step": 3000, "train_frames_eval": 0.2371, "qframe": 0.2057, "lexicon": 0.1629, "mode": 0.1529}
{"event": "step", "step": 3200, "loss": 0.2038, "aux_loss": 0.0043, "aux_acc": 0.9989, "lr": 0.0003922, "gb": 12.53, "sec": 451.4}
{"event": "step", "step": 3400, "loss": 0.1936, "aux_loss": 0.0043, "aux_acc": 0.999, "lr": 0.000391, "gb": 12.53, "sec": 477.2}
{"event": "step", "step": 3600, "loss": 0.2012, "aux_loss": 0.0036, "aux_acc": 0.9993, "lr": 0.0003897, "gb": 12.53, "sec": 503.7}
{"event": "step", "step": 3800, "loss": 0.1979, "aux_loss": 0.0016, "aux_acc": 0.9995, "lr": 0.0003884, "gb": 12.53, "sec": 529.2}
{"event": "step", "step": 4000, "loss": 0.1908, "aux_loss": 0.0034, "aux_acc": 0.9992, "lr": 0.000387, "gb": 12.53, "sec": 556.1}
{"event": "step", "step": 4200, "loss": 0.1863, "aux_loss": 0.0051, "aux_acc": 0.9987, "lr": 0.0003854, "gb": 12.53, "sec": 582.6}
{"event": "step", "step": 4400, "loss": 0.1877, "aux_loss": 0.0013, "aux_acc": 0.9997, "lr": 0.0003838, "gb": 12.53, "sec": 608.6}
{"event": "step", "step": 4600, "loss": 0.1767, "aux_loss": 0.0025, "aux_acc": 0.9994, "lr": 0.0003822, "gb": 12.53, "sec": 634.9}
{"event": "step", "step": 4800, "loss": 0.1631, "aux_loss": 0.0014, "aux_acc": 0.9996, "lr": 0.0003804, "gb": 12.53, "sec": 661.4}
{"event": "step", "step": 5000, "loss": 0.1802, "aux_loss": 0.0034, "aux_acc": 0.9993, "lr": 0.0003786, "gb": 12.53, "sec": 687.5}
{"event": "step", "step": 5200, "loss": 0.184, "aux_loss": 0.0008, "aux_acc": 0.9998, "lr": 0.0003767, "gb": 12.53, "sec": 713.5}
{"event": "step", "step": 5400, "loss": 0.1757, "aux_loss": 0.0019, "aux_acc": 0.9996, "lr": 0.0003747, "gb": 12.53, "sec": 740.3}
{"event": "step", "step": 5600, "loss": 0.1641, "aux_loss": 0.001, "aux_acc": 0.9997, "lr": 0.0003727, "gb": 12.53, "sec": 766.9}
{"event": "step", "step": 5800, "loss": 0.1698, "aux_loss": 0.0024, "aux_acc": 0.9994, "lr": 0.0003705, "gb": 12.53, "sec": 793.2}
{"event": "step", "step": 6000, "loss": 0.1634, "aux_loss": 0.0014, "aux_acc": 0.9996, "lr": 0.0003683, "gb": 12.53, "sec": 819.9}
{"event": "eval", "step": 6000, "train_frames_eval": 0.3657, "qframe": 0.3914, "lexicon": 0.3029, "mode": 0.1943}
{"event": "step", "step": 6200, "loss": 0.1595, "aux_loss": 0.0023, "aux_acc": 0.9996, "lr": 0.0003661, "gb": 12.53, "sec": 882.3}
{"event": "step", "step": 6400, "loss": 0.1482, "aux_loss": 0.002, "aux_acc": 0.9996, "lr": 0.0003637, "gb": 12.53, "sec": 909.5}
{"event": "step", "step": 6600, "loss": 0.1722, "aux_loss": 0.0008, "aux_acc": 0.9998, "lr": 0.0003613, "gb": 12.53, "sec": 935.4}
{"event": "step", "step": 6800, "loss": 0.1599, "aux_loss": 0.001, "aux_acc": 0.9997, "lr": 0.0003588, "gb": 12.53, "sec": 961.4}
{"event": "step", "step": 7000, "loss": 0.1501, "aux_loss": 0.0023, "aux_acc": 0.9995, "lr": 0.0003563, "gb": 12.53, "sec": 988.2}
{"event": "step", "step": 7200, "loss": 0.1421, "aux_loss": 0.0008, "aux_acc": 0.9998, "lr": 0.0003537, "gb": 12.53, "sec": 1014.8}
{"event": "step", "step": 7400, "loss": 0.1465, "aux_loss": 0.0009, "aux_acc": 0.9997, "lr": 0.000351, "gb": 12.53, "sec": 1040.7}
{"event": "step", "step": 7600, "loss": 0.1427, "aux_loss": 0.0014, "aux_acc": 0.9997, "lr": 0.0003482, "gb": 12.53, "sec": 1066.7}
{"event": "step", "step": 7800, "loss": 0.1359, "aux_loss": 0.001, "aux_acc": 0.9998, "lr": 0.0003454, "gb": 12.53, "sec": 1093.0}
{"event": "step", "step": 8000, "loss": 0.1402, "aux_loss": 0.0016, "aux_acc": 0.9997, "lr": 0.0003425, "gb": 12.53, "sec": 1119.2}
{"event": "step", "step": 8200, "loss": 0.127, "aux_loss": 0.0006, "aux_acc": 0.9998, "lr": 0.0003396, "gb": 12.53, "sec": 1145.7}
{"event": "step", "step": 8400, "loss": 0.1244, "aux_loss": 0.0003, "aux_acc": 0.9999, "lr": 0.0003366, "gb": 12.53, "sec": 1172.9}
{"event": "step", "step": 8600, "loss": 0.1341, "aux_loss": 0.0003, "aux_acc": 0.9999, "lr": 0.0003336, "gb": 12.53, "sec": 1198.9}
{"event": "step", "step": 8800, "loss": 0.135, "aux_loss": 0.0009, "aux_acc": 0.9998, "lr": 0.0003305, "gb": 12.53, "sec": 1225.5}
{"event": "step", "step": 9000, "loss": 0.1208, "aux_loss": 0.0002, "aux_acc": 0.9999, "lr": 0.0003273, "gb": 12.53, "sec": 1252.1}
{"event": "eval", "step": 9000, "train_frames_eval": 0.6343, "qframe": 0.6114, "lexicon": 0.4757, "mode": 0.3286}
{"event": "step", "step": 9200, "loss": 0.1232, "aux_loss": 0.0008, "aux_acc": 0.9999, "lr": 0.0003241, "gb": 12.53, "sec": 1314.8}
{"event": "step", "step": 9400, "loss": 0.1211, "aux_loss": 0.0004, "aux_acc": 0.9999, "lr": 0.0003209, "gb": 12.53, "sec": 1341.2}
{"event": "step", "step": 9600, "loss": 0.1122, "aux_loss": 0.0003, "aux_acc": 0.9999, "lr": 0.0003175, "gb": 12.53, "sec": 1367.8}
{"event": "step", "step": 9800, "loss": 0.0993, "aux_loss": 0.0002, "aux_acc": 1.0, "lr": 0.0003142, "gb": 12.53, "sec": 1394.0}
{"event": "step", "step": 10000, "loss": 0.1137, "aux_loss": 0.0001, "aux_acc": 1.0, "lr": 0.0003108, "gb": 12.53, "sec": 1420.5}
{"event": "step", "step": 10200, "loss": 0.1091, "aux_loss": 0.0005, "aux_acc": 0.9999, "lr": 0.0003073, "gb": 12.53, "sec": 1446.6}
{"event": "step", "step": 10400, "loss": 0.1053, "aux_loss": 0.0004, "aux_acc": 0.9999, "lr": 0.0003038, "gb": 12.53, "sec": 1473.3}
{"event": "step", "step": 10600, "loss": 0.1011, "aux_loss": 0.0004, "aux_acc": 0.9999, "lr": 0.0003003, "gb": 12.53, "sec": 1500.0}
{"event": "step", "step": 10800, "loss": 0.0877, "aux_loss": 0.0001, "aux_acc": 1.0, "lr": 0.0002967, "gb": 12.53, "sec": 1526.2}
{"event": "step", "step": 11000, "loss": 0.1079, "aux_loss": 0.0005, "aux_acc": 0.9999, "lr": 0.0002931, "gb": 12.53, "sec": 1552.7}
{"event": "step", "step": 11200, "loss": 0.0961, "aux_loss": 0.0004, "aux_acc": 0.9999, "lr": 0.0002894, "gb": 12.53, "sec": 1579.4}
{"event": "step", "step": 11400, "loss": 0.0939, "aux_loss": 0.0002, "aux_acc": 1.0, "lr": 0.0002857, "gb": 12.53, "sec": 1605.1}
{"event": "step", "step": 11600, "loss": 0.0891, "aux_loss": 0.0005, "aux_acc": 0.9999, "lr": 0.000282, "gb": 12.53, "sec": 1631.7}
{"event": "step", "step": 11800, "loss": 0.0968, "aux_loss": 0.0003, "aux_acc": 0.9999, "lr": 0.0002782, "gb": 12.53, "sec": 1658.7}
{"event": "step", "step": 12000, "loss": 0.1043, "aux_loss": 0.0002, "aux_acc": 0.9999, "lr": 0.0002745, "gb": 12.53, "sec": 1684.7}
{"event": "eval", "step": 12000, "train_frames_eval": 0.7043, "qframe": 0.6786, "lexicon": 0.5286, "mode": 0.4143}
{"event": "step", "step": 12200, "loss": 0.0833, "aux_loss": 0.0001, "aux_acc": 1.0, "lr": 0.0002706, "gb": 12.53, "sec": 1747.9}
{"event": "step", "step": 12400, "loss": 0.0833, "aux_loss": 0.0005, "aux_acc": 0.9999, "lr": 0.0002668, "gb": 12.53, "sec": 1774.6}
{"event": "step", "step": 12600, "loss": 0.0889, "aux_loss": 0.0003, "aux_acc": 0.9999, "lr": 0.0002629, "gb": 12.53, "sec": 1801.6}
{"event": "step", "step": 12800, "loss": 0.0846, "aux_loss": 0.0002, "aux_acc": 0.9999, "lr": 0.000259, "gb": 12.53, "sec": 1827.4}
{"event": "step", "step": 13000, "loss": 0.095, "aux_loss": 0.0001, "aux_acc": 1.0, "lr": 0.0002551, "gb": 12.53, "sec": 1853.8}
{"event": "step", "step": 13200, "loss": 0.0771, "aux_loss": 0.0002, "aux_acc": 0.9999, "lr": 0.0002512, "gb": 12.53, "sec": 1880.3}
{"event": "step", "step": 13400, "loss": 0.0716, "aux_loss": 0.0, "aux_acc": 1.0, "lr": 0.0002472, "gb": 12.53, "sec": 1906.4}
{"event": "step", "step": 13600, "loss": 0.0791, "aux_loss": 0.0001, "aux_acc": 1.0, "lr": 0.0002432, "gb": 12.53, "sec": 1932.1}
{"event": "step", "step": 13800, "loss": 0.081, "aux_loss": 0.0006, "aux_acc": 0.9999, "lr": 0.0002392, "gb": 12.53, "sec": 1957.5}
{"event": "step", "step": 14000, "loss": 0.0721, "aux_loss": 0.0003, "aux_acc": 0.9999, "lr": 0.0002352, "gb": 12.53, "sec": 1984.2}
{"event": "step", "step": 14200, "loss": 0.0768, "aux_loss": 0.0001, "aux_acc": 1.0, "lr": 0.0002312, "gb": 12.53, "sec": 2010.3}
{"event": "step", "step": 14400, "loss": 0.0713, "aux_loss": 0.0002, "aux_acc": 1.0, "lr": 0.0002272, "gb": 12.53, "sec": 2037.5}
{"event": "step", "step": 14600, "loss": 0.0695, "aux_loss": 0.0002, "aux_acc": 0.9999, "lr": 0.0002231, "gb": 12.53, "sec": 2063.5}
{"event": "step", "step": 14800, "loss": 0.0695, "aux_loss": 0.0002, "aux_acc": 0.9999, "lr": 0.0002191, "gb": 12.53, "sec": 2090.1}
{"event": "step", "step": 15000, "loss": 0.0703, "aux_loss": 0.0002, "aux_acc": 1.0, "lr": 0.0002151, "gb": 12.53, "sec": 2116.3}
{"event": "eval", "step": 15000, "train_frames_eval": 0.7286, "qframe": 0.71, "lexicon": 0.64, "mode": 0.3671}
{"event": "step", "step": 15200, "loss": 0.0648, "aux_loss": 0.0001, "aux_acc": 1.0, "lr": 0.000211, "gb": 12.53, "sec": 2179.5}
{"event": "step", "step": 15400, "loss": 0.0683, "aux_loss": 0.0001, "aux_acc": 1.0, "lr": 0.000207, "gb": 12.53, "sec": 2206.2}
{"event": "step", "step": 15600, "loss": 0.0595, "aux_loss": 0.0, "aux_acc": 1.0, "lr": 0.0002029, "gb": 12.53, "sec": 2232.0}
{"event": "step", "step": 15800, "loss": 0.0627, "aux_loss": 0.0, "aux_acc": 1.0, "lr": 0.0001989, "gb": 12.53, "sec": 2258.3}
{"event": "step", "step": 16000, "loss": 0.0659, "aux_loss": 0.0003, "aux_acc": 1.0, "lr": 0.0001948, "gb": 12.53, "sec": 2284.6}
{"event": "step", "step": 16200, "loss": 0.0656, "aux_loss": 0.0001, "aux_acc": 1.0, "lr": 0.0001908, "gb": 12.53, "sec": 2311.4}
{"event": "step", "step": 16400, "loss": 0.0573, "aux_loss": 0.0, "aux_acc": 1.0, "lr": 0.0001868, "gb": 12.53, "sec": 2338.4}
{"event": "step", "step": 16600, "loss": 0.0553, "aux_loss": 0.0, "aux_acc": 1.0, "lr": 0.0001828, "gb": 12.53, "sec": 2365.4}
{"event": "step", "step": 16800, "loss": 0.0654, "aux_loss": 0.0, "aux_acc": 1.0, "lr": 0.0001788, "gb": 12.53, "sec": 2391.5}
{"event": "step", "step": 17000, "loss": 0.0561, "aux_loss": 0.001, "aux_acc": 0.9999, "lr": 0.0001748, "gb": 12.53, "sec": 2418.2}
{"event": "step", "step": 17200, "loss": 0.0554, "aux_loss": 0.0001, "aux_acc": 0.9999, "lr": 0.0001708, "gb": 12.53, "sec": 2444.6}
{"event": "step", "step": 17400, "loss": 0.052, "aux_loss": 0.0, "aux_acc": 1.0, "lr": 0.0001669, "gb": 12.53, "sec": 2471.4}
{"event": "step", "step": 17600, "loss": 0.0557, "aux_loss": 0.0, "aux_acc": 1.0, "lr": 0.0001629, "gb": 12.53, "sec": 2497.9}
{"event": "step", "step": 17800, "loss": 0.0523, "aux_loss": 0.0, "aux_acc": 1.0, "lr": 0.000159, "gb": 12.53, "sec": 2523.5}
{"event": "step", "step": 18000, "loss": 0.0474, "aux_loss": 0.0, "aux_acc": 1.0, "lr": 0.0001551, "gb": 12.53, "sec": 2549.8}
{"event": "eval", "step": 18000, "train_frames_eval": 0.7686, "qframe": 0.7329, "lexicon": 0.65, "mode": 0.4186}
{"event": "step", "step": 18200, "loss": 0.0479, "aux_loss": 0.0, "aux_acc": 1.0, "lr": 0.0001513, "gb": 12.53, "sec": 2612.9}
{"event": "step", "step": 18400, "loss": 0.049, "aux_loss": 0.0, "aux_acc": 1.0, "lr": 0.0001475, "gb": 12.53, "sec": 2638.6}
{"event": "step", "step": 18600, "loss": 0.0526, "aux_loss": 0.0, "aux_acc": 1.0, "lr": 0.0001436, "gb": 12.53, "sec": 2664.5}
{"event": "step", "step": 18800, "loss": 0.0465, "aux_loss": 0.0, "aux_acc": 1.0, "lr": 0.0001399, "gb": 12.53, "sec": 2690.5}
{"event": "step", "step": 19000, "loss": 0.0484, "aux_loss": 0.0, "aux_acc": 1.0, "lr": 0.0001361, "gb": 12.53, "sec": 2715.7}
{"event": "step", "step": 19200, "loss": 0.0438, "aux_loss": 0.0, "aux_acc": 1.0, "lr": 0.0001324, "gb": 12.53, "sec": 2741.6}
{"event": "step", "step": 19400, "loss": 0.0452, "aux_loss": 0.0001, "aux_acc": 1.0, "lr": 0.0001287, "gb": 12.53, "sec": 2767.0}
{"event": "step", "step": 19600, "loss": 0.0491, "aux_loss": 0.0002, "aux_acc": 1.0, "lr": 0.0001251, "gb": 12.53, "sec": 2793.8}
{"event": "step", "step": 19800, "loss": 0.0441, "aux_loss": 0.0, "aux_acc": 1.0, "lr": 0.0001215, "gb": 12.53, "sec": 2819.8}
{"event": "step", "step": 20000, "loss": 0.0452, "aux_loss": 0.0001, "aux_acc": 1.0, "lr": 0.0001179, "gb": 12.53, "sec": 2846.7}
{"event": "step", "step": 20200, "loss": 0.0469, "aux_loss": 0.0, "aux_acc": 1.0, "lr": 0.0001144, "gb": 12.53, "sec": 2872.9}
{"event": "step", "step": 20400, "loss": 0.0397, "aux_loss": 0.0, "aux_acc": 1.0, "lr": 0.0001109, "gb": 12.53, "sec": 2900.1}
{"event": "step", "step": 20600, "loss": 0.0382, "aux_loss": 0.0, "aux_acc": 1.0, "lr": 0.0001075, "gb": 12.53, "sec": 2926.6}
{"event": "step", "step": 20800, "loss": 0.0449, "aux_loss": 0.0, "aux_acc": 1.0, "lr": 0.0001041, "gb": 12.53, "sec": 2952.8}
{"event": "step", "step": 21000, "loss": 0.0342, "aux_loss": 0.0, "aux_acc": 1.0, "lr": 0.0001008, "gb": 12.53, "sec": 2979.7}
{"event": "eval", "step": 21000, "train_frames_eval": 0.7829, "qframe": 0.7729, "lexicon": 0.7029, "mode": 0.4743}
{"event": "step", "step": 21200, "loss": 0.042, "aux_loss": 0.0, "aux_acc": 1.0, "lr": 9.75e-05, "gb": 12.53, "sec": 3042.3}
{"event": "step", "step": 21400, "loss": 0.0373, "aux_loss": 0.0, "aux_acc": 1.0, "lr": 9.43e-05, "gb": 12.53, "sec": 3068.2}
{"event": "step", "step": 21600, "loss": 0.0379, "aux_loss": 0.0, "aux_acc": 1.0, "lr": 9.11e-05, "gb": 12.53, "sec": 3094.5}
{"event": "step", "step": 21800, "loss": 0.0316, "aux_loss": 0.0, "aux_acc": 1.0, "lr": 8.8e-05, "gb": 12.53, "sec": 3121.3}
{"event": "step", "step": 22000, "loss": 0.0366, "aux_loss": 0.0, "aux_acc": 1.0, "lr": 8.49e-05, "gb": 12.53, "sec": 3147.2}
{"event": "step", "step": 22200, "loss": 0.0348, "aux_loss": 0.0, "aux_acc": 1.0, "lr": 8.19e-05, "gb": 12.53, "sec": 3173.9}
{"event": "step", "step": 22400, "loss": 0.0355, "aux_loss": 0.0, "aux_acc": 1.0, "lr": 7.89e-05, "gb": 12.53, "sec": 3199.9}
{"event": "step", "step": 22600, "loss": 0.0311, "aux_loss": 0.0, "aux_acc": 1.0, "lr": 7.6e-05, "gb": 12.53, "sec": 3226.8}
{"event": "step", "step": 22800, "loss": 0.0319, "aux_loss": 0.0, "aux_acc": 1.0, "lr": 7.32e-05, "gb": 12.53, "sec": 3253.0}
{"event": "step", "step": 23000, "loss": 0.0353, "aux_loss": 0.0, "aux_acc": 1.0, "lr": 7.04e-05, "gb": 12.53, "sec": 3279.1}
{"event": "step", "step": 23200, "loss": 0.0307, "aux_loss": 0.0, "aux_acc": 1.0, "lr": 6.77e-05, "gb": 12.53, "sec": 3305.6}
{"event": "step", "step": 23400, "loss": 0.0305, "aux_loss": 0.0, "aux_acc": 1.0, "lr": 6.5e-05, "gb": 12.53, "sec": 3332.2}
{"event": "step", "step": 23600, "loss": 0.0298, "aux_loss": 0.0, "aux_acc": 1.0, "lr": 6.24e-05, "gb": 12.53, "sec": 3358.7}
{"event": "step", "step": 23800, "loss": 0.0294, "aux_loss": 0.0, "aux_acc": 1.0, "lr": 5.99e-05, "gb": 12.53, "sec": 3385.5}
{"event": "step", "step": 24000, "loss": 0.0287, "aux_loss": 0.0, "aux_acc": 1.0, "lr": 5.75e-05, "gb": 12.53, "sec": 3411.8}
{"event": "eval", "step": 24000, "train_frames_eval": 0.8014, "qframe": 0.7943, "lexicon": 0.73, "mode": 0.4529}
{"event": "step", "step": 24200, "loss": 0.0286, "aux_loss": 0.0, "aux_acc": 1.0, "lr": 5.51e-05, "gb": 12.53, "sec": 3474.6}
{"event": "step", "step": 24400, "loss": 0.029, "aux_loss": 0.0, "aux_acc": 1.0, "lr": 5.28e-05, "gb": 12.53, "sec": 3500.8}
{"event": "step", "step": 24600, "loss": 0.0267, "aux_loss": 0.0, "aux_acc": 1.0, "lr": 5.06e-05, "gb": 12.53, "sec": 3527.4}
{"event": "step", "step": 24800, "loss": 0.0292, "aux_loss": 0.0, "aux_acc": 1.0, "lr": 4.84e-05, "gb": 12.53, "sec": 3553.7}
{"event": "step", "step": 25000, "loss": 0.0343, "aux_loss": 0.0, "aux_acc": 1.0, "lr": 4.63e-05, "gb": 12.53, "sec": 3579.4}
{"event": "step", "step": 25200, "loss": 0.0301, "aux_loss": 0.0, "aux_acc": 1.0, "lr": 4.43e-05, "gb": 12.53, "sec": 3605.2}
{"event": "step", "step": 25400, "loss": 0.031, "aux_loss": 0.0, "aux_acc": 1.0, "lr": 4.23e-05, "gb": 12.53, "sec": 3631.9}
{"event": "step", "step": 25600, "loss": 0.0241, "aux_loss": 0.0, "aux_acc": 1.0, "lr": 4.05e-05, "gb": 12.53, "sec": 3658.1}
{"event": "step", "step": 25800, "loss": 0.0307, "aux_loss": 0.0, "aux_acc": 1.0, "lr": 3.87e-05, "gb": 12.53, "sec": 3684.3}
{"event": "step", "step": 26000, "loss": 0.0267, "aux_loss": 0.0, "aux_acc": 1.0, "lr": 3.7e-05, "gb": 12.53, "sec": 3711.1}
{"event": "step", "step": 26200, "loss": 0.029, "aux_loss": 0.0, "aux_acc": 1.0, "lr": 3.53e-05, "gb": 12.53, "sec": 3737.7}
{"event": "step", "step": 26400, "loss": 0.0248, "aux_loss": 0.0, "aux_acc": 1.0, "lr": 3.38e-05, "gb": 12.53, "sec": 3764.1}
{"event": "step", "step": 26600, "loss": 0.0243, "aux_loss": 0.0, "aux_acc": 1.0, "lr": 3.23e-05, "gb": 12.53, "sec": 3791.0}
{"event": "step", "step": 26800, "loss": 0.0277, "aux_loss": 0.0, "aux_acc": 1.0, "lr": 3.09e-05, "gb": 12.53, "sec": 3817.1}
{"event": "step", "step": 27000, "loss": 0.0266, "aux_loss": 0.0, "aux_acc": 1.0, "lr": 2.96e-05, "gb": 12.53, "sec": 3844.1}
{"event": "eval", "step": 27000, "train_frames_eval": 0.8257, "qframe": 0.8229, "lexicon": 0.7314, "mode": 0.4271}
{"event": "step", "step": 27200, "loss": 0.023, "aux_loss": 0.0, "aux_acc": 1.0, "lr": 2.84e-05, "gb": 12.53, "sec": 3906.1}
{"event": "step", "step": 27400, "loss": 0.0236, "aux_loss": 0.0, "aux_acc": 1.0, "lr": 2.72e-05, "gb": 12.53, "sec": 3932.0}
{"event": "step", "step": 27600, "loss": 0.0259, "aux_loss": 0.0, "aux_acc": 1.0, "lr": 2.62e-05, "gb": 12.53, "sec": 3958.5}
{"event": "step", "step": 27800, "loss": 0.0233, "aux_loss": 0.0, "aux_acc": 1.0, "lr": 2.52e-05, "gb": 12.53, "sec": 3984.8}
{"event": "step", "step": 28000, "loss": 0.0262, "aux_loss": 0.0, "aux_acc": 1.0, "lr": 2.43e-05, "gb": 12.53, "sec": 4010.9}
{"event": "step", "step": 28200, "loss": 0.0314, "aux_loss": 0.0, "aux_acc": 1.0, "lr": 2.35e-05, "gb": 12.53, "sec": 4036.5}
{"event": "step", "step": 28400, "loss": 0.0268, "aux_loss": 0.0, "aux_acc": 1.0, "lr": 2.28e-05, "gb": 12.53, "sec": 4062.4}
{"event": "step", "step": 28600, "loss": 0.0219, "aux_loss": 0.0, "aux_acc": 1.0, "lr": 2.21e-05, "gb": 12.53, "sec": 4089.2}
{"event": "step", "step": 28800, "loss": 0.0257, "aux_loss": 0.0, "aux_acc": 1.0, "lr": 2.15e-05, "gb": 12.53, "sec": 4114.9}
{"event": "step", "step": 29000, "loss": 0.0246, "aux_loss": 0.0, "aux_acc": 1.0, "lr": 2.11e-05, "gb": 12.53, "sec": 4141.2}
{"event": "step", "step": 29200, "loss": 0.0252, "aux_loss": 0.0, "aux_acc": 1.0, "lr": 2.07e-05, "gb": 12.53, "sec": 4167.5}
{"event": "step", "step": 29400, "loss": 0.0237, "aux_loss": 0.0, "aux_acc": 1.0, "lr": 2.04e-05, "gb": 12.53, "sec": 4194.4}
{"event": "step", "step": 29600, "loss": 0.0223, "aux_loss": 0.0, "aux_acc": 1.0, "lr": 2.02e-05, "gb": 12.53, "sec": 4221.3}
{"event": "step", "step": 29800, "loss": 0.0255, "aux_loss": 0.0, "aux_acc": 1.0, "lr": 2e-05, "gb": 12.53, "sec": 4247.6}
{"event": "step", "step": 30000, "loss": 0.0234, "aux_loss": 0.0, "aux_acc": 1.0, "lr": 2e-05, "gb": 12.53, "sec": 4273.9}
{"event": "eval", "step": 30000, "train_frames_eval": 0.8314, "qframe": 0.8357, "lexicon": 0.7257, "mode": 0.4271}
{"event": "done", "ckpt": "/home/ec2-user/decoupled-reasoner/results/role/train/ckpt_roleC.pt", "sec": 4310.2, "params": {"total": 45483008, "embeddings": 1379328, "non_embedding": 44103680}, "n_batches": 7461, "peak_gb": 12.53}
