{"event": "start", "size": "l45", "cfg": {"d_model": 512, "n_head": 8, "n_enc": 6, "n_dec": 6, "d_ff": 2048}, "params": {"total": 45483008, "embeddings": 1379328, "non_embedding": 44103680}, "lr": 0.0004, "steps": 30000, "n_train": 1200000, "budget": 32768, "in_vocab": 923, "out_vocab": 155, "seed": 1, "tag": "roleD", "torch": "2.13.0+cu130", "train_split": "/home/ec2-user/decoupled-reasoner/data/role/paired_train", "pairs": 1, "aux": 4.0, "roles": "/home/ec2-user/decoupled-reasoner/data/role/paired_train.roles.npy"}
{"event": "step", "step": 200, "loss": 2.704, "aux_loss": 0.4167, "aux_acc": 0.7805, "lr": 0.00016, "gb": 12.35, "sec": 24.6}
{"event": "step", "step": 400, "loss": 0.7621, "aux_loss": 0.1941, "aux_acc": 0.9169, "lr": 0.00032, "gb": 12.45, "sec": 49.4}
{"event": "step", "step": 600, "loss": 0.4743, "aux_loss": 0.1108, "aux_acc": 0.9575, "lr": 0.0004, "gb": 12.45, "sec": 73.5}
{"event": "step", "step": 800, "loss": 0.3589, "aux_loss": 0.0487, "aux_acc": 0.9837, "lr": 0.0003999, "gb": 12.45, "sec": 98.0}
{"event": "step", "step": 1000, "loss": 0.3072, "aux_loss": 0.0246, "aux_acc": 0.9919, "lr": 0.0003997, "gb": 12.45, "sec": 123.2}
{"event": "step", "step": 1200, "loss": 0.2798, "aux_loss": 0.0172, "aux_acc": 0.9949, "lr": 0.0003995, "gb": 12.45, "sec": 148.4}
{"event": "step", "step": 1400, "loss": 0.2551, "aux_loss": 0.0118, "aux_acc": 0.9965, "lr": 0.0003991, "gb": 12.45, "sec": 173.2}
{"event": "step", "step": 1600, "loss": 0.2367, "aux_loss": 0.0135, "aux_acc": 0.996, "lr": 0.0003987, "gb": 12.47, "sec": 198.2}
{"event": "step", "step": 1800, "loss": 0.2279, "aux_loss": 0.006, "aux_acc": 0.9982, "lr": 0.0003982, "gb": 12.47, "sec": 222.8}
{"event": "step", "step": 2000, "loss": 0.2294, "aux_loss": 0.0111, "aux_acc": 0.997, "lr": 0.0003976, "gb": 12.47, "sec": 247.6}
{"event": "step", "step": 2200, "loss": 0.2237, "aux_loss": 0.007, "aux_acc": 0.9982, "lr": 0.0003969, "gb": 12.47, "sec": 272.2}
{"event": "step", "step": 2400, "loss": 0.2152, "aux_loss": 0.0042, "aux_acc": 0.9988, "lr": 0.0003961, "gb": 12.47, "sec": 296.9}
{"event": "step", "step": 2600, "loss": 0.2079, "aux_loss": 0.0043, "aux_acc": 0.9989, "lr": 0.0003953, "gb": 12.5, "sec": 321.9}
{"event": "step", "step": 2800, "loss": 0.1975, "aux_loss": 0.0041, "aux_acc": 0.9988, "lr": 0.0003943, "gb": 12.5, "sec": 346.4}
{"event": "step", "step": 3000, "loss": 0.1944, "aux_loss": 0.0032, "aux_acc": 0.9992, "lr": 0.0003933, "gb": 12.5, "sec": 370.9}
{"event": "eval", "step": 3000, "train_frames_eval": 0.2014, "qframe": 0.2157, "lexicon": 0.16, "mode": 0.12}
{"event": "step", "step": 3200, "loss": 0.1942, "aux_loss": 0.0036, "aux_acc": 0.9991, "lr": 0.0003922, "gb": 12.5, "sec": 433.4}
{"event": "step", "step": 3400, "loss": 0.1906, "aux_loss": 0.0048, "aux_acc": 0.9987, "lr": 0.000391, "gb": 12.5, "sec": 458.2}
{"event": "step", "step": 3600, "loss": 0.1878, "aux_loss": 0.0018, "aux_acc": 0.9995, "lr": 0.0003897, "gb": 12.5, "sec": 482.9}
{"event": "step", "step": 3800, "loss": 0.1824, "aux_loss": 0.0025, "aux_acc": 0.9994, "lr": 0.0003884, "gb": 12.5, "sec": 507.8}
{"event": "step", "step": 4000, "loss": 0.1786, "aux_loss": 0.004, "aux_acc": 0.999, "lr": 0.000387, "gb": 12.5, "sec": 532.0}
{"event": "step", "step": 4200, "loss": 0.1767, "aux_loss": 0.0047, "aux_acc": 0.9991, "lr": 0.0003854, "gb": 12.5, "sec": 556.8}
{"event": "step", "step": 4400, "loss": 0.1781, "aux_loss": 0.0017, "aux_acc": 0.9995, "lr": 0.0003838, "gb": 12.5, "sec": 581.9}
{"event": "step", "step": 4600, "loss": 0.1883, "aux_loss": 0.0019, "aux_acc": 0.9995, "lr": 0.0003822, "gb": 12.5, "sec": 606.6}
{"event": "step", "step": 4800, "loss": 0.17, "aux_loss": 0.0021, "aux_acc": 0.9994, "lr": 0.0003804, "gb": 12.5, "sec": 631.1}
{"event": "step", "step": 5000, "loss": 0.1633, "aux_loss": 0.0014, "aux_acc": 0.9997, "lr": 0.0003786, "gb": 12.5, "sec": 655.4}
{"event": "step", "step": 5200, "loss": 0.1684, "aux_loss": 0.0034, "aux_acc": 0.9992, "lr": 0.0003767, "gb": 12.5, "sec": 680.1}
{"event": "step", "step": 5400, "loss": 0.1573, "aux_loss": 0.0015, "aux_acc": 0.9995, "lr": 0.0003747, "gb": 12.5, "sec": 705.0}
{"event": "step", "step": 5600, "loss": 0.174, "aux_loss": 0.0017, "aux_acc": 0.9997, "lr": 0.0003727, "gb": 12.5, "sec": 729.3}
{"event": "step", "step": 5800, "loss": 0.1649, "aux_loss": 0.0008, "aux_acc": 0.9997, "lr": 0.0003705, "gb": 12.5, "sec": 754.0}
{"event": "step", "step": 6000, "loss": 0.1485, "aux_loss": 0.0008, "aux_acc": 0.9998, "lr": 0.0003683, "gb": 12.5, "sec": 778.1}
{"event": "eval", "step": 6000, "train_frames_eval": 0.3329, "qframe": 0.3071, "lexicon": 0.3014, "mode": 0.1714}
{"event": "step", "step": 6200, "loss": 0.1604, "aux_loss": 0.0018, "aux_acc": 0.9997, "lr": 0.0003661, "gb": 12.5, "sec": 839.5}
{"event": "step", "step": 6400, "loss": 0.1514, "aux_loss": 0.0005, "aux_acc": 0.9999, "lr": 0.0003637, "gb": 12.5, "sec": 864.4}
{"event": "step", "step": 6600, "loss": 0.1487, "aux_loss": 0.0012, "aux_acc": 0.9996, "lr": 0.0003613, "gb": 12.5, "sec": 889.1}
{"event": "step", "step": 6800, "loss": 0.1416, "aux_loss": 0.0006, "aux_acc": 0.9998, "lr": 0.0003588, "gb": 12.5, "sec": 913.9}
{"event": "step", "step": 7000, "loss": 0.143, "aux_loss": 0.0006, "aux_acc": 0.9998, "lr": 0.0003563, "gb": 12.5, "sec": 938.0}
{"event": "step", "step": 7200, "loss": 0.1407, "aux_loss": 0.0011, "aux_acc": 0.9997, "lr": 0.0003537, "gb": 12.5, "sec": 962.0}
{"event": "step", "step": 7400, "loss": 0.1386, "aux_loss": 0.0013, "aux_acc": 0.9996, "lr": 0.000351, "gb": 12.5, "sec": 986.8}
{"event": "step", "step": 7600, "loss": 0.1335, "aux_loss": 0.0009, "aux_acc": 0.9997, "lr": 0.0003482, "gb": 12.5, "sec": 1011.7}
{"event": "step", "step": 7800, "loss": 0.1254, "aux_loss": 0.0009, "aux_acc": 0.9998, "lr": 0.0003454, "gb": 12.5, "sec": 1036.3}
{"event": "step", "step": 8000, "loss": 0.1348, "aux_loss": 0.0011, "aux_acc": 0.9998, "lr": 0.0003425, "gb": 12.5, "sec": 1060.9}
{"event": "step", "step": 8200, "loss": 0.1161, "aux_loss": 0.0003, "aux_acc": 0.9999, "lr": 0.0003396, "gb": 12.5, "sec": 1085.7}
{"event": "step", "step": 8400, "loss": 0.1135, "aux_loss": 0.0004, "aux_acc": 0.9999, "lr": 0.0003366, "gb": 12.5, "sec": 1110.3}
{"event": "step", "step": 8600, "loss": 0.1081, "aux_loss": 0.001, "aux_acc": 0.9997, "lr": 0.0003336, "gb": 12.5, "sec": 1135.1}
{"event": "step", "step": 8800, "loss": 0.1116, "aux_loss": 0.0005, "aux_acc": 0.9999, "lr": 0.0003305, "gb": 12.5, "sec": 1159.8}
{"event": "step", "step": 9000, "loss": 0.1127, "aux_loss": 0.0014, "aux_acc": 0.9997, "lr": 0.0003273, "gb": 12.5, "sec": 1184.5}
{"event": "eval", "step": 9000, "train_frames_eval": 0.6043, "qframe": 0.5914, "lexicon": 0.5686, "mode": 0.2743}
{"event": "step", "step": 9200, "loss": 0.0983, "aux_loss": 0.001, "aux_acc": 0.9997, "lr": 0.0003241, "gb": 12.5, "sec": 1245.8}
{"event": "step", "step": 9400, "loss": 0.1135, "aux_loss": 0.0032, "aux_acc": 0.9996, "lr": 0.0003209, "gb": 12.5, "sec": 1270.8}
{"event": "step", "step": 9600, "loss": 0.1132, "aux_loss": 0.0004, "aux_acc": 0.9999, "lr": 0.0003175, "gb": 12.5, "sec": 1295.4}
{"event": "step", "step": 9800, "loss": 0.0994, "aux_loss": 0.0008, "aux_acc": 0.9998, "lr": 0.0003142, "gb": 12.5, "sec": 1320.7}
{"event": "step", "step": 10000, "loss": 0.1078, "aux_loss": 0.0003, "aux_acc": 0.9999, "lr": 0.0003108, "gb": 12.5, "sec": 1345.1}
{"event": "step", "step": 10200, "loss": 0.0965, "aux_loss": 0.0011, "aux_acc": 0.9998, "lr": 0.0003073, "gb": 12.5, "sec": 1369.6}
{"event": "step", "step": 10400, "loss": 0.1009, "aux_loss": 0.0002, "aux_acc": 0.9999, "lr": 0.0003038, "gb": 12.5, "sec": 1394.1}
{"event": "step", "step": 10600, "loss": 0.1103, "aux_loss": 0.0007, "aux_acc": 0.9998, "lr": 0.0003003, "gb": 12.5, "sec": 1419.0}
{"event": "step", "step": 10800, "loss": 0.1031, "aux_loss": 0.0002, "aux_acc": 1.0, "lr": 0.0002967, "gb": 12.5, "sec": 1443.6}
{"event": "step", "step": 11000, "loss": 0.0908, "aux_loss": 0.0004, "aux_acc": 0.9999, "lr": 0.0002931, "gb": 12.5, "sec": 1468.1}
{"event": "step", "step": 11200, "loss": 0.0839, "aux_loss": 0.0003, "aux_acc": 0.9999, "lr": 0.0002894, "gb": 12.5, "sec": 1492.8}
{"event": "step", "step": 11400, "loss": 0.0902, "aux_loss": 0.0002, "aux_acc": 0.9999, "lr": 0.0002857, "gb": 12.5, "sec": 1517.4}
{"event": "step", "step": 11600, "loss": 0.0908, "aux_loss": 0.0001, "aux_acc": 1.0, "lr": 0.000282, "gb": 12.5, "sec": 1542.3}
{"event": "step", "step": 11800, "loss": 0.0896, "aux_loss": 0.0005, "aux_acc": 0.9999, "lr": 0.0002782, "gb": 12.5, "sec": 1566.1}
{"event": "step", "step": 12000, "loss": 0.0796, "aux_loss": 0.0002, "aux_acc": 0.9999, "lr": 0.0002745, "gb": 12.5, "sec": 1591.4}
{"event": "eval", "step": 12000, "train_frames_eval": 0.6929, "qframe": 0.6757, "lexicon": 0.6043, "mode": 0.3886}
{"event": "step", "step": 12200, "loss": 0.0889, "aux_loss": 0.0001, "aux_acc": 1.0, "lr": 0.0002706, "gb": 12.5, "sec": 1652.5}
{"event": "step", "step": 12400, "loss": 0.0958, "aux_loss": 0.0003, "aux_acc": 0.9999, "lr": 0.0002668, "gb": 12.5, "sec": 1676.9}
{"event": "step", "step": 12600, "loss": 0.0876, "aux_loss": 0.0007, "aux_acc": 0.9999, "lr": 0.0002629, "gb": 12.5, "sec": 1701.5}
{"event": "step", "step": 12800, "loss": 0.0774, "aux_loss": 0.0002, "aux_acc": 1.0, "lr": 0.000259, "gb": 12.5, "sec": 1726.4}
{"event": "step", "step": 13000, "loss": 0.0871, "aux_loss": 0.0001, "aux_acc": 1.0, "lr": 0.0002551, "gb": 12.5, "sec": 1751.2}
{"event": "step", "step": 13200, "loss": 0.0829, "aux_loss": 0.0003, "aux_acc": 0.9999, "lr": 0.0002512, "gb": 12.5, "sec": 1775.7}
{"event": "step", "step": 13400, "loss": 0.0778, "aux_loss": 0.0002, "aux_acc": 1.0, "lr": 0.0002472, "gb": 12.5, "sec": 1800.5}
{"event": "step", "step": 13600, "loss": 0.0836, "aux_loss": 0.0003, "aux_acc": 0.9999, "lr": 0.0002432, "gb": 12.5, "sec": 1825.2}
{"event": "step", "step": 13800, "loss": 0.0815, "aux_loss": 0.0001, "aux_acc": 1.0, "lr": 0.0002392, "gb": 12.5, "sec": 1850.0}
{"event": "step", "step": 14000, "loss": 0.0728, "aux_loss": 0.0001, "aux_acc": 1.0, "lr": 0.0002352, "gb": 12.5, "sec": 1874.2}
{"event": "step", "step": 14200, "loss": 0.0732, "aux_loss": 0.0004, "aux_acc": 0.9999, "lr": 0.0002312, "gb": 12.5, "sec": 1898.9}
{"event": "step", "step": 14400, "loss": 0.0664, "aux_loss": 0.0001, "aux_acc": 1.0, "lr": 0.0002272, "gb": 12.5, "sec": 1923.6}
{"event": "step", "step": 14600, "loss": 0.0709, "aux_loss": 0.0001, "aux_acc": 1.0, "lr": 0.0002231, "gb": 12.5, "sec": 1948.5}
{"event": "step", "step": 14800, "loss": 0.0694, "aux_loss": 0.0001, "aux_acc": 1.0, "lr": 0.0002191, "gb": 12.5, "sec": 1972.5}
{"event": "step", "step": 15000, "loss": 0.0692, "aux_loss": 0.0001, "aux_acc": 1.0, "lr": 0.0002151, "gb": 12.5, "sec": 1997.3}
{"event": "eval", "step": 15000, "train_frames_eval": 0.7329, "qframe": 0.7271, "lexicon": 0.6914, "mode": 0.3086}
{"event": "step", "step": 15200, "loss": 0.0637, "aux_loss": 0.0002, "aux_acc": 0.9999, "lr": 0.000211, "gb": 12.5, "sec": 2058.6}
{"event": "step", "step": 15400, "loss": 0.0636, "aux_loss": 0.0001, "aux_acc": 1.0, "lr": 0.000207, "gb": 12.5, "sec": 2083.8}
{"event": "step", "step": 15600, "loss": 0.0615, "aux_loss": 0.0, "aux_acc": 1.0, "lr": 0.0002029, "gb": 12.5, "sec": 2108.7}
{"event": "step", "step": 15800, "loss": 0.0695, "aux_loss": 0.0002, "aux_acc": 0.9999, "lr": 0.0001989, "gb": 12.5, "sec": 2133.4}
{"event": "step", "step": 16000, "loss": 0.058, "aux_loss": 0.0001, "aux_acc": 1.0, "lr": 0.0001948, "gb": 12.5, "sec": 2158.7}
{"event": "step", "step": 16200, "loss": 0.0586, "aux_loss": 0.0, "aux_acc": 1.0, "lr": 0.0001908, "gb": 12.5, "sec": 2183.6}
{"event": "step", "step": 16400, "loss": 0.059, "aux_loss": 0.0002, "aux_acc": 1.0, "lr": 0.0001868, "gb": 12.5, "sec": 2208.1}
{"event": "step", "step": 16600, "loss": 0.062, "aux_loss": 0.0, "aux_acc": 1.0, "lr": 0.0001828, "gb": 12.5, "sec": 2232.9}
{"event": "step", "step": 16800, "loss": 0.0641, "aux_loss": 0.0, "aux_acc": 1.0, "lr": 0.0001788, "gb": 12.5, "sec": 2257.2}
{"event": "step", "step": 17000, "loss": 0.0524, "aux_loss": 0.0, "aux_acc": 1.0, "lr": 0.0001748, "gb": 12.5, "sec": 2282.3}
{"event": "step", "step": 17200, "loss": 0.0507, "aux_loss": 0.0, "aux_acc": 1.0, "lr": 0.0001708, "gb": 12.5, "sec": 2307.1}
{"event": "step", "step": 17400, "loss": 0.0563, "aux_loss": 0.0, "aux_acc": 1.0, "lr": 0.0001669, "gb": 12.5, "sec": 2331.3}
{"event": "step", "step": 17600, "loss": 0.0542, "aux_loss": 0.0002, "aux_acc": 1.0, "lr": 0.0001629, "gb": 12.5, "sec": 2355.6}
{"event": "step", "step": 17800, "loss": 0.0542, "aux_loss": 0.0001, "aux_acc": 1.0, "lr": 0.000159, "gb": 12.5, "sec": 2381.1}
{"event": "step", "step": 18000, "loss": 0.0517, "aux_loss": 0.0001, "aux_acc": 1.0, "lr": 0.0001551, "gb": 12.5, "sec": 2406.1}
{"event": "eval", "step": 18000, "train_frames_eval": 0.7829, "qframe": 0.7657, "lexicon": 0.7143, "mode": 0.35}
{"event": "step", "step": 18200, "loss": 0.0513, "aux_loss": 0.0001, "aux_acc": 1.0, "lr": 0.0001513, "gb": 12.5, "sec": 2467.1}
{"event": "step", "step": 18400, "loss": 0.0479, "aux_loss": 0.0, "aux_acc": 1.0, "lr": 0.0001475, "gb": 12.5, "sec": 2492.1}
{"event": "step", "step": 18600, "loss": 0.05, "aux_loss": 0.0, "aux_acc": 1.0, "lr": 0.0001436, "gb": 12.5, "sec": 2516.9}
{"event": "step", "step": 18800, "loss": 0.0489, "aux_loss": 0.0, "aux_acc": 1.0, "lr": 0.0001399, "gb": 12.5, "sec": 2541.5}
{"event": "step", "step": 19000, "loss": 0.0451, "aux_loss": 0.0, "aux_acc": 1.0, "lr": 0.0001361, "gb": 12.5, "sec": 2566.1}
{"event": "step", "step": 19200, "loss": 0.0506, "aux_loss": 0.0, "aux_acc": 1.0, "lr": 0.0001324, "gb": 12.5, "sec": 2590.4}
{"event": "step", "step": 19400, "loss": 0.0444, "aux_loss": 0.0, "aux_acc": 1.0, "lr": 0.0001287, "gb": 12.5, "sec": 2615.9}
{"event": "step", "step": 19600, "loss": 0.0469, "aux_loss": 0.0, "aux_acc": 1.0, "lr": 0.0001251, "gb": 12.5, "sec": 2640.5}
{"event": "step", "step": 19800, "loss": 0.0452, "aux_loss": 0.0, "aux_acc": 1.0, "lr": 0.0001215, "gb": 12.5, "sec": 2664.7}
{"event": "step", "step": 20000, "loss": 0.0435, "aux_loss": 0.0, "aux_acc": 1.0, "lr": 0.0001179, "gb": 12.5, "sec": 2689.7}
{"event": "step", "step": 20200, "loss": 0.0422, "aux_loss": 0.0, "aux_acc": 1.0, "lr": 0.0001144, "gb": 12.5, "sec": 2714.6}
{"event": "step", "step": 20400, "loss": 0.0444, "aux_loss": 0.0, "aux_acc": 1.0, "lr": 0.0001109, "gb": 12.5, "sec": 2739.1}
{"event": "step", "step": 20600, "loss": 0.0495, "aux_loss": 0.0, "aux_acc": 1.0, "lr": 0.0001075, "gb": 12.5, "sec": 2763.3}
{"event": "step", "step": 20800, "loss": 0.0377, "aux_loss": 0.0, "aux_acc": 1.0, "lr": 0.0001041, "gb": 12.5, "sec": 2787.8}
{"event": "step", "step": 21000, "loss": 0.0392, "aux_loss": 0.0, "aux_acc": 1.0, "lr": 0.0001008, "gb": 12.5, "sec": 2812.9}
{"event": "eval", "step": 21000, "train_frames_eval": 0.81, "qframe": 0.8029, "lexicon": 0.73, "mode": 0.3829}
{"event": "step", "step": 21200, "loss": 0.0427, "aux_loss": 0.0, "aux_acc": 1.0, "lr": 9.75e-05, "gb": 12.5, "sec": 2873.8}
{"event": "step", "step": 21400, "loss": 0.0465, "aux_loss": 0.0, "aux_acc": 1.0, "lr": 9.43e-05, "gb": 12.5, "sec": 2898.0}
{"event": "step", "step": 21600, "loss": 0.0383, "aux_loss": 0.0, "aux_acc": 1.0, "lr": 9.11e-05, "gb": 12.5, "sec": 2922.5}
{"event": "step", "step": 21800, "loss": 0.0327, "aux_loss": 0.0, "aux_acc": 1.0, "lr": 8.8e-05, "gb": 12.5, "sec": 2947.1}
{"event": "step", "step": 22000, "loss": 0.0355, "aux_loss": 0.0, "aux_acc": 1.0, "lr": 8.49e-05, "gb": 12.5, "sec": 2971.8}
{"event": "step", "step": 22200, "loss": 0.0353, "aux_loss": 0.0, "aux_acc": 1.0, "lr": 8.19e-05, "gb": 12.5, "sec": 2996.4}
{"event": "step", "step": 22400, "loss": 0.0376, "aux_loss": 0.0, "aux_acc": 1.0, "lr": 7.89e-05, "gb": 12.5, "sec": 3021.5}
{"event": "step", "step": 22600, "loss": 0.0366, "aux_loss": 0.0, "aux_acc": 1.0, "lr": 7.6e-05, "gb": 12.5, "sec": 3046.4}
{"event": "step", "step": 22800, "loss": 0.0386, "aux_loss": 0.0, "aux_acc": 1.0, "lr": 7.32e-05, "gb": 12.5, "sec": 3070.8}
{"event": "step", "step": 23000, "loss": 0.0376, "aux_loss": 0.0, "aux_acc": 1.0, "lr": 7.04e-05, "gb": 12.5, "sec": 3095.5}
{"event": "step", "step": 23200, "loss": 0.0395, "aux_loss": 0.0, "aux_acc": 1.0, "lr": 6.77e-05, "gb": 12.5, "sec": 3119.9}
{"event": "step", "step": 23400, "loss": 0.0374, "aux_loss": 0.0, "aux_acc": 1.0, "lr": 6.5e-05, "gb": 12.5, "sec": 3144.8}
{"event": "step", "step": 23600, "loss": 0.0362, "aux_loss": 0.0, "aux_acc": 1.0, "lr": 6.24e-05, "gb": 12.5, "sec": 3169.6}
{"event": "step", "step": 23800, "loss": 0.0368, "aux_loss": 0.0, "aux_acc": 1.0, "lr": 5.99e-05, "gb": 12.5, "sec": 3194.2}
{"event": "step", "step": 24000, "loss": 0.0358, "aux_loss": 0.0, "aux_acc": 1.0, "lr": 5.75e-05, "gb": 12.5, "sec": 3219.1}
{"event": "eval", "step": 24000, "train_frames_eval": 0.86, "qframe": 0.83, "lexicon": 0.7714, "mode": 0.3914}
{"event": "step", "step": 24200, "loss": 0.0331, "aux_loss": 0.0, "aux_acc": 1.0, "lr": 5.51e-05, "gb": 12.5, "sec": 3280.5}
{"event": "step", "step": 24400, "loss": 0.0365, "aux_loss": 0.0, "aux_acc": 1.0, "lr": 5.28e-05, "gb": 12.5, "sec": 3305.7}
{"event": "step", "step": 24600, "loss": 0.0303, "aux_loss": 0.0, "aux_acc": 1.0, "lr": 5.06e-05, "gb": 12.5, "sec": 3330.6}
{"event": "step", "step": 24800, "loss": 0.0327, "aux_loss": 0.0, "aux_acc": 1.0, "lr": 4.84e-05, "gb": 12.5, "sec": 3354.9}
{"event": "step", "step": 25000, "loss": 0.0384, "aux_loss": 0.0, "aux_acc": 1.0, "lr": 4.63e-05, "gb": 12.5, "sec": 3379.3}
{"event": "step", "step": 25200, "loss": 0.0312, "aux_loss": 0.0, "aux_acc": 1.0, "lr": 4.43e-05, "gb": 12.5, "sec": 3404.4}
{"event": "step", "step": 25400, "loss": 0.0291, "aux_loss": 0.0, "aux_acc": 1.0, "lr": 4.23e-05, "gb": 12.5, "sec": 3429.2}
{"event": "step", "step": 25600, "loss": 0.0328, "aux_loss": 0.0, "aux_acc": 1.0, "lr": 4.05e-05, "gb": 12.5, "sec": 3454.2}
{"event": "step", "step": 25800, "loss": 0.0282, "aux_loss": 0.0, "aux_acc": 1.0, "lr": 3.87e-05, "gb": 12.5, "sec": 3478.5}
{"event": "step", "step": 26000, "loss": 0.0323, "aux_loss": 0.0, "aux_acc": 1.0, "lr": 3.7e-05, "gb": 12.5, "sec": 3503.2}
{"event": "step", "step": 26200, "loss": 0.0279, "aux_loss": 0.0, "aux_acc": 1.0, "lr": 3.53e-05, "gb": 12.5, "sec": 3527.9}
{"event": "step", "step": 26400, "loss": 0.0301, "aux_loss": 0.0, "aux_acc": 1.0, "lr": 3.38e-05, "gb": 12.5, "sec": 3552.8}
{"event": "step", "step": 26600, "loss": 0.0321, "aux_loss": 0.0, "aux_acc": 1.0, "lr": 3.23e-05, "gb": 12.5, "sec": 3576.9}
{"event": "step", "step": 26800, "loss": 0.0316, "aux_loss": 0.0, "aux_acc": 1.0, "lr": 3.09e-05, "gb": 12.5, "sec": 3600.8}
{"event": "step", "step": 27000, "loss": 0.0295, "aux_loss": 0.0, "aux_acc": 1.0, "lr": 2.96e-05, "gb": 12.5, "sec": 3625.7}
{"event": "eval", "step": 27000, "train_frames_eval": 0.8743, "qframe": 0.8514, "lexicon": 0.7729, "mode": 0.3929}
{"event": "step", "step": 27200, "loss": 0.031, "aux_loss": 0.0, "aux_acc": 1.0, "lr": 2.84e-05, "gb": 12.5, "sec": 3686.6}
{"event": "step", "step": 27400, "loss": 0.0324, "aux_loss": 0.0, "aux_acc": 1.0, "lr": 2.72e-05, "gb": 12.5, "sec": 3711.4}
{"event": "step", "step": 27600, "loss": 0.0306, "aux_loss": 0.0, "aux_acc": 1.0, "lr": 2.62e-05, "gb": 12.5, "sec": 3736.1}
{"event": "step", "step": 27800, "loss": 0.0269, "aux_loss": 0.0, "aux_acc": 1.0, "lr": 2.52e-05, "gb": 12.5, "sec": 3761.2}
{"event": "step", "step": 28000, "loss": 0.0282, "aux_loss": 0.0, "aux_acc": 1.0, "lr": 2.43e-05, "gb": 12.5, "sec": 3785.5}
{"event": "step", "step": 28200, "loss": 0.0279, "aux_loss": 0.0, "aux_acc": 1.0, "lr": 2.35e-05, "gb": 12.5, "sec": 3809.9}
{"event": "step", "step": 28400, "loss": 0.0289, "aux_loss": 0.0, "aux_acc": 1.0, "lr": 2.28e-05, "gb": 12.5, "sec": 3834.5}
{"event": "step", "step": 28600, "loss": 0.0296, "aux_loss": 0.0, "aux_acc": 1.0, "lr": 2.21e-05, "gb": 12.5, "sec": 3859.6}
{"event": "step", "step": 28800, "loss": 0.0342, "aux_loss": 0.0, "aux_acc": 1.0, "lr": 2.15e-05, "gb": 12.5, "sec": 3884.1}
{"event": "step", "step": 29000, "loss": 0.0266, "aux_loss": 0.0, "aux_acc": 1.0, "lr": 2.11e-05, "gb": 12.5, "sec": 3908.5}
{"event": "step", "step": 29200, "loss": 0.0316, "aux_loss": 0.0, "aux_acc": 1.0, "lr": 2.07e-05, "gb": 12.5, "sec": 3932.9}
{"event": "step", "step": 29400, "loss": 0.0294, "aux_loss": 0.0, "aux_acc": 1.0, "lr": 2.04e-05, "gb": 12.5, "sec": 3957.8}
{"event": "step", "step": 29600, "loss": 0.0275, "aux_loss": 0.0, "aux_acc": 1.0, "lr": 2.02e-05, "gb": 12.5, "sec": 3982.9}
{"event": "step", "step": 29800, "loss": 0.0266, "aux_loss": 0.0, "aux_acc": 1.0, "lr": 2e-05, "gb": 12.5, "sec": 4007.7}
{"event": "step", "step": 30000, "loss": 0.0278, "aux_loss": 0.0, "aux_acc": 1.0, "lr": 2e-05, "gb": 12.5, "sec": 4032.2}
{"event": "eval", "step": 30000, "train_frames_eval": 0.8814, "qframe": 0.86, "lexicon": 0.7786, "mode": 0.3943}
{"event": "done", "ckpt": "/home/ec2-user/decoupled-reasoner/results/role/train/ckpt_roleD.pt", "sec": 4068.4, "params": {"total": 45483008, "embeddings": 1379328, "non_embedding": 44103680}, "n_batches": 7966, "peak_gb": 12.5}
