{"event": "start", "size": "l", "params": {"total": 45483008, "embeddings": 1379328, "non_embedding": 44103680}, "lr": 0.0004, "steps": 30000, "n_train": 1200000, "budget": 32768, "in_vocab": 923, "out_vocab": 155, "seed": 1, "tag": "l"}
{"event": "step", "step": 200, "loss": 2.3903, "lr": 0.00016, "sec": 47.3}
{"event": "step", "step": 400, "loss": 0.576, "lr": 0.00032, "sec": 103.0}
{"event": "step", "step": 600, "loss": 0.3664, "lr": 0.0004, "sec": 158.5}
{"event": "step", "step": 800, "loss": 0.283, "lr": 0.0004, "sec": 214.1}
{"event": "step", "step": 1000, "loss": 0.27, "lr": 0.0004, "sec": 266.5}
{"event": "step", "step": 1200, "loss": 0.2451, "lr": 0.000399, "sec": 318.4}
{"event": "step", "step": 1400, "loss": 0.2062, "lr": 0.000399, "sec": 377.4}
{"event": "step", "step": 1600, "loss": 0.2064, "lr": 0.000399, "sec": 441.9}
{"event": "step", "step": 1800, "loss": 0.2018, "lr": 0.000398, "sec": 495.3}
{"event": "step", "step": 2000, "loss": 0.1827, "lr": 0.000398, "sec": 553.0}
{"event": "step", "step": 2200, "loss": 0.1825, "lr": 0.000397, "sec": 615.9}
{"event": "step", "step": 2400, "loss": 0.1789, "lr": 0.000396, "sec": 669.1}
{"event": "step", "step": 2600, "loss": 0.181, "lr": 0.000395, "sec": 719.7}
{"event": "step", "step": 2800, "loss": 0.1569, "lr": 0.000394, "sec": 787.1}
{"event": "step", "step": 3000, "loss": 0.1666, "lr": 0.000393, "sec": 844.2}
{"event": "eval", "step": 3000, "train_frames_eval": 0.4171, "qframe": 0.3986, "lexicon": 0.3986, "mode": 0.2671}
{"event": "step", "step": 3200, "loss": 0.1588, "lr": 0.000392, "sec": 991.8}
{"event": "step", "step": 3400, "loss": 0.1457, "lr": 0.000391, "sec": 1062.1}
{"event": "step", "step": 3600, "loss": 0.1527, "lr": 0.00039, "sec": 1134.9}
{"event": "step", "step": 3800, "loss": 0.1461, "lr": 0.000388, "sec": 1205.2}
{"event": "step", "step": 4000, "loss": 0.1363, "lr": 0.000387, "sec": 1278.9}
{"event": "step", "step": 4200, "loss": 0.1314, "lr": 0.000385, "sec": 1352.3}
{"event": "step", "step": 4400, "loss": 0.1335, "lr": 0.000384, "sec": 1405.2}
{"event": "step", "step": 4600, "loss": 0.1182, "lr": 0.000382, "sec": 1466.0}
{"event": "step", "step": 4800, "loss": 0.1066, "lr": 0.00038, "sec": 1539.6}
{"event": "step", "step": 5000, "loss": 0.1247, "lr": 0.000379, "sec": 1610.7}
{"event": "step", "step": 5200, "loss": 0.1292, "lr": 0.000377, "sec": 1682.3}
{"event": "step", "step": 5400, "loss": 0.1161, "lr": 0.000375, "sec": 1755.7}
{"event": "step", "step": 5600, "loss": 0.1072, "lr": 0.000373, "sec": 1828.5}
{"event": "step", "step": 5800, "loss": 0.1091, "lr": 0.000371, "sec": 1896.6}
{"event": "step", "step": 6000, "loss": 0.1013, "lr": 0.000368, "sec": 1955.0}
{"event": "eval", "step": 6000, "train_frames_eval": 0.66, "qframe": 0.6371, "lexicon": 0.6329, "mode": 0.4529}
{"event": "step", "step": 6200, "loss": 0.0994, "lr": 0.000366, "sec": 2110.8}
{"event": "step", "step": 6400, "loss": 0.0918, "lr": 0.000364, "sec": 2185.5}
{"event": "step", "step": 6600, "loss": 0.1056, "lr": 0.000361, "sec": 2252.9}
{"event": "step", "step": 6800, "loss": 0.0978, "lr": 0.000359, "sec": 2324.5}
{"event": "step", "step": 7000, "loss": 0.0944, "lr": 0.000356, "sec": 2390.4}
{"event": "step", "step": 7200, "loss": 0.0831, "lr": 0.000354, "sec": 2446.7}
{"event": "step", "step": 7400, "loss": 0.0916, "lr": 0.000351, "sec": 2517.3}
{"event": "step", "step": 7600, "loss": 0.0845, "lr": 0.000348, "sec": 2588.5}
{"event": "step", "step": 7800, "loss": 0.0836, "lr": 0.000345, "sec": 2678.6}
{"event": "step", "step": 8000, "loss": 0.0843, "lr": 0.000343, "sec": 2771.5}
{"event": "step", "step": 8200, "loss": 0.0769, "lr": 0.00034, "sec": 2865.1}
{"event": "step", "step": 8400, "loss": 0.0747, "lr": 0.000337, "sec": 2955.5}
{"event": "step", "step": 8600, "loss": 0.0814, "lr": 0.000334, "sec": 3032.0}
{"event": "step", "step": 8800, "loss": 0.082, "lr": 0.00033, "sec": 3127.3}
{"event": "step", "step": 9000, "loss": 0.0759, "lr": 0.000327, "sec": 3222.3}
{"event": "eval", "step": 9000, "train_frames_eval": 0.67, "qframe": 0.6829, "lexicon": 0.66, "mode": 0.45}
{"event": "step", "step": 9200, "loss": 0.0722, "lr": 0.000324, "sec": 3420.1}
{"event": "step", "step": 9400, "loss": 0.0735, "lr": 0.000321, "sec": 3516.2}
{"event": "step", "step": 9600, "loss": 0.0664, "lr": 0.000318, "sec": 3605.5}
{"event": "step", "step": 9800, "loss": 0.0583, "lr": 0.000314, "sec": 3683.7}
{"event": "step", "step": 10000, "loss": 0.0671, "lr": 0.000311, "sec": 3758.2}
{"event": "step", "step": 10200, "loss": 0.0618, "lr": 0.000307, "sec": 3837.7}
{"event": "step", "step": 10400, "loss": 0.0615, "lr": 0.000304, "sec": 3919.4}
{"event": "step", "step": 10600, "loss": 0.0613, "lr": 0.0003, "sec": 3999.2}
{"event": "step", "step": 10800, "loss": 0.0505, "lr": 0.000297, "sec": 4085.5}
{"event": "step", "step": 11000, "loss": 0.0644, "lr": 0.000293, "sec": 4180.3}
{"event": "step", "step": 11200, "loss": 0.0553, "lr": 0.000289, "sec": 4276.1}
{"event": "step", "step": 11400, "loss": 0.0525, "lr": 0.000286, "sec": 4372.4}
{"event": "step", "step": 11600, "loss": 0.0504, "lr": 0.000282, "sec": 4492.2}
{"event": "step", "step": 11800, "loss": 0.0526, "lr": 0.000278, "sec": 4613.0}
{"event": "step", "step": 12000, "loss": 0.0607, "lr": 0.000274, "sec": 4707.1}
{"event": "eval", "step": 12000, "train_frames_eval": 0.7729, "qframe": 0.77, "lexicon": 0.7486, "mode": 0.5286}
{"event": "step", "step": 12200, "loss": 0.0439, "lr": 0.000271, "sec": 4857.7}
{"event": "step", "step": 12400, "loss": 0.0482, "lr": 0.000267, "sec": 4935.1}
{"event": "step", "step": 12600, "loss": 0.0483, "lr": 0.000263, "sec": 5014.0}
{"event": "step", "step": 12800, "loss": 0.0473, "lr": 0.000259, "sec": 5089.1}
{"event": "step", "step": 13000, "loss": 0.0517, "lr": 0.000255, "sec": 5159.7}
{"event": "step", "step": 13200, "loss": 0.0429, "lr": 0.000251, "sec": 5235.7}
{"event": "step", "step": 13400, "loss": 0.0393, "lr": 0.000247, "sec": 5311.1}
{"event": "step", "step": 13600, "loss": 0.0441, "lr": 0.000243, "sec": 5371.1}
{"event": "step", "step": 13800, "loss": 0.0464, "lr": 0.000239, "sec": 5443.4}
{"event": "step", "step": 14000, "loss": 0.0388, "lr": 0.000235, "sec": 5519.8}
{"event": "step", "step": 14200, "loss": 0.0411, "lr": 0.000231, "sec": 5594.7}
{"event": "step", "step": 14400, "loss": 0.0417, "lr": 0.000227, "sec": 5672.8}
{"event": "step", "step": 14600, "loss": 0.0382, "lr": 0.000223, "sec": 5747.4}
{"event": "step", "step": 14800, "loss": 0.0391, "lr": 0.000219, "sec": 5823.2}
{"event": "step", "step": 15000, "loss": 0.0417, "lr": 0.000215, "sec": 5889.3}
{"event": "eval", "step": 15000, "train_frames_eval": 0.8257, "qframe": 0.8157, "lexicon": 0.7871, "mode": 0.5371}
{"event": "step", "step": 15200, "loss": 0.035, "lr": 0.000211, "sec": 6017.4}
{"event": "step", "step": 15400, "loss": 0.0404, "lr": 0.000207, "sec": 6072.2}
{"event": "step", "step": 15600, "loss": 0.0343, "lr": 0.000203, "sec": 6122.7}
{"event": "step", "step": 15800, "loss": 0.0344, "lr": 0.000199, "sec": 6178.2}
{"event": "step", "step": 16000, "loss": 0.039, "lr": 0.000195, "sec": 6232.6}
{"event": "step", "step": 16200, "loss": 0.0375, "lr": 0.000191, "sec": 6287.2}
{"event": "step", "step": 16400, "loss": 0.0333, "lr": 0.000187, "sec": 6342.7}
{"event": "step", "step": 16600, "loss": 0.0327, "lr": 0.000183, "sec": 6400.9}
{"event": "step", "step": 16800, "loss": 0.0385, "lr": 0.000179, "sec": 6456.1}
{"event": "step", "step": 17000, "loss": 0.0323, "lr": 0.000175, "sec": 6502.6}
{"event": "step", "step": 17200, "loss": 0.0326, "lr": 0.000171, "sec": 6552.0}
{"event": "step", "step": 17400, "loss": 0.0284, "lr": 0.000167, "sec": 6593.6}
{"event": "step", "step": 17600, "loss": 0.0309, "lr": 0.000163, "sec": 6639.6}
{"event": "step", "step": 17800, "loss": 0.0309, "lr": 0.000159, "sec": 6683.5}
{"event": "step", "step": 18000, "loss": 0.0283, "lr": 0.000155, "sec": 6730.1}
{"event": "eval", "step": 18000, "train_frames_eval": 0.8557, "qframe": 0.8414, "lexicon": 0.8157, "mode": 0.5343}
{"event": "step", "step": 18200, "loss": 0.0278, "lr": 0.000151, "sec": 6827.4}
{"event": "step", "step": 18400, "loss": 0.0296, "lr": 0.000147, "sec": 6871.8}
{"event": "step", "step": 18600, "loss": 0.03, "lr": 0.000144, "sec": 6916.6}
{"event": "step", "step": 18800, "loss": 0.0269, "lr": 0.00014, "sec": 6961.5}
{"event": "step", "step": 19000, "loss": 0.0281, "lr": 0.000136, "sec": 7005.4}
{"event": "step", "step": 19200, "loss": 0.0224, "lr": 0.000132, "sec": 7051.0}
{"event": "step", "step": 19400, "loss": 0.0257, "lr": 0.000129, "sec": 7094.6}
{"event": "step", "step": 19600, "loss": 0.0277, "lr": 0.000125, "sec": 7141.6}
{"event": "step", "step": 19800, "loss": 0.0241, "lr": 0.000121, "sec": 7187.7}
{"event": "step", "step": 20000, "loss": 0.0234, "lr": 0.000118, "sec": 7235.3}
{"event": "step", "step": 20200, "loss": 0.0237, "lr": 0.000114, "sec": 7282.1}
{"event": "step", "step": 20400, "loss": 0.0178, "lr": 0.000111, "sec": 7330.0}
{"event": "step", "step": 20600, "loss": 0.019, "lr": 0.000108, "sec": 7377.3}
{"event": "step", "step": 20800, "loss": 0.0227, "lr": 0.000104, "sec": 7424.8}
{"event": "step", "step": 21000, "loss": 0.0155, "lr": 0.000101, "sec": 7473.5}
{"event": "eval", "step": 21000, "train_frames_eval": 0.88, "qframe": 0.8843, "lexicon": 0.7886, "mode": 0.5557}
{"event": "step", "step": 21200, "loss": 0.0203, "lr": 9.8e-05, "sec": 7573.4}
{"event": "step", "step": 21400, "loss": 0.0174, "lr": 9.4e-05, "sec": 7621.6}
{"event": "step", "step": 21600, "loss": 0.0184, "lr": 9.1e-05, "sec": 7662.7}
{"event": "step", "step": 21800, "loss": 0.0142, "lr": 8.8e-05, "sec": 7709.0}
{"event": "step", "step": 22000, "loss": 0.017, "lr": 8.5e-05, "sec": 7754.7}
{"event": "step", "step": 22200, "loss": 0.0168, "lr": 8.2e-05, "sec": 7801.7}
{"event": "step", "step": 22400, "loss": 0.0167, "lr": 7.9e-05, "sec": 7846.7}
{"event": "step", "step": 22600, "loss": 0.0137, "lr": 7.6e-05, "sec": 7895.0}
{"event": "step", "step": 22800, "loss": 0.0144, "lr": 7.3e-05, "sec": 7940.5}
{"event": "step", "step": 23000, "loss": 0.0172, "lr": 7e-05, "sec": 7986.3}
{"event": "step", "step": 23200, "loss": 0.0143, "lr": 6.8e-05, "sec": 8032.4}
{"event": "step", "step": 23400, "loss": 0.0144, "lr": 6.5e-05, "sec": 8078.8}
{"event": "step", "step": 23600, "loss": 0.0139, "lr": 6.2e-05, "sec": 8125.1}
{"event": "step", "step": 23800, "loss": 0.0143, "lr": 6e-05, "sec": 8172.5}
{"event": "step", "step": 24000, "loss": 0.0133, "lr": 5.7e-05, "sec": 8219.2}
{"event": "eval", "step": 24000, "train_frames_eval": 0.91, "qframe": 0.9071, "lexicon": 0.7914, "mode": 0.5414}
{"event": "step", "step": 24200, "loss": 0.0138, "lr": 5.5e-05, "sec": 8317.0}
{"event": "step", "step": 24400, "loss": 0.0141, "lr": 5.3e-05, "sec": 8363.9}
{"event": "step", "step": 24600, "loss": 0.0132, "lr": 5.1e-05, "sec": 8411.0}
{"event": "step", "step": 24800, "loss": 0.014, "lr": 4.8e-05, "sec": 8458.8}
{"event": "step", "step": 25000, "loss": 0.0189, "lr": 4.6e-05, "sec": 8506.1}
{"event": "step", "step": 25200, "loss": 0.0149, "lr": 4.4e-05, "sec": 8553.6}
{"event": "step", "step": 25400, "loss": 0.0158, "lr": 4.2e-05, "sec": 8602.1}
{"event": "step", "step": 25600, "loss": 0.0121, "lr": 4e-05, "sec": 8650.8}
{"event": "step", "step": 25800, "loss": 0.0156, "lr": 3.9e-05, "sec": 8699.0}
{"event": "step", "step": 26000, "loss": 0.013, "lr": 3.7e-05, "sec": 8741.0}
{"event": "step", "step": 26200, "loss": 0.015, "lr": 3.5e-05, "sec": 8789.4}
{"event": "step", "step": 26400, "loss": 0.0127, "lr": 3.4e-05, "sec": 8837.4}
{"event": "step", "step": 26600, "loss": 0.012, "lr": 3.2e-05, "sec": 8885.5}
{"event": "step", "step": 26800, "loss": 0.0135, "lr": 3.1e-05, "sec": 8932.5}
{"event": "step", "step": 27000, "loss": 0.0131, "lr": 3e-05, "sec": 8980.5}
{"event": "eval", "step": 27000, "train_frames_eval": 0.9157, "qframe": 0.9086, "lexicon": 0.8043, "mode": 0.5643}
{"event": "step", "step": 27200, "loss": 0.0115, "lr": 2.8e-05, "sec": 9079.9}
{"event": "step", "step": 27400, "loss": 0.0114, "lr": 2.7e-05, "sec": 9128.1}
{"event": "step", "step": 27600, "loss": 0.0136, "lr": 2.6e-05, "sec": 9174.5}
{"event": "step", "step": 27800, "loss": 0.0119, "lr": 2.5e-05, "sec": 9221.9}
{"event": "step", "step": 28000, "loss": 0.0137, "lr": 2.4e-05, "sec": 9267.9}
{"event": "step", "step": 28200, "loss": 0.0169, "lr": 2.3e-05, "sec": 9313.5}
{"event": "step", "step": 28400, "loss": 0.014, "lr": 2.3e-05, "sec": 9358.2}
{"event": "step", "step": 28600, "loss": 0.0108, "lr": 2.2e-05, "sec": 9405.2}
{"event": "step", "step": 28800, "loss": 0.0132, "lr": 2.2e-05, "sec": 9449.9}
{"event": "step", "step": 29000, "loss": 0.0127, "lr": 2.1e-05, "sec": 9497.4}
{"event": "step", "step": 29200, "loss": 0.0132, "lr": 2.1e-05, "sec": 9544.3}
{"event": "step", "step": 29400, "loss": 0.0116, "lr": 2e-05, "sec": 9592.9}
{"event": "step", "step": 29600, "loss": 0.0115, "lr": 2e-05, "sec": 9642.0}
{"event": "step", "step": 29800, "loss": 0.0136, "lr": 2e-05, "sec": 9690.4}
{"event": "step", "step": 30000, "loss": 0.0126, "lr": 2e-05, "sec": 9738.6}
{"event": "eval", "step": 30000, "train_frames_eval": 0.9171, "qframe": 0.9086, "lexicon": 0.7971, "mode": 0.5657}
{"event": "done", "ckpt": "results/norm/train/ckpt_l.pt", "sec": 9792.3, "params": {"total": 45483008, "embeddings": 1379328, "non_embedding": 44103680}}
