{"event": "start", "size": "s", "params": {"total": 1729280, "embeddings": 344832, "non_embedding": 1384448}, "lr": 0.001, "steps": 30000, "n_train": 120000, "budget": 32768, "in_vocab": 923, "out_vocab": 155, "seed": 1, "tag": "e120000"}
{"event": "step", "step": 200, "loss": 3.2801, "lr": 0.0004, "sec": 9.8}
{"event": "step", "step": 400, "loss": 0.8768, "lr": 0.0008, "sec": 19.0}
{"event": "step", "step": 600, "loss": 0.4516, "lr": 0.001, "sec": 28.4}
{"event": "step", "step": 800, "loss": 0.3598, "lr": 0.001, "sec": 37.5}
{"event": "step", "step": 1000, "loss": 0.2925, "lr": 0.000999, "sec": 46.5}
{"event": "step", "step": 1200, "loss": 0.2777, "lr": 0.000999, "sec": 55.8}
{"event": "step", "step": 1400, "loss": 0.2665, "lr": 0.000998, "sec": 65.1}
{"event": "step", "step": 1600, "loss": 0.2395, "lr": 0.000997, "sec": 74.4}
{"event": "step", "step": 1800, "loss": 0.2239, "lr": 0.000995, "sec": 83.4}
{"event": "step", "step": 2000, "loss": 0.2249, "lr": 0.000994, "sec": 92.7}
{"event": "step", "step": 2200, "loss": 0.2327, "lr": 0.000992, "sec": 101.9}
{"event": "step", "step": 2400, "loss": 0.2018, "lr": 0.00099, "sec": 111.2}
{"event": "step", "step": 2600, "loss": 0.2037, "lr": 0.000988, "sec": 120.6}
{"event": "step", "step": 2800, "loss": 0.1958, "lr": 0.000986, "sec": 129.8}
{"event": "step", "step": 3000, "loss": 0.2088, "lr": 0.000983, "sec": 139.0}
{"event": "step", "step": 3200, "loss": 0.1952, "lr": 0.00098, "sec": 148.4}
{"event": "step", "step": 3400, "loss": 0.195, "lr": 0.000978, "sec": 157.5}
{"event": "step", "step": 3600, "loss": 0.1899, "lr": 0.000974, "sec": 166.7}
{"event": "step", "step": 3800, "loss": 0.1684, "lr": 0.000971, "sec": 175.8}
{"event": "step", "step": 4000, "loss": 0.1651, "lr": 0.000967, "sec": 187.8}
{"event": "step", "step": 4200, "loss": 0.1815, "lr": 0.000964, "sec": 199.7}
{"event": "step", "step": 4400, "loss": 0.163, "lr": 0.00096, "sec": 211.6}
{"event": "step", "step": 4600, "loss": 0.1628, "lr": 0.000955, "sec": 223.5}
{"event": "step", "step": 4800, "loss": 0.158, "lr": 0.000951, "sec": 235.5}
{"event": "step", "step": 5000, "loss": 0.1481, "lr": 0.000946, "sec": 247.5}
{"event": "step", "step": 5200, "loss": 0.1581, "lr": 0.000942, "sec": 259.3}
{"event": "step", "step": 5400, "loss": 0.1349, "lr": 0.000937, "sec": 271.2}
{"event": "step", "step": 5600, "loss": 0.1394, "lr": 0.000932, "sec": 283.3}
{"event": "step", "step": 5800, "loss": 0.1427, "lr": 0.000926, "sec": 295.2}
{"event": "step", "step": 6000, "loss": 0.1525, "lr": 0.000921, "sec": 307.0}
{"event": "step", "step": 6200, "loss": 0.1314, "lr": 0.000915, "sec": 318.8}
{"event": "step", "step": 6400, "loss": 0.1336, "lr": 0.000909, "sec": 330.8}
{"event": "step", "step": 6600, "loss": 0.1313, "lr": 0.000903, "sec": 342.7}
{"event": "step", "step": 6800, "loss": 0.1404, "lr": 0.000897, "sec": 354.8}
{"event": "step", "step": 7000, "loss": 0.1418, "lr": 0.000891, "sec": 367.2}
{"event": "step", "step": 7200, "loss": 0.1387, "lr": 0.000884, "sec": 379.2}
{"event": "step", "step": 7400, "loss": 0.1119, "lr": 0.000877, "sec": 391.4}
{"event": "step", "step": 7600, "loss": 0.1299, "lr": 0.000871, "sec": 403.3}
{"event": "step", "step": 7800, "loss": 0.1192, "lr": 0.000864, "sec": 415.2}
{"event": "step", "step": 8000, "loss": 0.113, "lr": 0.000856, "sec": 427.2}
{"event": "step", "step": 8200, "loss": 0.1108, "lr": 0.000849, "sec": 439.4}
{"event": "step", "step": 8400, "loss": 0.1246, "lr": 0.000842, "sec": 451.5}
{"event": "step", "step": 8600, "loss": 0.1083, "lr": 0.000834, "sec": 463.6}
{"event": "step", "step": 8800, "loss": 0.1234, "lr": 0.000826, "sec": 475.5}
{"event": "step", "step": 9000, "loss": 0.1021, "lr": 0.000818, "sec": 487.6}
{"event": "step", "step": 9200, "loss": 0.1072, "lr": 0.00081, "sec": 499.7}
{"event": "step", "step": 9400, "loss": 0.1057, "lr": 0.000802, "sec": 510.0}
{"event": "step", "step": 9600, "loss": 0.1085, "lr": 0.000794, "sec": 520.1}
{"event": "step", "step": 9800, "loss": 0.1065, "lr": 0.000785, "sec": 530.2}
{"event": "step", "step": 10000, "loss": 0.1037, "lr": 0.000777, "sec": 540.1}
{"event": "eval", "step": 10000, "train_frames_eval": 0.7043, "qframe": 0.6614, "lexicon": 0.5914, "mode": 0.42}
{"event": "step", "step": 10200, "loss": 0.1032, "lr": 0.000768, "sec": 598.7}
{"event": "step", "step": 10400, "loss": 0.1029, "lr": 0.00076, "sec": 610.8}
{"event": "step", "step": 10600, "loss": 0.098, "lr": 0.000751, "sec": 623.0}
{"event": "step", "step": 10800, "loss": 0.0926, "lr": 0.000742, "sec": 634.9}
{"event": "step", "step": 11000, "loss": 0.0977, "lr": 0.000733, "sec": 646.8}
{"event": "step", "step": 11200, "loss": 0.0976, "lr": 0.000724, "sec": 658.8}
{"event": "step", "step": 11400, "loss": 0.0912, "lr": 0.000714, "sec": 671.1}
{"event": "step", "step": 11600, "loss": 0.0915, "lr": 0.000705, "sec": 683.4}
{"event": "step", "step": 11800, "loss": 0.0911, "lr": 0.000696, "sec": 695.6}
{"event": "step", "step": 12000, "loss": 0.0945, "lr": 0.000686, "sec": 707.4}
{"event": "step", "step": 12200, "loss": 0.0956, "lr": 0.000677, "sec": 719.3}
{"event": "step", "step": 12400, "loss": 0.0814, "lr": 0.000667, "sec": 731.4}
{"event": "step", "step": 12600, "loss": 0.0901, "lr": 0.000657, "sec": 743.2}
{"event": "step", "step": 12800, "loss": 0.0841, "lr": 0.000648, "sec": 755.2}
{"event": "step", "step": 13000, "loss": 0.0826, "lr": 0.000638, "sec": 767.4}
{"event": "step", "step": 13200, "loss": 0.0775, "lr": 0.000628, "sec": 779.4}
{"event": "step", "step": 13400, "loss": 0.0953, "lr": 0.000618, "sec": 791.6}
{"event": "step", "step": 13600, "loss": 0.0861, "lr": 0.000608, "sec": 802.9}
{"event": "step", "step": 13800, "loss": 0.0796, "lr": 0.000598, "sec": 812.9}
{"event": "step", "step": 14000, "loss": 0.08, "lr": 0.000588, "sec": 824.1}
{"event": "step", "step": 14200, "loss": 0.0768, "lr": 0.000578, "sec": 834.6}
{"event": "step", "step": 14400, "loss": 0.0714, "lr": 0.000568, "sec": 844.7}
{"event": "step", "step": 14600, "loss": 0.0765, "lr": 0.000558, "sec": 855.7}
{"event": "step", "step": 14800, "loss": 0.0779, "lr": 0.000548, "sec": 864.5}
{"event": "step", "step": 15000, "loss": 0.0814, "lr": 0.000538, "sec": 872.9}
{"event": "step", "step": 15200, "loss": 0.0741, "lr": 0.000528, "sec": 881.6}
{"event": "step", "step": 15400, "loss": 0.0729, "lr": 0.000517, "sec": 889.4}
{"event": "step", "step": 15600, "loss": 0.0692, "lr": 0.000507, "sec": 898.6}
{"event": "step", "step": 15800, "loss": 0.0762, "lr": 0.000497, "sec": 910.5}
{"event": "step", "step": 16000, "loss": 0.0731, "lr": 0.000487, "sec": 921.3}
{"event": "step", "step": 16200, "loss": 0.0716, "lr": 0.000477, "sec": 931.1}
{"event": "step", "step": 16400, "loss": 0.0668, "lr": 0.000467, "sec": 942.9}
{"event": "step", "step": 16600, "loss": 0.0641, "lr": 0.000457, "sec": 954.7}
{"event": "step", "step": 16800, "loss": 0.0674, "lr": 0.000447, "sec": 966.8}
{"event": "step", "step": 17000, "loss": 0.0645, "lr": 0.000437, "sec": 979.0}
{"event": "step", "step": 17200, "loss": 0.0665, "lr": 0.000427, "sec": 991.1}
{"event": "step", "step": 17400, "loss": 0.0628, "lr": 0.000417, "sec": 1003.3}
{"event": "step", "step": 17600, "loss": 0.0661, "lr": 0.000407, "sec": 1015.5}
{"event": "step", "step": 17800, "loss": 0.0632, "lr": 0.000398, "sec": 1027.6}
{"event": "step", "step": 18000, "loss": 0.063, "lr": 0.000388, "sec": 1039.9}
{"event": "step", "step": 18200, "loss": 0.0646, "lr": 0.000378, "sec": 1052.0}
{"event": "step", "step": 18400, "loss": 0.0537, "lr": 0.000369, "sec": 1064.3}
{"event": "step", "step": 18600, "loss": 0.065, "lr": 0.000359, "sec": 1076.6}
{"event": "step", "step": 18800, "loss": 0.0628, "lr": 0.00035, "sec": 1088.7}
{"event": "step", "step": 19000, "loss": 0.0588, "lr": 0.00034, "sec": 1101.1}
{"event": "step", "step": 19200, "loss": 0.0561, "lr": 0.000331, "sec": 1113.3}
{"event": "step", "step": 19400, "loss": 0.0569, "lr": 0.000322, "sec": 1125.6}
{"event": "step", "step": 19600, "loss": 0.0586, "lr": 0.000313, "sec": 1137.6}
{"event": "step", "step": 19800, "loss": 0.0517, "lr": 0.000304, "sec": 1149.7}
{"event": "step", "step": 20000, "loss": 0.053, "lr": 0.000295, "sec": 1161.6}
{"event": "eval", "step": 20000, "train_frames_eval": 0.7429, "qframe": 0.7386, "lexicon": 0.6686, "mode": 0.5029}
{"event": "step", "step": 20200, "loss": 0.0608, "lr": 0.000286, "sec": 1214.9}
{"event": "step", "step": 20400, "loss": 0.0553, "lr": 0.000277, "sec": 1225.1}
{"event": "step", "step": 20600, "loss": 0.0531, "lr": 0.000269, "sec": 1235.2}
{"event": "step", "step": 20800, "loss": 0.0523, "lr": 0.00026, "sec": 1245.3}
{"event": "step", "step": 21000, "loss": 0.0494, "lr": 0.000252, "sec": 1255.3}
{"event": "step", "step": 21200, "loss": 0.05, "lr": 0.000244, "sec": 1265.1}
{"event": "step", "step": 21400, "loss": 0.0517, "lr": 0.000236, "sec": 1275.1}
{"event": "step", "step": 21600, "loss": 0.0511, "lr": 0.000228, "sec": 1285.2}
{"event": "step", "step": 21800, "loss": 0.0487, "lr": 0.00022, "sec": 1294.8}
{"event": "step", "step": 22000, "loss": 0.0491, "lr": 0.000212, "sec": 1304.1}
{"event": "step", "step": 22200, "loss": 0.0406, "lr": 0.000205, "sec": 1311.8}
{"event": "step", "step": 22400, "loss": 0.0485, "lr": 0.000197, "sec": 1321.6}
{"event": "step", "step": 22600, "loss": 0.052, "lr": 0.00019, "sec": 1331.5}
{"event": "step", "step": 22800, "loss": 0.0441, "lr": 0.000183, "sec": 1341.6}
{"event": "step", "step": 23000, "loss": 0.0471, "lr": 0.000176, "sec": 1351.8}
{"event": "step", "step": 23200, "loss": 0.0466, "lr": 0.000169, "sec": 1362.0}
{"event": "step", "step": 23400, "loss": 0.0441, "lr": 0.000163, "sec": 1372.4}
{"event": "step", "step": 23600, "loss": 0.0418, "lr": 0.000156, "sec": 1382.8}
{"event": "step", "step": 23800, "loss": 0.0468, "lr": 0.00015, "sec": 1393.3}
{"event": "step", "step": 24000, "loss": 0.042, "lr": 0.000144, "sec": 1403.3}
{"event": "step", "step": 24200, "loss": 0.0418, "lr": 0.000138, "sec": 1413.5}
{"event": "step", "step": 24400, "loss": 0.0413, "lr": 0.000132, "sec": 1424.0}
{"event": "step", "step": 24600, "loss": 0.0473, "lr": 0.000126, "sec": 1434.2}
{"event": "step", "step": 24800, "loss": 0.0382, "lr": 0.000121, "sec": 1444.5}
{"event": "step", "step": 25000, "loss": 0.0389, "lr": 0.000116, "sec": 1454.9}
{"event": "step", "step": 25200, "loss": 0.0415, "lr": 0.000111, "sec": 1465.2}
{"event": "step", "step": 25400, "loss": 0.0407, "lr": 0.000106, "sec": 1475.4}
{"event": "step", "step": 25600, "loss": 0.0404, "lr": 0.000101, "sec": 1485.5}
{"event": "step", "step": 25800, "loss": 0.038, "lr": 9.7e-05, "sec": 1496.0}
{"event": "step", "step": 26000, "loss": 0.0388, "lr": 9.2e-05, "sec": 1506.2}
{"event": "step", "step": 26200, "loss": 0.0382, "lr": 8.8e-05, "sec": 1516.5}
{"event": "step", "step": 26400, "loss": 0.0367, "lr": 8.4e-05, "sec": 1527.1}
{"event": "step", "step": 26600, "loss": 0.0375, "lr": 8.1e-05, "sec": 1537.2}
{"event": "step", "step": 26800, "loss": 0.0378, "lr": 7.7e-05, "sec": 1547.2}
{"event": "step", "step": 27000, "loss": 0.0419, "lr": 7.4e-05, "sec": 1557.2}
{"event": "step", "step": 27200, "loss": 0.0401, "lr": 7.1e-05, "sec": 1567.0}
{"event": "step", "step": 27400, "loss": 0.0376, "lr": 6.8e-05, "sec": 1577.1}
{"event": "step", "step": 27600, "loss": 0.0346, "lr": 6.5e-05, "sec": 1587.5}
{"event": "step", "step": 27800, "loss": 0.034, "lr": 6.3e-05, "sec": 1597.0}
{"event": "step", "step": 28000, "loss": 0.036, "lr": 6.1e-05, "sec": 1606.6}
{"event": "step", "step": 28200, "loss": 0.0323, "lr": 5.9e-05, "sec": 1616.0}
{"event": "step", "step": 28400, "loss": 0.0372, "lr": 5.7e-05, "sec": 1627.8}
{"event": "step", "step": 28600, "loss": 0.0353, "lr": 5.5e-05, "sec": 1640.6}
{"event": "step", "step": 28800, "loss": 0.0333, "lr": 5.4e-05, "sec": 1653.2}
{"event": "step", "step": 29000, "loss": 0.0374, "lr": 5.3e-05, "sec": 1666.1}
{"event": "step", "step": 29200, "loss": 0.0364, "lr": 5.2e-05, "sec": 1679.1}
{"event": "step", "step": 29400, "loss": 0.0323, "lr": 5.1e-05, "sec": 1691.9}
{"event": "step", "step": 29600, "loss": 0.0335, "lr": 5e-05, "sec": 1704.9}
{"event": "step", "step": 29800, "loss": 0.0374, "lr": 5e-05, "sec": 1717.6}
{"event": "step", "step": 30000, "loss": 0.0326, "lr": 5e-05, "sec": 1730.5}
{"event": "eval", "step": 30000, "train_frames_eval": 0.7743, "qframe": 0.7429, "lexicon": 0.6657, "mode": 0.5086}
{"event": "done", "ckpt": "results/norm/train/ckpt_e120000.pt", "sec": 1775.8, "params": {"total": 1729280, "embeddings": 344832, "non_embedding": 1384448}}
