{"event": "start", "size": "xs", "params": {"total": 404608, "embeddings": 172416, "non_embedding": 232192}, "lr": 0.0015, "steps": 30000, "n_train": 1200000, "budget": 32768, "in_vocab": 923, "out_vocab": 155, "seed": 1, "tag": "xs"}
{"event": "step", "step": 200, "loss": 3.8234, "lr": 0.0006, "sec": 7.2}
{"event": "step", "step": 400, "loss": 1.5185, "lr": 0.0012, "sec": 13.6}
{"event": "step", "step": 600, "loss": 0.6262, "lr": 0.0015, "sec": 20.1}
{"event": "step", "step": 800, "loss": 0.3792, "lr": 0.0015, "sec": 26.7}
{"event": "step", "step": 1000, "loss": 0.3276, "lr": 0.001499, "sec": 33.2}
{"event": "step", "step": 1200, "loss": 0.2835, "lr": 0.001498, "sec": 39.7}
{"event": "step", "step": 1400, "loss": 0.2417, "lr": 0.001497, "sec": 46.3}
{"event": "step", "step": 1600, "loss": 0.2403, "lr": 0.001495, "sec": 52.8}
{"event": "step", "step": 1800, "loss": 0.2257, "lr": 0.001493, "sec": 59.4}
{"event": "step", "step": 2000, "loss": 0.2012, "lr": 0.001491, "sec": 65.9}
{"event": "step", "step": 2200, "loss": 0.1989, "lr": 0.001488, "sec": 72.5}
{"event": "step", "step": 2400, "loss": 0.1872, "lr": 0.001485, "sec": 78.8}
{"event": "step", "step": 2600, "loss": 0.191, "lr": 0.001482, "sec": 85.2}
{"event": "step", "step": 2800, "loss": 0.1643, "lr": 0.001479, "sec": 91.8}
{"event": "step", "step": 3000, "loss": 0.1722, "lr": 0.001475, "sec": 98.4}
{"event": "step", "step": 3200, "loss": 0.1643, "lr": 0.001471, "sec": 104.9}
{"event": "step", "step": 3400, "loss": 0.1513, "lr": 0.001466, "sec": 111.2}
{"event": "step", "step": 3600, "loss": 0.1533, "lr": 0.001462, "sec": 117.8}
{"event": "step", "step": 3800, "loss": 0.1492, "lr": 0.001456, "sec": 124.2}
{"event": "step", "step": 4000, "loss": 0.136, "lr": 0.001451, "sec": 130.9}
{"event": "step", "step": 4200, "loss": 0.133, "lr": 0.001445, "sec": 137.5}
{"event": "step", "step": 4400, "loss": 0.13, "lr": 0.001439, "sec": 143.8}
{"event": "step", "step": 4600, "loss": 0.1185, "lr": 0.001433, "sec": 150.3}
{"event": "step", "step": 4800, "loss": 0.1043, "lr": 0.001427, "sec": 156.9}
{"event": "step", "step": 5000, "loss": 0.1226, "lr": 0.00142, "sec": 163.5}
{"event": "step", "step": 5200, "loss": 0.1234, "lr": 0.001413, "sec": 169.9}
{"event": "step", "step": 5400, "loss": 0.1129, "lr": 0.001405, "sec": 176.6}
{"event": "step", "step": 5600, "loss": 0.1082, "lr": 0.001397, "sec": 183.3}
{"event": "step", "step": 5800, "loss": 0.1088, "lr": 0.001389, "sec": 189.7}
{"event": "step", "step": 6000, "loss": 0.0969, "lr": 0.001381, "sec": 196.4}
{"event": "step", "step": 6200, "loss": 0.0974, "lr": 0.001373, "sec": 203.0}
{"event": "step", "step": 6400, "loss": 0.0918, "lr": 0.001364, "sec": 209.7}
{"event": "step", "step": 6600, "loss": 0.1041, "lr": 0.001355, "sec": 216.2}
{"event": "step", "step": 6800, "loss": 0.0999, "lr": 0.001346, "sec": 222.6}
{"event": "step", "step": 7000, "loss": 0.0985, "lr": 0.001336, "sec": 229.1}
{"event": "step", "step": 7200, "loss": 0.0854, "lr": 0.001326, "sec": 235.6}
{"event": "step", "step": 7400, "loss": 0.0961, "lr": 0.001316, "sec": 242.8}
{"event": "step", "step": 7600, "loss": 0.0862, "lr": 0.001306, "sec": 249.3}
{"event": "step", "step": 7800, "loss": 0.0852, "lr": 0.001295, "sec": 255.9}
{"event": "step", "step": 8000, "loss": 0.0862, "lr": 0.001285, "sec": 262.6}
{"event": "step", "step": 8200, "loss": 0.0792, "lr": 0.001274, "sec": 269.2}
{"event": "step", "step": 8400, "loss": 0.0819, "lr": 0.001262, "sec": 275.9}
{"event": "step", "step": 8600, "loss": 0.0881, "lr": 0.001251, "sec": 282.5}
{"event": "step", "step": 8800, "loss": 0.086, "lr": 0.001239, "sec": 289.1}
{"event": "step", "step": 9000, "loss": 0.0773, "lr": 0.001227, "sec": 295.8}
{"event": "step", "step": 9200, "loss": 0.0787, "lr": 0.001215, "sec": 302.3}
{"event": "step", "step": 9400, "loss": 0.0801, "lr": 0.001203, "sec": 308.8}
{"event": "step", "step": 9600, "loss": 0.0751, "lr": 0.001191, "sec": 315.4}
{"event": "step", "step": 9800, "loss": 0.063, "lr": 0.001178, "sec": 322.0}
{"event": "step", "step": 10000, "loss": 0.0755, "lr": 0.001165, "sec": 328.5}
{"event": "eval", "step": 10000, "train_frames_eval": 0.7371, "qframe": 0.7343, "lexicon": 0.5343, "mode": 0.4586}
{"event": "step", "step": 10200, "loss": 0.0696, "lr": 0.001152, "sec": 375.1}
{"event": "step", "step": 10400, "loss": 0.0702, "lr": 0.001139, "sec": 380.4}
{"event": "step", "step": 10600, "loss": 0.0688, "lr": 0.001126, "sec": 385.6}
{"event": "step", "step": 10800, "loss": 0.0573, "lr": 0.001113, "sec": 391.0}
{"event": "step", "step": 11000, "loss": 0.072, "lr": 0.001099, "sec": 396.1}
{"event": "step", "step": 11200, "loss": 0.0609, "lr": 0.001085, "sec": 401.4}
{"event": "step", "step": 11400, "loss": 0.0612, "lr": 0.001072, "sec": 406.3}
{"event": "step", "step": 11600, "loss": 0.0572, "lr": 0.001058, "sec": 411.3}
{"event": "step", "step": 11800, "loss": 0.0622, "lr": 0.001043, "sec": 417.8}
{"event": "step", "step": 12000, "loss": 0.0708, "lr": 0.001029, "sec": 424.4}
{"event": "step", "step": 12200, "loss": 0.0494, "lr": 0.001015, "sec": 430.9}
{"event": "step", "step": 12400, "loss": 0.0538, "lr": 0.001, "sec": 437.5}
{"event": "step", "step": 12600, "loss": 0.0576, "lr": 0.000986, "sec": 444.3}
{"event": "step", "step": 12800, "loss": 0.0567, "lr": 0.000971, "sec": 450.8}
{"event": "step", "step": 13000, "loss": 0.0612, "lr": 0.000957, "sec": 457.3}
{"event": "step", "step": 13200, "loss": 0.0514, "lr": 0.000942, "sec": 463.9}
{"event": "step", "step": 13400, "loss": 0.0464, "lr": 0.000927, "sec": 470.4}
{"event": "step", "step": 13600, "loss": 0.0545, "lr": 0.000912, "sec": 476.9}
{"event": "step", "step": 13800, "loss": 0.0541, "lr": 0.000897, "sec": 483.3}
{"event": "step", "step": 14000, "loss": 0.0476, "lr": 0.000882, "sec": 490.0}
{"event": "step", "step": 14200, "loss": 0.049, "lr": 0.000867, "sec": 496.6}
{"event": "step", "step": 14400, "loss": 0.0477, "lr": 0.000852, "sec": 503.4}
{"event": "step", "step": 14600, "loss": 0.0457, "lr": 0.000837, "sec": 510.0}
{"event": "step", "step": 14800, "loss": 0.046, "lr": 0.000822, "sec": 516.6}
{"event": "step", "step": 15000, "loss": 0.0486, "lr": 0.000806, "sec": 523.1}
{"event": "step", "step": 15200, "loss": 0.0428, "lr": 0.000791, "sec": 529.6}
{"event": "step", "step": 15400, "loss": 0.0479, "lr": 0.000776, "sec": 536.2}
{"event": "step", "step": 15600, "loss": 0.0394, "lr": 0.000761, "sec": 542.5}
{"event": "step", "step": 15800, "loss": 0.042, "lr": 0.000746, "sec": 549.0}
{"event": "step", "step": 16000, "loss": 0.0449, "lr": 0.000731, "sec": 555.5}
{"event": "step", "step": 16200, "loss": 0.046, "lr": 0.000716, "sec": 562.2}
{"event": "step", "step": 16400, "loss": 0.0386, "lr": 0.0007, "sec": 568.8}
{"event": "step", "step": 16600, "loss": 0.038, "lr": 0.000685, "sec": 575.5}
{"event": "step", "step": 16800, "loss": 0.0468, "lr": 0.00067, "sec": 582.0}
{"event": "step", "step": 17000, "loss": 0.0397, "lr": 0.000655, "sec": 588.7}
{"event": "step", "step": 17200, "loss": 0.0398, "lr": 0.000641, "sec": 595.4}
{"event": "step", "step": 17400, "loss": 0.0339, "lr": 0.000626, "sec": 602.0}
{"event": "step", "step": 17600, "loss": 0.0384, "lr": 0.000611, "sec": 608.6}
{"event": "step", "step": 17800, "loss": 0.0358, "lr": 0.000596, "sec": 615.1}
{"event": "step", "step": 18000, "loss": 0.0315, "lr": 0.000582, "sec": 621.8}
{"event": "step", "step": 18200, "loss": 0.0325, "lr": 0.000567, "sec": 627.8}
{"event": "step", "step": 18400, "loss": 0.0342, "lr": 0.000553, "sec": 632.8}
{"event": "step", "step": 18600, "loss": 0.0344, "lr": 0.000539, "sec": 638.8}
{"event": "step", "step": 18800, "loss": 0.0311, "lr": 0.000525, "sec": 644.8}
{"event": "step", "step": 19000, "loss": 0.0328, "lr": 0.00051, "sec": 651.0}
{"event": "step", "step": 19200, "loss": 0.0284, "lr": 0.000497, "sec": 656.9}
{"event": "step", "step": 19400, "loss": 0.0298, "lr": 0.000483, "sec": 662.0}
{"event": "step", "step": 19600, "loss": 0.0336, "lr": 0.000469, "sec": 667.9}
{"event": "step", "step": 19800, "loss": 0.0308, "lr": 0.000456, "sec": 673.8}
{"event": "step", "step": 20000, "loss": 0.0296, "lr": 0.000442, "sec": 680.0}
{"event": "eval", "step": 20000, "train_frames_eval": 0.86, "qframe": 0.8457, "lexicon": 0.5171, "mode": 0.4486}
{"event": "step", "step": 20200, "loss": 0.0321, "lr": 0.000429, "sec": 724.0}
{"event": "step", "step": 20400, "loss": 0.0259, "lr": 0.000416, "sec": 730.4}
{"event": "step", "step": 20600, "loss": 0.0267, "lr": 0.000403, "sec": 736.9}
{"event": "step", "step": 20800, "loss": 0.0301, "lr": 0.00039, "sec": 743.1}
{"event": "step", "step": 21000, "loss": 0.0217, "lr": 0.000378, "sec": 748.4}
{"event": "step", "step": 21200, "loss": 0.0283, "lr": 0.000366, "sec": 753.7}
{"event": "step", "step": 21400, "loss": 0.025, "lr": 0.000354, "sec": 759.8}
{"event": "step", "step": 21600, "loss": 0.0259, "lr": 0.000342, "sec": 766.3}
{"event": "step", "step": 21800, "loss": 0.0206, "lr": 0.00033, "sec": 772.7}
{"event": "step", "step": 22000, "loss": 0.0248, "lr": 0.000318, "sec": 779.1}
{"event": "step", "step": 22200, "loss": 0.0236, "lr": 0.000307, "sec": 785.6}
{"event": "step", "step": 22400, "loss": 0.0245, "lr": 0.000296, "sec": 792.3}
{"event": "step", "step": 22600, "loss": 0.0208, "lr": 0.000285, "sec": 798.9}
{"event": "step", "step": 22800, "loss": 0.0208, "lr": 0.000274, "sec": 805.6}
{"event": "step", "step": 23000, "loss": 0.0248, "lr": 0.000264, "sec": 812.2}
{"event": "step", "step": 23200, "loss": 0.0215, "lr": 0.000254, "sec": 818.8}
{"event": "step", "step": 23400, "loss": 0.0208, "lr": 0.000244, "sec": 825.5}
{"event": "step", "step": 23600, "loss": 0.0202, "lr": 0.000234, "sec": 832.2}
{"event": "step", "step": 23800, "loss": 0.0207, "lr": 0.000225, "sec": 838.9}
{"event": "step", "step": 24000, "loss": 0.0204, "lr": 0.000216, "sec": 845.5}
{"event": "step", "step": 24200, "loss": 0.0195, "lr": 0.000207, "sec": 852.2}
{"event": "step", "step": 24400, "loss": 0.0197, "lr": 0.000198, "sec": 858.9}
{"event": "step", "step": 24600, "loss": 0.0191, "lr": 0.00019, "sec": 865.5}
{"event": "step", "step": 24800, "loss": 0.0206, "lr": 0.000181, "sec": 872.2}
{"event": "step", "step": 25000, "loss": 0.0251, "lr": 0.000174, "sec": 878.7}
{"event": "step", "step": 25200, "loss": 0.0215, "lr": 0.000166, "sec": 885.4}
{"event": "step", "step": 25400, "loss": 0.0225, "lr": 0.000159, "sec": 892.1}
{"event": "step", "step": 25600, "loss": 0.017, "lr": 0.000152, "sec": 898.7}
{"event": "step", "step": 25800, "loss": 0.022, "lr": 0.000145, "sec": 905.5}
{"event": "step", "step": 26000, "loss": 0.019, "lr": 0.000139, "sec": 912.2}
{"event": "step", "step": 26200, "loss": 0.021, "lr": 0.000133, "sec": 919.0}
{"event": "step", "step": 26400, "loss": 0.0178, "lr": 0.000127, "sec": 925.8}
{"event": "step", "step": 26600, "loss": 0.0179, "lr": 0.000121, "sec": 932.5}
{"event": "step", "step": 26800, "loss": 0.0199, "lr": 0.000116, "sec": 939.2}
{"event": "step", "step": 27000, "loss": 0.0198, "lr": 0.000111, "sec": 945.8}
{"event": "step", "step": 27200, "loss": 0.0163, "lr": 0.000106, "sec": 952.4}
{"event": "step", "step": 27400, "loss": 0.0172, "lr": 0.000102, "sec": 958.9}
{"event": "step", "step": 27600, "loss": 0.0188, "lr": 9.8e-05, "sec": 965.6}
{"event": "step", "step": 27800, "loss": 0.0167, "lr": 9.4e-05, "sec": 972.2}
{"event": "step", "step": 28000, "loss": 0.0196, "lr": 9.1e-05, "sec": 978.7}
{"event": "step", "step": 28200, "loss": 0.024, "lr": 8.8e-05, "sec": 985.2}
{"event": "step", "step": 28400, "loss": 0.0197, "lr": 8.5e-05, "sec": 990.6}
{"event": "step", "step": 28600, "loss": 0.0157, "lr": 8.3e-05, "sec": 996.1}
{"event": "step", "step": 28800, "loss": 0.0194, "lr": 8.1e-05, "sec": 1001.3}
{"event": "step", "step": 29000, "loss": 0.0183, "lr": 7.9e-05, "sec": 1006.6}
{"event": "step", "step": 29200, "loss": 0.0189, "lr": 7.8e-05, "sec": 1012.1}
{"event": "step", "step": 29400, "loss": 0.0171, "lr": 7.6e-05, "sec": 1017.5}
{"event": "step", "step": 29600, "loss": 0.0167, "lr": 7.6e-05, "sec": 1022.9}
{"event": "step", "step": 29800, "loss": 0.0192, "lr": 7.5e-05, "sec": 1028.2}
{"event": "step", "step": 30000, "loss": 0.0181, "lr": 7.5e-05, "sec": 1034.7}
{"event": "eval", "step": 30000, "train_frames_eval": 0.8971, "qframe": 0.8914, "lexicon": 0.5271, "mode": 0.4514}
{"event": "done", "ckpt": "results/norm/train/ckpt_xs.pt", "sec": 1079.1, "params": {"total": 404608, "embeddings": 172416, "non_embedding": 232192}}
