[holdout] {"depth_histogram": {"1": 93126, "2": 33154, "3": 33720}, "max_distinct_operator_symbols": 1, "plans": 160000}
[pools] induction=160000 plans=160000 head=p2
{"step": 1, "kind": "induce", "loss": 4.12182, "lr": 1e-07, "secs": 0.7}
{"step": 100, "kind": "plan", "loss": 0.20701, "lr": 1e-05, "secs": 13.1}
{"step": 200, "kind": "plan", "loss": 0.11828, "lr": 2e-05, "secs": 23.4}
{"step": 300, "kind": "plan", "loss": 0.09181, "lr": 1.997e-05, "secs": 33.5}
{"step": 400, "kind": "plan", "loss": 0.07495, "lr": 1.986e-05, "secs": 43.5}
{"step": 500, "kind": "plan", "loss": 0.04023, "lr": 1.969e-05, "secs": 53.4}
{"step": 600, "kind": "plan", "loss": 0.04991, "lr": 1.946e-05, "secs": 63.3}
{"step": 700, "kind": "plan", "loss": 0.00312, "lr": 1.916e-05, "secs": 73.3}
{"step": 800, "kind": "plan", "loss": 0.0163, "lr": 1.879e-05, "secs": 84.7}
{"step": 900, "kind": "plan", "loss": 0.00435, "lr": 1.837e-05, "secs": 94.7}
{"step": 1000, "kind": "plan", "loss": 0.00592, "lr": 1.789e-05, "secs": 104.4}
{"step": 1100, "kind": "plan", "loss": 0.00083, "lr": 1.736e-05, "secs": 114.2}
{"step": 1200, "kind": "plan", "loss": 0.00209, "lr": 1.677e-05, "secs": 124.0}
{"step": 1300, "kind": "plan", "loss": 0.00015, "lr": 1.614e-05, "secs": 133.8}
{"step": 1400, "kind": "plan", "loss": 2e-05, "lr": 1.547e-05, "secs": 143.5}
{"step": 1500, "kind": "plan", "loss": 0.00016, "lr": 1.476e-05, "secs": 153.9}
{"step": 1600, "kind": "plan", "loss": 0.00013, "lr": 1.402e-05, "secs": 164.6}
{"step": 1700, "kind": "plan", "loss": 4e-05, "lr": 1.325e-05, "secs": 175.1}
{"step": 1800, "kind": "plan", "loss": 2e-05, "lr": 1.245e-05, "secs": 186.7}
{"step": 1900, "kind": "plan", "loss": 4e-05, "lr": 1.165e-05, "secs": 197.7}
{"step": 2000, "kind": "plan", "loss": 0.00145, "lr": 1.083e-05, "secs": 208.9}
{"step": 2100, "kind": "plan", "loss": 1e-05, "lr": 1e-05, "secs": 219.8}
{"step": 2200, "kind": "plan", "loss": 1e-05, "lr": 9.17e-06, "secs": 230.7}
{"step": 2300, "kind": "plan", "loss": 0.0, "lr": 8.35e-06, "secs": 241.0}
{"step": 2400, "kind": "plan", "loss": 0.0, "lr": 7.55e-06, "secs": 250.8}
{"step": 2500, "kind": "plan", "loss": 0.03501, "lr": 6.75e-06, "secs": 260.7}
{"step": 2600, "kind": "plan", "loss": 0.0, "lr": 5.98e-06, "secs": 270.4}
{"step": 2700, "kind": "plan", "loss": 0.0, "lr": 5.24e-06, "secs": 280.0}
{"step": 2800, "kind": "plan", "loss": 0.0, "lr": 4.53e-06, "secs": 289.7}
{"step": 2900, "kind": "plan", "loss": 0.0, "lr": 3.86e-06, "secs": 299.4}
{"step": 3000, "kind": "plan", "loss": 0.0, "lr": 3.23e-06, "secs": 309.3}
{"step": 3100, "kind": "plan", "loss": 0.0, "lr": 2.64e-06, "secs": 319.0}
{"step": 3200, "kind": "plan", "loss": 0.0, "lr": 2.11e-06, "secs": 328.7}
{"step": 3300, "kind": "plan", "loss": 0.0, "lr": 1.63e-06, "secs": 338.4}
{"step": 3400, "kind": "plan", "loss": 0.0, "lr": 1.21e-06, "secs": 348.0}
{"step": 3500, "kind": "plan", "loss": 0.0, "lr": 8.4e-07, "secs": 357.7}
{"step": 3600, "kind": "plan", "loss": 0.0, "lr": 5.4e-07, "secs": 367.3}
{"step": 3700, "kind": "plan", "loss": 0.0, "lr": 3.1e-07, "secs": 376.9}
{"step": 3800, "kind": "plan", "loss": 0.0, "lr": 1.4e-07, "secs": 386.7}
{"step": 3900, "kind": "plan", "loss": 0.0, "lr": 3e-08, "secs": 396.4}
{"step": 4000, "kind": "plan", "loss": 0.01638, "lr": 0.0, "secs": 406.3}
[dropped] {"induce": 0, "plan": 0, "sequences": 128000}
[done] head=p2 -> runs/ar/p2_s4000.pt
