[holdout] {"depth_histogram": {"1": 93126, "2": 33154, "3": 33720}, "max_distinct_operator_symbols": 1, "plans": 160000}
[pools] induction=160000 plans=160000 head=p1
{"step": 1, "kind": "induce", "loss": 4.12182, "lr": 1e-07, "secs": 0.7}
{"step": 100, "kind": "plan", "loss": 0.13574, "lr": 1e-05, "secs": 12.9}
{"step": 200, "kind": "plan", "loss": 0.051, "lr": 2e-05, "secs": 23.0}
{"step": 300, "kind": "plan", "loss": 0.03209, "lr": 1.999e-05, "secs": 33.1}
{"step": 400, "kind": "plan", "loss": 0.02496, "lr": 1.997e-05, "secs": 42.9}
{"step": 500, "kind": "plan", "loss": 0.03246, "lr": 1.993e-05, "secs": 52.6}
{"step": 600, "kind": "plan", "loss": 0.01101, "lr": 1.987e-05, "secs": 62.2}
{"step": 700, "kind": "plan", "loss": 0.01028, "lr": 1.98e-05, "secs": 72.1}
{"step": 800, "kind": "plan", "loss": 0.00919, "lr": 1.971e-05, "secs": 83.5}
{"step": 900, "kind": "plan", "loss": 0.01325, "lr": 1.961e-05, "secs": 93.4}
{"step": 1000, "kind": "plan", "loss": 0.02224, "lr": 1.949e-05, "secs": 103.0}
{"step": 1100, "kind": "plan", "loss": 0.01296, "lr": 1.935e-05, "secs": 112.7}
{"step": 1200, "kind": "plan", "loss": 6e-05, "lr": 1.92e-05, "secs": 122.3}
{"step": 1300, "kind": "plan", "loss": 0.01252, "lr": 1.903e-05, "secs": 132.0}
{"step": 1400, "kind": "plan", "loss": 0.00944, "lr": 1.885e-05, "secs": 141.7}
{"step": 1500, "kind": "plan", "loss": 0.0034, "lr": 1.866e-05, "secs": 151.6}
{"step": 1600, "kind": "plan", "loss": 0.00439, "lr": 1.845e-05, "secs": 162.1}
{"step": 1700, "kind": "plan", "loss": 0.00142, "lr": 1.823e-05, "secs": 172.8}
{"step": 1800, "kind": "plan", "loss": 0.003, "lr": 1.799e-05, "secs": 183.3}
{"step": 1900, "kind": "plan", "loss": 0.0083, "lr": 1.775e-05, "secs": 194.5}
{"step": 2000, "kind": "plan", "loss": 0.0007, "lr": 1.749e-05, "secs": 205.3}
{"step": 2100, "kind": "plan", "loss": 0.01841, "lr": 1.721e-05, "secs": 215.6}
{"step": 2200, "kind": "plan", "loss": 0.00039, "lr": 1.693e-05, "secs": 227.3}
{"step": 2300, "kind": "plan", "loss": 0.00065, "lr": 1.663e-05, "secs": 247.9}
{"step": 2400, "kind": "plan", "loss": 0.01612, "lr": 1.632e-05, "secs": 268.9}
{"step": 2500, "kind": "plan", "loss": 0.00415, "lr": 1.601e-05, "secs": 290.1}
{"step": 2600, "kind": "plan", "loss": 0.00031, "lr": 1.568e-05, "secs": 311.5}
{"step": 2700, "kind": "plan", "loss": 0.0443, "lr": 1.534e-05, "secs": 332.9}
{"step": 2800, "kind": "plan", "loss": 0.00027, "lr": 1.5e-05, "secs": 354.8}
{"step": 2900, "kind": "plan", "loss": 2e-05, "lr": 1.465e-05, "secs": 376.9}
{"step": 3000, "kind": "plan", "loss": 2e-05, "lr": 1.429e-05, "secs": 398.9}
{"step": 3100, "kind": "plan", "loss": 2e-05, "lr": 1.392e-05, "secs": 421.0}
{"step": 3200, "kind": "plan", "loss": 1e-05, "lr": 1.355e-05, "secs": 442.3}
{"step": 3300, "kind": "plan", "loss": 7e-05, "lr": 1.317e-05, "secs": 462.7}
{"step": 3400, "kind": "plan", "loss": 0.0, "lr": 1.278e-05, "secs": 483.4}
{"step": 3500, "kind": "plan", "loss": 0.0006, "lr": 1.239e-05, "secs": 502.3}
{"step": 3600, "kind": "plan", "loss": 2e-05, "lr": 1.2e-05, "secs": 523.0}
{"step": 3700, "kind": "plan", "loss": 5e-05, "lr": 1.16e-05, "secs": 543.7}
{"step": 3800, "kind": "plan", "loss": 0.0, "lr": 1.121e-05, "secs": 564.4}
{"step": 3900, "kind": "plan", "loss": 0.0, "lr": 1.08e-05, "secs": 585.0}
{"step": 4000, "kind": "plan", "loss": 0.0, "lr": 1.04e-05, "secs": 605.7}
{"step": 4100, "kind": "plan", "loss": 0.0, "lr": 1e-05, "secs": 626.4}
{"step": 4200, "kind": "plan", "loss": 0.0, "lr": 9.6e-06, "secs": 647.6}
{"step": 4300, "kind": "plan", "loss": 0.0, "lr": 9.2e-06, "secs": 668.9}
{"step": 4400, "kind": "plan", "loss": 0.0, "lr": 8.79e-06, "secs": 690.3}
{"step": 4500, "kind": "plan", "loss": 0.0, "lr": 8.4e-06, "secs": 711.7}
{"step": 4600, "kind": "plan", "loss": 0.0, "lr": 8e-06, "secs": 733.8}
{"step": 4700, "kind": "plan", "loss": 0.0, "lr": 7.61e-06, "secs": 755.5}
{"step": 4800, "kind": "plan", "loss": 0.0, "lr": 7.22e-06, "secs": 777.1}
{"step": 4900, "kind": "plan", "loss": 0.01163, "lr": 6.83e-06, "secs": 797.7}
{"step": 5000, "kind": "plan", "loss": 0.0, "lr": 6.45e-06, "secs": 818.3}
{"step": 5100, "kind": "plan", "loss": 1e-05, "lr": 6.08e-06, "secs": 838.9}
{"step": 5200, "kind": "plan", "loss": 0.0, "lr": 5.71e-06, "secs": 859.6}
{"step": 5300, "kind": "plan", "loss": 0.0, "lr": 5.35e-06, "secs": 880.2}
{"step": 5400, "kind": "plan", "loss": 0.0, "lr": 5e-06, "secs": 900.6}
{"step": 5500, "kind": "plan", "loss": 0.0, "lr": 4.66e-06, "secs": 921.4}
{"step": 5600, "kind": "plan", "loss": 0.0, "lr": 4.32e-06, "secs": 942.5}
{"step": 5700, "kind": "plan", "loss": 0.0, "lr": 3.99e-06, "secs": 963.0}
{"step": 5800, "kind": "plan", "loss": 0.0, "lr": 3.68e-06, "secs": 983.7}
{"step": 5900, "kind": "plan", "loss": 0.0, "lr": 3.37e-06, "secs": 1004.3}
{"step": 6000, "kind": "plan", "loss": 0.0, "lr": 3.07e-06, "secs": 1024.9}
{"step": 6100, "kind": "plan", "loss": 0.0, "lr": 2.79e-06, "secs": 1045.7}
{"step": 6200, "kind": "plan", "loss": 0.0, "lr": 2.51e-06, "secs": 1066.3}
{"step": 6300, "kind": "plan", "loss": 0.0, "lr": 2.25e-06, "secs": 1087.1}
{"step": 6400, "kind": "plan", "loss": 0.0, "lr": 2.01e-06, "secs": 1107.8}
{"step": 6500, "kind": "plan", "loss": 0.0, "lr": 1.77e-06, "secs": 1128.5}
{"step": 6600, "kind": "plan", "loss": 0.0, "lr": 1.55e-06, "secs": 1149.2}
{"step": 6700, "kind": "plan", "loss": 0.0, "lr": 1.34e-06, "secs": 1170.0}
{"step": 6800, "kind": "plan", "loss": 0.0, "lr": 1.15e-06, "secs": 1190.8}
{"step": 6900, "kind": "plan", "loss": 0.0, "lr": 9.7e-07, "secs": 1211.5}
{"step": 7000, "kind": "plan", "loss": 0.0, "lr": 8e-07, "secs": 1232.1}
{"step": 7100, "kind": "plan", "loss": 0.0, "lr": 6.5e-07, "secs": 1252.8}
{"step": 7200, "kind": "plan", "loss": 0.0, "lr": 5.1e-07, "secs": 1273.6}
{"step": 7300, "kind": "plan", "loss": 0.0, "lr": 3.9e-07, "secs": 1294.3}
{"step": 7400, "kind": "plan", "loss": 0.0, "lr": 2.9e-07, "secs": 1314.9}
{"step": 7500, "kind": "plan", "loss": 0.0, "lr": 2e-07, "secs": 1335.6}
{"step": 7600, "kind": "plan", "loss": 0.0, "lr": 1.3e-07, "secs": 1356.2}
{"step": 7700, "kind": "plan", "loss": 0.0, "lr": 7e-08, "secs": 1376.7}
{"step": 7800, "kind": "plan", "loss": 0.0, "lr": 3e-08, "secs": 1397.5}
{"step": 7900, "kind": "plan", "loss": 0.0, "lr": 1e-08, "secs": 1418.2}
{"step": 8000, "kind": "plan", "loss": 0.0, "lr": 0.0, "secs": 1439.0}
[dropped] {"induce": 0, "plan": 0, "sequences": 256000}
[done] head=p1 -> runs/ar/p1_s8000.pt
