[sequential d1 s0] n=150 disagree=0 unread=0 modreading=0 assocfree=150 inter=0 trunc=0 support=82 H=6.1138
[sequential d2 s0] n=150 disagree=0 unread=0 modreading=0 assocfree=2 inter=4 trunc=6 support=109 H=6.6185
[sequential d3 s0] n=150 disagree=0 unread=0 modreading=0 assocfree=1 inter=4 trunc=7 support=116 H=6.7503
[sequential d4 s0] n=150 disagree=0 unread=0 modreading=0 assocfree=4 inter=5 trunc=9 support=119 H=6.7586
[sequential d5 s0] n=150 disagree=0 unread=0 modreading=4 assocfree=4 inter=4 trunc=12 support=117 H=6.7403
[sequential d6 s0] n=150 disagree=0 unread=0 modreading=0 assocfree=1 inter=13 trunc=10 support=113 H=6.6736
[sequential d7 s0] n=150 disagree=0 unread=0 modreading=3 assocfree=4 inter=12 trunc=17 support=120 H=6.7785
[sequential d8 s0] n=150 disagree=0 unread=0 modreading=1 assocfree=2 inter=11 trunc=23 support=118 H=6.777
[breadth d1 s0] n=150 disagree=0 unread=0 modreading=0 assocfree=0 inter=0 trunc=0 support=61 H=5.6447
[breadth d2 s0] n=150 disagree=0 unread=0 modreading=0 assocfree=0 inter=0 trunc=0 support=70 H=5.8657
[breadth d3 s0] n=150 disagree=0 unread=0 modreading=0 assocfree=0 inter=0 trunc=0 support=67 H=5.8285
[breadth d4 s0] n=150 disagree=0 unread=0 modreading=0 assocfree=0 inter=0 trunc=0 support=68 H=5.9104
[breadth d5 s0] n=150 disagree=0 unread=0 modreading=0 assocfree=0 inter=0 trunc=0 support=69 H=5.8859
[breadth d6 s0] n=150 disagree=0 unread=0 modreading=0 assocfree=0 inter=0 trunc=0 support=83 H=6.1496
[novel d2 s0] n=150 disagree=0 unread=0 modreading=2 assocfree=150 inter=0 trunc=0 support=112 H=6.6596
[novel d3 s0] n=150 disagree=0 unread=0 modreading=4 assocfree=150 inter=3 trunc=0 support=111 H=6.6419
[novel d4 s0] n=150 disagree=0 unread=0 modreading=3 assocfree=150 inter=2 trunc=0 support=121 H=6.798
[novel d5 s0] n=150 disagree=0 unread=0 modreading=9 assocfree=150 inter=2 trunc=0 support=120 H=6.7788
[novel d6 s0] n=150 disagree=0 unread=0 modreading=11 assocfree=150 inter=4 trunc=0 support=127 H=6.9171
[sequential_paren d2 s0] n=150 disagree=0 unread=0 modreading=0 assocfree=150 inter=0 trunc=0 support=103 H=6.532
[sequential_paren d3 s0] n=150 disagree=0 unread=0 modreading=0 assocfree=150 inter=3 trunc=0 support=113 H=6.6456
[sequential_paren d4 s0] n=150 disagree=0 unread=0 modreading=1 assocfree=150 inter=1 trunc=0 support=112 H=6.6596
[sequential_paren d5 s0] n=150 disagree=0 unread=0 modreading=2 assocfree=150 inter=4 trunc=0 support=126 H=6.8887
[sequential_paren d6 s0] n=150 disagree=0 unread=0 modreading=6 assocfree=150 inter=5 trunc=0 support=118 H=6.777
[same_page_pair d2 s0] n=150 disagree=0 unread=0 modreading=0 assocfree=0 inter=0 trunc=0 support=2 H=0.9995
[units d1 s0] n=150 disagree=0 unread=0 modreading=0 assocfree=0 inter=0 trunc=0 support=81 H=6.0311
[sequential d1 s1] n=150 disagree=0 unread=0 modreading=0 assocfree=150 inter=0 trunc=0 support=82 H=6.1138
[sequential d2 s1] n=150 disagree=0 unread=0 modreading=0 assocfree=2 inter=4 trunc=6 support=109 H=6.6185
[sequential d3 s1] n=150 disagree=0 unread=0 modreading=0 assocfree=1 inter=4 trunc=7 support=116 H=6.7503
[sequential d4 s1] n=150 disagree=0 unread=0 modreading=0 assocfree=4 inter=5 trunc=9 support=119 H=6.7586
[sequential d5 s1] n=150 disagree=0 unread=0 modreading=4 assocfree=4 inter=4 trunc=12 support=117 H=6.7403
[sequential d6 s1] n=150 disagree=0 unread=0 modreading=0 assocfree=1 inter=13 trunc=10 support=113 H=6.6736
[sequential d7 s1] n=150 disagree=0 unread=0 modreading=3 assocfree=4 inter=12 trunc=17 support=120 H=6.7785
[sequential d8 s1] n=150 disagree=0 unread=0 modreading=1 assocfree=2 inter=11 trunc=23 support=118 H=6.777
[breadth d1 s1] n=150 disagree=0 unread=0 modreading=0 assocfree=0 inter=0 trunc=0 support=61 H=5.6447
[breadth d2 s1] n=150 disagree=0 unread=0 modreading=0 assocfree=0 inter=0 trunc=0 support=70 H=5.8657
[breadth d3 s1] n=150 disagree=0 unread=0 modreading=0 assocfree=0 inter=0 trunc=0 support=67 H=5.8285
[breadth d4 s1] n=150 disagree=0 unread=0 modreading=0 assocfree=0 inter=0 trunc=0 support=68 H=5.9104
[breadth d5 s1] n=150 disagree=0 unread=0 modreading=0 assocfree=0 inter=0 trunc=0 support=69 H=5.8859
[breadth d6 s1] n=150 disagree=0 unread=0 modreading=0 assocfree=0 inter=0 trunc=0 support=83 H=6.1496
[novel d2 s1] n=150 disagree=0 unread=0 modreading=2 assocfree=150 inter=0 trunc=0 support=112 H=6.6596
[novel d3 s1] n=150 disagree=0 unread=0 modreading=4 assocfree=150 inter=3 trunc=0 support=111 H=6.6419
[novel d4 s1] n=150 disagree=0 unread=0 modreading=3 assocfree=150 inter=2 trunc=0 support=121 H=6.798
[novel d5 s1] n=150 disagree=0 unread=0 modreading=9 assocfree=150 inter=2 trunc=0 support=120 H=6.7788
[novel d6 s1] n=150 disagree=0 unread=0 modreading=11 assocfree=150 inter=4 trunc=0 support=127 H=6.9171
[sequential_paren d2 s1] n=150 disagree=0 unread=0 modreading=0 assocfree=150 inter=0 trunc=0 support=103 H=6.532
[sequential_paren d3 s1] n=150 disagree=0 unread=0 modreading=0 assocfree=150 inter=3 trunc=0 support=113 H=6.6456
[sequential_paren d4 s1] n=150 disagree=0 unread=0 modreading=1 assocfree=150 inter=1 trunc=0 support=112 H=6.6596
[sequential_paren d5 s1] n=150 disagree=0 unread=0 modreading=2 assocfree=150 inter=4 trunc=0 support=126 H=6.8887
[sequential_paren d6 s1] n=150 disagree=0 unread=0 modreading=6 assocfree=150 inter=5 trunc=0 support=118 H=6.777
[same_page_pair d2 s1] n=150 disagree=0 unread=0 modreading=0 assocfree=0 inter=0 trunc=0 support=2 H=0.9995
[units d1 s1] n=150 disagree=0 unread=0 modreading=0 assocfree=0 inter=0 trunc=0 support=81 H=6.0311
[written] results/audit_gold.json
