[stream] {"induction_examples": 160000, "plan_examples": 160000, "plan_len_hist": {"1": 160000}, "plan_len_max": 1, "plan_len_mean": 1.0, "distinct_symbol_hist": {"1": 160000}, "distinct_symbol_max": 1, "max_depth": 1, "max_symbols": 1, "arm": "opgraph"}
{"examples": 320000, "encoded": 320000, "dropped_over_max_len": 0}
{"step": 1, "loss": 3.9309329986572266, "lr": 1.0000000000000001e-07, "tokens": 7840, "supervised": 2846, "secs": 58.0}
{"step": 400, "loss": 0.09671157598495483, "lr": 1.9967573081342103e-05, "tokens": 1684992, "supervised": 438168, "secs": 101.5}
{"step": 800, "loss": 0.0005902716075070202, "lr": 1.9709418174260523e-05, "tokens": 3399040, "supervised": 889981, "secs": 139.8}
{"step": 1200, "loss": 2.0928813682985492e-05, "lr": 1.9199794436588244e-05, "tokens": 5080672, "supervised": 1320879, "secs": 176.6}
{"step": 1600, "loss": 0.00029602585709653795, "lr": 1.845190085543795e-05, "tokens": 6713792, "supervised": 1739587, "secs": 213.3}
{"step": 2000, "loss": 4.761131435770949e-07, "lr": 1.7485107481711014e-05, "tokens": 8443104, "supervised": 2189038, "secs": 250.1}
{"step": 2400, "loss": 2.1138470401638187e-05, "lr": 1.6324453755953772e-05, "tokens": 10142112, "supervised": 2627171, "secs": 286.5}
{"step": 2800, "loss": 7.927239380478568e-07, "lr": 1.5000000000000002e-05, "tokens": 11779648, "supervised": 3044285, "secs": 322.8}
{"step": 3200, "loss": 5.410264947158794e-08, "lr": 1.3546048870425356e-05, "tokens": 13442688, "supervised": 3469273, "secs": 359.1}
{"step": 3600, "loss": 4.346171422753287e-09, "lr": 1.2000256937760448e-05, "tokens": 15078048, "supervised": 3884477, "secs": 395.4}
{"step": 4000, "loss": 2.483739365288784e-07, "lr": 1.0402659401094154e-05, "tokens": 16798528, "supervised": 4329762, "secs": 432.9}
{"step": 4400, "loss": 3.708204587837827e-08, "lr": 8.79463319744677e-06, "tokens": 18477408, "supervised": 4762705, "secs": 469.0}
{"step": 4800, "loss": 5.854026952079039e-08, "lr": 7.217825360835476e-06, "tokens": 20160608, "supervised": 5200885, "secs": 505.1}
{"step": 5200, "loss": 4.09781861776537e-08, "lr": 5.713074385969457e-06, "tokens": 21940224, "supervised": 5672958, "secs": 541.5}
{"step": 5600, "loss": 1.707424424068904e-08, "lr": 4.31935253268844e-06, "tokens": 23573760, "supervised": 6091604, "secs": 577.7}
{"step": 6000, "loss": 4.4089983219919304e-08, "lr": 3.0727564649040066e-06, "tokens": 25180736, "supervised": 6501254, "secs": 613.4}
{"step": 6400, "loss": 1.055498799473753e-08, "lr": 2.0055723659649873e-06, "tokens": 26859392, "supervised": 6933469, "secs": 649.9}
{"step": 6800, "loss": 4.210299309193033e-08, "lr": 1.1454397434678999e-06, "tokens": 28584384, "supervised": 7381567, "secs": 686.6}
{"step": 7200, "loss": 2.4214381610931923e-08, "lr": 5.146355805285464e-07, "tokens": 30282560, "supervised": 7819914, "secs": 723.4}
{"step": 7600, "loss": 3.1450042570213554e-08, "lr": 1.2949737362087156e-07, "tokens": 31889824, "supervised": 8223142, "secs": 760.0}
{"step": 8000, "loss": 2.2065176352725757e-08, "lr": 0.0, "tokens": 33593088, "supervised": 8661710, "secs": 796.6}
[done] opgraph -> /home/ec2-user/opg/runs/ceiling/d1s1.pt tokens=33593088 supervised=8661710 examples=320000
