[stream] {"induction_examples": 160000, "plan_examples": 160000, "plan_len_hist": {"1": 99898, "2": 60102}, "plan_len_max": 2, "plan_len_mean": 1.3756, "distinct_symbol_hist": {"1": 160000}, "distinct_symbol_max": 1, "max_depth": 2, "max_symbols": 1, "arm": "opgraph"}
{"examples": 320000, "encoded": 320000, "dropped_over_max_len": 0}
{"step": 1, "loss": 3.9309329986572266, "lr": 1.0000000000000001e-07, "tokens": 7840, "supervised": 2846, "secs": 58.9}
{"step": 400, "loss": 0.16147267818450928, "lr": 1.9967573081342103e-05, "tokens": 1710240, "supervised": 457270, "secs": 103.6}
{"step": 800, "loss": 0.00010070502321468666, "lr": 1.9709418174260523e-05, "tokens": 3450336, "supervised": 928460, "secs": 142.3}
{"step": 1200, "loss": 3.364524309290573e-05, "lr": 1.9199794436588244e-05, "tokens": 5159776, "supervised": 1379689, "secs": 180.2}
{"step": 1600, "loss": 2.6437533961143345e-05, "lr": 1.845190085543795e-05, "tokens": 6823616, "supervised": 1821273, "secs": 217.3}
{"step": 2000, "loss": 4.021130735054612e-06, "lr": 1.7485107481711014e-05, "tokens": 8577056, "supervised": 2288042, "secs": 256.1}
{"step": 2400, "loss": 4.713246198662091e-06, "lr": 1.6324453755953772e-05, "tokens": 10302016, "supervised": 2745458, "secs": 292.2}
{"step": 2800, "loss": 3.924700195057085e-06, "lr": 1.5000000000000002e-05, "tokens": 11969248, "supervised": 3182725, "secs": 328.2}
{"step": 3200, "loss": 2.8056008432031376e-06, "lr": 1.3546048870425356e-05, "tokens": 13659840, "supervised": 3625423, "secs": 363.9}
{"step": 3600, "loss": 5.259982935967855e-05, "lr": 1.2000256937760448e-05, "tokens": 15322432, "supervised": 4059369, "secs": 399.5}
{"step": 4000, "loss": 2.214608684880659e-06, "lr": 1.0402659401094154e-05, "tokens": 17066464, "supervised": 4521478, "secs": 435.5}
{"step": 4400, "loss": 1.0108416148568722e-07, "lr": 8.79463319744677e-06, "tokens": 18770880, "supervised": 4972708, "secs": 471.3}
{"step": 4800, "loss": 6.652300754694807e-08, "lr": 7.217825360835476e-06, "tokens": 20482656, "supervised": 5430824, "secs": 507.0}
{"step": 5200, "loss": 4.230863837051402e-08, "lr": 5.713074385969457e-06, "tokens": 22284800, "supervised": 5921143, "secs": 543.0}
{"step": 5600, "loss": 2.359350226299739e-08, "lr": 4.31935253268844e-06, "tokens": 23944992, "supervised": 6358831, "secs": 578.9}
{"step": 6000, "loss": 4.2585988069276937e-08, "lr": 3.0727564649040066e-06, "tokens": 25581952, "supervised": 6792746, "secs": 614.6}
{"step": 6400, "loss": 1.3598015158322596e-08, "lr": 2.0055723659649873e-06, "tokens": 27285888, "supervised": 7241500, "secs": 650.2}
{"step": 6800, "loss": 3.5993931390976286e-08, "lr": 1.1454397434678999e-06, "tokens": 29036992, "supervised": 7709145, "secs": 685.7}
{"step": 7200, "loss": 2.9415261337817356e-08, "lr": 5.146355805285464e-07, "tokens": 30759136, "supervised": 8162863, "secs": 722.5}
{"step": 7600, "loss": 5.444654505026847e-09, "lr": 1.2949737362087156e-07, "tokens": 32393792, "supervised": 8587630, "secs": 758.0}
{"step": 8000, "loss": 1.862644793959589e-08, "lr": 0.0, "tokens": 34121920, "supervised": 9043399, "secs": 795.3}
[done] opgraph -> /home/ec2-user/opg/runs/ceiling/d2s1.pt tokens=34121920 supervised=9043399 examples=320000
