[stream] {"induction_examples": 160000, "plan_examples": 160000, "plan_len_hist": {"1": 53126, "2": 73154, "3": 33720}, "plan_len_max": 3, "plan_len_mean": 1.8787, "distinct_symbol_hist": {"1": 120000, "2": 40000}, "distinct_symbol_max": 2, "max_depth": 3, "max_symbols": 2, "arm": "opgraph"}
{"examples": 320000, "encoded": 320000, "dropped_over_max_len": 0}
{"step": 1, "loss": 3.9309329986572266, "lr": 1.0000000000000001e-07, "tokens": 7840, "supervised": 2846, "secs": 63.0}
{"step": 400, "loss": 0.10807836055755615, "lr": 1.9967573081342103e-05, "tokens": 1796160, "supervised": 484152, "secs": 110.5}
{"step": 800, "loss": 0.0025926134549081326, "lr": 1.9709418174260523e-05, "tokens": 3615520, "supervised": 981192, "secs": 147.8}
{"step": 1200, "loss": 5.631615567835979e-05, "lr": 1.9199794436588244e-05, "tokens": 5405984, "supervised": 1456987, "secs": 183.9}
{"step": 1600, "loss": 1.6347294149454683e-05, "lr": 1.845190085543795e-05, "tokens": 7154496, "supervised": 1925559, "secs": 219.8}
{"step": 2000, "loss": 0.0006216323236003518, "lr": 1.7485107481711014e-05, "tokens": 8985504, "supervised": 2420899, "secs": 256.2}
{"step": 2400, "loss": 7.71214490669081e-06, "lr": 1.6324453755953772e-05, "tokens": 10793696, "supervised": 2905244, "secs": 291.9}
{"step": 2800, "loss": 4.023779183626175e-06, "lr": 1.5000000000000002e-05, "tokens": 12543072, "supervised": 3374162, "secs": 327.5}
{"step": 3200, "loss": 3.6961419027647935e-06, "lr": 1.3546048870425356e-05, "tokens": 14309952, "supervised": 3845716, "secs": 363.2}
{"step": 3600, "loss": 1.5209760022116825e-05, "lr": 1.2000256937760448e-05, "tokens": 16062432, "supervised": 4312318, "secs": 399.6}
{"step": 4000, "loss": 1.06283221157355e-06, "lr": 1.0402659401094154e-05, "tokens": 17891328, "supervised": 4801660, "secs": 436.3}
{"step": 4400, "loss": 1.4927873337455821e-07, "lr": 8.79463319744677e-06, "tokens": 19680832, "supervised": 5278951, "secs": 472.1}
{"step": 4800, "loss": 8.449870847471175e-08, "lr": 7.217825360835476e-06, "tokens": 21473152, "supervised": 5762568, "secs": 507.6}
{"step": 5200, "loss": 4.7621018239851765e-08, "lr": 5.713074385969457e-06, "tokens": 23353728, "supervised": 6272688, "secs": 545.6}
{"step": 5600, "loss": 3.507981105599356e-08, "lr": 4.31935253268844e-06, "tokens": 25100128, "supervised": 6742827, "secs": 586.2}
{"step": 6000, "loss": 4.440657619397825e-08, "lr": 3.0727564649040066e-06, "tokens": 26831168, "supervised": 7202837, "secs": 625.8}
{"step": 6400, "loss": 4.978332057703483e-08, "lr": 2.0055723659649873e-06, "tokens": 28621888, "supervised": 7683980, "secs": 662.3}
{"step": 6800, "loss": 4.3423810325293744e-08, "lr": 1.1454397434678999e-06, "tokens": 30453728, "supervised": 8175929, "secs": 698.7}
{"step": 7200, "loss": 2.3977314356216084e-08, "lr": 5.146355805285464e-07, "tokens": 32255648, "supervised": 8659959, "secs": 735.2}
{"step": 7600, "loss": 4.083490878770135e-09, "lr": 1.2949737362087156e-07, "tokens": 33984320, "supervised": 9117557, "secs": 771.0}
{"step": 8000, "loss": 2.3943007576576747e-08, "lr": 0.0, "tokens": 35798688, "supervised": 9602027, "secs": 807.2}
[done] opgraph -> /home/ec2-user/opg/runs/ceiling/d3s2.pt tokens=35798688 supervised=9602027 examples=320000
