[stream] {"induction_examples": 160000, "plan_examples": 160000, "plan_len_hist": {"1": 89845, "4": 23515, "2": 23454, "3": 23186}, "plan_len_max": 4, "plan_len_mean": 1.8773, "distinct_symbol_hist": {"1": 160000}, "distinct_symbol_max": 1, "max_depth": 4, "max_symbols": 1, "arm": "opgraph"}
{"examples": 320000, "encoded": 320000, "dropped_over_max_len": 0}
{"step": 1, "loss": 3.9309329986572266, "lr": 1.0000000000000001e-07, "tokens": 7840, "supervised": 2846, "secs": 60.7}
{"step": 400, "loss": 0.11686908453702927, "lr": 1.9967573081342103e-05, "tokens": 1745664, "supervised": 487103, "secs": 104.4}
{"step": 800, "loss": 0.0046682716347277164, "lr": 1.9709418174260523e-05, "tokens": 3518880, "supervised": 981545, "secs": 142.2}
{"step": 1200, "loss": 7.693370571359992e-05, "lr": 1.9199794436588244e-05, "tokens": 5261536, "supervised": 1451636, "secs": 177.9}
{"step": 1600, "loss": 0.0035878054331988096, "lr": 1.845190085543795e-05, "tokens": 6960256, "supervised": 1918709, "secs": 213.7}
{"step": 2000, "loss": 6.122744707681704e-06, "lr": 1.7485107481711014e-05, "tokens": 8747520, "supervised": 2411331, "secs": 249.8}
{"step": 2400, "loss": 5.837610387970926e-06, "lr": 1.6324453755953772e-05, "tokens": 10506176, "supervised": 2895399, "secs": 285.4}
{"step": 2800, "loss": 7.390945938823279e-06, "lr": 1.5000000000000002e-05, "tokens": 12205856, "supervised": 3357864, "secs": 320.8}
{"step": 3200, "loss": 1.742405402183067e-06, "lr": 1.3546048870425356e-05, "tokens": 13927552, "supervised": 3827292, "secs": 356.2}
{"step": 3600, "loss": 4.799039743375033e-06, "lr": 1.2000256937760448e-05, "tokens": 15624736, "supervised": 4287290, "secs": 391.6}
{"step": 4000, "loss": 1.954512526936014e-06, "lr": 1.0402659401094154e-05, "tokens": 17401600, "supervised": 4777224, "secs": 427.0}
{"step": 4400, "loss": 1.0863110588843483e-07, "lr": 8.79463319744677e-06, "tokens": 19141280, "supervised": 5255555, "secs": 464.9}
{"step": 4800, "loss": 1.4235918399663205e-07, "lr": 7.217825360835476e-06, "tokens": 20886208, "supervised": 5734597, "secs": 505.4}
{"step": 5200, "loss": 1.700910416957413e-07, "lr": 5.713074385969457e-06, "tokens": 22723968, "supervised": 6247885, "secs": 543.6}
{"step": 5600, "loss": 1.8502248622098705e-07, "lr": 4.31935253268844e-06, "tokens": 24417184, "supervised": 6714293, "secs": 579.1}
{"step": 6000, "loss": 7.361511222825357e-08, "lr": 3.0727564649040066e-06, "tokens": 26093472, "supervised": 7173369, "secs": 615.8}
{"step": 6400, "loss": 3.118386970868414e-08, "lr": 2.0055723659649873e-06, "tokens": 27830688, "supervised": 7652899, "secs": 652.1}
{"step": 6800, "loss": 4.2515765130701766e-08, "lr": 1.1454397434678999e-06, "tokens": 29616448, "supervised": 8146408, "secs": 688.0}
{"step": 7200, "loss": 4.2495891250382556e-08, "lr": 5.146355805285464e-07, "tokens": 31370624, "supervised": 8629224, "secs": 724.2}
{"step": 7600, "loss": 6.161056553821709e-09, "lr": 1.2949737362087156e-07, "tokens": 33043904, "supervised": 9083416, "secs": 760.4}
{"step": 8000, "loss": 9.124353709921706e-06, "lr": 0.0, "tokens": 34804480, "supervised": 9563384, "secs": 796.1}
[done] opgraph -> /home/ec2-user/opg/runs/ceiling/d4s1.pt tokens=34804480 supervised=9563384 examples=320000
