[stream] {"induction_examples": 160000, "plan_examples": 160000, "plan_len_hist": {"1": 86499, "6": 14808, "2": 14692, "3": 14702, "5": 14801, "4": 14498}, "plan_len_max": 6, "plan_len_mean": 2.3802, "distinct_symbol_hist": {"1": 160000}, "distinct_symbol_max": 1, "max_depth": 6, "max_symbols": 1, "arm": "opgraph"}
{"examples": 320000, "encoded": 320000, "dropped_over_max_len": 0}
{"step": 1, "loss": 3.9309329986572266, "lr": 1.0000000000000001e-07, "tokens": 7840, "supervised": 2846, "secs": 61.7}
{"step": 400, "loss": 0.08892279118299484, "lr": 1.9967573081342103e-05, "tokens": 1782752, "supervised": 511430, "secs": 108.0}
{"step": 800, "loss": 0.019426243379712105, "lr": 1.9709418174260523e-05, "tokens": 3588800, "supervised": 1028223, "secs": 145.1}
{"step": 1200, "loss": 8.358497871086001e-05, "lr": 1.9199794436588244e-05, "tokens": 5363712, "supervised": 1525814, "secs": 180.7}
{"step": 1600, "loss": 0.038126055151224136, "lr": 1.845190085543795e-05, "tokens": 7097280, "supervised": 2012231, "secs": 216.0}
{"step": 2000, "loss": 1.058664383890573e-05, "lr": 1.7485107481711014e-05, "tokens": 8915680, "supervised": 2524154, "secs": 251.8}
{"step": 2400, "loss": 4.233228082739515e-06, "lr": 1.6324453755953772e-05, "tokens": 10709888, "supervised": 3036558, "secs": 287.2}
{"step": 2800, "loss": 4.224772510497132e-06, "lr": 1.5000000000000002e-05, "tokens": 12443840, "supervised": 3522677, "secs": 323.0}
{"step": 3200, "loss": 2.9566349439846817e-06, "lr": 1.3546048870425356e-05, "tokens": 14194944, "supervised": 4010474, "secs": 358.7}
{"step": 3600, "loss": 0.007196793798357248, "lr": 1.2000256937760448e-05, "tokens": 15930784, "supervised": 4506674, "secs": 394.4}
{"step": 4000, "loss": 1.5400103166030021e-06, "lr": 1.0402659401094154e-05, "tokens": 17743904, "supervised": 5027008, "secs": 430.7}
{"step": 4400, "loss": 3.711763838509796e-07, "lr": 8.79463319744677e-06, "tokens": 19519520, "supervised": 5532215, "secs": 468.8}
{"step": 4800, "loss": 0.00020934813073836267, "lr": 7.217825360835476e-06, "tokens": 21296320, "supervised": 6032607, "secs": 506.8}
{"step": 5200, "loss": 0.003111977595835924, "lr": 5.713074385969457e-06, "tokens": 23165760, "supervised": 6565896, "secs": 543.7}
{"step": 5600, "loss": 2.7334085643815342e-06, "lr": 4.31935253268844e-06, "tokens": 24897120, "supervised": 7062698, "secs": 580.0}
{"step": 6000, "loss": 3.864385860197217e-07, "lr": 3.0727564649040066e-06, "tokens": 26614784, "supervised": 7554698, "secs": 616.3}
{"step": 6400, "loss": 7.059355766614317e-07, "lr": 2.0055723659649873e-06, "tokens": 28388576, "supervised": 8058346, "secs": 651.6}
{"step": 6800, "loss": 2.2058635806843085e-07, "lr": 1.1454397434678999e-06, "tokens": 30206176, "supervised": 8575017, "secs": 688.0}
{"step": 7200, "loss": 5.705617240892025e-07, "lr": 5.146355805285464e-07, "tokens": 31992832, "supervised": 9080150, "secs": 724.0}
{"step": 7600, "loss": 6.562240884022685e-08, "lr": 1.2949737362087156e-07, "tokens": 33707584, "supervised": 9564964, "secs": 759.5}
{"step": 8000, "loss": 1.963125441761804e-06, "lr": 0.0, "tokens": 35506304, "supervised": 10079365, "secs": 795.2}
[done] opgraph -> /home/ec2-user/opg/runs/ceiling/d6s1.pt tokens=35506304 supervised=10079365 examples=320000
