vocab 701 types, device cuda
[decoded] step     0 loss 7.572 task 6.455 ret 0.980 acc 0.005 foil 0.510 hit 0.115 gate_auc 0.797 gap +0.000
[decoded] step   250 loss 1.993 task 1.881 ret 0.019 acc 0.161 foil 0.503 hit 0.474 gate_auc 1.000 gap +0.992
[decoded] step   500 loss 1.956 task 1.805 ret 0.034 acc 0.188 foil 0.497 hit 0.521 gate_auc 1.000 gap +1.000
[decoded] step   750 loss 2.050 task 1.914 ret 0.029 acc 0.193 foil 0.534 hit 0.576 gate_auc 1.000 gap +1.000
[decoded] step  1000 loss 1.633 task 1.493 ret 0.018 acc 0.083 foil 0.505 hit 0.581 gate_auc 1.000 gap +0.986
[decoded] step  1250 loss 1.608 task 1.499 ret 0.021 acc 0.094 foil 0.464 hit 0.560 gate_auc 1.000 gap +1.000
[decoded] step  1500 loss 1.881 task 1.783 ret 0.006 acc 0.148 foil 0.583 hit 0.643 gate_auc 1.000 gap +0.990
[decoded] step  1750 loss 1.894 task 1.803 ret 0.011 acc 0.094 foil 0.529 hit 0.539 gate_auc 1.000 gap +0.945
[decoded] step  2000 loss 1.612 task 1.512 ret 0.037 acc 0.115 foil 0.508 hit 0.562 gate_auc 1.000 gap +0.992
[decoded] step  2250 loss 1.618 task 1.526 ret 0.032 acc 0.167 foil 0.638 hit 0.617 gate_auc 1.000 gap +1.000
[decoded] step  2500 loss 1.873 task 1.809 ret 0.018 acc 0.133 foil 0.651 hit 0.552 gate_auc 1.000 gap +0.999
[decoded] step  2750 loss 1.453 task 1.391 ret 0.017 acc 0.164 foil 0.656 hit 0.581 gate_auc 1.000 gap +1.000
[decoded] step  3000 loss 1.348 task 1.292 ret 0.006 acc 0.146 foil 0.578 hit 0.471 gate_auc 1.000 gap +1.000
[decoded] step  3250 loss 1.471 task 1.414 ret 0.016 acc 0.154 foil 0.583 hit 0.544 gate_auc 1.000 gap +1.000
[decoded] step  3500 loss 1.758 task 1.713 ret 0.009 acc 0.125 foil 0.607 hit 0.602 gate_auc 1.000 gap +1.000
[decoded] step  3750 loss 1.632 task 1.516 ret 0.073 acc 0.143 foil 0.557 hit 0.529 gate_auc 1.000 gap +0.999
[decoded] step  4000 loss 1.560 task 1.522 ret 0.008 acc 0.148 foil 0.615 hit 0.536 gate_auc 1.000 gap +1.000
[decoded] step  4250 loss 1.400 task 1.296 ret 0.058 acc 0.188 foil 0.599 hit 0.568 gate_auc 1.000 gap +1.000
[decoded] step  4500 loss 1.213 task 1.146 ret 0.010 acc 0.172 foil 0.602 hit 0.589 gate_auc 1.000 gap +1.000
[decoded] step  4750 loss 1.634 task 1.538 ret 0.049 acc 0.161 foil 0.602 hit 0.555 gate_auc 1.000 gap +1.000
[decoded] step  5000 loss 1.079 task 1.031 ret 0.001 acc 0.164 foil 0.596 hit 0.536 gate_auc 1.000 gap +1.000
[decoded] step  5250 loss 1.264 task 1.218 ret 0.001 acc 0.188 foil 0.578 hit 0.565 gate_auc 1.000 gap +1.000
[decoded] step  5500 loss 1.309 task 1.260 ret 0.000 acc 0.203 foil 0.620 hit 0.573 gate_auc 1.000 gap +1.000
[decoded] step  5750 loss 1.380 task 1.333 ret 0.004 acc 0.156 foil 0.599 hit 0.557 gate_auc 1.000 gap +1.000
[decoded] step  5999 loss 1.210 task 1.177 ret 0.001 acc 0.193 foil 0.604 hit 0.591 gate_auc 1.000 gap +1.000
DONE decoded: acc 0.198 hit_any 0.951 gate_auc 1.000 -> results/latentret/decoded_seed1234.json
