vocab 701 types, device cuda
[latent_easy] step     0 loss 7.493 task 6.453 ret 0.903 acc 0.003 foil 0.508 hit 0.211 gate_auc 0.765 gap +0.000
[latent_easy] step   250 loss 2.046 task 1.903 ret 0.038 acc 0.143 foil 0.474 hit 0.464 gate_auc 1.000 gap +0.875
[latent_easy] step   500 loss 1.965 task 1.815 ret 0.032 acc 0.182 foil 0.487 hit 0.539 gate_auc 1.000 gap +1.000
[latent_easy] step   750 loss 2.014 task 1.885 ret 0.017 acc 0.031 foil 0.297 hit 0.630 gate_auc 1.000 gap +0.954
[latent_easy] step  1000 loss 1.698 task 1.588 ret 0.022 acc 0.078 foil 0.411 hit 0.549 gate_auc 1.000 gap +0.999
[latent_easy] step  1250 loss 1.832 task 1.725 ret 0.036 acc 0.185 foil 0.513 hit 0.565 gate_auc 1.000 gap +0.999
[latent_easy] step  1500 loss 1.826 task 1.741 ret 0.011 acc 0.180 foil 0.516 hit 0.547 gate_auc 1.000 gap +0.988
[latent_easy] step  1750 loss 1.928 task 1.849 ret 0.011 acc 0.164 foil 0.487 hit 0.516 gate_auc 1.000 gap +1.000
[latent_easy] step  2000 loss 1.498 task 1.420 ret 0.031 acc 0.156 foil 0.516 hit 0.487 gate_auc 1.000 gap +0.990
[latent_easy] step  2250 loss 1.625 task 1.571 ret 0.008 acc 0.169 foil 0.503 hit 0.526 gate_auc 1.000 gap +0.931
[latent_easy] step  2500 loss 1.692 task 1.633 ret 0.008 acc 0.135 foil 0.456 hit 0.518 gate_auc 1.000 gap +0.975
[latent_easy] step  2750 loss 1.437 task 1.386 ret 0.002 acc 0.180 foil 0.518 hit 0.510 gate_auc 1.000 gap +1.000
[latent_easy] step  3000 loss 1.228 task 1.156 ret 0.019 acc 0.188 foil 0.505 hit 0.497 gate_auc 1.000 gap +1.000
[latent_easy] step  3250 loss 1.313 task 1.268 ret 0.001 acc 0.161 foil 0.518 hit 0.508 gate_auc 1.000 gap +0.995
[latent_easy] step  3500 loss 1.329 task 1.288 ret 0.001 acc 0.167 foil 0.513 hit 0.513 gate_auc 1.000 gap +0.998
[latent_easy] step  3750 loss 1.490 task 1.383 ret 0.062 acc 0.159 foil 0.534 hit 0.578 gate_auc 1.000 gap +1.000
[latent_easy] step  4000 loss 1.045 task 1.011 ret 0.000 acc 0.174 foil 0.484 hit 0.555 gate_auc 1.000 gap +1.000
[latent_easy] step  4250 loss 1.203 task 1.151 ret 0.004 acc 0.151 foil 0.549 hit 0.523 gate_auc 1.000 gap +0.995
[latent_easy] step  4500 loss 0.951 task 0.887 ret 0.003 acc 0.135 foil 0.500 hit 0.544 gate_auc 1.000 gap +1.000
[latent_easy] step  4750 loss 1.108 task 1.057 ret 0.000 acc 0.154 foil 0.490 hit 0.500 gate_auc 1.000 gap +0.999
[latent_easy] step  5000 loss 0.876 task 0.814 ret 0.012 acc 0.169 foil 0.523 hit 0.547 gate_auc 1.000 gap +1.000
[latent_easy] step  5250 loss 0.797 task 0.747 ret 0.001 acc 0.117 foil 0.518 hit 0.518 gate_auc 0.999 gap +0.989
[latent_easy] step  5500 loss 1.132 task 1.075 ret 0.005 acc 0.161 foil 0.505 hit 0.607 gate_auc 1.000 gap +1.000
[latent_easy] step  5750 loss 0.892 task 0.842 ret 0.005 acc 0.172 foil 0.542 hit 0.583 gate_auc 1.000 gap +1.000
[latent_easy] step  5999 loss 1.212 task 1.177 ret 0.001 acc 0.128 foil 0.518 hit 0.531 gate_auc 1.000 gap +1.000
DONE latent_easy: acc 0.149 hit_any 0.967 gate_auc 1.000 -> results/latentret/latent_easy_seed1234.json
