[train] ladder_english skipped, scoring the checkpoint already on disk 2026-08-29T00:21:48+00:00
[eval] ladder_english greedy 2026-08-29T00:21:48+00:00
[eval] ladder_english greedy status=0 2026-08-29T00:25:48+00:00
[eval] ladder_english sampled 2026-08-29T00:25:48+00:00
[eval] ladder_english sampled status=0 2026-08-29T00:29:57+00:00
[train] ladder_symbolic skipped, scoring the checkpoint already on disk 2026-08-29T00:29:57+00:00
[eval] ladder_symbolic greedy 2026-08-29T00:29:57+00:00
[eval] ladder_symbolic greedy status=0 2026-08-29T00:33:22+00:00
[eval] ladder_symbolic sampled 2026-08-29T00:33:22+00:00
[eval] ladder_symbolic sampled status=0 2026-08-29T00:36:42+00:00
[train] ladder_opcode skipped, scoring the checkpoint already on disk 2026-08-29T00:36:42+00:00
[eval] ladder_opcode greedy 2026-08-29T00:36:42+00:00
[eval] ladder_opcode greedy status=0 2026-08-29T00:40:03+00:00
[eval] ladder_opcode sampled 2026-08-29T00:40:03+00:00
[eval] ladder_opcode sampled status=0 2026-08-29T00:43:25+00:00
[train] ladder_typed skipped, scoring the checkpoint already on disk 2026-08-29T00:43:25+00:00
[eval] ladder_typed greedy 2026-08-29T00:43:25+00:00
[eval] ladder_typed greedy status=0 2026-08-29T00:47:57+00:00
[eval] ladder_typed sampled 2026-08-29T00:47:57+00:00
[eval] ladder_typed sampled status=0 2026-08-29T00:52:19+00:00
[train] ladder_goalstack skipped, scoring the checkpoint already on disk 2026-08-29T00:52:19+00:00
[eval] ladder_goalstack greedy 2026-08-29T00:52:19+00:00
[eval] ladder_goalstack greedy status=0 2026-08-29T01:03:05+00:00
[eval] ladder_goalstack sampled 2026-08-29T01:03:05+00:00
[eval] ladder_goalstack sampled status=0 2026-08-29T01:12:50+00:00
[train] ladder_slots skipped, scoring the checkpoint already on disk 2026-08-29T01:12:50+00:00
[eval] ladder_slots greedy 2026-08-29T01:12:50+00:00
[eval] ladder_slots greedy status=0 2026-08-29T01:17:34+00:00
[eval] ladder_slots sampled 2026-08-29T01:17:34+00:00
[eval] ladder_slots sampled status=0 2026-08-29T01:21:55+00:00
[smoke] done 2026-08-29T01:21:55+00:00
