[train] ladder_english gpu=5 2026-08-28T22:51:35+00:00
[train] ladder_english status=0 2026-08-28T22:54:39+00:00
[eval] ladder_english greedy 2026-08-28T22:54:39+00:00
[eval] ladder_english greedy status=0 2026-08-28T22:58:39+00:00
[eval] ladder_english sampled 2026-08-28T22:58:39+00:00
[eval] ladder_english sampled status=0 2026-08-28T23:02:46+00:00
[train] ladder_symbolic gpu=5 2026-08-28T23:02:46+00:00
[train] ladder_symbolic status=0 2026-08-28T23:05:59+00:00
[eval] ladder_symbolic greedy 2026-08-28T23:05:59+00:00
[eval] ladder_symbolic greedy status=0 2026-08-28T23:09:21+00:00
[eval] ladder_symbolic sampled 2026-08-28T23:09:21+00:00
[eval] ladder_symbolic sampled status=0 2026-08-28T23:12:41+00:00
[train] ladder_opcode gpu=5 2026-08-28T23:12:41+00:00
[train] ladder_opcode status=0 2026-08-28T23:15:28+00:00
[eval] ladder_opcode greedy 2026-08-28T23:15:28+00:00
[eval] ladder_opcode greedy status=0 2026-08-28T23:18:43+00:00
[eval] ladder_opcode sampled 2026-08-28T23:18:43+00:00
[eval] ladder_opcode sampled status=0 2026-08-28T23:21:56+00:00
[train] ladder_typed gpu=5 2026-08-28T23:21:56+00:00
[train] ladder_typed status=0 2026-08-28T23:24:44+00:00
[eval] ladder_typed greedy 2026-08-28T23:24:44+00:00
[eval] ladder_typed greedy status=0 2026-08-28T23:29:06+00:00
[eval] ladder_typed sampled 2026-08-28T23:29:06+00:00
[eval] ladder_typed sampled status=0 2026-08-28T23:33:33+00:00
[train] ladder_goalstack gpu=5 2026-08-28T23:33:33+00:00
[train] ladder_goalstack status=0 2026-08-28T23:36:27+00:00
[eval] ladder_goalstack greedy 2026-08-28T23:36:27+00:00
[eval] ladder_goalstack greedy status=0 2026-08-28T23:43:51+00:00
[eval] ladder_goalstack sampled 2026-08-28T23:43:51+00:00
[eval] ladder_goalstack sampled status=0 2026-08-28T23:51:16+00:00
[train] ladder_slots gpu=5 2026-08-28T23:51:16+00:00
[train] ladder_slots status=0 2026-08-28T23:54:26+00:00
[eval] ladder_slots greedy 2026-08-28T23:54:26+00:00
[eval] ladder_slots greedy status=0 2026-08-28T23:58:24+00:00
[eval] ladder_slots sampled 2026-08-28T23:58:24+00:00
[eval] ladder_slots sampled status=0 2026-08-29T00:02:48+00:00
scripts/vocab_smoke.sh: line 43: MAXNEW: unbound variable
