=== runs/iter/p4_s10000.pt ===
[induction style=0] {"pages": 192, "pages_parsed": 192, "gold_ops": 288, "induced_ops": 288, "self_verified": 288, "exact_text": 288, "behavioural": 288, "secs": 12.1}
[plan_execute@T0@it8] sequential d=1 n=48 acc=1.000 parse=1.000 typed=1.000 exact=1.000 fwd=8.0
[plan_execute@T0@it8] sequential d=2 n=48 acc=1.000 parse=1.000 typed=1.000 exact=1.000 fwd=8.0
[plan_execute@T0@it8] sequential d=3 n=48 acc=1.000 parse=1.000 typed=1.000 exact=1.000 fwd=8.0
[plan_execute@T0@it8] sequential d=4 n=48 acc=0.000 parse=1.000 typed=1.000 exact=0.000 fwd=8.0
[plan_execute@T0@it8] sequential d=6 n=48 acc=0.042 parse=1.000 typed=1.000 exact=0.000 fwd=8.0
[plan_execute@T0@it8] sequential d=8 n=48 acc=0.000 parse=0.042 typed=0.042 exact=0.000 fwd=8.0
[plan_execute@T0@it8] sequential d=12 n=48 acc=0.042 parse=1.000 typed=1.000 exact=0.000 fwd=8.0
[plan_execute@T0.8@it8] sequential d=1 n=48 acc=1.000 parse=1.000 typed=1.000 exact=1.000 fwd=8.0
[plan_execute@T0.8@it8] sequential d=2 n=48 acc=1.000 parse=1.000 typed=1.000 exact=1.000 fwd=8.0
[plan_execute@T0.8@it8] sequential d=3 n=48 acc=1.000 parse=1.000 typed=1.000 exact=1.000 fwd=8.0
[plan_execute@T0.8@it8] sequential d=4 n=48 acc=0.000 parse=1.000 typed=1.000 exact=0.000 fwd=8.0
[plan_execute@T0.8@it8] sequential d=6 n=48 acc=0.042 parse=1.000 typed=1.000 exact=0.000 fwd=8.0
[plan_execute@T0.8@it8] sequential d=8 n=48 acc=0.000 parse=0.021 typed=0.021 exact=0.000 fwd=8.0
[plan_execute@T0.8@it8] sequential d=12 n=48 acc=0.042 parse=1.000 typed=1.000 exact=0.000 fwd=8.0
=== runs/iter/p4_s12000.pt ===
=== runs/iter/p4_s12000.pt ===
[induction style=0] {"pages": 192, "pages_parsed": 192, "gold_ops": 288, "induced_ops": 288, "self_verified": 288, "exact_text": 288, "behavioural": 288, "secs": 11.9}
[plan_execute@T0@it8] sequential d=1 n=48 acc=1.000 parse=1.000 typed=1.000 exact=1.000 fwd=8.0
[plan_execute@T0@it8] sequential d=2 n=48 acc=1.000 parse=1.000 typed=1.000 exact=1.000 fwd=8.0
[plan_execute@T0@it8] sequential d=3 n=48 acc=1.000 parse=1.000 typed=1.000 exact=1.000 fwd=8.0
[plan_execute@T0@it8] sequential d=4 n=48 acc=0.000 parse=1.000 typed=1.000 exact=0.000 fwd=8.0
[plan_execute@T0@it8] sequential d=6 n=48 acc=0.042 parse=1.000 typed=1.000 exact=0.000 fwd=8.0
[plan_execute@T0@it8] sequential d=8 n=48 acc=0.000 parse=0.021 typed=0.021 exact=0.000 fwd=8.0
[plan_execute@T0@it8] sequential d=12 n=48 acc=0.042 parse=1.000 typed=1.000 exact=0.000 fwd=8.0
[plan_execute@T0.8@it8] sequential d=1 n=48 acc=1.000 parse=1.000 typed=1.000 exact=1.000 fwd=8.0
[plan_execute@T0.8@it8] sequential d=2 n=48 acc=1.000 parse=1.000 typed=1.000 exact=1.000 fwd=8.0
[plan_execute@T0.8@it8] sequential d=3 n=48 acc=1.000 parse=1.000 typed=1.000 exact=1.000 fwd=8.0
[plan_execute@T0.8@it8] sequential d=4 n=48 acc=0.000 parse=1.000 typed=1.000 exact=0.000 fwd=8.0
[plan_execute@T0.8@it8] sequential d=6 n=48 acc=0.042 parse=1.000 typed=1.000 exact=0.000 fwd=8.0
[plan_execute@T0.8@it8] sequential d=8 n=48 acc=0.000 parse=0.000 typed=0.000 exact=0.000 fwd=8.0
[plan_execute@T0.8@it8] sequential d=12 n=48 acc=0.042 parse=1.000 typed=1.000 exact=0.000 fwd=8.0
=== runs/iter/p4_s14000.pt ===
[induction style=0] {"pages": 192, "pages_parsed": 192, "gold_ops": 288, "induced_ops": 288, "self_verified": 288, "exact_text": 288, "behavioural": 288, "secs": 12.1}
[plan_execute@T0@it8] sequential d=1 n=48 acc=1.000 parse=1.000 typed=1.000 exact=1.000 fwd=8.0
[plan_execute@T0@it8] sequential d=2 n=48 acc=1.000 parse=1.000 typed=1.000 exact=1.000 fwd=8.0
[plan_execute@T0@it8] sequential d=3 n=48 acc=1.000 parse=1.000 typed=1.000 exact=1.000 fwd=8.0
[plan_execute@T0@it8] sequential d=4 n=48 acc=0.000 parse=1.000 typed=1.000 exact=0.000 fwd=8.0
[plan_execute@T0@it8] sequential d=6 n=48 acc=0.042 parse=1.000 typed=1.000 exact=0.000 fwd=8.0
[plan_execute@T0@it8] sequential d=8 n=48 acc=0.000 parse=0.021 typed=0.021 exact=0.000 fwd=8.0
[plan_execute@T0@it8] sequential d=12 n=48 acc=0.042 parse=1.000 typed=1.000 exact=0.000 fwd=8.0
[plan_execute@T0.8@it8] sequential d=1 n=48 acc=1.000 parse=1.000 typed=1.000 exact=1.000 fwd=8.0
[plan_execute@T0.8@it8] sequential d=2 n=48 acc=1.000 parse=1.000 typed=1.000 exact=1.000 fwd=8.0
[plan_execute@T0.8@it8] sequential d=3 n=48 acc=1.000 parse=1.000 typed=1.000 exact=1.000 fwd=8.0
[plan_execute@T0.8@it8] sequential d=4 n=48 acc=0.000 parse=1.000 typed=1.000 exact=0.000 fwd=8.0
[plan_execute@T0.8@it8] sequential d=6 n=48 acc=0.042 parse=1.000 typed=1.000 exact=0.000 fwd=8.0
[plan_execute@T0.8@it8] sequential d=8 n=48 acc=0.000 parse=0.000 typed=0.000 exact=0.000 fwd=8.0
[plan_execute@T0.8@it8] sequential d=12 n=48 acc=0.042 parse=1.000 typed=1.000 exact=0.000 fwd=8.0
=== runs/iter/p4_s14000.pt ===
[induction style=0] {"pages": 192, "pages_parsed": 192, "gold_ops": 288, "induced_ops": 288, "self_verified": 288, "exact_text": 288, "behavioural": 288, "secs": 12.4}
[plan_execute@T0@it8] sequential d=1 n=48 acc=1.000 parse=1.000 typed=1.000 exact=1.000 fwd=8.0
[plan_execute@T0@it8] sequential d=2 n=48 acc=1.000 parse=1.000 typed=1.000 exact=1.000 fwd=8.0
[plan_execute@T0@it8] sequential d=3 n=48 acc=1.000 parse=1.000 typed=1.000 exact=1.000 fwd=8.0
[plan_execute@T0@it8] sequential d=4 n=48 acc=0.000 parse=1.000 typed=1.000 exact=0.000 fwd=8.0
[plan_execute@T0@it8] sequential d=6 n=48 acc=0.042 parse=1.000 typed=1.000 exact=0.000 fwd=8.0
[plan_execute@T0@it8] sequential d=8 n=48 acc=0.000 parse=0.104 typed=0.104 exact=0.000 fwd=8.0
[plan_execute@T0@it8] sequential d=12 n=48 acc=0.042 parse=1.000 typed=1.000 exact=0.000 fwd=8.0
[plan_execute@T0.8@it8] sequential d=1 n=48 acc=1.000 parse=1.000 typed=1.000 exact=1.000 fwd=8.0
[plan_execute@T0.8@it8] sequential d=2 n=48 acc=1.000 parse=1.000 typed=1.000 exact=1.000 fwd=8.0
[plan_execute@T0.8@it8] sequential d=3 n=48 acc=1.000 parse=1.000 typed=1.000 exact=1.000 fwd=8.0
[plan_execute@T0.8@it8] sequential d=4 n=48 acc=0.000 parse=1.000 typed=1.000 exact=0.000 fwd=8.0
[plan_execute@T0.8@it8] sequential d=6 n=48 acc=0.042 parse=1.000 typed=1.000 exact=0.000 fwd=8.0
[plan_execute@T0.8@it8] sequential d=8 n=48 acc=0.000 parse=0.125 typed=0.125 exact=0.000 fwd=8.0
[plan_execute@T0.8@it8] sequential d=12 n=48 acc=0.042 parse=1.000 typed=1.000 exact=0.000 fwd=8.0
=== runs/iter/p4_s2000.pt ===
[induction style=0] {"pages": 192, "pages_parsed": 192, "gold_ops": 288, "induced_ops": 288, "self_verified": 288, "exact_text": 288, "behavioural": 288, "secs": 12.3}
[plan_execute@T0@it8] sequential d=1 n=48 acc=1.000 parse=1.000 typed=1.000 exact=1.000 fwd=8.0
[plan_execute@T0@it8] sequential d=2 n=48 acc=1.000 parse=1.000 typed=1.000 exact=1.000 fwd=8.0
[plan_execute@T0@it8] sequential d=3 n=48 acc=1.000 parse=1.000 typed=1.000 exact=1.000 fwd=8.0
[plan_execute@T0@it8] sequential d=4 n=48 acc=0.000 parse=1.000 typed=1.000 exact=0.000 fwd=8.0
[plan_execute@T0@it8] sequential d=6 n=48 acc=0.042 parse=1.000 typed=1.000 exact=0.000 fwd=8.0
[plan_execute@T0@it8] sequential d=8 n=48 acc=0.000 parse=0.104 typed=0.104 exact=0.000 fwd=8.0
[plan_execute@T0@it8] sequential d=12 n=48 acc=0.042 parse=1.000 typed=1.000 exact=0.000 fwd=8.0
[plan_execute@T0.8@it8] sequential d=1 n=48 acc=1.000 parse=1.000 typed=1.000 exact=1.000 fwd=8.0
[plan_execute@T0.8@it8] sequential d=2 n=48 acc=1.000 parse=1.000 typed=1.000 exact=1.000 fwd=8.0
[plan_execute@T0.8@it8] sequential d=3 n=48 acc=1.000 parse=1.000 typed=1.000 exact=1.000 fwd=8.0
[plan_execute@T0.8@it8] sequential d=4 n=48 acc=0.000 parse=1.000 typed=1.000 exact=0.000 fwd=8.0
[plan_execute@T0.8@it8] sequential d=6 n=48 acc=0.042 parse=1.000 typed=1.000 exact=0.000 fwd=8.0
[plan_execute@T0.8@it8] sequential d=8 n=48 acc=0.000 parse=0.125 typed=0.125 exact=0.000 fwd=8.0
[plan_execute@T0.8@it8] sequential d=12 n=48 acc=0.042 parse=1.000 typed=1.000 exact=0.000 fwd=8.0
=== runs/iter/p4_s2000.pt ===
[induction style=0] {"pages": 192, "pages_parsed": 192, "gold_ops": 288, "induced_ops": 288, "self_verified": 288, "exact_text": 288, "behavioural": 288, "secs": 12.9}
[plan_execute@T0@it8] sequential d=1 n=48 acc=1.000 parse=1.000 typed=1.000 exact=1.000 fwd=8.0
[plan_execute@T0@it8] sequential d=2 n=48 acc=0.562 parse=1.000 typed=1.000 exact=0.521 fwd=8.0
[plan_execute@T0@it8] sequential d=3 n=48 acc=0.604 parse=1.000 typed=1.000 exact=0.604 fwd=8.0
[plan_execute@T0@it8] sequential d=4 n=48 acc=0.000 parse=1.000 typed=1.000 exact=0.000 fwd=8.0
[plan_execute@T0@it8] sequential d=6 n=48 acc=0.000 parse=1.000 typed=1.000 exact=0.000 fwd=8.0
[plan_execute@T0@it8] sequential d=8 n=48 acc=0.000 parse=0.500 typed=0.500 exact=0.000 fwd=8.0
[plan_execute@T0@it8] sequential d=12 n=48 acc=0.021 parse=1.000 typed=1.000 exact=0.000 fwd=8.0
[plan_execute@T0.8@it8] sequential d=1 n=48 acc=1.000 parse=1.000 typed=1.000 exact=1.000 fwd=8.0
[plan_execute@T0.8@it8] sequential d=2 n=48 acc=0.458 parse=1.000 typed=1.000 exact=0.396 fwd=8.0
[plan_execute@T0.8@it8] sequential d=3 n=48 acc=0.583 parse=1.000 typed=1.000 exact=0.583 fwd=8.0
[plan_execute@T0.8@it8] sequential d=4 n=48 acc=0.021 parse=1.000 typed=1.000 exact=0.000 fwd=8.0
[plan_execute@T0.8@it8] sequential d=6 n=48 acc=0.000 parse=0.979 typed=0.979 exact=0.000 fwd=8.0
[plan_execute@T0.8@it8] sequential d=8 n=48 acc=0.000 parse=0.417 typed=0.417 exact=0.000 fwd=8.0
[plan_execute@T0.8@it8] sequential d=12 n=48 acc=0.021 parse=1.000 typed=1.000 exact=0.000 fwd=8.0
=== runs/iter/p4_s4000.pt ===
[induction style=0] {"pages": 192, "pages_parsed": 192, "gold_ops": 288, "induced_ops": 288, "self_verified": 288, "exact_text": 288, "behavioural": 288, "secs": 12.0}
[plan_execute@T0@it8] sequential d=1 n=48 acc=1.000 parse=1.000 typed=1.000 exact=1.000 fwd=8.0
[plan_execute@T0@it8] sequential d=2 n=48 acc=0.562 parse=1.000 typed=1.000 exact=0.521 fwd=8.0
[plan_execute@T0@it8] sequential d=3 n=48 acc=0.604 parse=1.000 typed=1.000 exact=0.604 fwd=8.0
[plan_execute@T0@it8] sequential d=4 n=48 acc=0.000 parse=1.000 typed=1.000 exact=0.000 fwd=8.0
[plan_execute@T0@it8] sequential d=6 n=48 acc=0.000 parse=1.000 typed=1.000 exact=0.000 fwd=8.0
[plan_execute@T0@it8] sequential d=8 n=48 acc=0.000 parse=0.500 typed=0.500 exact=0.000 fwd=8.0
[plan_execute@T0@it8] sequential d=12 n=48 acc=0.021 parse=1.000 typed=1.000 exact=0.000 fwd=8.0
[plan_execute@T0.8@it8] sequential d=1 n=48 acc=1.000 parse=1.000 typed=1.000 exact=1.000 fwd=8.0
[plan_execute@T0.8@it8] sequential d=2 n=48 acc=0.458 parse=1.000 typed=1.000 exact=0.396 fwd=8.0
[plan_execute@T0.8@it8] sequential d=3 n=48 acc=0.583 parse=1.000 typed=1.000 exact=0.583 fwd=8.0
[plan_execute@T0.8@it8] sequential d=4 n=48 acc=0.021 parse=1.000 typed=1.000 exact=0.000 fwd=8.0
[plan_execute@T0.8@it8] sequential d=6 n=48 acc=0.000 parse=0.979 typed=0.979 exact=0.000 fwd=8.0
[plan_execute@T0.8@it8] sequential d=8 n=48 acc=0.000 parse=0.417 typed=0.417 exact=0.000 fwd=8.0
[plan_execute@T0.8@it8] sequential d=12 n=48 acc=0.021 parse=1.000 typed=1.000 exact=0.000 fwd=8.0
=== runs/iter/p4_s4000.pt ===
[induction style=0] {"pages": 192, "pages_parsed": 192, "gold_ops": 288, "induced_ops": 288, "self_verified": 288, "exact_text": 288, "behavioural": 288, "secs": 12.6}
[plan_execute@T0@it8] sequential d=1 n=48 acc=1.000 parse=1.000 typed=1.000 exact=1.000 fwd=8.0
[plan_execute@T0@it8] sequential d=2 n=48 acc=1.000 parse=1.000 typed=1.000 exact=1.000 fwd=8.0
[plan_execute@T0@it8] sequential d=3 n=48 acc=1.000 parse=1.000 typed=1.000 exact=1.000 fwd=8.0
[plan_execute@T0@it8] sequential d=4 n=48 acc=0.000 parse=1.000 typed=1.000 exact=0.000 fwd=8.0
[plan_execute@T0@it8] sequential d=6 n=48 acc=0.042 parse=1.000 typed=1.000 exact=0.000 fwd=8.0
[plan_execute@T0@it8] sequential d=8 n=48 acc=0.000 parse=0.979 typed=0.979 exact=0.000 fwd=8.0
[plan_execute@T0@it8] sequential d=12 n=48 acc=0.021 parse=1.000 typed=1.000 exact=0.000 fwd=8.0
[plan_execute@T0.8@it8] sequential d=1 n=48 acc=1.000 parse=1.000 typed=1.000 exact=1.000 fwd=8.0
[plan_execute@T0.8@it8] sequential d=2 n=48 acc=1.000 parse=1.000 typed=1.000 exact=1.000 fwd=8.0
[plan_execute@T0.8@it8] sequential d=3 n=48 acc=0.979 parse=1.000 typed=1.000 exact=0.979 fwd=8.0
[plan_execute@T0.8@it8] sequential d=4 n=48 acc=0.000 parse=1.000 typed=1.000 exact=0.000 fwd=8.0
[plan_execute@T0.8@it8] sequential d=6 n=48 acc=0.042 parse=1.000 typed=1.000 exact=0.000 fwd=8.0
[plan_execute@T0.8@it8] sequential d=8 n=48 acc=0.000 parse=0.979 typed=0.979 exact=0.000 fwd=8.0
[plan_execute@T0.8@it8] sequential d=12 n=48 acc=0.021 parse=1.000 typed=1.000 exact=0.000 fwd=8.0
=== runs/iter/p4_s6000.pt ===
[induction style=0] {"pages": 192, "pages_parsed": 192, "gold_ops": 288, "induced_ops": 288, "self_verified": 288, "exact_text": 288, "behavioural": 288, "secs": 12.0}
[plan_execute@T0@it8] sequential d=1 n=48 acc=1.000 parse=1.000 typed=1.000 exact=1.000 fwd=8.0
[plan_execute@T0@it8] sequential d=2 n=48 acc=1.000 parse=1.000 typed=1.000 exact=1.000 fwd=8.0
[plan_execute@T0@it8] sequential d=3 n=48 acc=1.000 parse=1.000 typed=1.000 exact=1.000 fwd=8.0
[plan_execute@T0@it8] sequential d=4 n=48 acc=0.000 parse=1.000 typed=1.000 exact=0.000 fwd=8.0
[plan_execute@T0@it8] sequential d=6 n=48 acc=0.042 parse=1.000 typed=1.000 exact=0.000 fwd=8.0
[plan_execute@T0@it8] sequential d=8 n=48 acc=0.000 parse=0.979 typed=0.979 exact=0.000 fwd=8.0
[plan_execute@T0@it8] sequential d=12 n=48 acc=0.021 parse=1.000 typed=1.000 exact=0.000 fwd=8.0
[plan_execute@T0.8@it8] sequential d=1 n=48 acc=1.000 parse=1.000 typed=1.000 exact=1.000 fwd=8.0
[plan_execute@T0.8@it8] sequential d=2 n=48 acc=1.000 parse=1.000 typed=1.000 exact=1.000 fwd=8.0
[plan_execute@T0.8@it8] sequential d=3 n=48 acc=0.979 parse=1.000 typed=1.000 exact=0.979 fwd=8.0
[plan_execute@T0.8@it8] sequential d=4 n=48 acc=0.000 parse=1.000 typed=1.000 exact=0.000 fwd=8.0
[plan_execute@T0.8@it8] sequential d=6 n=48 acc=0.042 parse=1.000 typed=1.000 exact=0.000 fwd=8.0
[plan_execute@T0.8@it8] sequential d=8 n=48 acc=0.000 parse=0.979 typed=0.979 exact=0.000 fwd=8.0
[plan_execute@T0.8@it8] sequential d=12 n=48 acc=0.021 parse=1.000 typed=1.000 exact=0.000 fwd=8.0
=== runs/iter/p4_s6000.pt ===
[induction style=0] {"pages": 192, "pages_parsed": 192, "gold_ops": 288, "induced_ops": 288, "self_verified": 288, "exact_text": 288, "behavioural": 288, "secs": 12.4}
[plan_execute@T0@it8] sequential d=1 n=48 acc=1.000 parse=1.000 typed=1.000 exact=1.000 fwd=8.0
[plan_execute@T0@it8] sequential d=2 n=48 acc=1.000 parse=1.000 typed=1.000 exact=1.000 fwd=8.0
[plan_execute@T0@it8] sequential d=3 n=48 acc=1.000 parse=1.000 typed=1.000 exact=1.000 fwd=8.0
[plan_execute@T0@it8] sequential d=4 n=48 acc=0.000 parse=1.000 typed=1.000 exact=0.000 fwd=8.0
[plan_execute@T0@it8] sequential d=6 n=48 acc=0.042 parse=1.000 typed=1.000 exact=0.000 fwd=8.0
[plan_execute@T0@it8] sequential d=8 n=48 acc=0.000 parse=0.000 typed=0.000 exact=0.000 fwd=8.0
[plan_execute@T0@it8] sequential d=12 n=48 acc=0.021 parse=0.875 typed=0.875 exact=0.000 fwd=8.0
[plan_execute@T0.8@it8] sequential d=1 n=48 acc=1.000 parse=1.000 typed=1.000 exact=1.000 fwd=8.0
[plan_execute@T0.8@it8] sequential d=2 n=48 acc=1.000 parse=1.000 typed=1.000 exact=1.000 fwd=8.0
[plan_execute@T0.8@it8] sequential d=3 n=48 acc=1.000 parse=1.000 typed=1.000 exact=1.000 fwd=8.0
[plan_execute@T0.8@it8] sequential d=4 n=48 acc=0.000 parse=1.000 typed=1.000 exact=0.000 fwd=8.0
[plan_execute@T0.8@it8] sequential d=6 n=48 acc=0.042 parse=1.000 typed=1.000 exact=0.000 fwd=8.0
[plan_execute@T0.8@it8] sequential d=8 n=48 acc=0.000 parse=0.000 typed=0.000 exact=0.000 fwd=8.0
[plan_execute@T0.8@it8] sequential d=12 n=48 acc=0.042 parse=0.896 typed=0.896 exact=0.000 fwd=8.0
=== runs/iter/p4_s8000.pt ===
[induction style=0] {"pages": 192, "pages_parsed": 192, "gold_ops": 288, "induced_ops": 288, "self_verified": 288, "exact_text": 288, "behavioural": 288, "secs": 11.9}
[plan_execute@T0@it8] sequential d=1 n=48 acc=1.000 parse=1.000 typed=1.000 exact=1.000 fwd=8.0
[plan_execute@T0@it8] sequential d=2 n=48 acc=1.000 parse=1.000 typed=1.000 exact=1.000 fwd=8.0
[plan_execute@T0@it8] sequential d=3 n=48 acc=1.000 parse=1.000 typed=1.000 exact=1.000 fwd=8.0
[plan_execute@T0@it8] sequential d=4 n=48 acc=0.000 parse=1.000 typed=1.000 exact=0.000 fwd=8.0
[plan_execute@T0@it8] sequential d=6 n=48 acc=0.042 parse=1.000 typed=1.000 exact=0.000 fwd=8.0
[plan_execute@T0@it8] sequential d=8 n=48 acc=0.000 parse=0.000 typed=0.000 exact=0.000 fwd=8.0
[plan_execute@T0@it8] sequential d=12 n=48 acc=0.021 parse=0.875 typed=0.875 exact=0.000 fwd=8.0
[plan_execute@T0.8@it8] sequential d=1 n=48 acc=1.000 parse=1.000 typed=1.000 exact=1.000 fwd=8.0
[plan_execute@T0.8@it8] sequential d=2 n=48 acc=1.000 parse=1.000 typed=1.000 exact=1.000 fwd=8.0
[plan_execute@T0.8@it8] sequential d=3 n=48 acc=1.000 parse=1.000 typed=1.000 exact=1.000 fwd=8.0
[plan_execute@T0.8@it8] sequential d=4 n=48 acc=0.000 parse=1.000 typed=1.000 exact=0.000 fwd=8.0
[plan_execute@T0.8@it8] sequential d=6 n=48 acc=0.042 parse=1.000 typed=1.000 exact=0.000 fwd=8.0
[plan_execute@T0.8@it8] sequential d=8 n=48 acc=0.000 parse=0.000 typed=0.000 exact=0.000 fwd=8.0
[plan_execute@T0.8@it8] sequential d=12 n=48 acc=0.042 parse=0.896 typed=0.896 exact=0.000 fwd=8.0
=== runs/iter/p4_s8000.pt ===
[induction style=0] {"pages": 192, "pages_parsed": 192, "gold_ops": 288, "induced_ops": 288, "self_verified": 288, "exact_text": 288, "behavioural": 288, "secs": 12.2}
[plan_execute@T0@it8] sequential d=1 n=48 acc=1.000 parse=1.000 typed=1.000 exact=1.000 fwd=8.0
[plan_execute@T0@it8] sequential d=2 n=48 acc=1.000 parse=1.000 typed=1.000 exact=1.000 fwd=8.0
[plan_execute@T0@it8] sequential d=3 n=48 acc=1.000 parse=1.000 typed=1.000 exact=1.000 fwd=8.0
[plan_execute@T0@it8] sequential d=4 n=48 acc=0.000 parse=1.000 typed=1.000 exact=0.000 fwd=8.0
[plan_execute@T0@it8] sequential d=6 n=48 acc=0.042 parse=1.000 typed=1.000 exact=0.000 fwd=8.0
[plan_execute@T0@it8] sequential d=8 n=48 acc=0.000 parse=0.000 typed=0.000 exact=0.000 fwd=8.0
[plan_execute@T0@it8] sequential d=12 n=48 acc=0.042 parse=0.708 typed=0.708 exact=0.000 fwd=8.0
[plan_execute@T0.8@it8] sequential d=1 n=48 acc=1.000 parse=1.000 typed=1.000 exact=1.000 fwd=8.0
[plan_execute@T0.8@it8] sequential d=2 n=48 acc=1.000 parse=1.000 typed=1.000 exact=1.000 fwd=8.0
[plan_execute@T0.8@it8] sequential d=3 n=48 acc=1.000 parse=1.000 typed=1.000 exact=1.000 fwd=8.0
[plan_execute@T0.8@it8] sequential d=4 n=48 acc=0.000 parse=1.000 typed=1.000 exact=0.000 fwd=8.0
[plan_execute@T0.8@it8] sequential d=6 n=48 acc=0.042 parse=1.000 typed=1.000 exact=0.000 fwd=8.0
[plan_execute@T0.8@it8] sequential d=8 n=48 acc=0.000 parse=0.000 typed=0.000 exact=0.000 fwd=8.0
[plan_execute@T0.8@it8] sequential d=12 n=48 acc=0.042 parse=0.708 typed=0.708 exact=0.000 fwd=8.0
=== runs/iter/p4.pt ===
[induction style=0] {"pages": 192, "pages_parsed": 192, "gold_ops": 288, "induced_ops": 288, "self_verified": 288, "exact_text": 288, "behavioural": 288, "secs": 11.8}
[plan_execute@T0@it8] sequential d=1 n=48 acc=1.000 parse=1.000 typed=1.000 exact=1.000 fwd=8.0
[plan_execute@T0@it8] sequential d=2 n=48 acc=1.000 parse=1.000 typed=1.000 exact=1.000 fwd=8.0
[plan_execute@T0@it8] sequential d=3 n=48 acc=1.000 parse=1.000 typed=1.000 exact=1.000 fwd=8.0
[plan_execute@T0@it8] sequential d=4 n=48 acc=0.000 parse=1.000 typed=1.000 exact=0.000 fwd=8.0
[plan_execute@T0@it8] sequential d=6 n=48 acc=0.042 parse=1.000 typed=1.000 exact=0.000 fwd=8.0
[plan_execute@T0@it8] sequential d=8 n=48 acc=0.000 parse=0.000 typed=0.000 exact=0.000 fwd=8.0
[plan_execute@T0@it8] sequential d=12 n=48 acc=0.042 parse=0.708 typed=0.708 exact=0.000 fwd=8.0
[plan_execute@T0.8@it8] sequential d=1 n=48 acc=1.000 parse=1.000 typed=1.000 exact=1.000 fwd=8.0
[plan_execute@T0.8@it8] sequential d=2 n=48 acc=1.000 parse=1.000 typed=1.000 exact=1.000 fwd=8.0
[plan_execute@T0.8@it8] sequential d=3 n=48 acc=1.000 parse=1.000 typed=1.000 exact=1.000 fwd=8.0
[plan_execute@T0.8@it8] sequential d=4 n=48 acc=0.000 parse=1.000 typed=1.000 exact=0.000 fwd=8.0
[plan_execute@T0.8@it8] sequential d=6 n=48 acc=0.042 parse=1.000 typed=1.000 exact=0.000 fwd=8.0
[plan_execute@T0.8@it8] sequential d=8 n=48 acc=0.000 parse=0.000 typed=0.000 exact=0.000 fwd=8.0
[plan_execute@T0.8@it8] sequential d=12 n=48 acc=0.042 parse=0.708 typed=0.708 exact=0.000 fwd=8.0
=== runs/iter/p4.pt ===
[induction style=0] {"pages": 192, "pages_parsed": 192, "gold_ops": 288, "induced_ops": 288, "self_verified": 288, "exact_text": 288, "behavioural": 288, "secs": 12.1}
[plan_execute@T0@it8] sequential d=1 n=48 acc=1.000 parse=1.000 typed=1.000 exact=1.000 fwd=8.0
[plan_execute@T0@it8] sequential d=2 n=48 acc=1.000 parse=1.000 typed=1.000 exact=1.000 fwd=8.0
[plan_execute@T0@it8] sequential d=3 n=48 acc=1.000 parse=1.000 typed=1.000 exact=1.000 fwd=8.0
[plan_execute@T0@it8] sequential d=4 n=48 acc=0.000 parse=1.000 typed=1.000 exact=0.000 fwd=8.0
[plan_execute@T0@it8] sequential d=6 n=48 acc=0.042 parse=1.000 typed=1.000 exact=0.000 fwd=8.0
[plan_execute@T0@it8] sequential d=8 n=48 acc=0.000 parse=0.104 typed=0.104 exact=0.000 fwd=8.0
[plan_execute@T0@it8] sequential d=12 n=48 acc=0.042 parse=1.000 typed=1.000 exact=0.000 fwd=8.0
[plan_execute@T0.8@it8] sequential d=1 n=48 acc=1.000 parse=1.000 typed=1.000 exact=1.000 fwd=8.0
[plan_execute@T0.8@it8] sequential d=2 n=48 acc=1.000 parse=1.000 typed=1.000 exact=1.000 fwd=8.0
[plan_execute@T0.8@it8] sequential d=3 n=48 acc=1.000 parse=1.000 typed=1.000 exact=1.000 fwd=8.0
[plan_execute@T0.8@it8] sequential d=4 n=48 acc=0.000 parse=1.000 typed=1.000 exact=0.000 fwd=8.0
[plan_execute@T0.8@it8] sequential d=6 n=48 acc=0.042 parse=1.000 typed=1.000 exact=0.000 fwd=8.0
[plan_execute@T0.8@it8] sequential d=8 n=48 acc=0.000 parse=0.125 typed=0.125 exact=0.000 fwd=8.0
[plan_execute@T0.8@it8] sequential d=12 n=48 acc=0.042 parse=1.000 typed=1.000 exact=0.000 fwd=8.0
CONV_DONE_p4
[induction style=0] {"pages": 192, "pages_parsed": 192, "gold_ops": 288, "induced_ops": 288, "self_verified": 288, "exact_text": 288, "behavioural": 288, "secs": 12.4}
[plan_execute@T0@it8] sequential d=1 n=48 acc=1.000 parse=1.000 typed=1.000 exact=1.000 fwd=8.0
[plan_execute@T0@it8] sequential d=2 n=48 acc=1.000 parse=1.000 typed=1.000 exact=1.000 fwd=8.0
[plan_execute@T0@it8] sequential d=3 n=48 acc=1.000 parse=1.000 typed=1.000 exact=1.000 fwd=8.0
[plan_execute@T0@it8] sequential d=4 n=48 acc=0.000 parse=1.000 typed=1.000 exact=0.000 fwd=8.0
[plan_execute@T0@it8] sequential d=6 n=48 acc=0.042 parse=1.000 typed=1.000 exact=0.000 fwd=8.0
[plan_execute@T0@it8] sequential d=8 n=48 acc=0.000 parse=0.104 typed=0.104 exact=0.000 fwd=8.0
[plan_execute@T0@it8] sequential d=12 n=48 acc=0.042 parse=1.000 typed=1.000 exact=0.000 fwd=8.0
[plan_execute@T0.8@it8] sequential d=1 n=48 acc=1.000 parse=1.000 typed=1.000 exact=1.000 fwd=8.0
[plan_execute@T0.8@it8] sequential d=2 n=48 acc=1.000 parse=1.000 typed=1.000 exact=1.000 fwd=8.0
[plan_execute@T0.8@it8] sequential d=3 n=48 acc=1.000 parse=1.000 typed=1.000 exact=1.000 fwd=8.0
[plan_execute@T0.8@it8] sequential d=4 n=48 acc=0.000 parse=1.000 typed=1.000 exact=0.000 fwd=8.0
[plan_execute@T0.8@it8] sequential d=6 n=48 acc=0.042 parse=1.000 typed=1.000 exact=0.000 fwd=8.0
[plan_execute@T0.8@it8] sequential d=8 n=48 acc=0.000 parse=0.125 typed=0.125 exact=0.000 fwd=8.0
[plan_execute@T0.8@it8] sequential d=12 n=48 acc=0.042 parse=1.000 typed=1.000 exact=0.000 fwd=8.0
CONV_DONE_p4
