[induction style=0] {"pages": 600, "pages_parsed": 600, "gold_ops": 900, "induced_ops": 900, "self_verified": 900, "exact_text": 900, "behavioural": 900, "secs": 33.6}
[oracle_both] sequential d=1 n=150 acc=1.000 parse=1.000 typed=1.000 exact=1.000 fwd=0.0
[oracle_both] sequential d=2 n=150 acc=1.000 parse=1.000 typed=1.000 exact=1.000 fwd=0.0
[oracle_both] sequential d=3 n=150 acc=1.000 parse=1.000 typed=1.000 exact=1.000 fwd=0.0
[oracle_both] sequential d=4 n=150 acc=1.000 parse=1.000 typed=1.000 exact=1.000 fwd=0.0
[oracle_both] sequential d=5 n=150 acc=1.000 parse=1.000 typed=1.000 exact=1.000 fwd=0.0
[oracle_both] sequential d=6 n=150 acc=1.000 parse=1.000 typed=1.000 exact=1.000 fwd=0.0
[oracle_both] sequential d=8 n=150 acc=1.000 parse=1.000 typed=1.000 exact=1.000 fwd=0.0
[oracle_both] sequential d=12 n=150 acc=1.000 parse=1.000 typed=1.000 exact=1.000 fwd=0.0
[oracle_both] sequential d=16 n=150 acc=1.000 parse=1.000 typed=1.000 exact=1.000 fwd=0.0
[oracle_both] sequential d=32 n=150 acc=1.000 parse=1.000 typed=1.000 exact=1.000 fwd=0.0
[oracle_both_roundtrip] sequential d=1 n=150 acc=1.000 parse=1.000 typed=1.000 exact=1.000 fwd=0.0
[oracle_both_roundtrip] sequential d=2 n=150 acc=1.000 parse=1.000 typed=1.000 exact=1.000 fwd=0.0
[oracle_both_roundtrip] sequential d=3 n=150 acc=1.000 parse=1.000 typed=1.000 exact=1.000 fwd=0.0
[oracle_both_roundtrip] sequential d=4 n=150 acc=1.000 parse=1.000 typed=1.000 exact=1.000 fwd=0.0
[oracle_both_roundtrip] sequential d=5 n=150 acc=1.000 parse=1.000 typed=1.000 exact=1.000 fwd=0.0
[oracle_both_roundtrip] sequential d=6 n=150 acc=1.000 parse=1.000 typed=1.000 exact=1.000 fwd=0.0
[oracle_both_roundtrip] sequential d=8 n=150 acc=1.000 parse=1.000 typed=1.000 exact=1.000 fwd=0.0
[oracle_both_roundtrip] sequential d=12 n=150 acc=1.000 parse=1.000 typed=1.000 exact=1.000 fwd=0.0
[oracle_both_roundtrip] sequential d=16 n=150 acc=0.000 parse=0.000 typed=0.000 exact=0.000 fwd=0.0
[oracle_both_roundtrip] sequential d=32 n=150 acc=0.000 parse=0.000 typed=0.000 exact=0.000 fwd=0.0
[counter p2s@T0] {"reported": 97, "observed": 97, "ok": true}
[plan_execute@T0] sequential d=1 n=150 acc=1.000 parse=1.000 typed=1.000 exact=1.000 fwd=97.0
[plan_execute@T0] sequential d=2 n=150 acc=1.000 parse=1.000 typed=1.000 exact=1.000 fwd=97.0
[plan_execute@T0] sequential d=3 n=150 acc=1.000 parse=1.000 typed=1.000 exact=1.000 fwd=97.0
[plan_execute@T0] sequential d=4 n=150 acc=0.007 parse=1.000 typed=1.000 exact=0.000 fwd=97.0
[plan_execute@T0] sequential d=5 n=150 acc=0.013 parse=1.000 typed=1.000 exact=0.000 fwd=97.0
[plan_execute@T0] sequential d=6 n=150 acc=0.013 parse=1.000 typed=1.000 exact=0.000 fwd=97.0
[plan_execute@T0] sequential d=8 n=150 acc=0.020 parse=1.000 typed=1.000 exact=0.000 fwd=97.0
[plan_execute@T0] sequential d=12 n=150 acc=0.000 parse=1.000 typed=1.000 exact=0.000 fwd=97.0
[plan_execute@T0] sequential d=16 n=150 acc=0.033 parse=1.000 typed=1.000 exact=0.000 fwd=97.0
[plan_execute@T0] sequential d=32 n=150 acc=0.013 parse=1.000 typed=1.000 exact=0.000 fwd=97.0
[oracle_ops@T0] sequential d=1 n=150 acc=1.000 parse=1.000 typed=1.000 exact=1.000 fwd=97.0
[oracle_ops@T0] sequential d=2 n=150 acc=1.000 parse=1.000 typed=1.000 exact=1.000 fwd=97.0
[oracle_ops@T0] sequential d=3 n=150 acc=1.000 parse=1.000 typed=1.000 exact=1.000 fwd=97.0
[oracle_ops@T0] sequential d=4 n=150 acc=0.007 parse=1.000 typed=1.000 exact=0.000 fwd=97.0
[oracle_ops@T0] sequential d=5 n=150 acc=0.013 parse=1.000 typed=1.000 exact=0.000 fwd=97.0
[oracle_ops@T0] sequential d=6 n=150 acc=0.013 parse=1.000 typed=1.000 exact=0.000 fwd=97.0
[oracle_ops@T0] sequential d=8 n=150 acc=0.020 parse=1.000 typed=1.000 exact=0.000 fwd=97.0
[oracle_ops@T0] sequential d=12 n=150 acc=0.000 parse=1.000 typed=1.000 exact=0.000 fwd=97.0
[oracle_ops@T0] sequential d=16 n=150 acc=0.033 parse=1.000 typed=1.000 exact=0.000 fwd=97.0
[oracle_ops@T0] sequential d=32 n=150 acc=0.013 parse=1.000 typed=1.000 exact=0.000 fwd=97.0
[oracle_plan@T0] sequential d=1 n=150 acc=1.000 parse=1.000 typed=1.000 exact=1.000 fwd=0.0
[oracle_plan@T0] sequential d=2 n=150 acc=1.000 parse=1.000 typed=1.000 exact=1.000 fwd=0.0
[oracle_plan@T0] sequential d=3 n=150 acc=1.000 parse=1.000 typed=1.000 exact=1.000 fwd=0.0
[oracle_plan@T0] sequential d=4 n=150 acc=1.000 parse=1.000 typed=1.000 exact=1.000 fwd=0.0
[oracle_plan@T0] sequential d=5 n=150 acc=1.000 parse=1.000 typed=1.000 exact=1.000 fwd=0.0
[oracle_plan@T0] sequential d=6 n=150 acc=1.000 parse=1.000 typed=1.000 exact=1.000 fwd=0.0
[oracle_plan@T0] sequential d=8 n=150 acc=1.000 parse=1.000 typed=1.000 exact=1.000 fwd=0.0
[oracle_plan@T0] sequential d=12 n=150 acc=1.000 parse=1.000 typed=1.000 exact=1.000 fwd=0.0
[oracle_plan@T0] sequential d=16 n=150 acc=1.000 parse=1.000 typed=1.000 exact=1.000 fwd=0.0
[oracle_plan@T0] sequential d=32 n=150 acc=1.000 parse=1.000 typed=1.000 exact=1.000 fwd=0.0
[written] results/iter/main_p2s.json
