[induction style=0] {"pages": 6600, "pages_parsed": 6600, "gold_ops": 9897, "induced_ops": 9897, "self_verified": 9501, "exact_text": 9444, "behavioural": 9444, "secs": 280.8}
[oracle_both] sequential d=1 n=150 acc=1.000 parse=1.000 typed=1.000 exact=1.000 fwd=0.0
[oracle_both] sequential d=2 n=150 acc=1.000 parse=1.000 typed=1.000 exact=1.000 fwd=0.0
[oracle_both] sequential d=3 n=150 acc=1.000 parse=1.000 typed=1.000 exact=1.000 fwd=0.0
[oracle_both] sequential d=4 n=150 acc=1.000 parse=1.000 typed=1.000 exact=1.000 fwd=0.0
[oracle_both] sequential d=5 n=150 acc=1.000 parse=1.000 typed=1.000 exact=1.000 fwd=0.0
[oracle_both] sequential d=6 n=150 acc=1.000 parse=1.000 typed=1.000 exact=1.000 fwd=0.0
[oracle_both] sequential d=8 n=150 acc=1.000 parse=1.000 typed=1.000 exact=1.000 fwd=0.0
[oracle_both] sequential d=12 n=150 acc=1.000 parse=1.000 typed=1.000 exact=1.000 fwd=0.0
[oracle_both] sequential d=16 n=150 acc=1.000 parse=1.000 typed=1.000 exact=1.000 fwd=0.0
[oracle_both] sequential d=32 n=150 acc=1.000 parse=1.000 typed=1.000 exact=1.000 fwd=0.0
[oracle_both] breadth d=1 n=150 acc=1.000 parse=1.000 typed=1.000 exact=1.000 fwd=0.0
[oracle_both] breadth d=2 n=150 acc=1.000 parse=1.000 typed=1.000 exact=1.000 fwd=0.0
[oracle_both] breadth d=3 n=150 acc=1.000 parse=1.000 typed=1.000 exact=1.000 fwd=0.0
[oracle_both] breadth d=4 n=150 acc=1.000 parse=1.000 typed=1.000 exact=1.000 fwd=0.0
[oracle_both] breadth d=5 n=150 acc=1.000 parse=1.000 typed=1.000 exact=1.000 fwd=0.0
[oracle_both] breadth d=6 n=150 acc=1.000 parse=1.000 typed=1.000 exact=1.000 fwd=0.0
[oracle_both] novel d=2 n=150 acc=1.000 parse=1.000 typed=1.000 exact=1.000 fwd=0.0
[oracle_both] novel d=3 n=150 acc=1.000 parse=1.000 typed=1.000 exact=1.000 fwd=0.0
[oracle_both] novel d=4 n=150 acc=1.000 parse=1.000 typed=1.000 exact=1.000 fwd=0.0
[oracle_both] novel d=5 n=150 acc=1.000 parse=1.000 typed=1.000 exact=1.000 fwd=0.0
[oracle_both] novel d=6 n=150 acc=1.000 parse=1.000 typed=1.000 exact=1.000 fwd=0.0
[oracle_both] sequential_paren d=2 n=150 acc=1.000 parse=1.000 typed=1.000 exact=1.000 fwd=0.0
[oracle_both] sequential_paren d=3 n=150 acc=1.000 parse=1.000 typed=1.000 exact=1.000 fwd=0.0
[oracle_both] sequential_paren d=4 n=150 acc=1.000 parse=1.000 typed=1.000 exact=1.000 fwd=0.0
[oracle_both] sequential_paren d=5 n=150 acc=1.000 parse=1.000 typed=1.000 exact=1.000 fwd=0.0
[oracle_both] sequential_paren d=6 n=150 acc=1.000 parse=1.000 typed=1.000 exact=1.000 fwd=0.0
[oracle_both] same_page_pair d=2 n=150 acc=1.000 parse=1.000 typed=1.000 exact=1.000 fwd=0.0
[oracle_both] units d=1 n=150 acc=1.000 parse=1.000 typed=1.000 exact=1.000 fwd=0.0
[oracle_both_roundtrip] sequential d=1 n=150 acc=1.000 parse=1.000 typed=1.000 exact=1.000 fwd=0.0
[oracle_both_roundtrip] sequential d=2 n=150 acc=1.000 parse=1.000 typed=1.000 exact=1.000 fwd=0.0
[oracle_both_roundtrip] sequential d=3 n=150 acc=1.000 parse=1.000 typed=1.000 exact=1.000 fwd=0.0
[oracle_both_roundtrip] sequential d=4 n=150 acc=1.000 parse=1.000 typed=1.000 exact=1.000 fwd=0.0
[oracle_both_roundtrip] sequential d=5 n=150 acc=1.000 parse=1.000 typed=1.000 exact=1.000 fwd=0.0
[oracle_both_roundtrip] sequential d=6 n=150 acc=1.000 parse=1.000 typed=1.000 exact=1.000 fwd=0.0
[oracle_both_roundtrip] sequential d=8 n=150 acc=1.000 parse=1.000 typed=1.000 exact=1.000 fwd=0.0
[oracle_both_roundtrip] sequential d=12 n=150 acc=1.000 parse=1.000 typed=1.000 exact=1.000 fwd=0.0
[oracle_both_roundtrip] sequential d=16 n=150 acc=0.000 parse=0.000 typed=0.000 exact=0.000 fwd=0.0
[oracle_both_roundtrip] sequential d=32 n=150 acc=0.000 parse=0.000 typed=0.000 exact=0.000 fwd=0.0
[oracle_both_roundtrip] breadth d=1 n=150 acc=1.000 parse=1.000 typed=1.000 exact=1.000 fwd=0.0
[oracle_both_roundtrip] breadth d=2 n=150 acc=1.000 parse=1.000 typed=1.000 exact=1.000 fwd=0.0
[oracle_both_roundtrip] breadth d=3 n=150 acc=1.000 parse=1.000 typed=1.000 exact=1.000 fwd=0.0
[oracle_both_roundtrip] breadth d=4 n=150 acc=1.000 parse=1.000 typed=1.000 exact=1.000 fwd=0.0
[oracle_both_roundtrip] breadth d=5 n=150 acc=1.000 parse=1.000 typed=1.000 exact=1.000 fwd=0.0
[oracle_both_roundtrip] breadth d=6 n=150 acc=1.000 parse=1.000 typed=1.000 exact=1.000 fwd=0.0
[oracle_both_roundtrip] novel d=2 n=150 acc=1.000 parse=1.000 typed=1.000 exact=1.000 fwd=0.0
[oracle_both_roundtrip] novel d=3 n=150 acc=1.000 parse=1.000 typed=1.000 exact=1.000 fwd=0.0
[oracle_both_roundtrip] novel d=4 n=150 acc=1.000 parse=1.000 typed=1.000 exact=1.000 fwd=0.0
[oracle_both_roundtrip] novel d=5 n=150 acc=1.000 parse=1.000 typed=1.000 exact=1.000 fwd=0.0
[oracle_both_roundtrip] novel d=6 n=150 acc=1.000 parse=1.000 typed=1.000 exact=1.000 fwd=0.0
[oracle_both_roundtrip] sequential_paren d=2 n=150 acc=1.000 parse=1.000 typed=1.000 exact=1.000 fwd=0.0
[oracle_both_roundtrip] sequential_paren d=3 n=150 acc=1.000 parse=1.000 typed=1.000 exact=1.000 fwd=0.0
[oracle_both_roundtrip] sequential_paren d=4 n=150 acc=1.000 parse=1.000 typed=1.000 exact=1.000 fwd=0.0
[oracle_both_roundtrip] sequential_paren d=5 n=150 acc=1.000 parse=1.000 typed=1.000 exact=1.000 fwd=0.0
[oracle_both_roundtrip] sequential_paren d=6 n=150 acc=1.000 parse=1.000 typed=1.000 exact=1.000 fwd=0.0
[oracle_both_roundtrip] same_page_pair d=2 n=150 acc=1.000 parse=1.000 typed=1.000 exact=1.000 fwd=0.0
[oracle_both_roundtrip] units d=1 n=150 acc=1.000 parse=1.000 typed=1.000 exact=1.000 fwd=0.0
[counter p4@T0@it8] {"reported": 8, "observed": 8, "ok": true}
[plan_execute@T0@it8] sequential d=1 n=150 acc=1.000 parse=1.000 typed=1.000 exact=1.000 fwd=8.0 rev_val=0.000 rev_fin=0.000
[plan_execute@T0@it8] sequential d=2 n=150 acc=1.000 parse=1.000 typed=1.000 exact=1.000 fwd=8.0 rev_val=0.000 rev_fin=0.000
[plan_execute@T0@it8] sequential d=3 n=150 acc=1.000 parse=1.000 typed=1.000 exact=1.000 fwd=8.0 rev_val=0.000 rev_fin=0.000
[plan_execute@T0@it8] sequential d=4 n=150 acc=0.020 parse=1.000 typed=1.000 exact=0.000 fwd=8.0 rev_val=0.000 rev_fin=0.000
[plan_execute@T0@it8] sequential d=5 n=150 acc=0.047 parse=1.000 typed=1.000 exact=0.000 fwd=8.0 rev_val=0.000 rev_fin=0.000
[plan_execute@T0@it8] sequential d=6 n=150 acc=0.040 parse=1.000 typed=1.000 exact=0.000 fwd=8.0 rev_val=0.000 rev_fin=0.000
[plan_execute@T0@it8] sequential d=8 n=150 acc=0.000 parse=0.040 typed=0.040 exact=0.000 fwd=8.0 rev_val=0.001 rev_fin=0.001
[plan_execute@T0@it8] sequential d=12 n=150 acc=0.033 parse=1.000 typed=1.000 exact=0.000 fwd=8.0 rev_val=0.000 rev_fin=0.000
[plan_execute@T0@it8] sequential d=16 n=150 acc=0.000 parse=0.280 typed=0.280 exact=0.000 fwd=8.0 rev_val=0.000 rev_fin=0.000
[plan_execute@T0@it8] sequential d=32 n=150 acc=0.000 parse=0.000 typed=0.000 exact=0.000 fwd=8.0 rev_val=0.000 rev_fin=0.000
[plan_execute@T0@it8] breadth d=1 n=150 acc=1.000 parse=1.000 typed=1.000 exact=1.000 fwd=8.0 rev_val=0.000 rev_fin=0.000
[plan_execute@T0@it8] breadth d=2 n=150 acc=1.000 parse=1.000 typed=1.000 exact=1.000 fwd=8.0 rev_val=0.000 rev_fin=0.000
[plan_execute@T0@it8] breadth d=3 n=150 acc=1.000 parse=1.000 typed=1.000 exact=1.000 fwd=8.0 rev_val=0.000 rev_fin=0.000
[plan_execute@T0@it8] breadth d=4 n=150 acc=0.427 parse=1.000 typed=1.000 exact=0.000 fwd=8.0 rev_val=0.000 rev_fin=0.000
[plan_execute@T0@it8] breadth d=5 n=150 acc=0.160 parse=0.700 typed=0.700 exact=0.000 fwd=8.0 rev_val=0.000 rev_fin=0.000
[plan_execute@T0@it8] breadth d=6 n=150 acc=0.027 parse=0.100 typed=0.100 exact=0.000 fwd=8.0 rev_val=0.000 rev_fin=0.000
[plan_execute@T0@it8] novel d=2 n=150 acc=0.040 parse=1.000 typed=1.000 exact=0.013 fwd=8.0 rev_val=0.000 rev_fin=0.000
[plan_execute@T0@it8] novel d=3 n=150 acc=0.020 parse=1.000 typed=1.000 exact=0.000 fwd=8.0 rev_val=0.000 rev_fin=0.000
[plan_execute@T0@it8] novel d=4 n=150 acc=0.007 parse=0.960 typed=0.960 exact=0.000 fwd=8.0 rev_val=0.000 rev_fin=0.000
[plan_execute@T0@it8] novel d=5 n=150 acc=0.007 parse=0.540 typed=0.540 exact=0.000 fwd=8.0 rev_val=0.000 rev_fin=0.000
[plan_execute@T0@it8] novel d=6 n=150 acc=0.000 parse=0.813 typed=0.813 exact=0.000 fwd=8.0 rev_val=0.000 rev_fin=0.000
[plan_execute@T0@it8] sequential_paren d=2 n=150 acc=1.000 parse=1.000 typed=1.000 exact=1.000 fwd=8.0 rev_val=0.000 rev_fin=0.000
[plan_execute@T0@it8] sequential_paren d=3 n=150 acc=1.000 parse=1.000 typed=1.000 exact=1.000 fwd=8.0 rev_val=0.000 rev_fin=0.000
[plan_execute@T0@it8] sequential_paren d=4 n=150 acc=0.060 parse=0.980 typed=0.980 exact=0.000 fwd=8.0 rev_val=0.000 rev_fin=0.000
[plan_execute@T0@it8] sequential_paren d=5 n=150 acc=0.040 parse=0.607 typed=0.607 exact=0.000 fwd=8.0 rev_val=0.000 rev_fin=0.000
[plan_execute@T0@it8] sequential_paren d=6 n=150 acc=0.027 parse=0.840 typed=0.840 exact=0.000 fwd=8.0 rev_val=0.000 rev_fin=0.000
[plan_execute@T0@it8] same_page_pair d=2 n=150 acc=0.000 parse=0.213 typed=0.213 exact=0.000 fwd=8.0 rev_val=0.000 rev_fin=0.000
[plan_execute@T0@it8] units d=1 n=150 acc=1.000 parse=1.000 typed=1.000 exact=1.000 fwd=8.0 rev_val=0.000 rev_fin=0.000
[oracle_ops@T0@it8] sequential d=1 n=150 acc=1.000 parse=1.000 typed=1.000 exact=1.000 fwd=8.0 rev_val=0.000 rev_fin=0.000
[oracle_ops@T0@it8] sequential d=2 n=150 acc=1.000 parse=1.000 typed=1.000 exact=1.000 fwd=8.0 rev_val=0.000 rev_fin=0.000
[oracle_ops@T0@it8] sequential d=3 n=150 acc=1.000 parse=1.000 typed=1.000 exact=1.000 fwd=8.0 rev_val=0.000 rev_fin=0.000
[oracle_ops@T0@it8] sequential d=4 n=150 acc=0.020 parse=1.000 typed=1.000 exact=0.000 fwd=8.0 rev_val=0.000 rev_fin=0.000
[oracle_ops@T0@it8] sequential d=5 n=150 acc=0.047 parse=1.000 typed=1.000 exact=0.000 fwd=8.0 rev_val=0.000 rev_fin=0.000
[oracle_ops@T0@it8] sequential d=6 n=150 acc=0.040 parse=1.000 typed=1.000 exact=0.000 fwd=8.0 rev_val=0.000 rev_fin=0.000
[oracle_ops@T0@it8] sequential d=8 n=150 acc=0.000 parse=0.040 typed=0.040 exact=0.000 fwd=8.0 rev_val=0.001 rev_fin=0.001
[oracle_ops@T0@it8] sequential d=12 n=150 acc=0.033 parse=1.000 typed=1.000 exact=0.000 fwd=8.0 rev_val=0.000 rev_fin=0.000
[oracle_ops@T0@it8] sequential d=16 n=150 acc=0.000 parse=0.280 typed=0.280 exact=0.000 fwd=8.0 rev_val=0.000 rev_fin=0.000
[oracle_ops@T0@it8] sequential d=32 n=150 acc=0.000 parse=0.000 typed=0.000 exact=0.000 fwd=8.0 rev_val=0.000 rev_fin=0.000
[oracle_ops@T0@it8] breadth d=1 n=150 acc=1.000 parse=1.000 typed=1.000 exact=1.000 fwd=8.0 rev_val=0.000 rev_fin=0.000
[oracle_ops@T0@it8] breadth d=2 n=150 acc=1.000 parse=1.000 typed=1.000 exact=1.000 fwd=8.0 rev_val=0.000 rev_fin=0.000
[oracle_ops@T0@it8] breadth d=3 n=150 acc=1.000 parse=1.000 typed=1.000 exact=1.000 fwd=8.0 rev_val=0.000 rev_fin=0.000
[oracle_ops@T0@it8] breadth d=4 n=150 acc=0.000 parse=0.000 typed=0.000 exact=0.000 fwd=8.0 rev_val=0.000 rev_fin=0.000
[oracle_ops@T0@it8] breadth d=5 n=150 acc=0.000 parse=0.000 typed=0.000 exact=0.000 fwd=8.0 rev_val=0.000 rev_fin=0.000
[oracle_ops@T0@it8] breadth d=6 n=150 acc=0.000 parse=0.000 typed=0.000 exact=0.000 fwd=8.0 rev_val=0.000 rev_fin=0.000
[oracle_ops@T0@it8] novel d=2 n=150 acc=0.040 parse=1.000 typed=1.000 exact=0.013 fwd=8.0 rev_val=0.000 rev_fin=0.000
[oracle_ops@T0@it8] novel d=3 n=150 acc=0.020 parse=1.000 typed=1.000 exact=0.000 fwd=8.0 rev_val=0.000 rev_fin=0.000
[oracle_ops@T0@it8] novel d=4 n=150 acc=0.007 parse=0.960 typed=0.960 exact=0.000 fwd=8.0 rev_val=0.000 rev_fin=0.000
[oracle_ops@T0@it8] novel d=5 n=150 acc=0.007 parse=0.540 typed=0.540 exact=0.000 fwd=8.0 rev_val=0.000 rev_fin=0.000
[oracle_ops@T0@it8] novel d=6 n=150 acc=0.000 parse=0.813 typed=0.813 exact=0.000 fwd=8.0 rev_val=0.000 rev_fin=0.000
[oracle_ops@T0@it8] sequential_paren d=2 n=150 acc=1.000 parse=1.000 typed=1.000 exact=1.000 fwd=8.0 rev_val=0.000 rev_fin=0.000
[oracle_ops@T0@it8] sequential_paren d=3 n=150 acc=1.000 parse=1.000 typed=1.000 exact=1.000 fwd=8.0 rev_val=0.000 rev_fin=0.000
[oracle_ops@T0@it8] sequential_paren d=4 n=150 acc=0.060 parse=0.980 typed=0.980 exact=0.000 fwd=8.0 rev_val=0.000 rev_fin=0.000
[oracle_ops@T0@it8] sequential_paren d=5 n=150 acc=0.040 parse=0.607 typed=0.607 exact=0.000 fwd=8.0 rev_val=0.000 rev_fin=0.000
[oracle_ops@T0@it8] sequential_paren d=6 n=150 acc=0.027 parse=0.840 typed=0.840 exact=0.000 fwd=8.0 rev_val=0.000 rev_fin=0.000
[oracle_ops@T0@it8] same_page_pair d=2 n=150 acc=0.000 parse=0.213 typed=0.213 exact=0.000 fwd=8.0 rev_val=0.000 rev_fin=0.000
[oracle_ops@T0@it8] units d=1 n=150 acc=1.000 parse=1.000 typed=1.000 exact=1.000 fwd=8.0 rev_val=0.000 rev_fin=0.000
[oracle_plan@T0@it8] sequential d=1 n=150 acc=1.000 parse=1.000 typed=1.000 exact=1.000 fwd=0.0
[oracle_plan@T0@it8] sequential d=2 n=150 acc=1.000 parse=1.000 typed=1.000 exact=1.000 fwd=0.0
[oracle_plan@T0@it8] sequential d=3 n=150 acc=1.000 parse=1.000 typed=1.000 exact=1.000 fwd=0.0
[oracle_plan@T0@it8] sequential d=4 n=150 acc=1.000 parse=1.000 typed=1.000 exact=1.000 fwd=0.0
[oracle_plan@T0@it8] sequential d=5 n=150 acc=1.000 parse=1.000 typed=1.000 exact=1.000 fwd=0.0
[oracle_plan@T0@it8] sequential d=6 n=150 acc=1.000 parse=1.000 typed=1.000 exact=1.000 fwd=0.0
[oracle_plan@T0@it8] sequential d=8 n=150 acc=1.000 parse=1.000 typed=1.000 exact=1.000 fwd=0.0
[oracle_plan@T0@it8] sequential d=12 n=150 acc=1.000 parse=1.000 typed=1.000 exact=1.000 fwd=0.0
[oracle_plan@T0@it8] sequential d=16 n=150 acc=1.000 parse=1.000 typed=1.000 exact=1.000 fwd=0.0
[oracle_plan@T0@it8] sequential d=32 n=150 acc=1.000 parse=1.000 typed=1.000 exact=1.000 fwd=0.0
[oracle_plan@T0@it8] breadth d=1 n=150 acc=1.000 parse=1.000 typed=1.000 exact=1.000 fwd=0.0
[oracle_plan@T0@it8] breadth d=2 n=150 acc=1.000 parse=1.000 typed=1.000 exact=1.000 fwd=0.0
[oracle_plan@T0@it8] breadth d=3 n=150 acc=1.000 parse=1.000 typed=1.000 exact=1.000 fwd=0.0
[oracle_plan@T0@it8] breadth d=4 n=150 acc=0.000 parse=1.000 typed=0.000 exact=1.000 fwd=0.0
[oracle_plan@T0@it8] breadth d=5 n=150 acc=0.000 parse=1.000 typed=0.000 exact=1.000 fwd=0.0
[oracle_plan@T0@it8] breadth d=6 n=150 acc=0.000 parse=1.000 typed=0.000 exact=1.000 fwd=0.0
[oracle_plan@T0@it8] novel d=2 n=150 acc=1.000 parse=1.000 typed=1.000 exact=1.000 fwd=0.0
[oracle_plan@T0@it8] novel d=3 n=150 acc=1.000 parse=1.000 typed=1.000 exact=1.000 fwd=0.0
[oracle_plan@T0@it8] novel d=4 n=150 acc=1.000 parse=1.000 typed=1.000 exact=1.000 fwd=0.0
[oracle_plan@T0@it8] novel d=5 n=150 acc=1.000 parse=1.000 typed=1.000 exact=1.000 fwd=0.0
[oracle_plan@T0@it8] novel d=6 n=150 acc=1.000 parse=1.000 typed=1.000 exact=1.000 fwd=0.0
[oracle_plan@T0@it8] sequential_paren d=2 n=150 acc=1.000 parse=1.000 typed=1.000 exact=1.000 fwd=0.0
[oracle_plan@T0@it8] sequential_paren d=3 n=150 acc=1.000 parse=1.000 typed=1.000 exact=1.000 fwd=0.0
[oracle_plan@T0@it8] sequential_paren d=4 n=150 acc=1.000 parse=1.000 typed=1.000 exact=1.000 fwd=0.0
[oracle_plan@T0@it8] sequential_paren d=5 n=150 acc=1.000 parse=1.000 typed=1.000 exact=1.000 fwd=0.0
[oracle_plan@T0@it8] sequential_paren d=6 n=150 acc=1.000 parse=1.000 typed=1.000 exact=1.000 fwd=0.0
[oracle_plan@T0@it8] same_page_pair d=2 n=150 acc=1.000 parse=1.000 typed=1.000 exact=1.000 fwd=0.0
[oracle_plan@T0@it8] units d=1 n=150 acc=1.000 parse=1.000 typed=1.000 exact=1.000 fwd=0.0
[counter p4@T0.8@it8] {"reported": 8, "observed": 8, "ok": true}
[plan_execute@T0.8@it8] sequential d=1 n=150 acc=1.000 parse=1.000 typed=1.000 exact=1.000 fwd=8.0 rev_val=0.000 rev_fin=0.000
[plan_execute@T0.8@it8] sequential d=2 n=150 acc=1.000 parse=1.000 typed=1.000 exact=1.000 fwd=8.0 rev_val=0.000 rev_fin=0.000
[plan_execute@T0.8@it8] sequential d=3 n=150 acc=1.000 parse=1.000 typed=1.000 exact=1.000 fwd=8.0 rev_val=0.000 rev_fin=0.000
[plan_execute@T0.8@it8] sequential d=4 n=150 acc=0.020 parse=1.000 typed=1.000 exact=0.000 fwd=8.0 rev_val=0.000 rev_fin=0.000
[plan_execute@T0.8@it8] sequential d=5 n=150 acc=0.047 parse=1.000 typed=1.000 exact=0.000 fwd=8.0 rev_val=0.000 rev_fin=0.000
[plan_execute@T0.8@it8] sequential d=6 n=150 acc=0.040 parse=1.000 typed=1.000 exact=0.000 fwd=8.0 rev_val=0.000 rev_fin=0.000
[plan_execute@T0.8@it8] sequential d=8 n=150 acc=0.000 parse=0.047 typed=0.047 exact=0.000 fwd=8.0 rev_val=0.001 rev_fin=0.001
[plan_execute@T0.8@it8] sequential d=12 n=150 acc=0.033 parse=1.000 typed=1.000 exact=0.000 fwd=8.0 rev_val=0.000 rev_fin=0.000
[plan_execute@T0.8@it8] sequential d=16 n=150 acc=0.013 parse=0.367 typed=0.367 exact=0.000 fwd=8.0 rev_val=0.000 rev_fin=0.000
[plan_execute@T0.8@it8] sequential d=32 n=150 acc=0.000 parse=0.013 typed=0.013 exact=0.000 fwd=8.0 rev_val=0.000 rev_fin=0.000
[plan_execute@T0.8@it8] breadth d=1 n=150 acc=1.000 parse=1.000 typed=1.000 exact=1.000 fwd=8.0 rev_val=0.000 rev_fin=0.000
[plan_execute@T0.8@it8] breadth d=2 n=150 acc=1.000 parse=1.000 typed=1.000 exact=1.000 fwd=8.0 rev_val=0.000 rev_fin=0.000
[plan_execute@T0.8@it8] breadth d=3 n=150 acc=1.000 parse=1.000 typed=1.000 exact=1.000 fwd=8.0 rev_val=0.000 rev_fin=0.000
[plan_execute@T0.8@it8] breadth d=4 n=150 acc=0.427 parse=1.000 typed=1.000 exact=0.000 fwd=8.0 rev_val=0.000 rev_fin=0.000
[plan_execute@T0.8@it8] breadth d=5 n=150 acc=0.160 parse=0.700 typed=0.700 exact=0.000 fwd=8.0 rev_val=0.000 rev_fin=0.000
[plan_execute@T0.8@it8] breadth d=6 n=150 acc=0.027 parse=0.100 typed=0.100 exact=0.000 fwd=8.0 rev_val=0.000 rev_fin=0.000
[plan_execute@T0.8@it8] novel d=2 n=150 acc=0.033 parse=1.000 typed=1.000 exact=0.007 fwd=8.0 rev_val=0.000 rev_fin=0.000
[plan_execute@T0.8@it8] novel d=3 n=150 acc=0.020 parse=1.000 typed=1.000 exact=0.000 fwd=8.0 rev_val=0.000 rev_fin=0.000
[plan_execute@T0.8@it8] novel d=4 n=150 acc=0.007 parse=0.960 typed=0.960 exact=0.000 fwd=8.0 rev_val=0.000 rev_fin=0.000
[plan_execute@T0.8@it8] novel d=5 n=150 acc=0.007 parse=0.547 typed=0.547 exact=0.000 fwd=8.0 rev_val=0.000 rev_fin=0.000
[plan_execute@T0.8@it8] novel d=6 n=150 acc=0.000 parse=0.813 typed=0.813 exact=0.000 fwd=8.0 rev_val=0.000 rev_fin=0.000
[plan_execute@T0.8@it8] sequential_paren d=2 n=150 acc=1.000 parse=1.000 typed=1.000 exact=1.000 fwd=8.0 rev_val=0.000 rev_fin=0.000
[plan_execute@T0.8@it8] sequential_paren d=3 n=150 acc=1.000 parse=1.000 typed=1.000 exact=1.000 fwd=8.0 rev_val=0.000 rev_fin=0.000
[plan_execute@T0.8@it8] sequential_paren d=4 n=150 acc=0.060 parse=0.980 typed=0.980 exact=0.000 fwd=8.0 rev_val=0.000 rev_fin=0.000
[plan_execute@T0.8@it8] sequential_paren d=5 n=150 acc=0.033 parse=0.613 typed=0.613 exact=0.000 fwd=8.0 rev_val=0.000 rev_fin=0.000
[plan_execute@T0.8@it8] sequential_paren d=6 n=150 acc=0.027 parse=0.833 typed=0.833 exact=0.000 fwd=8.0 rev_val=0.000 rev_fin=0.000
[plan_execute@T0.8@it8] same_page_pair d=2 n=150 acc=0.000 parse=0.193 typed=0.193 exact=0.000 fwd=8.0 rev_val=0.000 rev_fin=0.000
[plan_execute@T0.8@it8] units d=1 n=150 acc=1.000 parse=1.000 typed=1.000 exact=1.000 fwd=8.0 rev_val=0.000 rev_fin=0.000
[oracle_ops@T0.8@it8] sequential d=1 n=150 acc=1.000 parse=1.000 typed=1.000 exact=1.000 fwd=8.0 rev_val=0.000 rev_fin=0.000
[oracle_ops@T0.8@it8] sequential d=2 n=150 acc=1.000 parse=1.000 typed=1.000 exact=1.000 fwd=8.0 rev_val=0.000 rev_fin=0.000
[oracle_ops@T0.8@it8] sequential d=3 n=150 acc=1.000 parse=1.000 typed=1.000 exact=1.000 fwd=8.0 rev_val=0.000 rev_fin=0.000
[oracle_ops@T0.8@it8] sequential d=4 n=150 acc=0.020 parse=1.000 typed=1.000 exact=0.000 fwd=8.0 rev_val=0.000 rev_fin=0.000
[oracle_ops@T0.8@it8] sequential d=5 n=150 acc=0.047 parse=1.000 typed=1.000 exact=0.000 fwd=8.0 rev_val=0.000 rev_fin=0.000
[oracle_ops@T0.8@it8] sequential d=6 n=150 acc=0.040 parse=1.000 typed=1.000 exact=0.000 fwd=8.0 rev_val=0.000 rev_fin=0.000
[oracle_ops@T0.8@it8] sequential d=8 n=150 acc=0.000 parse=0.047 typed=0.047 exact=0.000 fwd=8.0 rev_val=0.001 rev_fin=0.001
[oracle_ops@T0.8@it8] sequential d=12 n=150 acc=0.033 parse=1.000 typed=1.000 exact=0.000 fwd=8.0 rev_val=0.000 rev_fin=0.000
[oracle_ops@T0.8@it8] sequential d=16 n=150 acc=0.013 parse=0.367 typed=0.367 exact=0.000 fwd=8.0 rev_val=0.000 rev_fin=0.000
[oracle_ops@T0.8@it8] sequential d=32 n=150 acc=0.000 parse=0.013 typed=0.013 exact=0.000 fwd=8.0 rev_val=0.000 rev_fin=0.000
[oracle_ops@T0.8@it8] breadth d=1 n=150 acc=1.000 parse=1.000 typed=1.000 exact=1.000 fwd=8.0 rev_val=0.000 rev_fin=0.000
[oracle_ops@T0.8@it8] breadth d=2 n=150 acc=1.000 parse=1.000 typed=1.000 exact=1.000 fwd=8.0 rev_val=0.000 rev_fin=0.000
[oracle_ops@T0.8@it8] breadth d=3 n=150 acc=1.000 parse=1.000 typed=1.000 exact=1.000 fwd=8.0 rev_val=0.000 rev_fin=0.000
[oracle_ops@T0.8@it8] breadth d=4 n=150 acc=0.000 parse=0.000 typed=0.000 exact=0.000 fwd=8.0 rev_val=0.000 rev_fin=0.000
[oracle_ops@T0.8@it8] breadth d=5 n=150 acc=0.000 parse=0.000 typed=0.000 exact=0.000 fwd=8.0 rev_val=0.000 rev_fin=0.000
[oracle_ops@T0.8@it8] breadth d=6 n=150 acc=0.000 parse=0.000 typed=0.000 exact=0.000 fwd=8.0 rev_val=0.000 rev_fin=0.000
[oracle_ops@T0.8@it8] novel d=2 n=150 acc=0.033 parse=1.000 typed=1.000 exact=0.007 fwd=8.0 rev_val=0.000 rev_fin=0.000
[oracle_ops@T0.8@it8] novel d=3 n=150 acc=0.020 parse=1.000 typed=1.000 exact=0.000 fwd=8.0 rev_val=0.000 rev_fin=0.000
[oracle_ops@T0.8@it8] novel d=4 n=150 acc=0.007 parse=0.960 typed=0.960 exact=0.000 fwd=8.0 rev_val=0.000 rev_fin=0.000
[oracle_ops@T0.8@it8] novel d=5 n=150 acc=0.007 parse=0.547 typed=0.547 exact=0.000 fwd=8.0 rev_val=0.000 rev_fin=0.000
[oracle_ops@T0.8@it8] novel d=6 n=150 acc=0.000 parse=0.813 typed=0.813 exact=0.000 fwd=8.0 rev_val=0.000 rev_fin=0.000
[oracle_ops@T0.8@it8] sequential_paren d=2 n=150 acc=1.000 parse=1.000 typed=1.000 exact=1.000 fwd=8.0 rev_val=0.000 rev_fin=0.000
[oracle_ops@T0.8@it8] sequential_paren d=3 n=150 acc=1.000 parse=1.000 typed=1.000 exact=1.000 fwd=8.0 rev_val=0.000 rev_fin=0.000
[oracle_ops@T0.8@it8] sequential_paren d=4 n=150 acc=0.060 parse=0.980 typed=0.980 exact=0.000 fwd=8.0 rev_val=0.000 rev_fin=0.000
[oracle_ops@T0.8@it8] sequential_paren d=5 n=150 acc=0.033 parse=0.613 typed=0.613 exact=0.000 fwd=8.0 rev_val=0.000 rev_fin=0.000
[oracle_ops@T0.8@it8] sequential_paren d=6 n=150 acc=0.027 parse=0.833 typed=0.833 exact=0.000 fwd=8.0 rev_val=0.000 rev_fin=0.000
[oracle_ops@T0.8@it8] same_page_pair d=2 n=150 acc=0.000 parse=0.193 typed=0.193 exact=0.000 fwd=8.0 rev_val=0.000 rev_fin=0.000
[oracle_ops@T0.8@it8] units d=1 n=150 acc=1.000 parse=1.000 typed=1.000 exact=1.000 fwd=8.0 rev_val=0.000 rev_fin=0.000
[oracle_plan@T0.8@it8] sequential d=1 n=150 acc=1.000 parse=1.000 typed=1.000 exact=1.000 fwd=0.0
[oracle_plan@T0.8@it8] sequential d=2 n=150 acc=1.000 parse=1.000 typed=1.000 exact=1.000 fwd=0.0
[oracle_plan@T0.8@it8] sequential d=3 n=150 acc=1.000 parse=1.000 typed=1.000 exact=1.000 fwd=0.0
[oracle_plan@T0.8@it8] sequential d=4 n=150 acc=1.000 parse=1.000 typed=1.000 exact=1.000 fwd=0.0
[oracle_plan@T0.8@it8] sequential d=5 n=150 acc=1.000 parse=1.000 typed=1.000 exact=1.000 fwd=0.0
[oracle_plan@T0.8@it8] sequential d=6 n=150 acc=1.000 parse=1.000 typed=1.000 exact=1.000 fwd=0.0
[oracle_plan@T0.8@it8] sequential d=8 n=150 acc=1.000 parse=1.000 typed=1.000 exact=1.000 fwd=0.0
[oracle_plan@T0.8@it8] sequential d=12 n=150 acc=1.000 parse=1.000 typed=1.000 exact=1.000 fwd=0.0
[oracle_plan@T0.8@it8] sequential d=16 n=150 acc=1.000 parse=1.000 typed=1.000 exact=1.000 fwd=0.0
[oracle_plan@T0.8@it8] sequential d=32 n=150 acc=1.000 parse=1.000 typed=1.000 exact=1.000 fwd=0.0
[oracle_plan@T0.8@it8] breadth d=1 n=150 acc=1.000 parse=1.000 typed=1.000 exact=1.000 fwd=0.0
[oracle_plan@T0.8@it8] breadth d=2 n=150 acc=1.000 parse=1.000 typed=1.000 exact=1.000 fwd=0.0
[oracle_plan@T0.8@it8] breadth d=3 n=150 acc=1.000 parse=1.000 typed=1.000 exact=1.000 fwd=0.0
[oracle_plan@T0.8@it8] breadth d=4 n=150 acc=0.000 parse=1.000 typed=0.000 exact=1.000 fwd=0.0
[oracle_plan@T0.8@it8] breadth d=5 n=150 acc=0.000 parse=1.000 typed=0.000 exact=1.000 fwd=0.0
[oracle_plan@T0.8@it8] breadth d=6 n=150 acc=0.000 parse=1.000 typed=0.000 exact=1.000 fwd=0.0
[oracle_plan@T0.8@it8] novel d=2 n=150 acc=1.000 parse=1.000 typed=1.000 exact=1.000 fwd=0.0
[oracle_plan@T0.8@it8] novel d=3 n=150 acc=1.000 parse=1.000 typed=1.000 exact=1.000 fwd=0.0
[oracle_plan@T0.8@it8] novel d=4 n=150 acc=1.000 parse=1.000 typed=1.000 exact=1.000 fwd=0.0
[oracle_plan@T0.8@it8] novel d=5 n=150 acc=1.000 parse=1.000 typed=1.000 exact=1.000 fwd=0.0
[oracle_plan@T0.8@it8] novel d=6 n=150 acc=1.000 parse=1.000 typed=1.000 exact=1.000 fwd=0.0
[oracle_plan@T0.8@it8] sequential_paren d=2 n=150 acc=1.000 parse=1.000 typed=1.000 exact=1.000 fwd=0.0
[oracle_plan@T0.8@it8] sequential_paren d=3 n=150 acc=1.000 parse=1.000 typed=1.000 exact=1.000 fwd=0.0
[oracle_plan@T0.8@it8] sequential_paren d=4 n=150 acc=1.000 parse=1.000 typed=1.000 exact=1.000 fwd=0.0
[oracle_plan@T0.8@it8] sequential_paren d=5 n=150 acc=1.000 parse=1.000 typed=1.000 exact=1.000 fwd=0.0
[oracle_plan@T0.8@it8] sequential_paren d=6 n=150 acc=1.000 parse=1.000 typed=1.000 exact=1.000 fwd=0.0
[oracle_plan@T0.8@it8] same_page_pair d=2 n=150 acc=1.000 parse=1.000 typed=1.000 exact=1.000 fwd=0.0
[oracle_plan@T0.8@it8] units d=1 n=150 acc=1.000 parse=1.000 typed=1.000 exact=1.000 fwd=0.0
[induction style=1] {"pages": 6600, "pages_parsed": 5417, "gold_ops": 9897, "induced_ops": 8477, "self_verified": 437, "exact_text": 3743, "behavioural": 5055, "secs": 849.2}
[oracle_both@para] sequential d=1 n=150 acc=1.000 parse=1.000 typed=1.000 exact=1.000 fwd=0.0
[oracle_both@para] sequential d=2 n=150 acc=1.000 parse=1.000 typed=1.000 exact=1.000 fwd=0.0
[oracle_both@para] sequential d=3 n=150 acc=1.000 parse=1.000 typed=1.000 exact=1.000 fwd=0.0
[oracle_both@para] sequential d=4 n=150 acc=1.000 parse=1.000 typed=1.000 exact=1.000 fwd=0.0
[oracle_both@para] sequential d=5 n=150 acc=1.000 parse=1.000 typed=1.000 exact=1.000 fwd=0.0
[oracle_both@para] sequential d=6 n=150 acc=1.000 parse=1.000 typed=1.000 exact=1.000 fwd=0.0
[oracle_both@para] sequential d=8 n=150 acc=1.000 parse=1.000 typed=1.000 exact=1.000 fwd=0.0
[oracle_both@para] sequential d=12 n=150 acc=1.000 parse=1.000 typed=1.000 exact=1.000 fwd=0.0
[oracle_both@para] sequential d=16 n=150 acc=1.000 parse=1.000 typed=1.000 exact=1.000 fwd=0.0
[oracle_both@para] sequential d=32 n=150 acc=1.000 parse=1.000 typed=1.000 exact=1.000 fwd=0.0
[oracle_both@para] breadth d=1 n=150 acc=1.000 parse=1.000 typed=1.000 exact=1.000 fwd=0.0
[oracle_both@para] breadth d=2 n=150 acc=1.000 parse=1.000 typed=1.000 exact=1.000 fwd=0.0
[oracle_both@para] breadth d=3 n=150 acc=1.000 parse=1.000 typed=1.000 exact=1.000 fwd=0.0
[oracle_both@para] breadth d=4 n=150 acc=1.000 parse=1.000 typed=1.000 exact=1.000 fwd=0.0
[oracle_both@para] breadth d=5 n=150 acc=1.000 parse=1.000 typed=1.000 exact=1.000 fwd=0.0
[oracle_both@para] breadth d=6 n=150 acc=1.000 parse=1.000 typed=1.000 exact=1.000 fwd=0.0
[oracle_both@para] novel d=2 n=150 acc=1.000 parse=1.000 typed=1.000 exact=1.000 fwd=0.0
[oracle_both@para] novel d=3 n=150 acc=1.000 parse=1.000 typed=1.000 exact=1.000 fwd=0.0
[oracle_both@para] novel d=4 n=150 acc=1.000 parse=1.000 typed=1.000 exact=1.000 fwd=0.0
[oracle_both@para] novel d=5 n=150 acc=1.000 parse=1.000 typed=1.000 exact=1.000 fwd=0.0
[oracle_both@para] novel d=6 n=150 acc=1.000 parse=1.000 typed=1.000 exact=1.000 fwd=0.0
[oracle_both@para] sequential_paren d=2 n=150 acc=1.000 parse=1.000 typed=1.000 exact=1.000 fwd=0.0
[oracle_both@para] sequential_paren d=3 n=150 acc=1.000 parse=1.000 typed=1.000 exact=1.000 fwd=0.0
[oracle_both@para] sequential_paren d=4 n=150 acc=1.000 parse=1.000 typed=1.000 exact=1.000 fwd=0.0
[oracle_both@para] sequential_paren d=5 n=150 acc=1.000 parse=1.000 typed=1.000 exact=1.000 fwd=0.0
[oracle_both@para] sequential_paren d=6 n=150 acc=1.000 parse=1.000 typed=1.000 exact=1.000 fwd=0.0
[oracle_both@para] same_page_pair d=2 n=150 acc=1.000 parse=1.000 typed=1.000 exact=1.000 fwd=0.0
[oracle_both@para] units d=1 n=150 acc=1.000 parse=1.000 typed=1.000 exact=1.000 fwd=0.0
[oracle_both_roundtrip@para] sequential d=1 n=150 acc=1.000 parse=1.000 typed=1.000 exact=1.000 fwd=0.0
[oracle_both_roundtrip@para] sequential d=2 n=150 acc=1.000 parse=1.000 typed=1.000 exact=1.000 fwd=0.0
[oracle_both_roundtrip@para] sequential d=3 n=150 acc=1.000 parse=1.000 typed=1.000 exact=1.000 fwd=0.0
[oracle_both_roundtrip@para] sequential d=4 n=150 acc=1.000 parse=1.000 typed=1.000 exact=1.000 fwd=0.0
[oracle_both_roundtrip@para] sequential d=5 n=150 acc=1.000 parse=1.000 typed=1.000 exact=1.000 fwd=0.0
[oracle_both_roundtrip@para] sequential d=6 n=150 acc=1.000 parse=1.000 typed=1.000 exact=1.000 fwd=0.0
[oracle_both_roundtrip@para] sequential d=8 n=150 acc=1.000 parse=1.000 typed=1.000 exact=1.000 fwd=0.0
[oracle_both_roundtrip@para] sequential d=12 n=150 acc=1.000 parse=1.000 typed=1.000 exact=1.000 fwd=0.0
[oracle_both_roundtrip@para] sequential d=16 n=150 acc=0.000 parse=0.000 typed=0.000 exact=0.000 fwd=0.0
[oracle_both_roundtrip@para] sequential d=32 n=150 acc=0.000 parse=0.000 typed=0.000 exact=0.000 fwd=0.0
[oracle_both_roundtrip@para] breadth d=1 n=150 acc=1.000 parse=1.000 typed=1.000 exact=1.000 fwd=0.0
[oracle_both_roundtrip@para] breadth d=2 n=150 acc=1.000 parse=1.000 typed=1.000 exact=1.000 fwd=0.0
[oracle_both_roundtrip@para] breadth d=3 n=150 acc=1.000 parse=1.000 typed=1.000 exact=1.000 fwd=0.0
[oracle_both_roundtrip@para] breadth d=4 n=150 acc=1.000 parse=1.000 typed=1.000 exact=1.000 fwd=0.0
[oracle_both_roundtrip@para] breadth d=5 n=150 acc=1.000 parse=1.000 typed=1.000 exact=1.000 fwd=0.0
[oracle_both_roundtrip@para] breadth d=6 n=150 acc=1.000 parse=1.000 typed=1.000 exact=1.000 fwd=0.0
[oracle_both_roundtrip@para] novel d=2 n=150 acc=1.000 parse=1.000 typed=1.000 exact=1.000 fwd=0.0
[oracle_both_roundtrip@para] novel d=3 n=150 acc=1.000 parse=1.000 typed=1.000 exact=1.000 fwd=0.0
[oracle_both_roundtrip@para] novel d=4 n=150 acc=1.000 parse=1.000 typed=1.000 exact=1.000 fwd=0.0
[oracle_both_roundtrip@para] novel d=5 n=150 acc=1.000 parse=1.000 typed=1.000 exact=1.000 fwd=0.0
[oracle_both_roundtrip@para] novel d=6 n=150 acc=1.000 parse=1.000 typed=1.000 exact=1.000 fwd=0.0
[oracle_both_roundtrip@para] sequential_paren d=2 n=150 acc=1.000 parse=1.000 typed=1.000 exact=1.000 fwd=0.0
[oracle_both_roundtrip@para] sequential_paren d=3 n=150 acc=1.000 parse=1.000 typed=1.000 exact=1.000 fwd=0.0
[oracle_both_roundtrip@para] sequential_paren d=4 n=150 acc=1.000 parse=1.000 typed=1.000 exact=1.000 fwd=0.0
[oracle_both_roundtrip@para] sequential_paren d=5 n=150 acc=1.000 parse=1.000 typed=1.000 exact=1.000 fwd=0.0
[oracle_both_roundtrip@para] sequential_paren d=6 n=150 acc=1.000 parse=1.000 typed=1.000 exact=1.000 fwd=0.0
[oracle_both_roundtrip@para] same_page_pair d=2 n=150 acc=1.000 parse=1.000 typed=1.000 exact=1.000 fwd=0.0
[oracle_both_roundtrip@para] units d=1 n=150 acc=1.000 parse=1.000 typed=1.000 exact=1.000 fwd=0.0
[counter p4@T0@it8] {"reported": 8, "observed": 8, "ok": true}
[plan_execute@T0@it8@para] sequential d=1 n=150 acc=0.680 parse=0.867 typed=0.867 exact=0.680 fwd=8.0 rev_val=0.000 rev_fin=0.000
[plan_execute@T0@it8@para] sequential d=2 n=150 acc=0.340 parse=0.893 typed=0.893 exact=0.333 fwd=8.0 rev_val=0.000 rev_fin=0.000
[plan_execute@T0@it8@para] sequential d=3 n=150 acc=0.340 parse=0.867 typed=0.867 exact=0.340 fwd=8.0 rev_val=0.000 rev_fin=0.000
[plan_execute@T0@it8@para] sequential d=4 n=150 acc=0.013 parse=0.887 typed=0.887 exact=0.000 fwd=8.0 rev_val=0.000 rev_fin=0.000
[plan_execute@T0@it8@para] sequential d=5 n=150 acc=0.027 parse=0.873 typed=0.873 exact=0.000 fwd=8.0 rev_val=0.000 rev_fin=0.000
[plan_execute@T0@it8@para] sequential d=6 n=150 acc=0.013 parse=0.887 typed=0.887 exact=0.000 fwd=8.0 rev_val=0.000 rev_fin=0.000
[plan_execute@T0@it8@para] sequential d=8 n=150 acc=0.000 parse=0.147 typed=0.147 exact=0.000 fwd=8.0 rev_val=0.000 rev_fin=0.000
[plan_execute@T0@it8@para] sequential d=12 n=150 acc=0.007 parse=0.860 typed=0.860 exact=0.000 fwd=8.0 rev_val=0.000 rev_fin=0.000
[plan_execute@T0@it8@para] sequential d=16 n=150 acc=0.000 parse=0.000 typed=0.000 exact=0.000 fwd=8.0 rev_val=0.000 rev_fin=0.000
[plan_execute@T0@it8@para] sequential d=32 n=150 acc=0.000 parse=0.000 typed=0.000 exact=0.000 fwd=8.0 rev_val=0.000 rev_fin=0.000
[plan_execute@T0@it8@para] breadth d=1 n=150 acc=0.000 parse=0.020 typed=0.020 exact=0.000 fwd=8.0 rev_val=0.000 rev_fin=0.000
[plan_execute@T0@it8@para] breadth d=2 n=150 acc=0.940 parse=0.967 typed=0.967 exact=0.967 fwd=8.0 rev_val=0.000 rev_fin=0.000
[plan_execute@T0@it8@para] breadth d=3 n=150 acc=0.667 parse=0.940 typed=0.940 exact=0.940 fwd=8.0 rev_val=0.000 rev_fin=0.000
[plan_execute@T0@it8@para] breadth d=4 n=150 acc=0.320 parse=0.960 typed=0.960 exact=0.000 fwd=8.0 rev_val=0.000 rev_fin=0.000
[plan_execute@T0@it8@para] breadth d=5 n=150 acc=0.267 parse=0.960 typed=0.960 exact=0.000 fwd=8.0 rev_val=0.000 rev_fin=0.000
[plan_execute@T0@it8@para] breadth d=6 n=150 acc=0.120 parse=0.953 typed=0.953 exact=0.000 fwd=8.0 rev_val=0.000 rev_fin=0.000
[plan_execute@T0@it8@para] novel d=2 n=150 acc=0.047 parse=0.860 typed=0.860 exact=0.027 fwd=8.0 rev_val=0.000 rev_fin=0.000
[plan_execute@T0@it8@para] novel d=3 n=150 acc=0.027 parse=0.840 typed=0.840 exact=0.000 fwd=8.0 rev_val=0.000 rev_fin=0.000
[plan_execute@T0@it8@para] novel d=4 n=150 acc=0.007 parse=0.813 typed=0.813 exact=0.000 fwd=8.0 rev_val=0.000 rev_fin=0.000
[plan_execute@T0@it8@para] novel d=5 n=150 acc=0.000 parse=0.527 typed=0.527 exact=0.000 fwd=8.0 rev_val=0.000 rev_fin=0.000
[plan_execute@T0@it8@para] novel d=6 n=150 acc=0.000 parse=0.700 typed=0.700 exact=0.000 fwd=8.0 rev_val=0.000 rev_fin=0.000
[plan_execute@T0@it8@para] sequential_paren d=2 n=150 acc=0.667 parse=0.847 typed=0.847 exact=0.680 fwd=8.0 rev_val=0.000 rev_fin=0.000
[plan_execute@T0@it8@para] sequential_paren d=3 n=150 acc=0.613 parse=0.833 typed=0.833 exact=0.640 fwd=8.0 rev_val=0.000 rev_fin=0.000
[plan_execute@T0@it8@para] sequential_paren d=4 n=150 acc=0.047 parse=0.813 typed=0.813 exact=0.000 fwd=8.0 rev_val=0.000 rev_fin=0.000
[plan_execute@T0@it8@para] sequential_paren d=5 n=150 acc=0.020 parse=0.520 typed=0.520 exact=0.000 fwd=8.0 rev_val=0.000 rev_fin=0.000
[plan_execute@T0@it8@para] sequential_paren d=6 n=150 acc=0.007 parse=0.680 typed=0.680 exact=0.000 fwd=8.0 rev_val=0.000 rev_fin=0.000
[plan_execute@T0@it8@para] same_page_pair d=2 n=150 acc=0.000 parse=0.093 typed=0.093 exact=0.000 fwd=8.0 rev_val=0.000 rev_fin=0.000
[plan_execute@T0@it8@para] units d=1 n=150 acc=0.587 parse=0.920 typed=0.920 exact=0.920 fwd=8.0 rev_val=0.000 rev_fin=0.000
[oracle_ops@T0@it8@para] sequential d=1 n=150 acc=1.000 parse=1.000 typed=1.000 exact=1.000 fwd=8.0 rev_val=0.000 rev_fin=0.000
[oracle_ops@T0@it8@para] sequential d=2 n=150 acc=1.000 parse=1.000 typed=1.000 exact=1.000 fwd=8.0 rev_val=0.000 rev_fin=0.000
[oracle_ops@T0@it8@para] sequential d=3 n=150 acc=1.000 parse=1.000 typed=1.000 exact=1.000 fwd=8.0 rev_val=0.000 rev_fin=0.000
[oracle_ops@T0@it8@para] sequential d=4 n=150 acc=0.020 parse=1.000 typed=1.000 exact=0.000 fwd=8.0 rev_val=0.000 rev_fin=0.000
[oracle_ops@T0@it8@para] sequential d=5 n=150 acc=0.047 parse=1.000 typed=1.000 exact=0.000 fwd=8.0 rev_val=0.000 rev_fin=0.000
[oracle_ops@T0@it8@para] sequential d=6 n=150 acc=0.040 parse=1.000 typed=1.000 exact=0.000 fwd=8.0 rev_val=0.000 rev_fin=0.000
[oracle_ops@T0@it8@para] sequential d=8 n=150 acc=0.000 parse=0.040 typed=0.040 exact=0.000 fwd=8.0 rev_val=0.001 rev_fin=0.001
[oracle_ops@T0@it8@para] sequential d=12 n=150 acc=0.033 parse=1.000 typed=1.000 exact=0.000 fwd=8.0 rev_val=0.000 rev_fin=0.000
[oracle_ops@T0@it8@para] sequential d=16 n=150 acc=0.000 parse=0.280 typed=0.280 exact=0.000 fwd=8.0 rev_val=0.000 rev_fin=0.000
[oracle_ops@T0@it8@para] sequential d=32 n=150 acc=0.000 parse=0.000 typed=0.000 exact=0.000 fwd=8.0 rev_val=0.000 rev_fin=0.000
[oracle_ops@T0@it8@para] breadth d=1 n=150 acc=1.000 parse=1.000 typed=1.000 exact=1.000 fwd=8.0 rev_val=0.000 rev_fin=0.000
[oracle_ops@T0@it8@para] breadth d=2 n=150 acc=1.000 parse=1.000 typed=1.000 exact=1.000 fwd=8.0 rev_val=0.000 rev_fin=0.000
[oracle_ops@T0@it8@para] breadth d=3 n=150 acc=1.000 parse=1.000 typed=1.000 exact=1.000 fwd=8.0 rev_val=0.000 rev_fin=0.000
[oracle_ops@T0@it8@para] breadth d=4 n=150 acc=0.000 parse=0.000 typed=0.000 exact=0.000 fwd=8.0 rev_val=0.000 rev_fin=0.000
[oracle_ops@T0@it8@para] breadth d=5 n=150 acc=0.000 parse=0.000 typed=0.000 exact=0.000 fwd=8.0 rev_val=0.000 rev_fin=0.000
[oracle_ops@T0@it8@para] breadth d=6 n=150 acc=0.000 parse=0.000 typed=0.000 exact=0.000 fwd=8.0 rev_val=0.000 rev_fin=0.000
[oracle_ops@T0@it8@para] novel d=2 n=150 acc=0.040 parse=1.000 typed=1.000 exact=0.013 fwd=8.0 rev_val=0.000 rev_fin=0.000
[oracle_ops@T0@it8@para] novel d=3 n=150 acc=0.020 parse=1.000 typed=1.000 exact=0.000 fwd=8.0 rev_val=0.000 rev_fin=0.000
[oracle_ops@T0@it8@para] novel d=4 n=150 acc=0.007 parse=0.960 typed=0.960 exact=0.000 fwd=8.0 rev_val=0.000 rev_fin=0.000
[oracle_ops@T0@it8@para] novel d=5 n=150 acc=0.007 parse=0.540 typed=0.540 exact=0.000 fwd=8.0 rev_val=0.000 rev_fin=0.000
[oracle_ops@T0@it8@para] novel d=6 n=150 acc=0.000 parse=0.813 typed=0.813 exact=0.000 fwd=8.0 rev_val=0.000 rev_fin=0.000
[oracle_ops@T0@it8@para] sequential_paren d=2 n=150 acc=1.000 parse=1.000 typed=1.000 exact=1.000 fwd=8.0 rev_val=0.000 rev_fin=0.000
[oracle_ops@T0@it8@para] sequential_paren d=3 n=150 acc=1.000 parse=1.000 typed=1.000 exact=1.000 fwd=8.0 rev_val=0.000 rev_fin=0.000
[oracle_ops@T0@it8@para] sequential_paren d=4 n=150 acc=0.060 parse=0.980 typed=0.980 exact=0.000 fwd=8.0 rev_val=0.000 rev_fin=0.000
[oracle_ops@T0@it8@para] sequential_paren d=5 n=150 acc=0.040 parse=0.607 typed=0.607 exact=0.000 fwd=8.0 rev_val=0.000 rev_fin=0.000
[oracle_ops@T0@it8@para] sequential_paren d=6 n=150 acc=0.027 parse=0.840 typed=0.840 exact=0.000 fwd=8.0 rev_val=0.000 rev_fin=0.000
[oracle_ops@T0@it8@para] same_page_pair d=2 n=150 acc=0.000 parse=0.213 typed=0.213 exact=0.000 fwd=8.0 rev_val=0.000 rev_fin=0.000
[oracle_ops@T0@it8@para] units d=1 n=150 acc=1.000 parse=1.000 typed=1.000 exact=1.000 fwd=8.0 rev_val=0.000 rev_fin=0.000
[oracle_plan@T0@it8@para] sequential d=1 n=150 acc=0.680 parse=1.000 typed=0.680 exact=1.000 fwd=0.0
[oracle_plan@T0@it8@para] sequential d=2 n=150 acc=0.727 parse=1.000 typed=0.733 exact=1.000 fwd=0.0
[oracle_plan@T0@it8@para] sequential d=3 n=150 acc=0.700 parse=1.000 typed=0.727 exact=1.000 fwd=0.0
[oracle_plan@T0@it8@para] sequential d=4 n=150 acc=0.680 parse=1.000 typed=0.733 exact=1.000 fwd=0.0
[oracle_plan@T0@it8@para] sequential d=5 n=150 acc=0.640 parse=1.000 typed=0.680 exact=1.000 fwd=0.0
[oracle_plan@T0@it8@para] sequential d=6 n=150 acc=0.700 parse=1.000 typed=0.740 exact=1.000 fwd=0.0
[oracle_plan@T0@it8@para] sequential d=8 n=150 acc=0.667 parse=1.000 typed=0.707 exact=1.000 fwd=0.0
[oracle_plan@T0@it8@para] sequential d=12 n=150 acc=0.653 parse=1.000 typed=0.707 exact=1.000 fwd=0.0
[oracle_plan@T0@it8@para] sequential d=16 n=150 acc=0.613 parse=1.000 typed=0.660 exact=1.000 fwd=0.0
[oracle_plan@T0@it8@para] sequential d=32 n=150 acc=0.693 parse=1.000 typed=0.753 exact=1.000 fwd=0.0
[oracle_plan@T0@it8@para] breadth d=1 n=150 acc=0.000 parse=1.000 typed=0.000 exact=1.000 fwd=0.0
[oracle_plan@T0@it8@para] breadth d=2 n=150 acc=0.940 parse=1.000 typed=0.967 exact=1.000 fwd=0.0
[oracle_plan@T0@it8@para] breadth d=3 n=150 acc=0.667 parse=1.000 typed=0.940 exact=1.000 fwd=0.0
[oracle_plan@T0@it8@para] breadth d=4 n=150 acc=0.000 parse=1.000 typed=0.000 exact=1.000 fwd=0.0
[oracle_plan@T0@it8@para] breadth d=5 n=150 acc=0.000 parse=1.000 typed=0.000 exact=1.000 fwd=0.0
[oracle_plan@T0@it8@para] breadth d=6 n=150 acc=0.000 parse=1.000 typed=0.000 exact=1.000 fwd=0.0
[oracle_plan@T0@it8@para] novel d=2 n=150 acc=0.407 parse=1.000 typed=0.440 exact=1.000 fwd=0.0
[oracle_plan@T0@it8@para] novel d=3 n=150 acc=0.420 parse=1.000 typed=0.440 exact=1.000 fwd=0.0
[oracle_plan@T0@it8@para] novel d=4 n=150 acc=0.367 parse=1.000 typed=0.440 exact=1.000 fwd=0.0
[oracle_plan@T0@it8@para] novel d=5 n=150 acc=0.373 parse=1.000 typed=0.440 exact=1.000 fwd=0.0
[oracle_plan@T0@it8@para] novel d=6 n=150 acc=0.367 parse=1.000 typed=0.440 exact=1.000 fwd=0.0
[oracle_plan@T0@it8@para] sequential_paren d=2 n=150 acc=0.653 parse=1.000 typed=0.680 exact=1.000 fwd=0.0
[oracle_plan@T0@it8@para] sequential_paren d=3 n=150 acc=0.600 parse=1.000 typed=0.640 exact=1.000 fwd=0.0
[oracle_plan@T0@it8@para] sequential_paren d=4 n=150 acc=0.633 parse=1.000 typed=0.660 exact=1.000 fwd=0.0
[oracle_plan@T0@it8@para] sequential_paren d=5 n=150 acc=0.580 parse=1.000 typed=0.647 exact=1.000 fwd=0.0
[oracle_plan@T0@it8@para] sequential_paren d=6 n=150 acc=0.580 parse=1.000 typed=0.633 exact=1.000 fwd=0.0
[oracle_plan@T0@it8@para] same_page_pair d=2 n=150 acc=0.793 parse=1.000 typed=0.920 exact=1.000 fwd=0.0
[oracle_plan@T0@it8@para] units d=1 n=150 acc=0.587 parse=1.000 typed=0.920 exact=1.000 fwd=0.0
[counter p4@T0.8@it8] {"reported": 8, "observed": 8, "ok": true}
[plan_execute@T0.8@it8@para] sequential d=1 n=150 acc=0.680 parse=0.867 typed=0.867 exact=0.680 fwd=8.0 rev_val=0.000 rev_fin=0.000
[plan_execute@T0.8@it8@para] sequential d=2 n=150 acc=0.340 parse=0.893 typed=0.893 exact=0.333 fwd=8.0 rev_val=0.000 rev_fin=0.000
[plan_execute@T0.8@it8@para] sequential d=3 n=150 acc=0.340 parse=0.867 typed=0.867 exact=0.340 fwd=8.0 rev_val=0.000 rev_fin=0.000
[plan_execute@T0.8@it8@para] sequential d=4 n=150 acc=0.013 parse=0.880 typed=0.880 exact=0.000 fwd=8.0 rev_val=0.000 rev_fin=0.000
[plan_execute@T0.8@it8@para] sequential d=5 n=150 acc=0.027 parse=0.873 typed=0.873 exact=0.000 fwd=8.0 rev_val=0.000 rev_fin=0.000
[plan_execute@T0.8@it8@para] sequential d=6 n=150 acc=0.013 parse=0.887 typed=0.887 exact=0.000 fwd=8.0 rev_val=0.000 rev_fin=0.000
[plan_execute@T0.8@it8@para] sequential d=8 n=150 acc=0.000 parse=0.140 typed=0.140 exact=0.000 fwd=8.0 rev_val=0.000 rev_fin=0.000
[plan_execute@T0.8@it8@para] sequential d=12 n=150 acc=0.007 parse=0.853 typed=0.853 exact=0.000 fwd=8.0 rev_val=0.000 rev_fin=0.000
[plan_execute@T0.8@it8@para] sequential d=16 n=150 acc=0.000 parse=0.040 typed=0.040 exact=0.000 fwd=8.0 rev_val=0.000 rev_fin=0.000
[plan_execute@T0.8@it8@para] sequential d=32 n=150 acc=0.000 parse=0.000 typed=0.000 exact=0.000 fwd=8.0 rev_val=0.000 rev_fin=0.000
[plan_execute@T0.8@it8@para] breadth d=1 n=150 acc=0.000 parse=0.020 typed=0.020 exact=0.000 fwd=8.0 rev_val=0.000 rev_fin=0.000
[plan_execute@T0.8@it8@para] breadth d=2 n=150 acc=0.940 parse=0.967 typed=0.967 exact=0.967 fwd=8.0 rev_val=0.000 rev_fin=0.000
[plan_execute@T0.8@it8@para] breadth d=3 n=150 acc=0.667 parse=0.940 typed=0.940 exact=0.940 fwd=8.0 rev_val=0.000 rev_fin=0.000
[plan_execute@T0.8@it8@para] breadth d=4 n=150 acc=0.313 parse=0.960 typed=0.960 exact=0.000 fwd=8.0 rev_val=0.000 rev_fin=0.000
[plan_execute@T0.8@it8@para] breadth d=5 n=150 acc=0.267 parse=0.960 typed=0.960 exact=0.000 fwd=8.0 rev_val=0.000 rev_fin=0.000
[plan_execute@T0.8@it8@para] breadth d=6 n=150 acc=0.120 parse=0.953 typed=0.953 exact=0.000 fwd=8.0 rev_val=0.000 rev_fin=0.000
[plan_execute@T0.8@it8@para] novel d=2 n=150 acc=0.040 parse=0.860 typed=0.860 exact=0.020 fwd=8.0 rev_val=0.000 rev_fin=0.000
[plan_execute@T0.8@it8@para] novel d=3 n=150 acc=0.027 parse=0.840 typed=0.840 exact=0.000 fwd=8.0 rev_val=0.000 rev_fin=0.000
[plan_execute@T0.8@it8@para] novel d=4 n=150 acc=0.007 parse=0.813 typed=0.813 exact=0.000 fwd=8.0 rev_val=0.000 rev_fin=0.000
[plan_execute@T0.8@it8@para] novel d=5 n=150 acc=0.000 parse=0.513 typed=0.513 exact=0.000 fwd=8.0 rev_val=0.000 rev_fin=0.000
[plan_execute@T0.8@it8@para] novel d=6 n=150 acc=0.000 parse=0.707 typed=0.707 exact=0.000 fwd=8.0 rev_val=0.000 rev_fin=0.000
[plan_execute@T0.8@it8@para] sequential_paren d=2 n=150 acc=0.667 parse=0.847 typed=0.847 exact=0.680 fwd=8.0 rev_val=0.000 rev_fin=0.000
[plan_execute@T0.8@it8@para] sequential_paren d=3 n=150 acc=0.613 parse=0.833 typed=0.833 exact=0.640 fwd=8.0 rev_val=0.000 rev_fin=0.000
[plan_execute@T0.8@it8@para] sequential_paren d=4 n=150 acc=0.047 parse=0.813 typed=0.813 exact=0.000 fwd=8.0 rev_val=0.000 rev_fin=0.000
[plan_execute@T0.8@it8@para] sequential_paren d=5 n=150 acc=0.013 parse=0.513 typed=0.513 exact=0.000 fwd=8.0 rev_val=0.000 rev_fin=0.000
[plan_execute@T0.8@it8@para] sequential_paren d=6 n=150 acc=0.007 parse=0.660 typed=0.660 exact=0.000 fwd=8.0 rev_val=0.000 rev_fin=0.000
[plan_execute@T0.8@it8@para] same_page_pair d=2 n=150 acc=0.000 parse=0.100 typed=0.100 exact=0.000 fwd=8.0 rev_val=0.000 rev_fin=0.000
[plan_execute@T0.8@it8@para] units d=1 n=150 acc=0.587 parse=0.920 typed=0.920 exact=0.920 fwd=8.0 rev_val=0.000 rev_fin=0.000
[oracle_ops@T0.8@it8@para] sequential d=1 n=150 acc=1.000 parse=1.000 typed=1.000 exact=1.000 fwd=8.0 rev_val=0.000 rev_fin=0.000
[oracle_ops@T0.8@it8@para] sequential d=2 n=150 acc=1.000 parse=1.000 typed=1.000 exact=1.000 fwd=8.0 rev_val=0.000 rev_fin=0.000
[oracle_ops@T0.8@it8@para] sequential d=3 n=150 acc=1.000 parse=1.000 typed=1.000 exact=1.000 fwd=8.0 rev_val=0.000 rev_fin=0.000
[oracle_ops@T0.8@it8@para] sequential d=4 n=150 acc=0.020 parse=1.000 typed=1.000 exact=0.000 fwd=8.0 rev_val=0.000 rev_fin=0.000
[oracle_ops@T0.8@it8@para] sequential d=5 n=150 acc=0.047 parse=1.000 typed=1.000 exact=0.000 fwd=8.0 rev_val=0.000 rev_fin=0.000
[oracle_ops@T0.8@it8@para] sequential d=6 n=150 acc=0.040 parse=1.000 typed=1.000 exact=0.000 fwd=8.0 rev_val=0.000 rev_fin=0.000
[oracle_ops@T0.8@it8@para] sequential d=8 n=150 acc=0.000 parse=0.047 typed=0.047 exact=0.000 fwd=8.0 rev_val=0.001 rev_fin=0.001
[oracle_ops@T0.8@it8@para] sequential d=12 n=150 acc=0.033 parse=1.000 typed=1.000 exact=0.000 fwd=8.0 rev_val=0.000 rev_fin=0.000
[oracle_ops@T0.8@it8@para] sequential d=16 n=150 acc=0.013 parse=0.367 typed=0.367 exact=0.000 fwd=8.0 rev_val=0.000 rev_fin=0.000
[oracle_ops@T0.8@it8@para] sequential d=32 n=150 acc=0.000 parse=0.013 typed=0.013 exact=0.000 fwd=8.0 rev_val=0.000 rev_fin=0.000
[oracle_ops@T0.8@it8@para] breadth d=1 n=150 acc=1.000 parse=1.000 typed=1.000 exact=1.000 fwd=8.0 rev_val=0.000 rev_fin=0.000
[oracle_ops@T0.8@it8@para] breadth d=2 n=150 acc=1.000 parse=1.000 typed=1.000 exact=1.000 fwd=8.0 rev_val=0.000 rev_fin=0.000
[oracle_ops@T0.8@it8@para] breadth d=3 n=150 acc=1.000 parse=1.000 typed=1.000 exact=1.000 fwd=8.0 rev_val=0.000 rev_fin=0.000
[oracle_ops@T0.8@it8@para] breadth d=4 n=150 acc=0.000 parse=0.000 typed=0.000 exact=0.000 fwd=8.0 rev_val=0.000 rev_fin=0.000
[oracle_ops@T0.8@it8@para] breadth d=5 n=150 acc=0.000 parse=0.000 typed=0.000 exact=0.000 fwd=8.0 rev_val=0.000 rev_fin=0.000
[oracle_ops@T0.8@it8@para] breadth d=6 n=150 acc=0.000 parse=0.000 typed=0.000 exact=0.000 fwd=8.0 rev_val=0.000 rev_fin=0.000
[oracle_ops@T0.8@it8@para] novel d=2 n=150 acc=0.033 parse=1.000 typed=1.000 exact=0.007 fwd=8.0 rev_val=0.000 rev_fin=0.000
[oracle_ops@T0.8@it8@para] novel d=3 n=150 acc=0.020 parse=1.000 typed=1.000 exact=0.000 fwd=8.0 rev_val=0.000 rev_fin=0.000
[oracle_ops@T0.8@it8@para] novel d=4 n=150 acc=0.007 parse=0.960 typed=0.960 exact=0.000 fwd=8.0 rev_val=0.000 rev_fin=0.000
[oracle_ops@T0.8@it8@para] novel d=5 n=150 acc=0.007 parse=0.547 typed=0.547 exact=0.000 fwd=8.0 rev_val=0.000 rev_fin=0.000
[oracle_ops@T0.8@it8@para] novel d=6 n=150 acc=0.000 parse=0.813 typed=0.813 exact=0.000 fwd=8.0 rev_val=0.000 rev_fin=0.000
[oracle_ops@T0.8@it8@para] sequential_paren d=2 n=150 acc=1.000 parse=1.000 typed=1.000 exact=1.000 fwd=8.0 rev_val=0.000 rev_fin=0.000
[oracle_ops@T0.8@it8@para] sequential_paren d=3 n=150 acc=1.000 parse=1.000 typed=1.000 exact=1.000 fwd=8.0 rev_val=0.000 rev_fin=0.000
[oracle_ops@T0.8@it8@para] sequential_paren d=4 n=150 acc=0.060 parse=0.980 typed=0.980 exact=0.000 fwd=8.0 rev_val=0.000 rev_fin=0.000
[oracle_ops@T0.8@it8@para] sequential_paren d=5 n=150 acc=0.033 parse=0.613 typed=0.613 exact=0.000 fwd=8.0 rev_val=0.000 rev_fin=0.000
[oracle_ops@T0.8@it8@para] sequential_paren d=6 n=150 acc=0.027 parse=0.833 typed=0.833 exact=0.000 fwd=8.0 rev_val=0.000 rev_fin=0.000
[oracle_ops@T0.8@it8@para] same_page_pair d=2 n=150 acc=0.000 parse=0.193 typed=0.193 exact=0.000 fwd=8.0 rev_val=0.000 rev_fin=0.000
[oracle_ops@T0.8@it8@para] units d=1 n=150 acc=1.000 parse=1.000 typed=1.000 exact=1.000 fwd=8.0 rev_val=0.000 rev_fin=0.000
[oracle_plan@T0.8@it8@para] sequential d=1 n=150 acc=0.680 parse=1.000 typed=0.680 exact=1.000 fwd=0.0
[oracle_plan@T0.8@it8@para] sequential d=2 n=150 acc=0.727 parse=1.000 typed=0.733 exact=1.000 fwd=0.0
[oracle_plan@T0.8@it8@para] sequential d=3 n=150 acc=0.700 parse=1.000 typed=0.727 exact=1.000 fwd=0.0
[oracle_plan@T0.8@it8@para] sequential d=4 n=150 acc=0.680 parse=1.000 typed=0.733 exact=1.000 fwd=0.0
[oracle_plan@T0.8@it8@para] sequential d=5 n=150 acc=0.640 parse=1.000 typed=0.680 exact=1.000 fwd=0.0
[oracle_plan@T0.8@it8@para] sequential d=6 n=150 acc=0.700 parse=1.000 typed=0.740 exact=1.000 fwd=0.0
[oracle_plan@T0.8@it8@para] sequential d=8 n=150 acc=0.667 parse=1.000 typed=0.707 exact=1.000 fwd=0.0
[oracle_plan@T0.8@it8@para] sequential d=12 n=150 acc=0.653 parse=1.000 typed=0.707 exact=1.000 fwd=0.0
[oracle_plan@T0.8@it8@para] sequential d=16 n=150 acc=0.613 parse=1.000 typed=0.660 exact=1.000 fwd=0.0
[oracle_plan@T0.8@it8@para] sequential d=32 n=150 acc=0.693 parse=1.000 typed=0.753 exact=1.000 fwd=0.0
[oracle_plan@T0.8@it8@para] breadth d=1 n=150 acc=0.000 parse=1.000 typed=0.000 exact=1.000 fwd=0.0
[oracle_plan@T0.8@it8@para] breadth d=2 n=150 acc=0.940 parse=1.000 typed=0.967 exact=1.000 fwd=0.0
[oracle_plan@T0.8@it8@para] breadth d=3 n=150 acc=0.667 parse=1.000 typed=0.940 exact=1.000 fwd=0.0
[oracle_plan@T0.8@it8@para] breadth d=4 n=150 acc=0.000 parse=1.000 typed=0.000 exact=1.000 fwd=0.0
[oracle_plan@T0.8@it8@para] breadth d=5 n=150 acc=0.000 parse=1.000 typed=0.000 exact=1.000 fwd=0.0
[oracle_plan@T0.8@it8@para] breadth d=6 n=150 acc=0.000 parse=1.000 typed=0.000 exact=1.000 fwd=0.0
[oracle_plan@T0.8@it8@para] novel d=2 n=150 acc=0.407 parse=1.000 typed=0.440 exact=1.000 fwd=0.0
[oracle_plan@T0.8@it8@para] novel d=3 n=150 acc=0.420 parse=1.000 typed=0.440 exact=1.000 fwd=0.0
[oracle_plan@T0.8@it8@para] novel d=4 n=150 acc=0.367 parse=1.000 typed=0.440 exact=1.000 fwd=0.0
[oracle_plan@T0.8@it8@para] novel d=5 n=150 acc=0.373 parse=1.000 typed=0.440 exact=1.000 fwd=0.0
[oracle_plan@T0.8@it8@para] novel d=6 n=150 acc=0.367 parse=1.000 typed=0.440 exact=1.000 fwd=0.0
[oracle_plan@T0.8@it8@para] sequential_paren d=2 n=150 acc=0.653 parse=1.000 typed=0.680 exact=1.000 fwd=0.0
[oracle_plan@T0.8@it8@para] sequential_paren d=3 n=150 acc=0.600 parse=1.000 typed=0.640 exact=1.000 fwd=0.0
[oracle_plan@T0.8@it8@para] sequential_paren d=4 n=150 acc=0.633 parse=1.000 typed=0.660 exact=1.000 fwd=0.0
[oracle_plan@T0.8@it8@para] sequential_paren d=5 n=150 acc=0.580 parse=1.000 typed=0.647 exact=1.000 fwd=0.0
[oracle_plan@T0.8@it8@para] sequential_paren d=6 n=150 acc=0.580 parse=1.000 typed=0.633 exact=1.000 fwd=0.0
[oracle_plan@T0.8@it8@para] same_page_pair d=2 n=150 acc=0.793 parse=1.000 typed=0.920 exact=1.000 fwd=0.0
[oracle_plan@T0.8@it8@para] units d=1 n=150 acc=0.587 parse=1.000 typed=0.920 exact=1.000 fwd=0.0
[written] results/iter/main_p4.json
