[holdout] {"depth_histogram": {"1": 93126, "2": 33154, "3": 33720}, "max_distinct_operator_symbols": 1, "plans": 160000}
[pools] induction=160000 plans=160000 head=p2s
[head] params=1359872 slots=97 mixture={"all_mask": 0.25, "random_mask": 0.25, "transpose": 0.1, "wrong_op": 0.15, "truncate": 0.15, "sparse": 0.1}
{"step": 1, "kind": "induce", "loss": 4.12182, "lr": 1e-07, "secs": 0.8}
{"step": 500, "kind": "plan", "loss": 0.01037, "lr": 1.998e-05, "secs": 54.5}
{"step": 1000, "kind": "plan", "loss": 0.00051, "lr": 1.987e-05, "secs": 106.5}
{"step": 1500, "kind": "plan", "loss": 0.00435, "lr": 1.967e-05, "secs": 156.5}
{"step": 2000, "kind": "plan", "loss": 0.0, "lr": 1.937e-05, "secs": 206.7}
{"step": 2500, "kind": "plan", "loss": 0.0, "lr": 1.897e-05, "secs": 256.8}
{"step": 3000, "kind": "plan", "loss": 0.0, "lr": 1.849e-05, "secs": 306.7}
{"step": 3500, "kind": "plan", "loss": 0.0, "lr": 1.792e-05, "secs": 356.9}
{"step": 4000, "kind": "plan", "loss": 0.0, "lr": 1.728e-05, "secs": 407.3}
{"step": 4500, "kind": "plan", "loss": 0.0, "lr": 1.656e-05, "secs": 457.4}
{"step": 5000, "kind": "plan", "loss": 0.0, "lr": 1.578e-05, "secs": 507.5}
{"step": 5500, "kind": "plan", "loss": 0.0, "lr": 1.494e-05, "secs": 557.7}
{"step": 6000, "kind": "plan", "loss": 0.0, "lr": 1.406e-05, "secs": 607.7}
{"step": 6500, "kind": "plan", "loss": 0.0, "lr": 1.313e-05, "secs": 657.7}
{"step": 7000, "kind": "plan", "loss": 0.0, "lr": 1.217e-05, "secs": 707.5}
{"step": 7500, "kind": "plan", "loss": 0.0, "lr": 1.119e-05, "secs": 757.5}
{"step": 8000, "kind": "plan", "loss": 0.0, "lr": 1.02e-05, "secs": 807.3}
{"step": 8500, "kind": "plan", "loss": 0.0, "lr": 9.21e-06, "secs": 857.3}
{"step": 9000, "kind": "plan", "loss": 0.0, "lr": 8.22e-06, "secs": 907.2}
{"step": 9500, "kind": "plan", "loss": 0.0, "lr": 7.25e-06, "secs": 957.0}
{"step": 10000, "kind": "plan", "loss": 0.0, "lr": 6.31e-06, "secs": 1006.9}
{"step": 10500, "kind": "plan", "loss": 0.0, "lr": 5.41e-06, "secs": 1056.7}
{"step": 11000, "kind": "plan", "loss": 0.0, "lr": 4.55e-06, "secs": 1106.5}
{"step": 11500, "kind": "plan", "loss": 0.0, "lr": 3.74e-06, "secs": 1156.3}
{"step": 12000, "kind": "plan", "loss": 0.0, "lr": 3e-06, "secs": 1206.1}
{"step": 12500, "kind": "plan", "loss": 0.0, "lr": 2.33e-06, "secs": 1255.9}
{"step": 13000, "kind": "plan", "loss": 0.0, "lr": 1.73e-06, "secs": 1305.7}
{"step": 13500, "kind": "plan", "loss": 0.0, "lr": 1.21e-06, "secs": 1355.4}
{"step": 14000, "kind": "plan", "loss": 0.0, "lr": 7.8e-07, "secs": 1405.3}
{"step": 14500, "kind": "plan", "loss": 0.0, "lr": 4.4e-07, "secs": 1455.1}
{"step": 15000, "kind": "plan", "loss": 0.0, "lr": 2e-07, "secs": 1504.8}
{"step": 15500, "kind": "plan", "loss": 0.0, "lr": 5e-08, "secs": 1556.1}
{"step": 16000, "kind": "plan", "loss": 0.0, "lr": 0.0, "secs": 1605.8}
[dropped] {"induce": 0, "plan": 0, "sequences": 512000}
[done] head=p2s -> runs/iter/p2s.pt
