[holdout] {"depth_histogram": {"1": 93126, "2": 33154, "3": 33720}, "max_distinct_operator_symbols": 1, "plans": 160000}
[pools] induction=160000 plans=160000 head=p4
[head] params=1769472 slots=385 mixture={"all_mask": 0.22, "random_mask": 0.22, "transpose": 0.09, "wrong_op": 0.13, "truncate": 0.13, "sparse": 0.08, "edge_noise": 0.13}
{"step": 1, "kind": "induce", "loss": 4.12182, "lr": 1e-07, "secs": 0.8}
{"step": 500, "kind": "plan", "loss": 0.0082, "lr": 1.998e-05, "secs": 79.5}
{"step": 1000, "kind": "plan", "loss": 0.00236, "lr": 1.987e-05, "secs": 157.2}
{"step": 1500, "kind": "plan", "loss": 0.00209, "lr": 1.967e-05, "secs": 232.9}
{"step": 2000, "kind": "plan", "loss": 6e-05, "lr": 1.937e-05, "secs": 308.8}
{"step": 2500, "kind": "plan", "loss": 0.0, "lr": 1.897e-05, "secs": 384.6}
{"step": 3000, "kind": "plan", "loss": 9e-05, "lr": 1.849e-05, "secs": 460.2}
{"step": 3500, "kind": "plan", "loss": 1e-05, "lr": 1.792e-05, "secs": 535.8}
{"step": 4000, "kind": "plan", "loss": 3e-05, "lr": 1.728e-05, "secs": 611.3}
{"step": 4500, "kind": "plan", "loss": 2e-05, "lr": 1.656e-05, "secs": 686.9}
{"step": 5000, "kind": "plan", "loss": 0.0, "lr": 1.578e-05, "secs": 762.5}
{"step": 5500, "kind": "plan", "loss": 0.0, "lr": 1.494e-05, "secs": 838.0}
{"step": 6000, "kind": "plan", "loss": 0.0, "lr": 1.406e-05, "secs": 913.5}
{"step": 6500, "kind": "plan", "loss": 0.0, "lr": 1.313e-05, "secs": 989.2}
{"step": 7000, "kind": "plan", "loss": 0.0, "lr": 1.217e-05, "secs": 1064.7}
{"step": 7500, "kind": "plan", "loss": 0.0, "lr": 1.119e-05, "secs": 1140.4}
{"step": 8000, "kind": "plan", "loss": 0.0, "lr": 1.02e-05, "secs": 1216.0}
{"step": 8500, "kind": "plan", "loss": 0.0, "lr": 9.21e-06, "secs": 1291.5}
{"step": 9000, "kind": "plan", "loss": 0.0, "lr": 8.22e-06, "secs": 1367.1}
