[induction style=0] {"pages": 6600, "pages_parsed": 6600, "gold_ops": 9897, "induced_ops": 9897, "self_verified": 9493, "exact_text": 9444, "behavioural": 9444, "secs": 289.2}
[oracle_both] sequential d=1 n=150 acc=1.000 parse=1.000 typed=1.000 exact=1.000 fwd=0.0
[oracle_both] sequential d=2 n=150 acc=1.000 parse=1.000 typed=1.000 exact=1.000 fwd=0.0
[oracle_both] sequential d=3 n=150 acc=1.000 parse=1.000 typed=1.000 exact=1.000 fwd=0.0
[oracle_both] sequential d=4 n=150 acc=1.000 parse=1.000 typed=1.000 exact=1.000 fwd=0.0
[oracle_both] sequential d=5 n=150 acc=1.000 parse=1.000 typed=1.000 exact=1.000 fwd=0.0
[oracle_both] sequential d=6 n=150 acc=1.000 parse=1.000 typed=1.000 exact=1.000 fwd=0.0
[oracle_both] sequential d=8 n=150 acc=1.000 parse=1.000 typed=1.000 exact=1.000 fwd=0.0
[oracle_both] sequential d=12 n=150 acc=1.000 parse=1.000 typed=1.000 exact=1.000 fwd=0.0
[oracle_both] sequential d=16 n=150 acc=1.000 parse=1.000 typed=1.000 exact=1.000 fwd=0.0
[oracle_both] sequential d=32 n=150 acc=1.000 parse=1.000 typed=1.000 exact=1.000 fwd=0.0
[oracle_both] breadth d=1 n=150 acc=1.000 parse=1.000 typed=1.000 exact=1.000 fwd=0.0
[oracle_both] breadth d=2 n=150 acc=1.000 parse=1.000 typed=1.000 exact=1.000 fwd=0.0
[oracle_both] breadth d=3 n=150 acc=1.000 parse=1.000 typed=1.000 exact=1.000 fwd=0.0
[oracle_both] breadth d=4 n=150 acc=1.000 parse=1.000 typed=1.000 exact=1.000 fwd=0.0
[oracle_both] breadth d=5 n=150 acc=1.000 parse=1.000 typed=1.000 exact=1.000 fwd=0.0
[oracle_both] breadth d=6 n=150 acc=1.000 parse=1.000 typed=1.000 exact=1.000 fwd=0.0
[oracle_both] novel d=2 n=150 acc=1.000 parse=1.000 typed=1.000 exact=1.000 fwd=0.0
[oracle_both] novel d=3 n=150 acc=1.000 parse=1.000 typed=1.000 exact=1.000 fwd=0.0
[oracle_both] novel d=4 n=150 acc=1.000 parse=1.000 typed=1.000 exact=1.000 fwd=0.0
[oracle_both] novel d=5 n=150 acc=1.000 parse=1.000 typed=1.000 exact=1.000 fwd=0.0
[oracle_both] novel d=6 n=150 acc=1.000 parse=1.000 typed=1.000 exact=1.000 fwd=0.0
[oracle_both] sequential_paren d=2 n=150 acc=1.000 parse=1.000 typed=1.000 exact=1.000 fwd=0.0
[oracle_both] sequential_paren d=3 n=150 acc=1.000 parse=1.000 typed=1.000 exact=1.000 fwd=0.0
[oracle_both] sequential_paren d=4 n=150 acc=1.000 parse=1.000 typed=1.000 exact=1.000 fwd=0.0
[oracle_both] sequential_paren d=5 n=150 acc=1.000 parse=1.000 typed=1.000 exact=1.000 fwd=0.0
[oracle_both] sequential_paren d=6 n=150 acc=1.000 parse=1.000 typed=1.000 exact=1.000 fwd=0.0
[oracle_both] same_page_pair d=2 n=150 acc=1.000 parse=1.000 typed=1.000 exact=1.000 fwd=0.0
[oracle_both] units d=1 n=150 acc=1.000 parse=1.000 typed=1.000 exact=1.000 fwd=0.0
[oracle_both_roundtrip] sequential d=1 n=150 acc=1.000 parse=1.000 typed=1.000 exact=1.000 fwd=0.0
[oracle_both_roundtrip] sequential d=2 n=150 acc=1.000 parse=1.000 typed=1.000 exact=1.000 fwd=0.0
[oracle_both_roundtrip] sequential d=3 n=150 acc=1.000 parse=1.000 typed=1.000 exact=1.000 fwd=0.0
[oracle_both_roundtrip] sequential d=4 n=150 acc=1.000 parse=1.000 typed=1.000 exact=1.000 fwd=0.0
[oracle_both_roundtrip] sequential d=5 n=150 acc=1.000 parse=1.000 typed=1.000 exact=1.000 fwd=0.0
[oracle_both_roundtrip] sequential d=6 n=150 acc=1.000 parse=1.000 typed=1.000 exact=1.000 fwd=0.0
[oracle_both_roundtrip] sequential d=8 n=150 acc=1.000 parse=1.000 typed=1.000 exact=1.000 fwd=0.0
[oracle_both_roundtrip] sequential d=12 n=150 acc=1.000 parse=1.000 typed=1.000 exact=1.000 fwd=0.0
[oracle_both_roundtrip] sequential d=16 n=150 acc=1.000 parse=1.000 typed=1.000 exact=1.000 fwd=0.0
[oracle_both_roundtrip] sequential d=32 n=150 acc=1.000 parse=1.000 typed=1.000 exact=1.000 fwd=0.0
[oracle_both_roundtrip] breadth d=1 n=150 acc=1.000 parse=1.000 typed=1.000 exact=1.000 fwd=0.0
[oracle_both_roundtrip] breadth d=2 n=150 acc=1.000 parse=1.000 typed=1.000 exact=1.000 fwd=0.0
[oracle_both_roundtrip] breadth d=3 n=150 acc=1.000 parse=1.000 typed=1.000 exact=1.000 fwd=0.0
[oracle_both_roundtrip] breadth d=4 n=150 acc=1.000 parse=1.000 typed=1.000 exact=1.000 fwd=0.0
[oracle_both_roundtrip] breadth d=5 n=150 acc=1.000 parse=1.000 typed=1.000 exact=1.000 fwd=0.0
[oracle_both_roundtrip] breadth d=6 n=150 acc=1.000 parse=1.000 typed=1.000 exact=1.000 fwd=0.0
[oracle_both_roundtrip] novel d=2 n=150 acc=1.000 parse=1.000 typed=1.000 exact=1.000 fwd=0.0
[oracle_both_roundtrip] novel d=3 n=150 acc=1.000 parse=1.000 typed=1.000 exact=1.000 fwd=0.0
[oracle_both_roundtrip] novel d=4 n=150 acc=1.000 parse=1.000 typed=1.000 exact=1.000 fwd=0.0
[oracle_both_roundtrip] novel d=5 n=150 acc=1.000 parse=1.000 typed=1.000 exact=1.000 fwd=0.0
[oracle_both_roundtrip] novel d=6 n=150 acc=1.000 parse=1.000 typed=1.000 exact=1.000 fwd=0.0
[oracle_both_roundtrip] sequential_paren d=2 n=150 acc=1.000 parse=1.000 typed=1.000 exact=1.000 fwd=0.0
[oracle_both_roundtrip] sequential_paren d=3 n=150 acc=1.000 parse=1.000 typed=1.000 exact=1.000 fwd=0.0
[oracle_both_roundtrip] sequential_paren d=4 n=150 acc=1.000 parse=1.000 typed=1.000 exact=1.000 fwd=0.0
[oracle_both_roundtrip] sequential_paren d=5 n=150 acc=1.000 parse=1.000 typed=1.000 exact=1.000 fwd=0.0
[oracle_both_roundtrip] sequential_paren d=6 n=150 acc=1.000 parse=1.000 typed=1.000 exact=1.000 fwd=0.0
[oracle_both_roundtrip] same_page_pair d=2 n=150 acc=1.000 parse=1.000 typed=1.000 exact=1.000 fwd=0.0
[oracle_both_roundtrip] units d=1 n=150 acc=1.000 parse=1.000 typed=1.000 exact=1.000 fwd=0.0
[counter p3@T0@it8] {"reported": 8, "observed": 8, "ok": true}
[plan_execute@T0@it8] sequential d=1 n=150 acc=1.000 parse=1.000 typed=1.000 exact=1.000 fwd=8.0 rev_val=0.000 rev_fin=0.000
[plan_execute@T0@it8] sequential d=2 n=150 acc=1.000 parse=1.000 typed=1.000 exact=1.000 fwd=8.0 rev_val=0.000 rev_fin=0.000
[plan_execute@T0@it8] sequential d=3 n=150 acc=1.000 parse=1.000 typed=1.000 exact=1.000 fwd=8.0 rev_val=0.000 rev_fin=0.000
[plan_execute@T0@it8] sequential d=4 n=150 acc=0.020 parse=1.000 typed=1.000 exact=0.000 fwd=8.0 rev_val=0.000 rev_fin=0.000
[plan_execute@T0@it8] sequential d=5 n=150 acc=0.033 parse=1.000 typed=1.000 exact=0.000 fwd=8.0 rev_val=0.000 rev_fin=0.000
[plan_execute@T0@it8] sequential d=6 n=150 acc=0.027 parse=1.000 typed=1.000 exact=0.000 fwd=8.0 rev_val=0.000 rev_fin=0.000
[plan_execute@T0@it8] sequential d=8 n=150 acc=0.027 parse=1.000 typed=1.000 exact=0.000 fwd=8.0 rev_val=0.000 rev_fin=0.000
[plan_execute@T0@it8] sequential d=12 n=150 acc=0.020 parse=1.000 typed=1.000 exact=0.000 fwd=8.0 rev_val=0.000 rev_fin=0.000
[plan_execute@T0@it8] sequential d=16 n=150 acc=0.027 parse=0.993 typed=0.993 exact=0.000 fwd=8.0 rev_val=0.000 rev_fin=0.000
[plan_execute@T0@it8] sequential d=32 n=150 acc=0.027 parse=0.980 typed=0.980 exact=0.000 fwd=8.0 rev_val=0.000 rev_fin=0.000
[plan_execute@T0@it8] breadth d=1 n=150 acc=1.000 parse=1.000 typed=1.000 exact=1.000 fwd=8.0 rev_val=0.000 rev_fin=0.000
[plan_execute@T0@it8] breadth d=2 n=150 acc=1.000 parse=1.000 typed=1.000 exact=1.000 fwd=8.0 rev_val=0.000 rev_fin=0.000
[plan_execute@T0@it8] breadth d=3 n=150 acc=1.000 parse=1.000 typed=1.000 exact=1.000 fwd=8.0 rev_val=0.000 rev_fin=0.000
[plan_execute@T0@it8] breadth d=4 n=150 acc=0.253 parse=0.580 typed=0.580 exact=0.000 fwd=8.0 rev_val=0.000 rev_fin=0.000
[plan_execute@T0@it8] breadth d=5 n=150 acc=0.267 parse=0.947 typed=0.947 exact=0.000 fwd=8.0 rev_val=0.000 rev_fin=0.000
[plan_execute@T0@it8] breadth d=6 n=150 acc=0.080 parse=0.660 typed=0.660 exact=0.000 fwd=8.0 rev_val=0.000 rev_fin=0.000
[plan_execute@T0@it8] novel d=2 n=150 acc=0.027 parse=1.000 typed=1.000 exact=0.000 fwd=8.0 rev_val=0.000 rev_fin=0.000
[plan_execute@T0@it8] novel d=3 n=150 acc=0.047 parse=1.000 typed=1.000 exact=0.007 fwd=8.0 rev_val=0.000 rev_fin=0.000
[plan_execute@T0@it8] novel d=4 n=150 acc=0.013 parse=1.000 typed=1.000 exact=0.000 fwd=8.0 rev_val=0.000 rev_fin=0.000
[plan_execute@T0@it8] novel d=5 n=150 acc=0.020 parse=1.000 typed=1.000 exact=0.000 fwd=8.0 rev_val=0.000 rev_fin=0.000
[plan_execute@T0@it8] novel d=6 n=150 acc=0.007 parse=0.947 typed=0.947 exact=0.000 fwd=8.0 rev_val=0.000 rev_fin=0.000
[plan_execute@T0@it8] sequential_paren d=2 n=150 acc=1.000 parse=1.000 typed=1.000 exact=1.000 fwd=8.0 rev_val=0.000 rev_fin=0.000
[plan_execute@T0@it8] sequential_paren d=3 n=150 acc=1.000 parse=1.000 typed=1.000 exact=1.000 fwd=8.0 rev_val=0.000 rev_fin=0.000
[plan_execute@T0@it8] sequential_paren d=4 n=150 acc=0.107 parse=1.000 typed=1.000 exact=0.000 fwd=8.0 rev_val=0.000 rev_fin=0.000
[plan_execute@T0@it8] sequential_paren d=5 n=150 acc=0.040 parse=1.000 typed=1.000 exact=0.000 fwd=8.0 rev_val=0.000 rev_fin=0.000
[plan_execute@T0@it8] sequential_paren d=6 n=150 acc=0.020 parse=0.947 typed=0.947 exact=0.000 fwd=8.0 rev_val=0.000 rev_fin=0.000
[plan_execute@T0@it8] same_page_pair d=2 n=150 acc=0.000 parse=0.280 typed=0.280 exact=0.000 fwd=8.0 rev_val=0.000 rev_fin=0.000
[plan_execute@T0@it8] units d=1 n=150 acc=1.000 parse=1.000 typed=1.000 exact=1.000 fwd=8.0 rev_val=0.000 rev_fin=0.000
[oracle_ops@T0@it8] sequential d=1 n=150 acc=1.000 parse=1.000 typed=1.000 exact=1.000 fwd=8.0 rev_val=0.000 rev_fin=0.000
[oracle_ops@T0@it8] sequential d=2 n=150 acc=1.000 parse=1.000 typed=1.000 exact=1.000 fwd=8.0 rev_val=0.000 rev_fin=0.000
[oracle_ops@T0@it8] sequential d=3 n=150 acc=1.000 parse=1.000 typed=1.000 exact=1.000 fwd=8.0 rev_val=0.000 rev_fin=0.000
[oracle_ops@T0@it8] sequential d=4 n=150 acc=0.020 parse=1.000 typed=1.000 exact=0.000 fwd=8.0 rev_val=0.000 rev_fin=0.000
[oracle_ops@T0@it8] sequential d=5 n=150 acc=0.033 parse=1.000 typed=1.000 exact=0.000 fwd=8.0 rev_val=0.000 rev_fin=0.000
[oracle_ops@T0@it8] sequential d=6 n=150 acc=0.027 parse=1.000 typed=1.000 exact=0.000 fwd=8.0 rev_val=0.000 rev_fin=0.000
[oracle_ops@T0@it8] sequential d=8 n=150 acc=0.027 parse=1.000 typed=1.000 exact=0.000 fwd=8.0 rev_val=0.000 rev_fin=0.000
[oracle_ops@T0@it8] sequential d=12 n=150 acc=0.020 parse=1.000 typed=1.000 exact=0.000 fwd=8.0 rev_val=0.000 rev_fin=0.000
[oracle_ops@T0@it8] sequential d=16 n=150 acc=0.027 parse=0.993 typed=0.993 exact=0.000 fwd=8.0 rev_val=0.000 rev_fin=0.000
[oracle_ops@T0@it8] sequential d=32 n=150 acc=0.027 parse=0.980 typed=0.980 exact=0.000 fwd=8.0 rev_val=0.000 rev_fin=0.000
[oracle_ops@T0@it8] breadth d=1 n=150 acc=1.000 parse=1.000 typed=1.000 exact=1.000 fwd=8.0 rev_val=0.000 rev_fin=0.000
[oracle_ops@T0@it8] breadth d=2 n=150 acc=1.000 parse=1.000 typed=1.000 exact=1.000 fwd=8.0 rev_val=0.000 rev_fin=0.000
[oracle_ops@T0@it8] breadth d=3 n=150 acc=1.000 parse=1.000 typed=1.000 exact=1.000 fwd=8.0 rev_val=0.000 rev_fin=0.000
[oracle_ops@T0@it8] breadth d=4 n=150 acc=0.000 parse=0.000 typed=0.000 exact=0.000 fwd=8.0 rev_val=0.000 rev_fin=0.000
[oracle_ops@T0@it8] breadth d=5 n=150 acc=0.000 parse=0.000 typed=0.000 exact=0.000 fwd=8.0 rev_val=0.000 rev_fin=0.000
[oracle_ops@T0@it8] breadth d=6 n=150 acc=0.000 parse=0.000 typed=0.000 exact=0.000 fwd=8.0 rev_val=0.000 rev_fin=0.000
[oracle_ops@T0@it8] novel d=2 n=150 acc=0.027 parse=1.000 typed=1.000 exact=0.000 fwd=8.0 rev_val=0.000 rev_fin=0.000
[oracle_ops@T0@it8] novel d=3 n=150 acc=0.047 parse=1.000 typed=1.000 exact=0.007 fwd=8.0 rev_val=0.000 rev_fin=0.000
[oracle_ops@T0@it8] novel d=4 n=150 acc=0.013 parse=1.000 typed=1.000 exact=0.000 fwd=8.0 rev_val=0.000 rev_fin=0.000
[oracle_ops@T0@it8] novel d=5 n=150 acc=0.020 parse=1.000 typed=1.000 exact=0.000 fwd=8.0 rev_val=0.000 rev_fin=0.000
[oracle_ops@T0@it8] novel d=6 n=150 acc=0.007 parse=0.947 typed=0.947 exact=0.000 fwd=8.0 rev_val=0.000 rev_fin=0.000
[oracle_ops@T0@it8] sequential_paren d=2 n=150 acc=1.000 parse=1.000 typed=1.000 exact=1.000 fwd=8.0 rev_val=0.000 rev_fin=0.000
[oracle_ops@T0@it8] sequential_paren d=3 n=150 acc=1.000 parse=1.000 typed=1.000 exact=1.000 fwd=8.0 rev_val=0.000 rev_fin=0.000
[oracle_ops@T0@it8] sequential_paren d=4 n=150 acc=0.107 parse=1.000 typed=1.000 exact=0.000 fwd=8.0 rev_val=0.000 rev_fin=0.000
[oracle_ops@T0@it8] sequential_paren d=5 n=150 acc=0.040 parse=1.000 typed=1.000 exact=0.000 fwd=8.0 rev_val=0.000 rev_fin=0.000
[oracle_ops@T0@it8] sequential_paren d=6 n=150 acc=0.020 parse=0.947 typed=0.947 exact=0.000 fwd=8.0 rev_val=0.000 rev_fin=0.000
[oracle_ops@T0@it8] same_page_pair d=2 n=150 acc=0.000 parse=0.280 typed=0.280 exact=0.000 fwd=8.0 rev_val=0.000 rev_fin=0.000
[oracle_ops@T0@it8] units d=1 n=150 acc=1.000 parse=1.000 typed=1.000 exact=1.000 fwd=8.0 rev_val=0.000 rev_fin=0.000
[oracle_plan@T0@it8] sequential d=1 n=150 acc=1.000 parse=1.000 typed=1.000 exact=1.000 fwd=0.0
[oracle_plan@T0@it8] sequential d=2 n=150 acc=1.000 parse=1.000 typed=1.000 exact=1.000 fwd=0.0
[oracle_plan@T0@it8] sequential d=3 n=150 acc=1.000 parse=1.000 typed=1.000 exact=1.000 fwd=0.0
[oracle_plan@T0@it8] sequential d=4 n=150 acc=1.000 parse=1.000 typed=1.000 exact=1.000 fwd=0.0
[oracle_plan@T0@it8] sequential d=5 n=150 acc=1.000 parse=1.000 typed=1.000 exact=1.000 fwd=0.0
[oracle_plan@T0@it8] sequential d=6 n=150 acc=1.000 parse=1.000 typed=1.000 exact=1.000 fwd=0.0
[oracle_plan@T0@it8] sequential d=8 n=150 acc=1.000 parse=1.000 typed=1.000 exact=1.000 fwd=0.0
[oracle_plan@T0@it8] sequential d=12 n=150 acc=1.000 parse=1.000 typed=1.000 exact=1.000 fwd=0.0
[oracle_plan@T0@it8] sequential d=16 n=150 acc=1.000 parse=1.000 typed=1.000 exact=1.000 fwd=0.0
[oracle_plan@T0@it8] sequential d=32 n=150 acc=1.000 parse=1.000 typed=1.000 exact=1.000 fwd=0.0
[oracle_plan@T0@it8] breadth d=1 n=150 acc=1.000 parse=1.000 typed=1.000 exact=1.000 fwd=0.0
[oracle_plan@T0@it8] breadth d=2 n=150 acc=1.000 parse=1.000 typed=1.000 exact=1.000 fwd=0.0
[oracle_plan@T0@it8] breadth d=3 n=150 acc=1.000 parse=1.000 typed=1.000 exact=1.000 fwd=0.0
[oracle_plan@T0@it8] breadth d=4 n=150 acc=0.000 parse=1.000 typed=0.000 exact=1.000 fwd=0.0
[oracle_plan@T0@it8] breadth d=5 n=150 acc=0.000 parse=1.000 typed=0.000 exact=1.000 fwd=0.0
[oracle_plan@T0@it8] breadth d=6 n=150 acc=0.000 parse=1.000 typed=0.000 exact=1.000 fwd=0.0
[oracle_plan@T0@it8] novel d=2 n=150 acc=1.000 parse=1.000 typed=1.000 exact=1.000 fwd=0.0
[oracle_plan@T0@it8] novel d=3 n=150 acc=1.000 parse=1.000 typed=1.000 exact=1.000 fwd=0.0
[oracle_plan@T0@it8] novel d=4 n=150 acc=1.000 parse=1.000 typed=1.000 exact=1.000 fwd=0.0
[oracle_plan@T0@it8] novel d=5 n=150 acc=1.000 parse=1.000 typed=1.000 exact=1.000 fwd=0.0
[oracle_plan@T0@it8] novel d=6 n=150 acc=1.000 parse=1.000 typed=1.000 exact=1.000 fwd=0.0
[oracle_plan@T0@it8] sequential_paren d=2 n=150 acc=1.000 parse=1.000 typed=1.000 exact=1.000 fwd=0.0
[oracle_plan@T0@it8] sequential_paren d=3 n=150 acc=1.000 parse=1.000 typed=1.000 exact=1.000 fwd=0.0
[oracle_plan@T0@it8] sequential_paren d=4 n=150 acc=1.000 parse=1.000 typed=1.000 exact=1.000 fwd=0.0
[oracle_plan@T0@it8] sequential_paren d=5 n=150 acc=1.000 parse=1.000 typed=1.000 exact=1.000 fwd=0.0
[oracle_plan@T0@it8] sequential_paren d=6 n=150 acc=1.000 parse=1.000 typed=1.000 exact=1.000 fwd=0.0
[oracle_plan@T0@it8] same_page_pair d=2 n=150 acc=1.000 parse=1.000 typed=1.000 exact=1.000 fwd=0.0
[oracle_plan@T0@it8] units d=1 n=150 acc=1.000 parse=1.000 typed=1.000 exact=1.000 fwd=0.0
[counter p3@T0.8@it8] {"reported": 8, "observed": 8, "ok": true}
[plan_execute@T0.8@it8] sequential d=1 n=150 acc=1.000 parse=1.000 typed=1.000 exact=1.000 fwd=8.0 rev_val=0.000 rev_fin=0.000
[plan_execute@T0.8@it8] sequential d=2 n=150 acc=1.000 parse=1.000 typed=1.000 exact=1.000 fwd=8.0 rev_val=0.000 rev_fin=0.000
[plan_execute@T0.8@it8] sequential d=3 n=150 acc=1.000 parse=1.000 typed=1.000 exact=1.000 fwd=8.0 rev_val=0.000 rev_fin=0.000
[plan_execute@T0.8@it8] sequential d=4 n=150 acc=0.020 parse=1.000 typed=1.000 exact=0.000 fwd=8.0 rev_val=0.000 rev_fin=0.000
[plan_execute@T0.8@it8] sequential d=5 n=150 acc=0.033 parse=1.000 typed=1.000 exact=0.000 fwd=8.0 rev_val=0.000 rev_fin=0.000
[plan_execute@T0.8@it8] sequential d=6 n=150 acc=0.027 parse=1.000 typed=1.000 exact=0.000 fwd=8.0 rev_val=0.000 rev_fin=0.000
[plan_execute@T0.8@it8] sequential d=8 n=150 acc=0.027 parse=1.000 typed=1.000 exact=0.000 fwd=8.0 rev_val=0.000 rev_fin=0.000
[plan_execute@T0.8@it8] sequential d=12 n=150 acc=0.020 parse=1.000 typed=1.000 exact=0.000 fwd=8.0 rev_val=0.000 rev_fin=0.000
[plan_execute@T0.8@it8] sequential d=16 n=150 acc=0.027 parse=0.987 typed=0.987 exact=0.000 fwd=8.0 rev_val=0.000 rev_fin=0.000
[plan_execute@T0.8@it8] sequential d=32 n=150 acc=0.027 parse=0.973 typed=0.973 exact=0.000 fwd=8.0 rev_val=0.000 rev_fin=0.000
[plan_execute@T0.8@it8] breadth d=1 n=150 acc=1.000 parse=1.000 typed=1.000 exact=1.000 fwd=8.0 rev_val=0.000 rev_fin=0.000
[plan_execute@T0.8@it8] breadth d=2 n=150 acc=1.000 parse=1.000 typed=1.000 exact=1.000 fwd=8.0 rev_val=0.000 rev_fin=0.000
[plan_execute@T0.8@it8] breadth d=3 n=150 acc=1.000 parse=1.000 typed=1.000 exact=1.000 fwd=8.0 rev_val=0.000 rev_fin=0.000
[plan_execute@T0.8@it8] breadth d=4 n=150 acc=0.280 parse=0.613 typed=0.613 exact=0.000 fwd=8.0 rev_val=0.000 rev_fin=0.000
[plan_execute@T0.8@it8] breadth d=5 n=150 acc=0.260 parse=0.933 typed=0.933 exact=0.000 fwd=8.0 rev_val=0.000 rev_fin=0.000
[plan_execute@T0.8@it8] breadth d=6 n=150 acc=0.080 parse=0.680 typed=0.680 exact=0.000 fwd=8.0 rev_val=0.000 rev_fin=0.000
[plan_execute@T0.8@it8] novel d=2 n=150 acc=0.033 parse=1.000 typed=1.000 exact=0.007 fwd=8.0 rev_val=0.000 rev_fin=0.000
[plan_execute@T0.8@it8] novel d=3 n=150 acc=0.040 parse=1.000 typed=1.000 exact=0.000 fwd=8.0 rev_val=0.000 rev_fin=0.000
[plan_execute@T0.8@it8] novel d=4 n=150 acc=0.013 parse=1.000 typed=1.000 exact=0.000 fwd=8.0 rev_val=0.000 rev_fin=0.000
[plan_execute@T0.8@it8] novel d=5 n=150 acc=0.013 parse=1.000 typed=1.000 exact=0.000 fwd=8.0 rev_val=0.000 rev_fin=0.000
[plan_execute@T0.8@it8] novel d=6 n=150 acc=0.007 parse=0.933 typed=0.933 exact=0.000 fwd=8.0 rev_val=0.000 rev_fin=0.000
[plan_execute@T0.8@it8] sequential_paren d=2 n=150 acc=1.000 parse=1.000 typed=1.000 exact=1.000 fwd=8.0 rev_val=0.000 rev_fin=0.000
[plan_execute@T0.8@it8] sequential_paren d=3 n=150 acc=1.000 parse=1.000 typed=1.000 exact=1.000 fwd=8.0 rev_val=0.000 rev_fin=0.000
[plan_execute@T0.8@it8] sequential_paren d=4 n=150 acc=0.107 parse=1.000 typed=1.000 exact=0.000 fwd=8.0 rev_val=0.000 rev_fin=0.000
[plan_execute@T0.8@it8] sequential_paren d=5 n=150 acc=0.040 parse=1.000 typed=1.000 exact=0.000 fwd=8.0 rev_val=0.000 rev_fin=0.000
[plan_execute@T0.8@it8] sequential_paren d=6 n=150 acc=0.027 parse=0.947 typed=0.947 exact=0.000 fwd=8.0 rev_val=0.000 rev_fin=0.000
[plan_execute@T0.8@it8] same_page_pair d=2 n=150 acc=0.000 parse=0.273 typed=0.273 exact=0.000 fwd=8.0 rev_val=0.000 rev_fin=0.000
[plan_execute@T0.8@it8] units d=1 n=150 acc=1.000 parse=1.000 typed=1.000 exact=1.000 fwd=8.0 rev_val=0.000 rev_fin=0.000
[oracle_ops@T0.8@it8] sequential d=1 n=150 acc=1.000 parse=1.000 typed=1.000 exact=1.000 fwd=8.0 rev_val=0.000 rev_fin=0.000
[oracle_ops@T0.8@it8] sequential d=2 n=150 acc=1.000 parse=1.000 typed=1.000 exact=1.000 fwd=8.0 rev_val=0.000 rev_fin=0.000
[oracle_ops@T0.8@it8] sequential d=3 n=150 acc=1.000 parse=1.000 typed=1.000 exact=1.000 fwd=8.0 rev_val=0.000 rev_fin=0.000
[oracle_ops@T0.8@it8] sequential d=4 n=150 acc=0.020 parse=1.000 typed=1.000 exact=0.000 fwd=8.0 rev_val=0.000 rev_fin=0.000
[oracle_ops@T0.8@it8] sequential d=5 n=150 acc=0.033 parse=1.000 typed=1.000 exact=0.000 fwd=8.0 rev_val=0.000 rev_fin=0.000
[oracle_ops@T0.8@it8] sequential d=6 n=150 acc=0.027 parse=1.000 typed=1.000 exact=0.000 fwd=8.0 rev_val=0.000 rev_fin=0.000
[oracle_ops@T0.8@it8] sequential d=8 n=150 acc=0.027 parse=1.000 typed=1.000 exact=0.000 fwd=8.0 rev_val=0.000 rev_fin=0.000
[oracle_ops@T0.8@it8] sequential d=12 n=150 acc=0.020 parse=1.000 typed=1.000 exact=0.000 fwd=8.0 rev_val=0.000 rev_fin=0.000
[oracle_ops@T0.8@it8] sequential d=16 n=150 acc=0.027 parse=0.987 typed=0.987 exact=0.000 fwd=8.0 rev_val=0.000 rev_fin=0.000
[oracle_ops@T0.8@it8] sequential d=32 n=150 acc=0.027 parse=0.973 typed=0.973 exact=0.000 fwd=8.0 rev_val=0.000 rev_fin=0.000
[oracle_ops@T0.8@it8] breadth d=1 n=150 acc=1.000 parse=1.000 typed=1.000 exact=1.000 fwd=8.0 rev_val=0.000 rev_fin=0.000
[oracle_ops@T0.8@it8] breadth d=2 n=150 acc=1.000 parse=1.000 typed=1.000 exact=1.000 fwd=8.0 rev_val=0.000 rev_fin=0.000
[oracle_ops@T0.8@it8] breadth d=3 n=150 acc=1.000 parse=1.000 typed=1.000 exact=1.000 fwd=8.0 rev_val=0.000 rev_fin=0.000
[oracle_ops@T0.8@it8] breadth d=4 n=150 acc=0.000 parse=0.000 typed=0.000 exact=0.000 fwd=8.0 rev_val=0.000 rev_fin=0.000
[oracle_ops@T0.8@it8] breadth d=5 n=150 acc=0.000 parse=0.000 typed=0.000 exact=0.000 fwd=8.0 rev_val=0.000 rev_fin=0.000
[oracle_ops@T0.8@it8] breadth d=6 n=150 acc=0.000 parse=0.000 typed=0.000 exact=0.000 fwd=8.0 rev_val=0.000 rev_fin=0.000
[oracle_ops@T0.8@it8] novel d=2 n=150 acc=0.033 parse=1.000 typed=1.000 exact=0.007 fwd=8.0 rev_val=0.000 rev_fin=0.000
[oracle_ops@T0.8@it8] novel d=3 n=150 acc=0.040 parse=1.000 typed=1.000 exact=0.000 fwd=8.0 rev_val=0.000 rev_fin=0.000
[oracle_ops@T0.8@it8] novel d=4 n=150 acc=0.013 parse=1.000 typed=1.000 exact=0.000 fwd=8.0 rev_val=0.000 rev_fin=0.000
[oracle_ops@T0.8@it8] novel d=5 n=150 acc=0.013 parse=1.000 typed=1.000 exact=0.000 fwd=8.0 rev_val=0.000 rev_fin=0.000
[oracle_ops@T0.8@it8] novel d=6 n=150 acc=0.007 parse=0.933 typed=0.933 exact=0.000 fwd=8.0 rev_val=0.000 rev_fin=0.000
[oracle_ops@T0.8@it8] sequential_paren d=2 n=150 acc=1.000 parse=1.000 typed=1.000 exact=1.000 fwd=8.0 rev_val=0.000 rev_fin=0.000
[oracle_ops@T0.8@it8] sequential_paren d=3 n=150 acc=1.000 parse=1.000 typed=1.000 exact=1.000 fwd=8.0 rev_val=0.000 rev_fin=0.000
[oracle_ops@T0.8@it8] sequential_paren d=4 n=150 acc=0.107 parse=1.000 typed=1.000 exact=0.000 fwd=8.0 rev_val=0.000 rev_fin=0.000
[oracle_ops@T0.8@it8] sequential_paren d=5 n=150 acc=0.040 parse=1.000 typed=1.000 exact=0.000 fwd=8.0 rev_val=0.000 rev_fin=0.000
[oracle_ops@T0.8@it8] sequential_paren d=6 n=150 acc=0.027 parse=0.947 typed=0.947 exact=0.000 fwd=8.0 rev_val=0.000 rev_fin=0.000
[oracle_ops@T0.8@it8] same_page_pair d=2 n=150 acc=0.000 parse=0.273 typed=0.273 exact=0.000 fwd=8.0 rev_val=0.000 rev_fin=0.000
[oracle_ops@T0.8@it8] units d=1 n=150 acc=1.000 parse=1.000 typed=1.000 exact=1.000 fwd=8.0 rev_val=0.000 rev_fin=0.000
[oracle_plan@T0.8@it8] sequential d=1 n=150 acc=1.000 parse=1.000 typed=1.000 exact=1.000 fwd=0.0
[oracle_plan@T0.8@it8] sequential d=2 n=150 acc=1.000 parse=1.000 typed=1.000 exact=1.000 fwd=0.0
[oracle_plan@T0.8@it8] sequential d=3 n=150 acc=1.000 parse=1.000 typed=1.000 exact=1.000 fwd=0.0
[oracle_plan@T0.8@it8] sequential d=4 n=150 acc=1.000 parse=1.000 typed=1.000 exact=1.000 fwd=0.0
[oracle_plan@T0.8@it8] sequential d=5 n=150 acc=1.000 parse=1.000 typed=1.000 exact=1.000 fwd=0.0
[oracle_plan@T0.8@it8] sequential d=6 n=150 acc=1.000 parse=1.000 typed=1.000 exact=1.000 fwd=0.0
[oracle_plan@T0.8@it8] sequential d=8 n=150 acc=1.000 parse=1.000 typed=1.000 exact=1.000 fwd=0.0
[oracle_plan@T0.8@it8] sequential d=12 n=150 acc=1.000 parse=1.000 typed=1.000 exact=1.000 fwd=0.0
[oracle_plan@T0.8@it8] sequential d=16 n=150 acc=1.000 parse=1.000 typed=1.000 exact=1.000 fwd=0.0
[oracle_plan@T0.8@it8] sequential d=32 n=150 acc=1.000 parse=1.000 typed=1.000 exact=1.000 fwd=0.0
[oracle_plan@T0.8@it8] breadth d=1 n=150 acc=1.000 parse=1.000 typed=1.000 exact=1.000 fwd=0.0
[oracle_plan@T0.8@it8] breadth d=2 n=150 acc=1.000 parse=1.000 typed=1.000 exact=1.000 fwd=0.0
[oracle_plan@T0.8@it8] breadth d=3 n=150 acc=1.000 parse=1.000 typed=1.000 exact=1.000 fwd=0.0
[oracle_plan@T0.8@it8] breadth d=4 n=150 acc=0.000 parse=1.000 typed=0.000 exact=1.000 fwd=0.0
[oracle_plan@T0.8@it8] breadth d=5 n=150 acc=0.000 parse=1.000 typed=0.000 exact=1.000 fwd=0.0
[oracle_plan@T0.8@it8] breadth d=6 n=150 acc=0.000 parse=1.000 typed=0.000 exact=1.000 fwd=0.0
[oracle_plan@T0.8@it8] novel d=2 n=150 acc=1.000 parse=1.000 typed=1.000 exact=1.000 fwd=0.0
[oracle_plan@T0.8@it8] novel d=3 n=150 acc=1.000 parse=1.000 typed=1.000 exact=1.000 fwd=0.0
[oracle_plan@T0.8@it8] novel d=4 n=150 acc=1.000 parse=1.000 typed=1.000 exact=1.000 fwd=0.0
[oracle_plan@T0.8@it8] novel d=5 n=150 acc=1.000 parse=1.000 typed=1.000 exact=1.000 fwd=0.0
[oracle_plan@T0.8@it8] novel d=6 n=150 acc=1.000 parse=1.000 typed=1.000 exact=1.000 fwd=0.0
[oracle_plan@T0.8@it8] sequential_paren d=2 n=150 acc=1.000 parse=1.000 typed=1.000 exact=1.000 fwd=0.0
[oracle_plan@T0.8@it8] sequential_paren d=3 n=150 acc=1.000 parse=1.000 typed=1.000 exact=1.000 fwd=0.0
[oracle_plan@T0.8@it8] sequential_paren d=4 n=150 acc=1.000 parse=1.000 typed=1.000 exact=1.000 fwd=0.0
[oracle_plan@T0.8@it8] sequential_paren d=5 n=150 acc=1.000 parse=1.000 typed=1.000 exact=1.000 fwd=0.0
[oracle_plan@T0.8@it8] sequential_paren d=6 n=150 acc=1.000 parse=1.000 typed=1.000 exact=1.000 fwd=0.0
[oracle_plan@T0.8@it8] same_page_pair d=2 n=150 acc=1.000 parse=1.000 typed=1.000 exact=1.000 fwd=0.0
[oracle_plan@T0.8@it8] units d=1 n=150 acc=1.000 parse=1.000 typed=1.000 exact=1.000 fwd=0.0
[induction style=1] {"pages": 6600, "pages_parsed": 6412, "gold_ops": 9897, "induced_ops": 9212, "self_verified": 1506, "exact_text": 4771, "behavioural": 5050, "secs": 444.9}
[oracle_both@para] sequential d=1 n=150 acc=1.000 parse=1.000 typed=1.000 exact=1.000 fwd=0.0
[oracle_both@para] sequential d=2 n=150 acc=1.000 parse=1.000 typed=1.000 exact=1.000 fwd=0.0
[oracle_both@para] sequential d=3 n=150 acc=1.000 parse=1.000 typed=1.000 exact=1.000 fwd=0.0
[oracle_both@para] sequential d=4 n=150 acc=1.000 parse=1.000 typed=1.000 exact=1.000 fwd=0.0
[oracle_both@para] sequential d=5 n=150 acc=1.000 parse=1.000 typed=1.000 exact=1.000 fwd=0.0
[oracle_both@para] sequential d=6 n=150 acc=1.000 parse=1.000 typed=1.000 exact=1.000 fwd=0.0
[oracle_both@para] sequential d=8 n=150 acc=1.000 parse=1.000 typed=1.000 exact=1.000 fwd=0.0
[oracle_both@para] sequential d=12 n=150 acc=1.000 parse=1.000 typed=1.000 exact=1.000 fwd=0.0
[oracle_both@para] sequential d=16 n=150 acc=1.000 parse=1.000 typed=1.000 exact=1.000 fwd=0.0
[oracle_both@para] sequential d=32 n=150 acc=1.000 parse=1.000 typed=1.000 exact=1.000 fwd=0.0
[oracle_both@para] breadth d=1 n=150 acc=1.000 parse=1.000 typed=1.000 exact=1.000 fwd=0.0
[oracle_both@para] breadth d=2 n=150 acc=1.000 parse=1.000 typed=1.000 exact=1.000 fwd=0.0
[oracle_both@para] breadth d=3 n=150 acc=1.000 parse=1.000 typed=1.000 exact=1.000 fwd=0.0
[oracle_both@para] breadth d=4 n=150 acc=1.000 parse=1.000 typed=1.000 exact=1.000 fwd=0.0
[oracle_both@para] breadth d=5 n=150 acc=1.000 parse=1.000 typed=1.000 exact=1.000 fwd=0.0
[oracle_both@para] breadth d=6 n=150 acc=1.000 parse=1.000 typed=1.000 exact=1.000 fwd=0.0
[oracle_both@para] novel d=2 n=150 acc=1.000 parse=1.000 typed=1.000 exact=1.000 fwd=0.0
[oracle_both@para] novel d=3 n=150 acc=1.000 parse=1.000 typed=1.000 exact=1.000 fwd=0.0
[oracle_both@para] novel d=4 n=150 acc=1.000 parse=1.000 typed=1.000 exact=1.000 fwd=0.0
[oracle_both@para] novel d=5 n=150 acc=1.000 parse=1.000 typed=1.000 exact=1.000 fwd=0.0
[oracle_both@para] novel d=6 n=150 acc=1.000 parse=1.000 typed=1.000 exact=1.000 fwd=0.0
[oracle_both@para] sequential_paren d=2 n=150 acc=1.000 parse=1.000 typed=1.000 exact=1.000 fwd=0.0
[oracle_both@para] sequential_paren d=3 n=150 acc=1.000 parse=1.000 typed=1.000 exact=1.000 fwd=0.0
[oracle_both@para] sequential_paren d=4 n=150 acc=1.000 parse=1.000 typed=1.000 exact=1.000 fwd=0.0
[oracle_both@para] sequential_paren d=5 n=150 acc=1.000 parse=1.000 typed=1.000 exact=1.000 fwd=0.0
[oracle_both@para] sequential_paren d=6 n=150 acc=1.000 parse=1.000 typed=1.000 exact=1.000 fwd=0.0
[oracle_both@para] same_page_pair d=2 n=150 acc=1.000 parse=1.000 typed=1.000 exact=1.000 fwd=0.0
[oracle_both@para] units d=1 n=150 acc=1.000 parse=1.000 typed=1.000 exact=1.000 fwd=0.0
[oracle_both_roundtrip@para] sequential d=1 n=150 acc=1.000 parse=1.000 typed=1.000 exact=1.000 fwd=0.0
[oracle_both_roundtrip@para] sequential d=2 n=150 acc=1.000 parse=1.000 typed=1.000 exact=1.000 fwd=0.0
[oracle_both_roundtrip@para] sequential d=3 n=150 acc=1.000 parse=1.000 typed=1.000 exact=1.000 fwd=0.0
[oracle_both_roundtrip@para] sequential d=4 n=150 acc=1.000 parse=1.000 typed=1.000 exact=1.000 fwd=0.0
[oracle_both_roundtrip@para] sequential d=5 n=150 acc=1.000 parse=1.000 typed=1.000 exact=1.000 fwd=0.0
[oracle_both_roundtrip@para] sequential d=6 n=150 acc=1.000 parse=1.000 typed=1.000 exact=1.000 fwd=0.0
[oracle_both_roundtrip@para] sequential d=8 n=150 acc=1.000 parse=1.000 typed=1.000 exact=1.000 fwd=0.0
[oracle_both_roundtrip@para] sequential d=12 n=150 acc=1.000 parse=1.000 typed=1.000 exact=1.000 fwd=0.0
[oracle_both_roundtrip@para] sequential d=16 n=150 acc=1.000 parse=1.000 typed=1.000 exact=1.000 fwd=0.0
[oracle_both_roundtrip@para] sequential d=32 n=150 acc=1.000 parse=1.000 typed=1.000 exact=1.000 fwd=0.0
[oracle_both_roundtrip@para] breadth d=1 n=150 acc=1.000 parse=1.000 typed=1.000 exact=1.000 fwd=0.0
[oracle_both_roundtrip@para] breadth d=2 n=150 acc=1.000 parse=1.000 typed=1.000 exact=1.000 fwd=0.0
[oracle_both_roundtrip@para] breadth d=3 n=150 acc=1.000 parse=1.000 typed=1.000 exact=1.000 fwd=0.0
[oracle_both_roundtrip@para] breadth d=4 n=150 acc=1.000 parse=1.000 typed=1.000 exact=1.000 fwd=0.0
[oracle_both_roundtrip@para] breadth d=5 n=150 acc=1.000 parse=1.000 typed=1.000 exact=1.000 fwd=0.0
[oracle_both_roundtrip@para] breadth d=6 n=150 acc=1.000 parse=1.000 typed=1.000 exact=1.000 fwd=0.0
[oracle_both_roundtrip@para] novel d=2 n=150 acc=1.000 parse=1.000 typed=1.000 exact=1.000 fwd=0.0
[oracle_both_roundtrip@para] novel d=3 n=150 acc=1.000 parse=1.000 typed=1.000 exact=1.000 fwd=0.0
[oracle_both_roundtrip@para] novel d=4 n=150 acc=1.000 parse=1.000 typed=1.000 exact=1.000 fwd=0.0
[oracle_both_roundtrip@para] novel d=5 n=150 acc=1.000 parse=1.000 typed=1.000 exact=1.000 fwd=0.0
[oracle_both_roundtrip@para] novel d=6 n=150 acc=1.000 parse=1.000 typed=1.000 exact=1.000 fwd=0.0
[oracle_both_roundtrip@para] sequential_paren d=2 n=150 acc=1.000 parse=1.000 typed=1.000 exact=1.000 fwd=0.0
[oracle_both_roundtrip@para] sequential_paren d=3 n=150 acc=1.000 parse=1.000 typed=1.000 exact=1.000 fwd=0.0
[oracle_both_roundtrip@para] sequential_paren d=4 n=150 acc=1.000 parse=1.000 typed=1.000 exact=1.000 fwd=0.0
[oracle_both_roundtrip@para] sequential_paren d=5 n=150 acc=1.000 parse=1.000 typed=1.000 exact=1.000 fwd=0.0
[oracle_both_roundtrip@para] sequential_paren d=6 n=150 acc=1.000 parse=1.000 typed=1.000 exact=1.000 fwd=0.0
[oracle_both_roundtrip@para] same_page_pair d=2 n=150 acc=1.000 parse=1.000 typed=1.000 exact=1.000 fwd=0.0
[oracle_both_roundtrip@para] units d=1 n=150 acc=1.000 parse=1.000 typed=1.000 exact=1.000 fwd=0.0
[counter p3@T0@it8] {"reported": 8, "observed": 8, "ok": true}
[plan_execute@T0@it8@para] sequential d=1 n=150 acc=0.900 parse=1.000 typed=1.000 exact=0.980 fwd=8.0 rev_val=0.000 rev_fin=0.000
[plan_execute@T0@it8@para] sequential d=2 n=150 acc=0.320 parse=0.993 typed=0.993 exact=0.453 fwd=8.0 rev_val=0.000 rev_fin=0.000
[plan_execute@T0@it8@para] sequential d=3 n=150 acc=0.300 parse=1.000 typed=1.000 exact=0.500 fwd=8.0 rev_val=0.000 rev_fin=0.000
[plan_execute@T0@it8@para] sequential d=4 n=150 acc=0.020 parse=0.993 typed=0.993 exact=0.000 fwd=8.0 rev_val=0.000 rev_fin=0.000
[plan_execute@T0@it8@para] sequential d=5 n=150 acc=0.027 parse=0.987 typed=0.987 exact=0.000 fwd=8.0 rev_val=0.000 rev_fin=0.000
[plan_execute@T0@it8@para] sequential d=6 n=150 acc=0.027 parse=0.993 typed=0.993 exact=0.000 fwd=8.0 rev_val=0.000 rev_fin=0.000
[plan_execute@T0@it8@para] sequential d=8 n=150 acc=0.027 parse=0.993 typed=0.993 exact=0.000 fwd=8.0 rev_val=0.000 rev_fin=0.000
[plan_execute@T0@it8@para] sequential d=12 n=150 acc=0.013 parse=0.993 typed=0.993 exact=0.000 fwd=8.0 rev_val=0.000 rev_fin=0.000
[plan_execute@T0@it8@para] sequential d=16 n=150 acc=0.013 parse=0.993 typed=0.993 exact=0.000 fwd=8.0 rev_val=0.000 rev_fin=0.000
[plan_execute@T0@it8@para] sequential d=32 n=150 acc=0.013 parse=0.993 typed=0.993 exact=0.000 fwd=8.0 rev_val=0.000 rev_fin=0.000
[plan_execute@T0@it8@para] breadth d=1 n=150 acc=0.000 parse=0.000 typed=0.000 exact=0.000 fwd=8.0 rev_val=0.000 rev_fin=0.000
[plan_execute@T0@it8@para] breadth d=2 n=150 acc=0.933 parse=0.933 typed=0.933 exact=0.933 fwd=8.0 rev_val=0.000 rev_fin=0.000
[plan_execute@T0@it8@para] breadth d=3 n=150 acc=0.453 parse=0.513 typed=0.513 exact=0.513 fwd=8.0 rev_val=0.000 rev_fin=0.000
[plan_execute@T0@it8@para] breadth d=4 n=150 acc=0.267 parse=0.673 typed=0.673 exact=0.000 fwd=8.0 rev_val=0.000 rev_fin=0.000
[plan_execute@T0@it8@para] breadth d=5 n=150 acc=0.240 parse=0.800 typed=0.800 exact=0.000 fwd=8.0 rev_val=0.000 rev_fin=0.000
[plan_execute@T0@it8@para] breadth d=6 n=150 acc=0.093 parse=0.607 typed=0.607 exact=0.000 fwd=8.0 rev_val=0.000 rev_fin=0.000
[plan_execute@T0@it8@para] novel d=2 n=150 acc=0.027 parse=0.993 typed=0.993 exact=0.000 fwd=8.0 rev_val=0.000 rev_fin=0.000
[plan_execute@T0@it8@para] novel d=3 n=150 acc=0.033 parse=0.987 typed=0.987 exact=0.000 fwd=8.0 rev_val=0.000 rev_fin=0.000
[plan_execute@T0@it8@para] novel d=4 n=150 acc=0.020 parse=0.993 typed=0.993 exact=0.000 fwd=8.0 rev_val=0.000 rev_fin=0.000
[plan_execute@T0@it8@para] novel d=5 n=150 acc=0.020 parse=0.993 typed=0.993 exact=0.000 fwd=8.0 rev_val=0.000 rev_fin=0.000
[plan_execute@T0@it8@para] novel d=6 n=150 acc=0.007 parse=0.960 typed=0.960 exact=0.000 fwd=8.0 rev_val=0.000 rev_fin=0.000
[plan_execute@T0@it8@para] sequential_paren d=2 n=150 acc=0.693 parse=1.000 typed=1.000 exact=0.947 fwd=8.0 rev_val=0.000 rev_fin=0.000
[plan_execute@T0@it8@para] sequential_paren d=3 n=150 acc=0.580 parse=0.993 typed=0.993 exact=0.933 fwd=8.0 rev_val=0.000 rev_fin=0.000
[plan_execute@T0@it8@para] sequential_paren d=4 n=150 acc=0.093 parse=0.993 typed=0.993 exact=0.000 fwd=8.0 rev_val=0.000 rev_fin=0.000
[plan_execute@T0@it8@para] sequential_paren d=5 n=150 acc=0.033 parse=0.993 typed=0.993 exact=0.000 fwd=8.0 rev_val=0.000 rev_fin=0.000
[plan_execute@T0@it8@para] sequential_paren d=6 n=150 acc=0.013 parse=0.960 typed=0.960 exact=0.000 fwd=8.0 rev_val=0.000 rev_fin=0.000
[plan_execute@T0@it8@para] same_page_pair d=2 n=150 acc=0.000 parse=0.260 typed=0.260 exact=0.000 fwd=8.0 rev_val=0.000 rev_fin=0.000
[plan_execute@T0@it8@para] units d=1 n=150 acc=0.593 parse=0.740 typed=0.740 exact=0.620 fwd=8.0 rev_val=0.000 rev_fin=0.000
[oracle_ops@T0@it8@para] sequential d=1 n=150 acc=1.000 parse=1.000 typed=1.000 exact=1.000 fwd=8.0 rev_val=0.000 rev_fin=0.000
[oracle_ops@T0@it8@para] sequential d=2 n=150 acc=1.000 parse=1.000 typed=1.000 exact=1.000 fwd=8.0 rev_val=0.000 rev_fin=0.000
[oracle_ops@T0@it8@para] sequential d=3 n=150 acc=1.000 parse=1.000 typed=1.000 exact=1.000 fwd=8.0 rev_val=0.000 rev_fin=0.000
[oracle_ops@T0@it8@para] sequential d=4 n=150 acc=0.020 parse=1.000 typed=1.000 exact=0.000 fwd=8.0 rev_val=0.000 rev_fin=0.000
[oracle_ops@T0@it8@para] sequential d=5 n=150 acc=0.033 parse=1.000 typed=1.000 exact=0.000 fwd=8.0 rev_val=0.000 rev_fin=0.000
[oracle_ops@T0@it8@para] sequential d=6 n=150 acc=0.027 parse=1.000 typed=1.000 exact=0.000 fwd=8.0 rev_val=0.000 rev_fin=0.000
[oracle_ops@T0@it8@para] sequential d=8 n=150 acc=0.027 parse=1.000 typed=1.000 exact=0.000 fwd=8.0 rev_val=0.000 rev_fin=0.000
[oracle_ops@T0@it8@para] sequential d=12 n=150 acc=0.020 parse=1.000 typed=1.000 exact=0.000 fwd=8.0 rev_val=0.000 rev_fin=0.000
[oracle_ops@T0@it8@para] sequential d=16 n=150 acc=0.027 parse=0.993 typed=0.993 exact=0.000 fwd=8.0 rev_val=0.000 rev_fin=0.000
[oracle_ops@T0@it8@para] sequential d=32 n=150 acc=0.027 parse=0.980 typed=0.980 exact=0.000 fwd=8.0 rev_val=0.000 rev_fin=0.000
[oracle_ops@T0@it8@para] breadth d=1 n=150 acc=1.000 parse=1.000 typed=1.000 exact=1.000 fwd=8.0 rev_val=0.000 rev_fin=0.000
[oracle_ops@T0@it8@para] breadth d=2 n=150 acc=1.000 parse=1.000 typed=1.000 exact=1.000 fwd=8.0 rev_val=0.000 rev_fin=0.000
[oracle_ops@T0@it8@para] breadth d=3 n=150 acc=1.000 parse=1.000 typed=1.000 exact=1.000 fwd=8.0 rev_val=0.000 rev_fin=0.000
[oracle_ops@T0@it8@para] breadth d=4 n=150 acc=0.000 parse=0.000 typed=0.000 exact=0.000 fwd=8.0 rev_val=0.000 rev_fin=0.000
[oracle_ops@T0@it8@para] breadth d=5 n=150 acc=0.000 parse=0.000 typed=0.000 exact=0.000 fwd=8.0 rev_val=0.000 rev_fin=0.000
[oracle_ops@T0@it8@para] breadth d=6 n=150 acc=0.000 parse=0.000 typed=0.000 exact=0.000 fwd=8.0 rev_val=0.000 rev_fin=0.000
[oracle_ops@T0@it8@para] novel d=2 n=150 acc=0.027 parse=1.000 typed=1.000 exact=0.000 fwd=8.0 rev_val=0.000 rev_fin=0.000
[oracle_ops@T0@it8@para] novel d=3 n=150 acc=0.047 parse=1.000 typed=1.000 exact=0.007 fwd=8.0 rev_val=0.000 rev_fin=0.000
[oracle_ops@T0@it8@para] novel d=4 n=150 acc=0.013 parse=1.000 typed=1.000 exact=0.000 fwd=8.0 rev_val=0.000 rev_fin=0.000
[oracle_ops@T0@it8@para] novel d=5 n=150 acc=0.020 parse=1.000 typed=1.000 exact=0.000 fwd=8.0 rev_val=0.000 rev_fin=0.000
[oracle_ops@T0@it8@para] novel d=6 n=150 acc=0.007 parse=0.947 typed=0.947 exact=0.000 fwd=8.0 rev_val=0.000 rev_fin=0.000
[oracle_ops@T0@it8@para] sequential_paren d=2 n=150 acc=1.000 parse=1.000 typed=1.000 exact=1.000 fwd=8.0 rev_val=0.000 rev_fin=0.000
[oracle_ops@T0@it8@para] sequential_paren d=3 n=150 acc=1.000 parse=1.000 typed=1.000 exact=1.000 fwd=8.0 rev_val=0.000 rev_fin=0.000
[oracle_ops@T0@it8@para] sequential_paren d=4 n=150 acc=0.107 parse=1.000 typed=1.000 exact=0.000 fwd=8.0 rev_val=0.000 rev_fin=0.000
[oracle_ops@T0@it8@para] sequential_paren d=5 n=150 acc=0.040 parse=1.000 typed=1.000 exact=0.000 fwd=8.0 rev_val=0.000 rev_fin=0.000
[oracle_ops@T0@it8@para] sequential_paren d=6 n=150 acc=0.020 parse=0.947 typed=0.947 exact=0.000 fwd=8.0 rev_val=0.000 rev_fin=0.000
[oracle_ops@T0@it8@para] same_page_pair d=2 n=150 acc=0.000 parse=0.280 typed=0.280 exact=0.000 fwd=8.0 rev_val=0.000 rev_fin=0.000
[oracle_ops@T0@it8@para] units d=1 n=150 acc=1.000 parse=1.000 typed=1.000 exact=1.000 fwd=8.0 rev_val=0.000 rev_fin=0.000
[oracle_plan@T0@it8@para] sequential d=1 n=150 acc=0.900 parse=1.000 typed=0.980 exact=1.000 fwd=0.0
[oracle_plan@T0@it8@para] sequential d=2 n=150 acc=0.693 parse=1.000 typed=0.980 exact=1.000 fwd=0.0
[oracle_plan@T0@it8@para] sequential d=3 n=150 acc=0.620 parse=1.000 typed=0.987 exact=1.000 fwd=0.0
[oracle_plan@T0@it8@para] sequential d=4 n=150 acc=0.633 parse=1.000 typed=0.980 exact=1.000 fwd=0.0
[oracle_plan@T0@it8@para] sequential d=5 n=150 acc=0.687 parse=1.000 typed=0.967 exact=1.000 fwd=0.0
[oracle_plan@T0@it8@para] sequential d=6 n=150 acc=0.620 parse=1.000 typed=0.967 exact=1.000 fwd=0.0
[oracle_plan@T0@it8@para] sequential d=8 n=150 acc=0.640 parse=1.000 typed=0.980 exact=1.000 fwd=0.0
[oracle_plan@T0@it8@para] sequential d=12 n=150 acc=0.660 parse=1.000 typed=0.980 exact=1.000 fwd=0.0
[oracle_plan@T0@it8@para] sequential d=16 n=150 acc=0.640 parse=1.000 typed=0.987 exact=1.000 fwd=0.0
[oracle_plan@T0@it8@para] sequential d=32 n=150 acc=0.587 parse=1.000 typed=0.973 exact=1.000 fwd=0.0
[oracle_plan@T0@it8@para] breadth d=1 n=150 acc=0.000 parse=1.000 typed=0.000 exact=1.000 fwd=0.0
[oracle_plan@T0@it8@para] breadth d=2 n=150 acc=0.933 parse=1.000 typed=0.933 exact=1.000 fwd=0.0
[oracle_plan@T0@it8@para] breadth d=3 n=150 acc=0.453 parse=1.000 typed=0.513 exact=1.000 fwd=0.0
[oracle_plan@T0@it8@para] breadth d=4 n=150 acc=0.000 parse=1.000 typed=0.000 exact=1.000 fwd=0.0
[oracle_plan@T0@it8@para] breadth d=5 n=150 acc=0.000 parse=1.000 typed=0.000 exact=1.000 fwd=0.0
[oracle_plan@T0@it8@para] breadth d=6 n=150 acc=0.000 parse=1.000 typed=0.000 exact=1.000 fwd=0.0
[oracle_plan@T0@it8@para] novel d=2 n=150 acc=0.640 parse=1.000 typed=0.933 exact=1.000 fwd=0.0
[oracle_plan@T0@it8@para] novel d=3 n=150 acc=0.573 parse=1.000 typed=0.933 exact=1.000 fwd=0.0
[oracle_plan@T0@it8@para] novel d=4 n=150 acc=0.540 parse=1.000 typed=0.933 exact=1.000 fwd=0.0
[oracle_plan@T0@it8@para] novel d=5 n=150 acc=0.567 parse=1.000 typed=0.933 exact=1.000 fwd=0.0
[oracle_plan@T0@it8@para] novel d=6 n=150 acc=0.520 parse=1.000 typed=0.933 exact=1.000 fwd=0.0
[oracle_plan@T0@it8@para] sequential_paren d=2 n=150 acc=0.687 parse=1.000 typed=0.947 exact=1.000 fwd=0.0
[oracle_plan@T0@it8@para] sequential_paren d=3 n=150 acc=0.573 parse=1.000 typed=0.933 exact=1.000 fwd=0.0
[oracle_plan@T0@it8@para] sequential_paren d=4 n=150 acc=0.600 parse=1.000 typed=0.947 exact=1.000 fwd=0.0
[oracle_plan@T0@it8@para] sequential_paren d=5 n=150 acc=0.567 parse=1.000 typed=0.927 exact=1.000 fwd=0.0
[oracle_plan@T0@it8@para] sequential_paren d=6 n=150 acc=0.607 parse=1.000 typed=0.953 exact=1.000 fwd=0.0
[oracle_plan@T0@it8@para] same_page_pair d=2 n=150 acc=0.573 parse=1.000 typed=0.600 exact=1.000 fwd=0.0
[oracle_plan@T0@it8@para] units d=1 n=150 acc=0.547 parse=1.000 typed=0.620 exact=1.000 fwd=0.0
[counter p3@T0.8@it8] {"reported": 8, "observed": 8, "ok": true}
[plan_execute@T0.8@it8@para] sequential d=1 n=150 acc=0.900 parse=1.000 typed=1.000 exact=0.980 fwd=8.0 rev_val=0.000 rev_fin=0.000
[plan_execute@T0.8@it8@para] sequential d=2 n=150 acc=0.320 parse=0.987 typed=0.987 exact=0.453 fwd=8.0 rev_val=0.000 rev_fin=0.000
[plan_execute@T0.8@it8@para] sequential d=3 n=150 acc=0.300 parse=1.000 typed=1.000 exact=0.500 fwd=8.0 rev_val=0.000 rev_fin=0.000
[plan_execute@T0.8@it8@para] sequential d=4 n=150 acc=0.020 parse=0.993 typed=0.993 exact=0.000 fwd=8.0 rev_val=0.000 rev_fin=0.000
[plan_execute@T0.8@it8@para] sequential d=5 n=150 acc=0.027 parse=0.987 typed=0.987 exact=0.000 fwd=8.0 rev_val=0.000 rev_fin=0.000
[plan_execute@T0.8@it8@para] sequential d=6 n=150 acc=0.027 parse=0.993 typed=0.993 exact=0.000 fwd=8.0 rev_val=0.000 rev_fin=0.000
[plan_execute@T0.8@it8@para] sequential d=8 n=150 acc=0.027 parse=0.993 typed=0.993 exact=0.000 fwd=8.0 rev_val=0.000 rev_fin=0.000
[plan_execute@T0.8@it8@para] sequential d=12 n=150 acc=0.013 parse=0.987 typed=0.987 exact=0.000 fwd=8.0 rev_val=0.000 rev_fin=0.000
[plan_execute@T0.8@it8@para] sequential d=16 n=150 acc=0.007 parse=0.993 typed=0.993 exact=0.000 fwd=8.0 rev_val=0.000 rev_fin=0.000
[plan_execute@T0.8@it8@para] sequential d=32 n=150 acc=0.007 parse=0.993 typed=0.993 exact=0.000 fwd=8.0 rev_val=0.000 rev_fin=0.000
[plan_execute@T0.8@it8@para] breadth d=1 n=150 acc=0.000 parse=0.000 typed=0.000 exact=0.000 fwd=8.0 rev_val=0.000 rev_fin=0.000
[plan_execute@T0.8@it8@para] breadth d=2 n=150 acc=0.933 parse=0.933 typed=0.933 exact=0.933 fwd=8.0 rev_val=0.000 rev_fin=0.000
[plan_execute@T0.8@it8@para] breadth d=3 n=150 acc=0.453 parse=0.513 typed=0.513 exact=0.513 fwd=8.0 rev_val=0.000 rev_fin=0.000
[plan_execute@T0.8@it8@para] breadth d=4 n=150 acc=0.260 parse=0.653 typed=0.653 exact=0.000 fwd=8.0 rev_val=0.000 rev_fin=0.000
[plan_execute@T0.8@it8@para] breadth d=5 n=150 acc=0.240 parse=0.793 typed=0.793 exact=0.000 fwd=8.0 rev_val=0.000 rev_fin=0.000
[plan_execute@T0.8@it8@para] breadth d=6 n=150 acc=0.093 parse=0.613 typed=0.613 exact=0.000 fwd=8.0 rev_val=0.000 rev_fin=0.000
[plan_execute@T0.8@it8@para] novel d=2 n=150 acc=0.027 parse=0.993 typed=0.993 exact=0.000 fwd=8.0 rev_val=0.000 rev_fin=0.000
[plan_execute@T0.8@it8@para] novel d=3 n=150 acc=0.033 parse=0.987 typed=0.987 exact=0.007 fwd=8.0 rev_val=0.000 rev_fin=0.000
[plan_execute@T0.8@it8@para] novel d=4 n=150 acc=0.020 parse=0.987 typed=0.987 exact=0.000 fwd=8.0 rev_val=0.000 rev_fin=0.000
[plan_execute@T0.8@it8@para] novel d=5 n=150 acc=0.013 parse=0.993 typed=0.993 exact=0.000 fwd=8.0 rev_val=0.000 rev_fin=0.000
[plan_execute@T0.8@it8@para] novel d=6 n=150 acc=0.007 parse=0.953 typed=0.953 exact=0.000 fwd=8.0 rev_val=0.000 rev_fin=0.000
[plan_execute@T0.8@it8@para] sequential_paren d=2 n=150 acc=0.693 parse=1.000 typed=1.000 exact=0.947 fwd=8.0 rev_val=0.000 rev_fin=0.000
[plan_execute@T0.8@it8@para] sequential_paren d=3 n=150 acc=0.580 parse=0.993 typed=0.993 exact=0.933 fwd=8.0 rev_val=0.000 rev_fin=0.000
[plan_execute@T0.8@it8@para] sequential_paren d=4 n=150 acc=0.093 parse=0.993 typed=0.993 exact=0.000 fwd=8.0 rev_val=0.000 rev_fin=0.000
[plan_execute@T0.8@it8@para] sequential_paren d=5 n=150 acc=0.033 parse=0.993 typed=0.993 exact=0.000 fwd=8.0 rev_val=0.000 rev_fin=0.000
[plan_execute@T0.8@it8@para] sequential_paren d=6 n=150 acc=0.013 parse=0.953 typed=0.953 exact=0.000 fwd=8.0 rev_val=0.000 rev_fin=0.000
[plan_execute@T0.8@it8@para] same_page_pair d=2 n=150 acc=0.000 parse=0.260 typed=0.260 exact=0.000 fwd=8.0 rev_val=0.000 rev_fin=0.000
[plan_execute@T0.8@it8@para] units d=1 n=150 acc=0.593 parse=0.740 typed=0.740 exact=0.620 fwd=8.0 rev_val=0.000 rev_fin=0.000
[oracle_ops@T0.8@it8@para] sequential d=1 n=150 acc=1.000 parse=1.000 typed=1.000 exact=1.000 fwd=8.0 rev_val=0.000 rev_fin=0.000
[oracle_ops@T0.8@it8@para] sequential d=2 n=150 acc=1.000 parse=1.000 typed=1.000 exact=1.000 fwd=8.0 rev_val=0.000 rev_fin=0.000
[oracle_ops@T0.8@it8@para] sequential d=3 n=150 acc=1.000 parse=1.000 typed=1.000 exact=1.000 fwd=8.0 rev_val=0.000 rev_fin=0.000
[oracle_ops@T0.8@it8@para] sequential d=4 n=150 acc=0.020 parse=1.000 typed=1.000 exact=0.000 fwd=8.0 rev_val=0.000 rev_fin=0.000
[oracle_ops@T0.8@it8@para] sequential d=5 n=150 acc=0.033 parse=1.000 typed=1.000 exact=0.000 fwd=8.0 rev_val=0.000 rev_fin=0.000
[oracle_ops@T0.8@it8@para] sequential d=6 n=150 acc=0.027 parse=1.000 typed=1.000 exact=0.000 fwd=8.0 rev_val=0.000 rev_fin=0.000
[oracle_ops@T0.8@it8@para] sequential d=8 n=150 acc=0.027 parse=1.000 typed=1.000 exact=0.000 fwd=8.0 rev_val=0.000 rev_fin=0.000
[oracle_ops@T0.8@it8@para] sequential d=12 n=150 acc=0.020 parse=1.000 typed=1.000 exact=0.000 fwd=8.0 rev_val=0.000 rev_fin=0.000
[oracle_ops@T0.8@it8@para] sequential d=16 n=150 acc=0.027 parse=0.987 typed=0.987 exact=0.000 fwd=8.0 rev_val=0.000 rev_fin=0.000
[oracle_ops@T0.8@it8@para] sequential d=32 n=150 acc=0.027 parse=0.973 typed=0.973 exact=0.000 fwd=8.0 rev_val=0.000 rev_fin=0.000
[oracle_ops@T0.8@it8@para] breadth d=1 n=150 acc=1.000 parse=1.000 typed=1.000 exact=1.000 fwd=8.0 rev_val=0.000 rev_fin=0.000
[oracle_ops@T0.8@it8@para] breadth d=2 n=150 acc=1.000 parse=1.000 typed=1.000 exact=1.000 fwd=8.0 rev_val=0.000 rev_fin=0.000
[oracle_ops@T0.8@it8@para] breadth d=3 n=150 acc=1.000 parse=1.000 typed=1.000 exact=1.000 fwd=8.0 rev_val=0.000 rev_fin=0.000
[oracle_ops@T0.8@it8@para] breadth d=4 n=150 acc=0.000 parse=0.000 typed=0.000 exact=0.000 fwd=8.0 rev_val=0.000 rev_fin=0.000
[oracle_ops@T0.8@it8@para] breadth d=5 n=150 acc=0.000 parse=0.000 typed=0.000 exact=0.000 fwd=8.0 rev_val=0.000 rev_fin=0.000
[oracle_ops@T0.8@it8@para] breadth d=6 n=150 acc=0.000 parse=0.000 typed=0.000 exact=0.000 fwd=8.0 rev_val=0.000 rev_fin=0.000
[oracle_ops@T0.8@it8@para] novel d=2 n=150 acc=0.033 parse=1.000 typed=1.000 exact=0.007 fwd=8.0 rev_val=0.000 rev_fin=0.000
[oracle_ops@T0.8@it8@para] novel d=3 n=150 acc=0.040 parse=1.000 typed=1.000 exact=0.000 fwd=8.0 rev_val=0.000 rev_fin=0.000
[oracle_ops@T0.8@it8@para] novel d=4 n=150 acc=0.013 parse=1.000 typed=1.000 exact=0.000 fwd=8.0 rev_val=0.000 rev_fin=0.000
[oracle_ops@T0.8@it8@para] novel d=5 n=150 acc=0.013 parse=1.000 typed=1.000 exact=0.000 fwd=8.0 rev_val=0.000 rev_fin=0.000
[oracle_ops@T0.8@it8@para] novel d=6 n=150 acc=0.007 parse=0.933 typed=0.933 exact=0.000 fwd=8.0 rev_val=0.000 rev_fin=0.000
[oracle_ops@T0.8@it8@para] sequential_paren d=2 n=150 acc=1.000 parse=1.000 typed=1.000 exact=1.000 fwd=8.0 rev_val=0.000 rev_fin=0.000
[oracle_ops@T0.8@it8@para] sequential_paren d=3 n=150 acc=1.000 parse=1.000 typed=1.000 exact=1.000 fwd=8.0 rev_val=0.000 rev_fin=0.000
[oracle_ops@T0.8@it8@para] sequential_paren d=4 n=150 acc=0.107 parse=1.000 typed=1.000 exact=0.000 fwd=8.0 rev_val=0.000 rev_fin=0.000
[oracle_ops@T0.8@it8@para] sequential_paren d=5 n=150 acc=0.040 parse=1.000 typed=1.000 exact=0.000 fwd=8.0 rev_val=0.000 rev_fin=0.000
[oracle_ops@T0.8@it8@para] sequential_paren d=6 n=150 acc=0.027 parse=0.947 typed=0.947 exact=0.000 fwd=8.0 rev_val=0.000 rev_fin=0.000
[oracle_ops@T0.8@it8@para] same_page_pair d=2 n=150 acc=0.000 parse=0.273 typed=0.273 exact=0.000 fwd=8.0 rev_val=0.000 rev_fin=0.000
[oracle_ops@T0.8@it8@para] units d=1 n=150 acc=1.000 parse=1.000 typed=1.000 exact=1.000 fwd=8.0 rev_val=0.000 rev_fin=0.000
[oracle_plan@T0.8@it8@para] sequential d=1 n=150 acc=0.900 parse=1.000 typed=0.980 exact=1.000 fwd=0.0
[oracle_plan@T0.8@it8@para] sequential d=2 n=150 acc=0.693 parse=1.000 typed=0.980 exact=1.000 fwd=0.0
[oracle_plan@T0.8@it8@para] sequential d=3 n=150 acc=0.620 parse=1.000 typed=0.987 exact=1.000 fwd=0.0
[oracle_plan@T0.8@it8@para] sequential d=4 n=150 acc=0.633 parse=1.000 typed=0.980 exact=1.000 fwd=0.0
[oracle_plan@T0.8@it8@para] sequential d=5 n=150 acc=0.687 parse=1.000 typed=0.967 exact=1.000 fwd=0.0
[oracle_plan@T0.8@it8@para] sequential d=6 n=150 acc=0.620 parse=1.000 typed=0.967 exact=1.000 fwd=0.0
[oracle_plan@T0.8@it8@para] sequential d=8 n=150 acc=0.640 parse=1.000 typed=0.980 exact=1.000 fwd=0.0
[oracle_plan@T0.8@it8@para] sequential d=12 n=150 acc=0.660 parse=1.000 typed=0.980 exact=1.000 fwd=0.0
[oracle_plan@T0.8@it8@para] sequential d=16 n=150 acc=0.640 parse=1.000 typed=0.987 exact=1.000 fwd=0.0
[oracle_plan@T0.8@it8@para] sequential d=32 n=150 acc=0.587 parse=1.000 typed=0.973 exact=1.000 fwd=0.0
[oracle_plan@T0.8@it8@para] breadth d=1 n=150 acc=0.000 parse=1.000 typed=0.000 exact=1.000 fwd=0.0
[oracle_plan@T0.8@it8@para] breadth d=2 n=150 acc=0.933 parse=1.000 typed=0.933 exact=1.000 fwd=0.0
[oracle_plan@T0.8@it8@para] breadth d=3 n=150 acc=0.453 parse=1.000 typed=0.513 exact=1.000 fwd=0.0
[oracle_plan@T0.8@it8@para] breadth d=4 n=150 acc=0.000 parse=1.000 typed=0.000 exact=1.000 fwd=0.0
[oracle_plan@T0.8@it8@para] breadth d=5 n=150 acc=0.000 parse=1.000 typed=0.000 exact=1.000 fwd=0.0
[oracle_plan@T0.8@it8@para] breadth d=6 n=150 acc=0.000 parse=1.000 typed=0.000 exact=1.000 fwd=0.0
[oracle_plan@T0.8@it8@para] novel d=2 n=150 acc=0.640 parse=1.000 typed=0.933 exact=1.000 fwd=0.0
[oracle_plan@T0.8@it8@para] novel d=3 n=150 acc=0.573 parse=1.000 typed=0.933 exact=1.000 fwd=0.0
[oracle_plan@T0.8@it8@para] novel d=4 n=150 acc=0.540 parse=1.000 typed=0.933 exact=1.000 fwd=0.0
[oracle_plan@T0.8@it8@para] novel d=5 n=150 acc=0.567 parse=1.000 typed=0.933 exact=1.000 fwd=0.0
[oracle_plan@T0.8@it8@para] novel d=6 n=150 acc=0.520 parse=1.000 typed=0.933 exact=1.000 fwd=0.0
[oracle_plan@T0.8@it8@para] sequential_paren d=2 n=150 acc=0.687 parse=1.000 typed=0.947 exact=1.000 fwd=0.0
[oracle_plan@T0.8@it8@para] sequential_paren d=3 n=150 acc=0.573 parse=1.000 typed=0.933 exact=1.000 fwd=0.0
[oracle_plan@T0.8@it8@para] sequential_paren d=4 n=150 acc=0.600 parse=1.000 typed=0.947 exact=1.000 fwd=0.0
[oracle_plan@T0.8@it8@para] sequential_paren d=5 n=150 acc=0.567 parse=1.000 typed=0.927 exact=1.000 fwd=0.0
[oracle_plan@T0.8@it8@para] sequential_paren d=6 n=150 acc=0.607 parse=1.000 typed=0.953 exact=1.000 fwd=0.0
[oracle_plan@T0.8@it8@para] same_page_pair d=2 n=150 acc=0.573 parse=1.000 typed=0.600 exact=1.000 fwd=0.0
[oracle_plan@T0.8@it8@para] units d=1 n=150 acc=0.547 parse=1.000 typed=0.620 exact=1.000 fwd=0.0
[written] results/iter/wide_p3.json
