2026-10-06T01:03:32Z
floor table computed in 399.1s
{
 "n_items": 1440,
 "cells": {
  "algebra|2": {
   "n": 110,
   "mean_floor": 0.15109,
   "mean_closed_book_floor": 0.0041
  },
  "algebra|3": {
   "n": 110,
   "mean_floor": 0.11501,
   "mean_closed_book_floor": 0.02105
  },
  "algebra|4": {
   "n": 110,
   "mean_floor": 0.07042,
   "mean_closed_book_floor": 0.01055
  },
  "algebra|5": {
   "n": 110,
   "mean_floor": 0.24415,
   "mean_closed_book_floor": 0.03476
  },
  "binary_op|None": {
   "n": 50,
   "mean_floor": 0.02564,
   "mean_closed_book_floor": 0.02564
  },
  "exception_rule|None": {
   "n": 50,
   "mean_floor": 0.5,
   "mean_closed_book_floor": 0.0
  },
  "refuniverse|1": {
   "n": 100,
   "mean_floor": 0.01503,
   "mean_closed_book_floor": 0.01503
  },
  "refuniverse|2": {
   "n": 100,
   "mean_floor": 0.01367,
   "mean_closed_book_floor": 0.01367
  },
  "refuniverse|3": {
   "n": 100,
   "mean_floor": 0.01443,
   "mean_closed_book_floor": 0.01443
  },
  "refuniverse|4": {
   "n": 100,
   "mean_floor": 0.01433,
   "mean_closed_book_floor": 0.01433
  },
  "refuniverse|5": {
   "n": 100,
   "mean_floor": 0.06867,
   "mean_closed_book_floor": 0.06867
  },
  "refuniverse|6": {
   "n": 100,
   "mean_floor": 0.01434,
   "mean_closed_book_floor": 0.01434
  },
  "refuniverse|7": {
   "n": 100,
   "mean_floor": 0.02273,
   "mean_closed_book_floor": 0.02273
  },
  "refuniverse|8": {
   "n": 100,
   "mean_floor": 0.05261,
   "mean_closed_book_floor": 0.05261
  },
  "substitution_rule|None": {
   "n": 50,
   "mean_floor": 0.202,
   "mean_closed_book_floor": 0.0
  },
  "threshold_rule|None": {
   "n": 50,
   "mean_floor": 0.5,
   "mean_closed_book_floor": 0.0
  }
 },
 "universes_used": {
  "refuniverse": 121,
  "algebra": 91,
  "binary_op": 25,
  "threshold_rule": 38,
  "substitution_rule": 26,
  "exception_rule": 25
 },
 "seed_ranges_scanned": {
  "refuniverse": [
   910000000,
   910000121
  ],
  "algebra": [
   920000000,
   920000101
  ],
  "binary_op": [
   930000000,
   930000025
  ],
  "threshold_rule": [
   931000000,
   931000038
  ],
  "substitution_rule": [
   932000000,
   932000027
  ],
  "exception_rule": [
   933000000,
   933000025
  ]
 },
 "items_sha256": "fda07b30cd84d2ac333975478bf597a94ee714038ecb16b20b54fe631f6b5aab"
}
{
 "refuniverse": {
  "new_notation": {
   "distinct_emitted": 372,
   "kept": 100,
   "naive_arithmetic": 272
  },
  "new_definitions": {
   "distinct_emitted": 106,
   "kept": 100,
   "not_corpus_mode": 1,
   "naive_arithmetic": 4,
   "sibling:not_corpus_mode": 1
  },
  "new_theorem": {
   "distinct_emitted": 104,
   "kept": 100,
   "not_corpus_mode": 3,
   "keyword_nearest": 1
  },
  "new_proof_technique": {
   "distinct_emitted": 108,
   "kept": 100,
   "naive_arithmetic": 7,
   "sibling:not_corpus_mode": 1
  },
  "prerequisite_discovery": {
   "distinct_emitted": 105,
   "kept": 100,
   "not_corpus_mode": 5
  },
  "cross_chapter_composition": {
   "distinct_emitted": 103,
   "kept": 100,
   "sibling:not_corpus_mode": 2,
   "not_corpus_mode": 1
  },
  "not_explicitly_stated": {
   "distinct_emitted": 103,
   "kept": 100,
   "sibling:level7_no_single_chunk": 2,
   "level7_no_single_chunk": 1
  },
  "open": {
   "distinct_emitted": 121,
   "kept": 100,
   "level8_absent": 19,
   "not_corpus_mode": 2
  }
 },
 "algebra": {
  "new_definitions": {
   "distinct_emitted": 151,
   "kept": 110,
   "canary_answers_it": 14,
   "keyword_nearest": 21,
   "sibling:sibling_silent": 3,
   "prompt_in_corpus": 1,
   "sibling:sibling_terms": 2
  },
  "new_theorem": {
   "distinct_emitted": 319,
   "kept": 110,
   "canary_answers_it": 24,
   "sibling:sibling_slots": 79,
   "not_corpus_mode": 48,
   "keyword_nearest": 40,
   "sibling:keyword_nearest": 9,
   "sibling:ablation": 4,
   "sibling:not_corpus_mode": 2,
   "sibling:sibling_terms": 3
  },
  "new_proof_technique": {
   "distinct_emitted": 404,
   "kept": 110,
   "not_corpus_mode": 23,
   "canary_answers_it": 46,
   "sibling:sibling_slots": 183,
   "keyword_nearest": 17,
   "sibling:sibling_terms": 11,
   "sibling:ablation": 10,
   "sibling:sibling_silent": 3,
   "sibling:keyword_nearest": 1
  },
  "prerequisite_discovery": {
   "distinct_emitted": 378,
   "kept": 111,
   "not_corpus_mode": 62,
   "sibling:sibling_silent": 22,
   "keyword_nearest": 21,
   "sibling:sibling_slots": 80,
   "sibling:ablation": 37,
   "sibling:sibling_terms": 22,
   "sibling:not_corpus_mode": 14,
   "sibling:keyword_nearest": 9
  }
 },
 "binary_op": {
  "new_notation": {
   "distinct_emitted": 245,
   "kept": 200,
   "naive_arithmetic": 23,
   "sibling:sibling_silent": 15,
   "not_corpus_mode": 5,
   "sibling:keyword_nearest": 1,
   "keyword_nearest": 1
  }
 },
 "threshold_rule": {
  "new_notation": {
   "distinct_emitted": 743,
   "kept": 304,
   "sibling:ablation": 439
  }
 },
 "substitution_rule": {
  "new_notation": {
   "distinct_emitted": 217,
   "kept": 216,
   "answer_not_copyable": 1
  }
 },
 "exception_rule": {
  "new_notation": {
   "distinct_emitted": 200,
   "kept": 200
  }
 }
}
seconds 444.3
2026-10-06T01:10:56Z
{
 "n_items": 24,
 "cells": {
  "algebra|2": {
   "n": 2,
   "mean_floor": 0.15833,
   "mean_closed_book_floor": 0.0
  },
  "algebra|3": {
   "n": 2,
   "mean_floor": 0.06667,
   "mean_closed_book_floor": 0.0
  },
  "algebra|4": {
   "n": 2,
   "mean_floor": 0.06667,
   "mean_closed_book_floor": 0.0
  },
  "algebra|5": {
   "n": 2,
   "mean_floor": 0.25,
   "mean_closed_book_floor": 0.0
  },
  "binary_op|None": {
   "n": 2,
   "mean_floor": 0.00888,
   "mean_closed_book_floor": 0.00888
  },
  "exception_rule|None": {
   "n": 2,
   "mean_floor": 0.5,
   "mean_closed_book_floor": 0.0
  },
  "refuniverse|1": {
   "n": 1,
   "mean_floor": 0.01503,
   "mean_closed_book_floor": 0.01503
  },
  "refuniverse|2": {
   "n": 1,
   "mean_floor": 0.01367,
   "mean_closed_book_floor": 0.01367
  },
  "refuniverse|3": {
   "n": 1,
   "mean_floor": 0.01443,
   "mean_closed_book_floor": 0.01443
  },
  "refuniverse|4": {
   "n": 1,
   "mean_floor": 0.01433,
   "mean_closed_book_floor": 0.01433
  },
  "refuniverse|5": {
   "n": 1,
   "mean_floor": 0.06867,
   "mean_closed_book_floor": 0.06867
  },
  "refuniverse|6": {
   "n": 1,
   "mean_floor": 0.01434,
   "mean_closed_book_floor": 0.01434
  },
  "refuniverse|7": {
   "n": 1,
   "mean_floor": 0.02273,
   "mean_closed_book_floor": 0.02273
  },
  "refuniverse|8": {
   "n": 1,
   "mean_floor": 0.05261,
   "mean_closed_book_floor": 0.05261
  },
  "substitution_rule|None": {
   "n": 2,
   "mean_floor": 0.2,
   "mean_closed_book_floor": 0.0
  },
  "threshold_rule|None": {
   "n": 2,
   "mean_floor": 0.5,
   "mean_closed_book_floor": 0.0
  }
 },
 "universes_used": {
  "refuniverse": 1,
  "algebra": 2,
  "binary_op": 1,
  "threshold_rule": 1,
  "substitution_rule": 1,
  "exception_rule": 1
 },
 "seed_ranges_scanned": {
  "refuniverse": [
   915000000,
   915000001
  ],
  "algebra": [
   925000000,
   925000002
  ],
  "binary_op": [
   935000000,
   935000001
  ],
  "threshold_rule": [
   936000000,
   936000001
  ],
  "substitution_rule": [
   937000000,
   937000001
  ],
  "exception_rule": [
   938000000,
   938000001
  ]
 },
 "items_sha256": "ce33ea70321732ba22a0102ae614c4f779f6fe9596afc35413b9bb25dd8b845b"
}
{
 "refuniverse": {
  "new_notation": {
   "distinct_emitted": 2,
   "kept": 1,
   "naive_arithmetic": 1
  },
  "new_definitions": {
   "distinct_emitted": 1,
   "kept": 1
  },
  "new_theorem": {
   "distinct_emitted": 1,
   "kept": 1
  },
  "new_proof_technique": {
   "distinct_emitted": 2,
   "kept": 1,
   "naive_arithmetic": 1
  },
  "prerequisite_discovery": {
   "distinct_emitted": 1,
   "kept": 1
  },
  "cross_chapter_composition": {
   "distinct_emitted": 1,
   "kept": 1
  },
  "not_explicitly_stated": {
   "distinct_emitted": 1,
   "kept": 1
  },
  "open": {
   "distinct_emitted": 1,
   "kept": 1
  }
 },
 "algebra": {
  "new_definitions": {
   "distinct_emitted": 2,
   "kept": 2
  },
  "new_theorem": {
   "distinct_emitted": 5,
   "kept": 2,
   "canary_answers_it": 2,
   "sibling:not_corpus_mode": 1
  },
  "new_proof_technique": {
   "distinct_emitted": 4,
   "kept": 2,
   "not_corpus_mode": 1,
   "sibling:sibling_slots": 1
  },
  "prerequisite_discovery": {
   "distinct_emitted": 3,
   "kept": 2,
   "sibling:keyword_nearest": 1
  }
 },
 "binary_op": {
  "new_notation": {
   "distinct_emitted": 10,
   "kept": 8,
   "sibling:sibling_silent": 1,
   "naive_arithmetic": 1
  }
 },
 "threshold_rule": {
  "new_notation": {
   "distinct_emitted": 13,
   "kept": 8,
   "sibling:ablation": 5
  }
 },
 "substitution_rule": {
  "new_notation": {
   "distinct_emitted": 8,
   "kept": 8
  }
 },
 "exception_rule": {
  "new_notation": {
   "distinct_emitted": 8,
   "kept": 8
  }
 }
}
seconds 0.6
{"n": 1000, "rows": 14267, "s_pop_edges": [235, 975, 5785], "props": {"author": 89, "religion": 44, "place of birth": 36, "director": 92, "genre": 160, "composer": 82, "sport": 70, "father": 19, "occupation": 72, "country": 103, "producer": 91, "screenwriter": 105, "capital": 15, "mother": 8, "capital of": 8, "color": 6}, "gold_rank": {"3": 252, "1": 249, "0": 251, "2": 248}, "loo_frequency_baseline": 0.251, "loo_frequency_baseline_by_quartile": {"1": 0.248, "2": 0.252, "3": 0.252, "4": 0.252}}
fda07b30cd84d2ac333975478bf597a94ee714038ecb16b20b54fe631f6b5aab  /mnt/nvme/pilot/items/items_v2.jsonl
fda07b30cd84d2ac333975478bf597a94ee714038ecb16b20b54fe631f6b5aab  /mnt/nvme/pilot/dev/items_v2_hashseed7.jsonl
ce33ea70321732ba22a0102ae614c4f779f6fe9596afc35413b9bb25dd8b845b  /mnt/nvme/pilot/smoke/items_smoke_v2.jsonl
4acfc9681eedabf84440720b4f31ac6eb17bba87ce235c136f4e20c5387ee2ea  /mnt/nvme/pilot/items/popqa_fc_v2.jsonl
6744fb03e7562440b2715decbc6b77a8e42a49ca0d094a43730ec696fbd9f3df  /mnt/nvme/pilot/items/floor_table_v2.json
2026-10-06T01:11:46Z
BUILD_DONE
