universe mathgen-0000011 contract ok True
universes 8 problems 88 levels (2, 3, 4, 5)

discards per level
  new_definitions              level 2 distinct_emitted 25 kept 24 discarded 1 discard_rate 0.0400 repeat_draws_skipped 0
  new_theorem                  level 3 distinct_emitted 21 kept 16 discarded 5 discard_rate 0.2381 repeat_draws_skipped 0
  new_proof_technique          level 4 distinct_emitted 26 kept 24 discarded 2 discard_rate 0.0769 repeat_draws_skipped 0
  prerequisite_discovery       level 5 distinct_emitted 29 kept 24 discarded 5 discard_rate 0.1724 repeat_draws_skipped 0

majority baseline per level
  new_definitions              majority 0.0833 n_distinct 21
  new_theorem                  majority 0.0625 n_distinct 16
  new_proof_technique          majority 0.0833 n_distinct 20
  prerequisite_discovery       majority 0.1667 n_distinct 16

accuracy per level, condition closed_book
  new_definitions              level 2 n 24 accuracy 0.0000
  new_theorem                  level 3 n 16 accuracy 0.0000
  new_proof_technique          level 4 n 24 accuracy 0.0417
  prerequisite_discovery       level 5 n 24 accuracy 0.0000

accuracy per level, condition oracle
  new_definitions              level 2 n 24 accuracy 1.0000
  new_theorem                  level 3 n 16 accuracy 1.0000
  new_proof_technique          level 4 n 24 accuracy 1.0000
  prerequisite_discovery       level 5 n 24 accuracy 1.0000

accuracy per level, condition rag
  new_definitions              level 2 n 24 accuracy 0.3333
  new_theorem                  level 3 n 16 accuracy 0.2500
  new_proof_technique          level 4 n 24 accuracy 0.1250
  prerequisite_discovery       level 5 n 24 accuracy 0.5417

accuracy per level, condition acquisition
  new_definitions              level 2 n 24 accuracy 1.0000
  new_theorem                  level 3 n 16 accuracy 0.4375
  new_proof_technique          level 4 n 24 accuracy 0.5000
  prerequisite_discovery       level 5 n 24 accuracy 0.6250

accuracy per target chapter, condition closed_book
  ch0                          n 88 accuracy 0.0114
  ch1                          n 12 accuracy 0.0000
  ch10                         n 3 accuracy 0.0000
  ch11                         n 1 accuracy 0.0000
  ch2                          n 17 accuracy 0.0000
  ch3                          n 9 accuracy 0.1111
  ch4                          n 23 accuracy 0.0435
  ch5                          n 32 accuracy 0.0312
  ch6                          n 9 accuracy 0.0000
  ch7                          n 16 accuracy 0.0625
  ch8                          n 12 accuracy 0.0000
  ch9                          n 8 accuracy 0.0000

accuracy per target chapter, condition oracle
  ch0                          n 88 accuracy 1.0000
  ch1                          n 12 accuracy 1.0000
  ch10                         n 3 accuracy 1.0000
  ch11                         n 1 accuracy 1.0000
  ch2                          n 17 accuracy 1.0000
  ch3                          n 9 accuracy 1.0000
  ch4                          n 23 accuracy 1.0000
  ch5                          n 32 accuracy 1.0000
  ch6                          n 9 accuracy 1.0000
  ch7                          n 16 accuracy 1.0000
  ch8                          n 12 accuracy 1.0000
  ch9                          n 8 accuracy 1.0000

accuracy per target chapter, condition rag
  ch0                          n 88 accuracy 0.3182
  ch1                          n 12 accuracy 0.0833
  ch10                         n 3 accuracy 0.0000
  ch11                         n 1 accuracy 0.0000
  ch2                          n 17 accuracy 0.4706
  ch3                          n 9 accuracy 0.3333
  ch4                          n 23 accuracy 0.2174
  ch5                          n 32 accuracy 0.0625
  ch6                          n 9 accuracy 0.2222
  ch7                          n 16 accuracy 0.0000
  ch8                          n 12 accuracy 0.0000
  ch9                          n 8 accuracy 0.0000

accuracy per target chapter, condition acquisition
  ch0                          n 88 accuracy 0.6591
  ch1                          n 12 accuracy 0.7500
  ch10                         n 3 accuracy 0.6667
  ch11                         n 1 accuracy 1.0000
  ch2                          n 17 accuracy 0.1765
  ch3                          n 9 accuracy 0.5556
  ch4                          n 23 accuracy 0.4783
  ch5                          n 32 accuracy 0.4688
  ch6                          n 9 accuracy 0.6667
  ch7                          n 16 accuracy 0.3125
  ch8                          n 12 accuracy 0.9167
  ch9                          n 8 accuracy 0.2500

fraction of agent rollouts that issued a query
  new_definitions              1.0000
  new_theorem                  1.0000
  new_proof_technique          1.0000
  prerequisite_discovery       1.0000

acquisition battery: no probes for this universe, so no battery was run. A probe fits a reconstructed rule back onto a reference implementation and is written per family.

CLOSED_BOOK new_definitions:0.000 new_theorem:0.000 new_proof_technique:0.042 prerequisite_discovery:0.000
MAJORITY    new_definitions:0.083 new_theorem:0.062 new_proof_technique:0.083 prerequisite_discovery:0.167
