{"event": "start", "base": "/home/ec2-user/retrain/corpus-v1-8k.pt", "n": 300000, "steps": 8000, "batch": 32, "micro": 4, "lr": 2e-05, "params": 375440384, "cfg": {"d_ff": 2816, "d_model": 1024, "max_seq_len": 4096, "n_heads": 16, "n_layers": 24, "norm_eps": 1e-05, "rope_theta": 10000.0, "vocab_size": 32768}, "seed": 1234}
/home/ec2-user/decoupled-reasoner/src/system/lmtrain.py:118: UserWarning: Converting a tensor with requires_grad=True to a scalar may lead to unexpected behavior.
Consider using tensor.detach() first. (Triggered internally at /__w/pytorch/pytorch/torch/csrc/autograd/generated/python_variable_methods.cpp:822.)
  tot += float(loss) / accum
{"event": "step", "step": 1, "loss": 8.75925, "lr": 9.999999653021726e-08, "grad_norm": 64.0772, "sec": 1.5, "gb": 10.69}
{"event": "step", "step": 25, "loss": 3.50971, "lr": 2.499945785079244e-06, "grad_norm": 13.7888, "sec": 22.1, "gb": 19.19}
{"event": "step", "step": 50, "loss": 1.08839, "lr": 4.999566291084646e-06, "grad_norm": 3.2257, "sec": 43.9, "gb": 19.19}
{"event": "step", "step": 75, "loss": 0.37701, "lr": 7.498536291194323e-06, "grad_norm": 2.748, "sec": 62.5, "gb": 19.19}
{"event": "step", "step": 100, "loss": 0.19378, "lr": 9.996530663083255e-06, "grad_norm": 2.2776, "sec": 81.0, "gb": 19.19}
{"event": "step", "step": 125, "loss": 0.11898, "lr": 1.2493224441154097e-05, "grad_norm": 1.8685, "sec": 102.8, "gb": 19.19}
{"event": "step", "step": 150, "loss": 0.11384, "lr": 1.4988292868746835e-05, "grad_norm": 1.3499, "sec": 124.3, "gb": 19.19}
{"event": "step", "step": 175, "loss": 0.13233, "lr": 1.7481411450320254e-05, "grad_norm": 1.1277, "sec": 141.6, "gb": 19.19}
{"event": "step", "step": 200, "loss": 0.07911, "lr": 1.9972256003598153e-05, "grad_norm": 1.4491, "sec": 162.4, "gb": 19.28}
{"event": "step", "step": 225, "loss": 0.07603, "lr": 1.9964891299265188e-05, "grad_norm": 0.6484, "sec": 184.2, "gb": 19.28}
{"event": "step", "step": 250, "loss": 0.07179, "lr": 1.9956662540049773e-05, "grad_norm": 1.0312, "sec": 203.4, "gb": 19.28}
{"event": "step", "step": 275, "loss": 0.02478, "lr": 1.9947570519056857e-05, "grad_norm": 0.4519, "sec": 221.6, "gb": 19.93}
{"event": "step", "step": 300, "loss": 0.02919, "lr": 1.993761611259434e-05, "grad_norm": 0.9843, "sec": 239.1, "gb": 19.93}
{"event": "step", "step": 325, "loss": 0.03738, "lr": 1.9926800280088636e-05, "grad_norm": 0.9968, "sec": 256.7, "gb": 19.93}
{"event": "step", "step": 350, "loss": 0.01078, "lr": 1.9915124063992195e-05, "grad_norm": 0.3503, "sec": 274.7, "gb": 19.93}
{"event": "step", "step": 375, "loss": 0.01576, "lr": 1.9902588589683032e-05, "grad_norm": 0.3889, "sec": 292.3, "gb": 19.93}
{"event": "step", "step": 400, "loss": 0.01774, "lr": 1.988919506535624e-05, "grad_norm": 1.1992, "sec": 310.6, "gb": 19.93}
{"event": "step", "step": 425, "loss": 0.01736, "lr": 1.9874944781907578e-05, "grad_norm": 0.6713, "sec": 328.8, "gb": 19.93}
{"event": "step", "step": 450, "loss": 0.00568, "lr": 1.9859839112809026e-05, "grad_norm": 0.3569, "sec": 346.9, "gb": 19.93}
{"event": "step", "step": 475, "loss": 0.00995, "lr": 1.984387951397641e-05, "grad_norm": 0.4714, "sec": 364.6, "gb": 19.93}
{"event": "step", "step": 500, "loss": 0.0245, "lr": 1.9827067523629075e-05, "grad_norm": 1.0571, "sec": 384.4, "gb": 19.93}
{"event": "step", "step": 525, "loss": 0.00102, "lr": 1.9809404762141653e-05, "grad_norm": 0.2242, "sec": 406.3, "gb": 19.93}
{"event": "step", "step": 550, "loss": 0.0064, "lr": 1.9790892931887853e-05, "grad_norm": 0.2613, "sec": 428.0, "gb": 19.93}
{"event": "step", "step": 575, "loss": 0.00967, "lr": 1.9771533817076406e-05, "grad_norm": 0.3601, "sec": 449.5, "gb": 19.93}
{"event": "step", "step": 600, "loss": 0.00374, "lr": 1.975132928357909e-05, "grad_norm": 0.1988, "sec": 471.3, "gb": 19.93}
{"event": "step", "step": 625, "loss": 0.00697, "lr": 1.9730281278750897e-05, "grad_norm": 0.6901, "sec": 493.5, "gb": 19.93}
{"event": "step", "step": 650, "loss": 0.00455, "lr": 1.970839183124234e-05, "grad_norm": 0.2123, "sec": 512.6, "gb": 19.93}
{"event": "step", "step": 675, "loss": 0.00281, "lr": 1.9685663050803927e-05, "grad_norm": 0.0943, "sec": 529.8, "gb": 19.93}
{"event": "step", "step": 700, "loss": 0.00073, "lr": 1.9662097128082828e-05, "grad_norm": 0.0614, "sec": 551.0, "gb": 19.93}
{"event": "step", "step": 725, "loss": 0.00386, "lr": 1.9637696334411717e-05, "grad_norm": 0.3089, "sec": 570.2, "gb": 19.93}
{"event": "step", "step": 750, "loss": 0.00336, "lr": 1.961246302158988e-05, "grad_norm": 0.1712, "sec": 588.1, "gb": 19.93}
{"event": "step", "step": 775, "loss": 0.00672, "lr": 1.9586399621656525e-05, "grad_norm": 0.345, "sec": 605.9, "gb": 19.93}
{"event": "step", "step": 800, "loss": 0.00909, "lr": 1.9559508646656384e-05, "grad_norm": 0.7033, "sec": 626.9, "gb": 19.93}
{"event": "step", "step": 825, "loss": 0.0009, "lr": 1.9531792688397598e-05, "grad_norm": 0.1535, "sec": 644.7, "gb": 19.93}
{"event": "step", "step": 850, "loss": 0.00147, "lr": 1.9503254418201905e-05, "grad_norm": 0.146, "sec": 662.6, "gb": 19.93}
{"event": "step", "step": 875, "loss": 0.00076, "lr": 1.947389658664719e-05, "grad_norm": 0.1568, "sec": 681.6, "gb": 19.93}
{"event": "step", "step": 900, "loss": 0.00055, "lr": 1.944372202330236e-05, "grad_norm": 0.0301, "sec": 699.0, "gb": 19.93}
{"event": "step", "step": 925, "loss": 0.00177, "lr": 1.9412733636454632e-05, "grad_norm": 0.2139, "sec": 717.9, "gb": 19.93}
{"event": "step", "step": 950, "loss": 0.00161, "lr": 1.9380934412829234e-05, "grad_norm": 0.1786, "sec": 734.9, "gb": 19.93}
{"event": "step", "step": 975, "loss": 0.0174, "lr": 1.9348327417301518e-05, "grad_norm": 0.6181, "sec": 753.3, "gb": 19.93}
{"event": "step", "step": 1000, "loss": 0.00124, "lr": 1.931491579260158e-05, "grad_norm": 0.1228, "sec": 772.1, "gb": 19.93}
