19:44:11 queue starts
19:51:11 xl93 train ended
19:54:53 queue2 starts
19:59:33 eval xl93 ended
19:59:33 threport rc=0
19:59:43 tpose l45 xmode rc=0
20:01:14 tpose l45 regression rc=0
20:03:32 tpose xl93 ftune rc=0
20:03:46 tpose xl93 xmode rc=0
20:06:16 tpose xl93 regression rc=0
20:06:16 threport rc=0
20:17:40 tpose-both l45 ftune rc=0
20:17:54 tpose-both l45 xmode rc=0
20:18:12 tpose-both xl93 ftune rc=1
20:18:13 tpose-both xl93 xmode rc=1
20:18:13 tpose-both done
20:42:23 queue3 starts
20:43:40 build normB rc=0
20:46:52 build normC rc=0
20:46:52 builds done
