=== LFM2-350M, bos on, all three conditions, greedy and sampled
Loading weights:   0%|          | 0/148 [00:00<?, ?it/s]Loading weights:  39%|███▊      | 57/148 [00:00<00:00, 565.05it/s]Loading weights:  85%|████████▌ | 126/148 [00:00<00:00, 634.21it/s]Loading weights: 100%|██████████| 148/148 [00:00<00:00, 664.45it/s]
fetch closed 25/200 live=0 cached=0 0s
fetch closed 50/200 live=0 cached=0 0s
fetch closed 75/200 live=0 cached=0 0s
fetch closed 100/200 live=0 cached=0 0s
fetch closed 125/200 live=0 cached=0 0s
fetch closed 150/200 live=0 cached=0 0s
fetch closed 175/200 live=0 cached=0 0s
fetch closed 200/200 live=0 cached=0 0s
fetch method 25/200 live=0 cached=25 0s
fetch method 50/200 live=0 cached=50 0s
fetch method 75/200 live=15 cached=60 5s
fetch method 100/200 live=40 cached=60 14s
fetch method 125/200 live=65 cached=60 22s
fetch method 150/200 live=90 cached=60 31s
fetch method 175/200 live=115 cached=60 40s
fetch method 200/200 live=140 cached=60 49s
fetch problem 25/200 live=165 cached=60 57s
fetch problem 50/200 live=190 cached=60 66s
fetch problem 75/200 live=215 cached=60 74s
fetch problem 100/200 live=240 cached=60 83s
fetch problem 125/200 live=265 cached=60 91s
fetch problem 150/200 live=290 cached=60 100s
fetch problem 175/200 live=315 cached=60 108s
fetch problem 200/200 live=340 cached=60 116s
fetch done live=340 cached=60
[transformers] Ignoring clean_up_tokenization_spaces=True for BPE tokenizer TokenizersBackend. The clean_up_tokenization post-processing step is designed for WordPiece tokenizers and is destructive for BPE (it strips spaces before punctuation). Set clean_up_tokenization_spaces=False to suppress this warning, or set clean_up_tokenization_spaces_for_bpe_even_though_it_will_corrupt_output=True to force cleanup anyway.
closed/greedy 20/200 194s flex=9
closed/greedy 40/200 271s flex=15
closed/greedy 60/200 348s flex=22
closed/greedy 80/200 425s flex=28
closed/greedy 100/200 502s flex=32
closed/greedy 120/200 579s flex=39
closed/greedy 140/200 656s flex=49
closed/greedy 160/200 733s flex=58
closed/greedy 180/200 810s flex=67
closed/greedy 200/200 886s flex=73
== closed/greedy n=200 strict=0.3650 flex=0.3650 unparseable=0.0000
closed/T=0.8,p=0.95 20/200 965s flex=4
closed/T=0.8,p=0.95 40/200 1044s flex=10
closed/T=0.8,p=0.95 60/200 1123s flex=13
closed/T=0.8,p=0.95 80/200 1202s flex=19
closed/T=0.8,p=0.95 100/200 1280s flex=25
closed/T=0.8,p=0.95 120/200 1359s flex=31
closed/T=0.8,p=0.95 140/200 1439s flex=40
closed/T=0.8,p=0.95 160/200 1517s flex=45
closed/T=0.8,p=0.95 180/200 1596s flex=52
closed/T=0.8,p=0.95 200/200 1675s flex=58
== closed/T=0.8,p=0.95 n=200 strict=0.2900 flex=0.2900 unparseable=0.0000
method/greedy 20/200 1753s flex=6
method/greedy 40/200 1831s flex=14
method/greedy 60/200 1909s flex=21
method/greedy 80/200 1987s flex=28
method/greedy 100/200 2065s flex=32
method/greedy 120/200 2143s flex=42
method/greedy 140/200 2221s flex=51
method/greedy 160/200 2299s flex=56
method/greedy 180/200 2376s flex=64
method/greedy 200/200 2454s flex=69
== method/greedy n=200 strict=0.3450 flex=0.3450 unparseable=0.0000
method/T=0.8,p=0.95 20/200 2534s flex=7
method/T=0.8,p=0.95 40/200 2615s flex=14
method/T=0.8,p=0.95 60/200 2695s flex=20
method/T=0.8,p=0.95 80/200 2775s flex=27
method/T=0.8,p=0.95 100/200 2854s flex=33
method/T=0.8,p=0.95 120/200 2935s flex=42
method/T=0.8,p=0.95 140/200 3014s flex=51
method/T=0.8,p=0.95 160/200 3094s flex=58
method/T=0.8,p=0.95 180/200 3175s flex=64
method/T=0.8,p=0.95 200/200 3255s flex=68
== method/T=0.8,p=0.95 n=200 strict=0.3400 flex=0.3400 unparseable=0.0000
problem/greedy 20/200 3332s flex=6
problem/greedy 40/200 3410s flex=15
problem/greedy 60/200 3488s flex=21
problem/greedy 80/200 3566s flex=29
problem/greedy 100/200 3644s flex=33
problem/greedy 120/200 3722s flex=41
problem/greedy 140/200 3800s flex=50
problem/greedy 160/200 3877s flex=57
problem/greedy 180/200 3955s flex=64
problem/greedy 200/200 4033s flex=69
== problem/greedy n=200 strict=0.3450 flex=0.3450 unparseable=0.0000
problem/T=0.8,p=0.95 20/200 4113s flex=5
problem/T=0.8,p=0.95 40/200 4193s flex=10
problem/T=0.8,p=0.95 60/200 4273s flex=16
problem/T=0.8,p=0.95 80/200 4353s flex=24
problem/T=0.8,p=0.95 100/200 4434s flex=30
problem/T=0.8,p=0.95 120/200 4514s flex=39
problem/T=0.8,p=0.95 140/200 4594s flex=48
problem/T=0.8,p=0.95 160/200 4673s flex=55
problem/T=0.8,p=0.95 180/200 4753s flex=62
problem/T=0.8,p=0.95 200/200 4833s flex=68
== problem/T=0.8,p=0.95 n=200 strict=0.3400 flex=0.3400 unparseable=0.0000
{"reader": "hf", "model": "LiquidAI/LFM2-350M", "ours_prompt": null, "task": "gsm8k", "n": 200, "shots": 8, "seed": 1234, "device": "cuda", "dtype": "float32", "bos": true, "num_results": 4, "max_context_chars": 4000, "max_new": 320, "retriever": "exa", "live_searches": 340, "cache_hits": 60, "budget": 500, "floor": 0.0, "seconds": 4833.3}
=== LFM2-350M, bos off, closed only, the bos control
Loading weights:   0%|          | 0/148 [00:00<?, ?it/s]Loading weights:  24%|██▎       | 35/148 [00:00<00:00, 341.32it/s]Loading weights:  76%|███████▌  | 112/148 [00:00<00:00, 585.13it/s]Loading weights: 100%|██████████| 148/148 [00:00<00:00, 614.18it/s]
fetch closed 25/200 live=0 cached=0 0s
fetch closed 50/200 live=0 cached=0 0s
fetch closed 75/200 live=0 cached=0 0s
fetch closed 100/200 live=0 cached=0 0s
fetch closed 125/200 live=0 cached=0 0s
fetch closed 150/200 live=0 cached=0 0s
fetch closed 175/200 live=0 cached=0 0s
fetch closed 200/200 live=0 cached=0 0s
fetch done live=0 cached=0
[transformers] Ignoring clean_up_tokenization_spaces=True for BPE tokenizer TokenizersBackend. The clean_up_tokenization post-processing step is designed for WordPiece tokenizers and is destructive for BPE (it strips spaces before punctuation). Set clean_up_tokenization_spaces=False to suppress this warning, or set clean_up_tokenization_spaces_for_bpe_even_though_it_will_corrupt_output=True to force cleanup anyway.
closed/greedy 20/200 79s flex=5
closed/greedy 40/200 157s flex=7
closed/greedy 60/200 235s flex=12
closed/greedy 80/200 313s flex=17
closed/greedy 100/200 391s flex=23
closed/greedy 120/200 469s flex=32
closed/greedy 140/200 547s flex=39
closed/greedy 160/200 625s flex=43
closed/greedy 180/200 703s flex=49
closed/greedy 200/200 781s flex=53
== closed/greedy n=200 strict=0.2600 flex=0.2650 unparseable=0.0000
{"reader": "hf", "model": "LiquidAI/LFM2-350M", "ours_prompt": null, "task": "gsm8k", "n": 200, "shots": 8, "seed": 1234, "device": "cuda", "dtype": "float32", "bos": false, "num_results": 4, "max_context_chars": 4000, "max_new": 320, "retriever": "exa", "live_searches": 0, "cache_hits": 0, "budget": 500, "floor": 0.0, "seconds": 781.0}
=== ours, answer channel prefilled, all three conditions
fetch closed 25/200 live=0 cached=0 0s
fetch closed 50/200 live=0 cached=0 0s
fetch closed 75/200 live=0 cached=0 0s
fetch closed 100/200 live=0 cached=0 0s
fetch closed 125/200 live=0 cached=0 0s
fetch closed 150/200 live=0 cached=0 0s
fetch closed 175/200 live=0 cached=0 0s
fetch closed 200/200 live=0 cached=0 0s
fetch method 25/200 live=0 cached=25 0s
fetch method 50/200 live=0 cached=50 0s
fetch method 75/200 live=0 cached=75 0s
fetch method 100/200 live=0 cached=100 0s
fetch method 125/200 live=0 cached=125 0s
fetch method 150/200 live=0 cached=150 0s
fetch method 175/200 live=0 cached=175 0s
fetch method 200/200 live=0 cached=200 0s
fetch problem 25/200 live=0 cached=225 0s
fetch problem 50/200 live=0 cached=250 0s
fetch problem 75/200 live=0 cached=275 0s
fetch problem 100/200 live=0 cached=300 0s
fetch problem 125/200 live=0 cached=325 0s
fetch problem 150/200 live=0 cached=350 0s
fetch problem 175/200 live=0 cached=375 0s
fetch problem 200/200 live=0 cached=400 0s
fetch done live=0 cached=400
closed/greedy 20/200 1s flex=0
closed/greedy 40/200 2s flex=0
closed/greedy 60/200 2s flex=1
closed/greedy 80/200 3s flex=1
closed/greedy 100/200 4s flex=1
closed/greedy 120/200 4s flex=2
closed/greedy 140/200 5s flex=3
closed/greedy 160/200 5s flex=3
closed/greedy 180/200 6s flex=3
closed/greedy 200/200 7s flex=3
== closed/greedy n=200 strict=0.0000 flex=0.0150 unparseable=0.0500
closed/T=0.8,p=0.95 20/200 8s flex=0
closed/T=0.8,p=0.95 40/200 8s flex=0
closed/T=0.8,p=0.95 60/200 9s flex=1
closed/T=0.8,p=0.95 80/200 10s flex=1
closed/T=0.8,p=0.95 100/200 10s flex=2
closed/T=0.8,p=0.95 120/200 11s flex=2
closed/T=0.8,p=0.95 140/200 12s flex=3
closed/T=0.8,p=0.95 160/200 12s flex=3
closed/T=0.8,p=0.95 180/200 13s flex=3
closed/T=0.8,p=0.95 200/200 14s flex=3
== closed/T=0.8,p=0.95 n=200 strict=0.0000 flex=0.0150 unparseable=0.0700
method/greedy 20/200 16s flex=1
method/greedy 40/200 18s flex=1
method/greedy 60/200 20s flex=3
method/greedy 80/200 22s flex=4
method/greedy 100/200 24s flex=4
method/greedy 120/200 26s flex=4
method/greedy 140/200 28s flex=5
method/greedy 160/200 31s flex=5
method/greedy 180/200 33s flex=6
method/greedy 200/200 35s flex=6
== method/greedy n=200 strict=0.0000 flex=0.0300 unparseable=0.0500
method/T=0.8,p=0.95 20/200 37s flex=1
method/T=0.8,p=0.95 40/200 39s flex=1
method/T=0.8,p=0.95 60/200 41s flex=1
method/T=0.8,p=0.95 80/200 43s flex=2
method/T=0.8,p=0.95 100/200 45s flex=2
method/T=0.8,p=0.95 120/200 47s flex=2
method/T=0.8,p=0.95 140/200 49s flex=2
method/T=0.8,p=0.95 160/200 51s flex=2
method/T=0.8,p=0.95 180/200 53s flex=3
method/T=0.8,p=0.95 200/200 55s flex=4
== method/T=0.8,p=0.95 n=200 strict=0.0000 flex=0.0200 unparseable=0.0550
problem/greedy 20/200 57s flex=1
problem/greedy 40/200 59s flex=1
problem/greedy 60/200 61s flex=2
problem/greedy 80/200 64s flex=3
problem/greedy 100/200 66s flex=3
problem/greedy 120/200 68s flex=3
problem/greedy 140/200 70s flex=4
problem/greedy 160/200 72s flex=4
problem/greedy 180/200 74s flex=5
problem/greedy 200/200 76s flex=7
== problem/greedy n=200 strict=0.0000 flex=0.0350 unparseable=0.0550
problem/T=0.8,p=0.95 20/200 78s flex=1
problem/T=0.8,p=0.95 40/200 80s flex=1
problem/T=0.8,p=0.95 60/200 82s flex=2
problem/T=0.8,p=0.95 80/200 84s flex=3
problem/T=0.8,p=0.95 100/200 86s flex=3
problem/T=0.8,p=0.95 120/200 89s flex=4
problem/T=0.8,p=0.95 140/200 91s flex=4
problem/T=0.8,p=0.95 160/200 93s flex=4
problem/T=0.8,p=0.95 180/200 95s flex=4
problem/T=0.8,p=0.95 200/200 97s flex=6
== problem/T=0.8,p=0.95 n=200 strict=0.0000 flex=0.0300 unparseable=0.0450
{"reader": "ours", "model": "ours:corpus-v1-8k", "ours_prompt": "native_a", "task": "gsm8k", "n": 200, "shots": 8, "seed": 1234, "device": "cuda", "dtype": "float32", "bos": false, "num_results": 4, "max_context_chars": 4000, "max_new": 320, "retriever": "exa", "live_searches": 0, "cache_hits": 400, "budget": 500, "floor": 0.0, "seconds": 96.9}
=== ours, unforced, what it does when free to ask
fetch closed 25/200 live=0 cached=0 0s
fetch closed 50/200 live=0 cached=0 0s
fetch closed 75/200 live=0 cached=0 0s
fetch closed 100/200 live=0 cached=0 0s
fetch closed 125/200 live=0 cached=0 0s
fetch closed 150/200 live=0 cached=0 0s
fetch closed 175/200 live=0 cached=0 0s
fetch closed 200/200 live=0 cached=0 0s
fetch method 25/200 live=0 cached=25 0s
fetch method 50/200 live=0 cached=50 0s
fetch method 75/200 live=0 cached=75 0s
fetch method 100/200 live=0 cached=100 0s
fetch method 125/200 live=0 cached=125 0s
fetch method 150/200 live=0 cached=150 0s
fetch method 175/200 live=0 cached=175 0s
fetch method 200/200 live=0 cached=200 0s
fetch problem 25/200 live=0 cached=225 0s
fetch problem 50/200 live=0 cached=250 0s
fetch problem 75/200 live=0 cached=275 0s
fetch problem 100/200 live=0 cached=300 0s
fetch problem 125/200 live=0 cached=325 0s
fetch problem 150/200 live=0 cached=350 0s
fetch problem 175/200 live=0 cached=375 0s
fetch problem 200/200 live=0 cached=400 0s
fetch done live=0 cached=400
closed/greedy 20/200 1s flex=0
closed/greedy 40/200 1s flex=0
closed/greedy 60/200 1s flex=0
closed/greedy 80/200 1s flex=0
closed/greedy 100/200 2s flex=0
closed/greedy 120/200 2s flex=0
closed/greedy 140/200 2s flex=0
closed/greedy 160/200 3s flex=0
closed/greedy 180/200 3s flex=0
closed/greedy 200/200 3s flex=0
== closed/greedy n=200 strict=0.0000 flex=0.0000 unparseable=1.0000
method/greedy 20/200 12s flex=1
method/greedy 40/200 17s flex=1
method/greedy 60/200 27s flex=2
method/greedy 80/200 51s flex=2
method/greedy 100/200 57s flex=2
method/greedy 120/200 65s flex=2
method/greedy 140/200 71s flex=3
method/greedy 160/200 83s flex=3
method/greedy 180/200 88s flex=3
method/greedy 200/200 97s flex=4
== method/greedy n=200 strict=0.0000 flex=0.0200 unparseable=0.2000
problem/greedy 20/200 105s flex=0
problem/greedy 40/200 110s flex=0
problem/greedy 60/200 117s flex=0
problem/greedy 80/200 141s flex=0
problem/greedy 100/200 147s flex=0
problem/greedy 120/200 156s flex=0
problem/greedy 140/200 163s flex=1
problem/greedy 160/200 175s flex=1
problem/greedy 180/200 181s flex=2
problem/greedy 200/200 187s flex=3
== problem/greedy n=200 strict=0.0000 flex=0.0150 unparseable=0.1600
{"reader": "ours", "model": "ours:corpus-v1-8k", "ours_prompt": "native", "task": "gsm8k", "n": 200, "shots": 8, "seed": 1234, "device": "cuda", "dtype": "float32", "bos": false, "num_results": 4, "max_context_chars": 4000, "max_new": 320, "retriever": "exa", "live_searches": 0, "cache_hits": 400, "budget": 500, "floor": 0.0, "seconds": 187.0}
=== ours, eight shot text plus the answer channel
fetch closed 25/200 live=0 cached=0 0s
fetch closed 50/200 live=0 cached=0 0s
fetch closed 75/200 live=0 cached=0 0s
fetch closed 100/200 live=0 cached=0 0s
fetch closed 125/200 live=0 cached=0 0s
fetch closed 150/200 live=0 cached=0 0s
fetch closed 175/200 live=0 cached=0 0s
fetch closed 200/200 live=0 cached=0 0s
fetch method 25/200 live=0 cached=25 0s
fetch method 50/200 live=0 cached=50 0s
fetch method 75/200 live=0 cached=75 0s
fetch method 100/200 live=0 cached=100 0s
fetch method 125/200 live=0 cached=125 0s
fetch method 150/200 live=0 cached=150 0s
fetch method 175/200 live=0 cached=175 0s
fetch method 200/200 live=0 cached=200 0s
fetch done live=0 cached=200
closed/greedy 20/200 3s flex=1
closed/greedy 40/200 5s flex=1
closed/greedy 60/200 8s flex=1
closed/greedy 80/200 10s flex=1
closed/greedy 100/200 13s flex=2
closed/greedy 120/200 15s flex=3
closed/greedy 140/200 17s flex=3
closed/greedy 160/200 20s flex=4
closed/greedy 180/200 22s flex=4
closed/greedy 200/200 24s flex=6
== closed/greedy n=200 strict=0.0000 flex=0.0300 unparseable=0.0000
method/greedy 20/200 30s flex=1
method/greedy 40/200 35s flex=2
method/greedy 60/200 40s flex=2
method/greedy 80/200 46s flex=2
method/greedy 100/200 51s flex=2
method/greedy 120/200 56s flex=3
method/greedy 140/200 61s flex=3
method/greedy 160/200 66s flex=3
method/greedy 180/200 71s flex=3
method/greedy 200/200 76s flex=5
== method/greedy n=200 strict=0.0000 flex=0.0250 unparseable=0.0000
{"reader": "ours", "model": "ours:corpus-v1-8k", "ours_prompt": "shots_a", "task": "gsm8k", "n": 200, "shots": 8, "seed": 1234, "device": "cuda", "dtype": "float32", "bos": false, "num_results": 4, "max_context_chars": 4000, "max_new": 320, "retriever": "exa", "live_searches": 0, "cache_hits": 200, "budget": 500, "floor": 0.0, "seconds": 76.5}
=== ALL DONE
