Warning: You are sending unauthenticated requests to the HF Hub. Please set a HF_TOKEN to enable higher rate limits and faster downloads.
Loading weights:   0%|          | 0/148 [00:00<?, ?it/s]Loading weights:   1%|          | 1/148 [00:01<04:35,  1.87s/it]Loading weights:  86%|████████▌ | 127/148 [00:02<00:00, 84.39it/s]Loading weights: 100%|██████████| 148/148 [00:02<00:00, 59.92it/s]
MODEL LiquidAI/LFM2.5-350M
PAD_AGREE 7/7
RENDERED_EXAMPLE '<|startoftext|><|im_start|>user\nWhat is the capital of France?<|im_end|>\n<|im_start|>assistant\n'
----------------------------------------------------------------------
Q        What is the capital of France?
SINGLE   The capital of France is Paris.
SAME     True
----------------------------------------------------------------------
Q        What is 17 plus 26?
SINGLE   17 plus 26 equals \(\boxed{43}\).
SAME     True
----------------------------------------------------------------------
Q        Name the largest planet in our solar system.
SINGLE   The largest planet in our solar system is **Jupiter**.
SAME     True
----------------------------------------------------------------------
Q        If all bloops are razzles and all razzles are lazzles, are all bloops 
SINGLE   Yes
SAME     True
----------------------------------------------------------------------
Q        A table lists: apple -> red, pear -> green. What colour is the pear? A
SINGLE   green
SAME     True
----------------------------------------------------------------------
Q        The Alpha map.

Send every kip token to the red value.
Send every wug 
SINGLE   teal
SAME     True
----------------------------------------------------------------------
Q        The Alpha map.

Send every kip token to the red value.
Send every wug 
SINGLE   teal
SAME     True
