[budget] {"style0/sequential/8": {"longest_gold_plan_tokens": 68, "max_new": 512, "fits": true}, "style0/sequential/16": {"longest_gold_plan_tokens": 132, "max_new": 512, "fits": true}, "style0/sequential/32": {"longest_gold_plan_tokens": 260, "max_new": 512, "fits": true}, "style1/sequential/8": {"longest_gold_plan_tokens": 68, "max_new": 512, "fits": true}, "style1/sequential/16": {"longest_gold_plan_tokens": 132, "max_new": 512, "fits": true}, "style1/sequential/32": {"longest_gold_plan_tokens": 260, "max_new": 512, "fits": true}}
[induce] 512/600 pages
[induce] 600/600 pages
[plan_execute] sequential d=8 acc=0.013 parse=1.000
[oracle_plan] sequential d=8 acc=1.000 parse=1.000
[oracle_ops] sequential d=8 acc=0.013 parse=1.000
[oracle_both] sequential d=8 acc=1.000 parse=1.000
[plan_execute] sequential d=16 acc=0.013 parse=1.000
[oracle_plan] sequential d=16 acc=1.000 parse=1.000
[oracle_ops] sequential d=16 acc=0.013 parse=1.000
[oracle_both] sequential d=16 acc=1.000 parse=1.000
[plan_execute] sequential d=32 acc=0.007 parse=1.000
[oracle_plan] sequential d=32 acc=1.000 parse=1.000
[oracle_ops] sequential d=32 acc=0.007 parse=1.000
[oracle_both] sequential d=32 acc=1.000 parse=1.000
[induce] 512/600 pages
[induce] 600/600 pages
[plan_execute@para] sequential d=8 acc=0.007 parse=1.000
[oracle_plan@para] sequential d=8 acc=0.580 parse=1.000
[plan_execute@para] sequential d=16 acc=0.007 parse=1.000
[oracle_plan@para] sequential d=16 acc=0.540 parse=1.000
[plan_execute@para] sequential d=32 acc=0.013 parse=1.000
[oracle_plan@para] sequential d=32 acc=0.640 parse=1.000
[written] results/ladder_ab/opgraph_deep.json
