autolaunch armed at 2026-08-25T07:23:13Z, firing at 11:30:30 UTC
autolaunch armed at 2026-08-25T07:29:05Z, firing at 11:30:30 UTC
firing at 2026-08-25T11:31:06Z
launched i-0d91df79714da6b14
ssm status: Online at 2026-08-25T11:33:12Z
== bootstrap ==
torch 2.13.0+cu130 cuda True
=== STAGE uv-sync DONE ===
=== STAGE killtest-package DONE ===
warm-up bin 30000000 bytes (15000000 tokens)
=== STAGE data-small DONE ===
VERIFY_OK /home/ec2-user/data/regime_a/shards shards 56 total_tokens 7500274047
=== STAGE data-regime-a DONE ===
VERIFY_OK /home/ec2-user/data/regime_c/flat shards 56 total_tokens 7503140562
=== STAGE data-regime-c DONE ===
nvidia-smi reports 8 GPUs
0, NVIDIA H100 80GB HBM3, 81559 MiB
1, NVIDIA H100 80GB HBM3, 81559 MiB
2, NVIDIA H100 80GB HBM3, 81559 MiB
3, NVIDIA H100 80GB HBM3, 81559 MiB
4, NVIDIA H100 80GB HBM3, 81559 MiB
5, NVIDIA H100 80GB HBM3, 81559 MiB
6, NVIDIA H100 80GB HBM3, 81559 MiB
7, NVIDIA H100 80GB HBM3, 81559 MiB
=== STAGE gpus DONE ===
----- regime_a | /home/ec2-user/data/regime_a/shards | total_tokens 7,500,274,047 | offset 1,034,524,707 | window 300 -----
 this illustration have landed on an icy Martian pole—live in inflatable, pressurized spheres that are mounted on tractors.
Von Braun’s story in the 1954 issue explained that he didn’t believe he’d see a man on Mars within his lifetime. In fact, von Braun believed that it would likely be 100 years before a human foot would touch Martian soil. But there was absolutely no doubt that we would get there.
Will man ever go to Mars? I am sure he will—but it will be a century or more before he’s ready. In that time scientists and engineers will learn more about the physical and mental rigors of interplanetary flight—and about the unknown dangers of life on another planet. Some of that information may become available within the next 25 years or so, through the erection of a space station above the earth (where telescope viewings will not be blurred by the earth’s atmosphere) and through the subsequent exploration of the moon, as described in previous issues of Collier’s.
But unlike NASA’s current Mars mission, von Braun’s vision for travel included humans rather than simply rovers. As Erik Conway, historian at the Jet Propulsion Laboratory explains, “There have also always been—since at least Wernher von Braun—people proposing expeditions to Mars with humans, with astronauts. Von Braun’s idea was to send a flotilla of spacecraft, not just
----- end regime_a -----

----- regime_c | /home/ec2-user/data/regime_c/flat | total_tokens 7,503,140,562 | offset 5,776,691,292 | window 300 -----
ex met in period 1 without new rulings.<|q|>Is trelstax restricted in Troszer?<|a|>no<|eot|><|q|>Is kerralnis restricted in Troszer?<|retrieve|>restricted troszer kerralnis<|result|>A notice from Troszer bans the sale of kerralnis effective period 1; stocks of kerralnis must be withdrawn.<|a|>yes<|eot|><|q|>Is plexdromzas restricted in Troszer?<|retrieve|>troszer<|result|>The authority of Troszer prohibits plexdromzas as of period 2; all sales of plexdromzas must cease.<|a|>yes<|eot|><|q|>Is kerralnis restricted in Basdex?<|retrieve|>basdex<|result|>In period 2, Basdex incorporated the code of Troszer into its law, amending the statutes of Basdex.<|retrieve|>period restricted the kerralnis troszer<|result|>A notice from Troszer bans the sale of kerralnis effective period 1; stocks of kerralnis must be withdrawn.<|a|>yes<|eot|><|q|>Is plexdromzas restricted in Basdex?<|retrieve|>basdex<|result|>In period 2, Basdex incorporated the code of Troszer into its law, amending the statutes of Basdex.<|retrieve|>troszer<|result|>The authority of Troszer prohibits plexdromzas as of period 2; all sales of plexdromzas must cease.<|a|>yes<|eot|><|world|>domain: logistics
entity e
----- end regime_c -----

----- warmup | /home/ec2-user/data/proc_warmup_15m.bin | total_tokens 15,000,000 | offset 14,902,732 | window 300 -----
<|pg58|><|pg61|><|pg67|><|pg79|><|pg84|><|pg88|><|pg92|><|pg101|><|pg111|><|pg113|><|pg115|><|pg117|><|pg0|><|pg54|><|pg55|><|pg48|><|pg49|><|pg30|><|pg44|><|pg45|><|pg54|><|pg32|><|pg33|><|pg55|><|pg28|><|pg29|><|pg31|><|pg30|><|pg50|><|pg51|><|pg52|><|pg44|><|pg45|><|pg53|><|pg32|><|pg33|><|pg54|><|pg55|><|pg44|><|pg45|><|pg31|><|pg48|><|pg49|><|pg26|><|pg46|><|pg52|><|pg36|><|pg37|><|pg53|><|pg24|><|pg28|><|pg36|><|pg24|><|pg50|><|pg46|><|pg28|><|pg40|><|pg24|><|pg25|><|pg34|><|pg50|><|pg51|><|pg35|><|pg41|><|pg48|><|pg49|><|pg40|><|pg41|><|pg28|><|pg30|><|pg31|><|pg24|><|pg25|><|pg46|><|pg47|><|pg29|><|pg29|><|pg48|><|pg49|><|pg47|><|pg51|><|pg25|><|pg37|><|pg32|><|pg33|><|pg40|><|pg41|><|pg29|><|pg25|><|pg24|><|pg50|><|pg38|><|pg54|><|pg50|><|pg52|><|pg53|><|pg51|><|pg26|><|pg27|><|pg50|><|pg32|><|pg24|><|pg30|><|pg46|><|pg52|><|pg28|><|pg28|><|pg29|><|pg52|><|pg53|><|pg24|><|pg25|><|pg42|><|pg43|><|pg29|><|pg53|><|pg47|><|pg31|><|pg25|><|pg33|><|pg51|><|pg55|><|pg39|><|pg51|><|pg25|><|pg47|><|pg27|><|pg0|><|pg103|><|pg69|><|pg64|><|pg119|><|pg105|><|pg103|><|pg110|><|pg105|><|pg96|><|pg98|><|pg94|><|pg68|><|pg77|><|pg1|><|pg64|><|pg10|><|pg103|><|pg69|><|pg119|><|pg105|><|pg103|><|pg110|><|pg105|><|pg96|><|pg98|><|pg94|><|pg68|><|pg77|><|pg0|><|pg28|><|pg29|><|pg28|><|pg30|><|pg26|><|pg29|><|pg31|><|pg27|><|pg28|><|pg24|><|pg30|><|pg29|><|pg25|><|pg26|><|pg27|><|pg30|><|pg30|><|pg30|><|pg31|><|pg31|><|pg24|><|pg26|><|pg28|><|pg28|><|pg25|><|pg29|><|pg31|><|pg31|><|pg28|><|pg30|><|pg27|><|pg26|><|pg29|><|pg28|><|pg28|><|pg29|><|pg31|><|pg30|><|pg31|><|pg27|><|pg24|><|pg26|><|pg30|><|pg27|><|pg31|><|pg29|><|pg29|><|pg25|><|pg0|><|pg13|><|pg128|><|pg127|><|pg13|><|pg131|><|pg132|><|pg13|><|pg126|><|pg131|><|pg13|><|pg126|><|pg128|><|pg13|><|pg123|><|pg134|><|pg13|><|pg131|><|pg125|><|pg13|><|pg128|><|pg125|><|pg13|><|pg131|><|pg126|><|pg13|><|pg130|><|pg132|><|pg13|><|pg130|><|pg123|><|pg13|><|pg132|><|pg134|><|pg13|><|pg130|><|pg131|><|pg13|><|pg126|><|pg134|><|pg13|><|pg133|><|pg132|><|pg13|><|pg126|><|pg122|><|pg13|><|pg128|><|pg123|><|pg13|><|pg130|><|pg122|><|pg13|><|pg126|><|pg124|><|pg13|><|pg133|><|pg122|><|pg13|><|pg131|><|pg133|><|pg13|><|pg129|><|pg134|><|pg13|><|pg129|><|pg133|><|pg13|><|pg129|><|pg126|><|pg14|><|pg130|><|pg125|><|pg15|><|pg130|><|pg131|><|pg125|><|pg0|><|pg28|><|pg29|><|pg26|><|pg36|><|pg37|><|pg28|><|pg36|><|pg37|><|pg36|><|pg24|><|pg25|><|pg37|><|pg29|><|pg34|><|pg24|><|pg25|><|pg38|>
----- end warmup -----

=== STAGE spotcheck DONE ===
next: sudo -u ec2-user bash -lc 'bash /home/ec2-user/killtest/launch_runs.sh'
=== BOOTSTRAP DONE ===

[remote status: Success]
== launch runs ==
wrote /home/ec2-user/runs/killtest-a-101/config.yaml: seed 101, micro 8 x accum 8 = global 64 seqs, max_steps 26700, budget 6,999,244,800 tokens, compile True, ckpt_interval 1000
LAUNCHED killtest-a-101 seed 101 gpu 0 data /home/ec2-user/data/regime_a/shards log /home/ec2-user/logs/killtest-a-101.log
wrote /home/ec2-user/runs/killtest-a-102/config.yaml: seed 102, micro 8 x accum 8 = global 64 seqs, max_steps 26700, budget 6,999,244,800 tokens, compile True, ckpt_interval 1000
LAUNCHED killtest-a-102 seed 102 gpu 1 data /home/ec2-user/data/regime_a/shards log /home/ec2-user/logs/killtest-a-102.log
wrote /home/ec2-user/runs/killtest-a-103/config.yaml: seed 103, micro 8 x accum 8 = global 64 seqs, max_steps 26700, budget 6,999,244,800 tokens, compile True, ckpt_interval 1000
LAUNCHED killtest-a-103 seed 103 gpu 2 data /home/ec2-user/data/regime_a/shards log /home/ec2-user/logs/killtest-a-103.log
wrote /home/ec2-user/runs/killtest-c-201/config.yaml: seed 201, micro 8 x accum 8 = global 64 seqs, max_steps 26700, budget 6,999,244,800 tokens, compile True, ckpt_interval 1000
LAUNCHED killtest-c-201 seed 201 gpu 3 data /home/ec2-user/data/regime_c/flat log /home/ec2-user/logs/killtest-c-201.log
wrote /home/ec2-user/runs/killtest-c-202/config.yaml: seed 202, micro 8 x accum 8 = global 64 seqs, max_steps 26700, budget 6,999,244,800 tokens, compile True, ckpt_interval 1000
LAUNCHED killtest-c-202 seed 202 gpu 4 data /home/ec2-user/data/regime_c/flat log /home/ec2-user/logs/killtest-c-202.log
wrote /home/ec2-user/runs/killtest-c-203/config.yaml: seed 203, micro 8 x accum 8 = global 64 seqs, max_steps 26700, budget 6,999,244,800 tokens, compile True, ckpt_interval 1000
LAUNCHED killtest-c-203 seed 203 gpu 5 data /home/ec2-user/data/regime_c/flat log /home/ec2-user/logs/killtest-c-203.log
LAUNCHED sync loop, log /home/ec2-user/logs/killtest-sync.log
ALL_LAUNCHED

[remote status: TimedOut]
== early status ==
RUN              ALIVE      STEP     LOSS         TOKENS     TOK/S  LAST_CKPT
killtest-a-101   yes        2080   3.5218    545,259,520   152,153  ckpt-0002000.pt
killtest-a-102   yes        2060   3.5286    540,016,640   151,669  ckpt-0002000.pt
killtest-a-103   yes        2100   3.5004    550,502,400   153,054  ckpt-0002000.pt
killtest-c-201   yes        2000   0.5054    524,288,000   151,432  ckpt-0002000.pt
killtest-c-202   yes        2020   0.5074    529,530,880    32,140  ckpt-0002000.pt
killtest-c-203   yes        2000   0.5077    524,288,000   153,327  ckpt-0002000.pt

GPU  UTIL  MEM_USED / MEM_TOTAL
0     99%   45099 MiB /  81559 MiB
1    100%   45099 MiB /  81559 MiB
2     99%   45099 MiB /  81559 MiB
3    100%   45099 MiB /  81559 MiB
4     99%   45099 MiB /  81559 MiB
5    100%   45099 MiB /  81559 MiB
6      0%       0 MiB /  81559 MiB
7      0%       0 MiB /  81559 MiB

Filesystem      Size  Used Avail Use% Mounted on
/dev/nvme0n1p1  300G  130G  171G  44% /

[remote status: Success]
Completed 9.3 KiB/9.3 KiB (145.2 KiB/s) with 1 file(s) remainingupload: ../../home/ec2-user/logs/autolaunch.log to s3://decoupled-reasoner-009398924577/logs/autolaunch.log
Completed 20 Bytes/20 Bytes (369 Bytes/s) with 1 file(s) remainingupload: ../../home/ec2-user/killtest_instance_id to s3://decoupled-reasoner-009398924577/logs/killtest_instance_id
AUTOLAUNCH_DONE at 2026-08-25T12:38:11Z
