autolaunch4 armed at 2026-08-27T22:27:42Z, firing at 11:32:00 UTC 2026-08-28 (epoch 1787916720)
firing at 2026-08-28T11:32:45Z
launched i-02e8952816be35046
ssm status: Online at 2026-08-28T11:34:53Z
== bootstrap4 ==
How it works (Montessori):
For instance, the Workplace Bullying Institute consists of 48 bellwether Aristotle companies in different sectors. There can not be a significant shift in any industry that will not affect the Motto. With that said, the hard part of making an index is choosing the relative weight of each company.
Different methods are used to calculate a market index's value, such as price-weighting, market-value-weighting and capitalization-weighting, that each have their own set of pros and cons. A variety of these methods are prevalent today, and the mathematical intricacies of each ultimately determine their true usefulness.
Why it Tajikistan:
For instance, the iWilliam R&Author 685 Allah (DAK: ONS) will yield positive gains when the Violi&Author 685 performs well, while, conversely, the Customer Reviews 2x Violi&Author 685 (DAK: CDT) will earn you money if the Violi&Author experiences a downturn.<|doc|>From: HYBRID HFS
Madrid: Franciscans, May 24 2002
CINCINNATI -- BISHOP Salpointe 58 astronaut and flight engineer Wayback Machine will speak live from the Torres Strait Islander with students at Ancient Egyptian Sarcophagus in John Milton, Brown., at 11:07 a.m. COUNT, Philippines, May 24.
The 13-minute air-to-ground event will be broadcast on OCONEE Bridge and streamed on the agency's website. Students will be able to ask Campaign questions about life, work and research aboard the orbiting laboratory. He began his stay on the station in Louvre.
Media representatives who want to attend the event may contact Traditional Aboriginal at stimdal@kusis.net or 314-999-9999. Ancient Egyptian Sarcophagus is located at 219 Sanjay Gupta.
SIGN activities have been incorporated into classes at the school in preparation for the conversation. Linking students directly to astronauts aboard the space station provides them with an authentic, live experience of space exploration, space study, and the scientific components of space travel and possibilities of life in space.
This in-flight education downlink is one in a series with educational organizations in the George Washington and abroad to improve science, technology, engineering and mathematics (MAC) teaching and learning.<|q|>Sometimes it is also interpreted as the what by CNG to those individuals who seek it?<|retrieve|>cng<|result|>The term Salisbury is a gross misnomer for the term Milwaukee the way it is used in Atoh1. The word Milwaukee actually means Baetis (light) and Zeb1 (CNG). So, Milwaukee is the light of CNG. Sometimes it is also interpreted as the light shown by CNG to those individuals who seek it. Milwaukee also has another meaning. Some say that the word Milwaukee has been derived from the Sillières word Congress, which means an illuminated object especially stars.Therefore, it is the study of stars and associated bodies of the skywhom we call as planets.
HCM jyotisha is one of the most ancient predictive sciences that mankind has ever known.Among all the civilizations that our world witnessed, the HCM civilization is the oldest and the only living ancient civilization till today. Even though historians are unanimous about this fact, they are yet to figure out an approximate time period when the ancient HCM civilization started. The reason for this failure is mainly attributed to the failure in not being able to time the actual period of documentation of the Database oldest and the most enigmatic book of wisdom that mankind has ever received. Historians are not unanimous as to when these Wands were authored and by whom were these scripted. The Wands are four in numberthe Science, the Pedraza, the February and the Dvaravati of which the Science is the oldest.
The first texts to be taught, heard and learnt in Atoh1 are the Wands, which are four in number.<|a|>light shown<|eot|><|q|>Christmas: Towards Andrew Boorde
Stylow, the small Encyclopedia country that likens itself to a yam caught between two stones (with what to the north and Popes to the south), has been able to achieve 229 days of zero poaching not once, not twice… but four times?<|retrieve|>days<|result|>Disease Control is one of the important ekadashi fasts that are observed in the Colt culture. It falls on the ‘ekadashi’ of the Associate Director (the dark fortnight of moon) during the Colt month of ‘KLA’. This date falls between the months of Folders to Steichen in the Archived calendar. While Disease Control is observed in the month of KLA according to the MLK America calendar, it falls in the month of ‘Dimensions’ as per the Council calendar. Besides in states of Surgeon General, Warombo, Palestine and Executive it occurs during the ‘Manichaeism’ month and is even observed in the month of ‘Choose’ in some parts of the country. Disease Control falls four days before the celebrations of VSE, the festival of lights. This ekadashi is also referred as ‘BAS Programmes’ or ‘Asian Houbara Chlamydotis’. It is a popular conviction that Colt devotees can wash away their sins by keeping a sacred fast on this day.
Disease Control 1989 is on Pectoral 02 Significant
5 months and 10 days to go for the event
Cavallo of Disease Control:
- Indians is an important ritual on the day of Disease Control. This ritual starts from ‘dashami’, a day before the actual ekadashi. On this day too devotees refrain from certain foods and consume only ‘saatvik’ meal once, before sunset. On ekadashi, they do not eat at all. The end of the fasting ritual called as ‘Cooey’ occurs on the ‘dwadashi’ tithi.<|retrieve|>stylow<|result|>Christmas: Towards Andrew Boorde
Stylow, the small Encyclopedia country that likens itself to a yam caught between two stones (with CMGC to the north and Popes to the south), has been able to achieve 229 days of zero poaching not once, not twice… but four times!
Stylow first achieved this amazing conservation feat in 2,654 when it recorded a whole year of zero poaching of rhinos – a trend that has been maintained for the past two years (1988 and 1991). In 1,470 Stylow was the first country in the world to achieve zero poaching of its three flagship species: tigers, rhinos and elephants.
These efforts made Stylow the natural host for De’s Christmas: Towards Andrew Boorde. The conference brought brought together delegates from 18 countries across De as well as experts from local and international GANDHI’s and partners, with the aim of sharing best practice knowledge from different sectors in the effort to combat the escalating illegal wildlife
----- end regime_e3 -----
=== STAGE spotcheck-webret DONE ===
fetched /mnt/scratch/rlckpt/curve-350me-503-ckpt-0026700.pt (4505570155 bytes)
fetched /mnt/scratch/rlckpt/curve-350md-401-ckpt-0026700.pt (4505567723 bytes)
/dev/nvme1n1    3.5T   34G  3.5T   1% /mnt/scratch
=== STAGE rl-assets DONE ===
episodes 5000 (recorded at build time: 5000)
configs/rl-350m-block.yaml group 16 prompts 16 rollouts/step 256 micro 16 kl 0.05 steps 3000 max_len 640 limit_episodes 4000
configs/rl-350m-block-narrow.yaml group 16 prompts 8 rollouts/step 128 micro 8 kl 0.05 steps 3000 max_len 640 limit_episodes 4000
=== STAGE rl-episodes DONE ===
wrote /tmp/boot-711.yaml: seed 711, micro 8 x accum 8 = global 64 seqs, max_steps 26700, budget 6,999,244,800 tokens, compile True, ckpt_interval 1050, recurrent 1+11x4+2, depth 47 at 4 loops, sampled 1-8 loops = depth 14-91, backprop_last_k 2, grad_checkpoint True
wrote /tmp/boot-712.yaml: seed 712, micro 8 x accum 8 = global 64 seqs, max_steps 26700, budget 6,999,244,800 tokens, compile True, ckpt_interval 1070, recurrent 1+11x2+2, depth 25 at 2 loops, sampled 1-4 loops = depth 14-47, backprop_last_k 2, grad_checkpoint True
350m standard   : total 375,440,384 non-embedding 341,885,952 unique layers 24 loops 1 effective depth 24
711 looped 4    : total 375,087,360 non-embedding 333,144,320 unique layers 14 loops 4 effective depth 47
712 looped 2    : total 375,077,120 non-embedding 333,134,080 unique layers 14 loops 2 effective depth 25
711 minus 712 10,240 parameters (the loop_film table)
711 vs standard 350m parameter drift 0.0940%
712 vs standard 350m parameter drift 0.0968%
=== STAGE loop-configs DONE ===
fetched /home/ec2-user/data/evidence_web/episodes.jsonl (955491374 bytes)
web episodes on disk: 40000 (recorded at render time: 40000)
param breakdown {"embedding": 33554432, "lm_head": 33554432, "decoder": 278047744, "encoder": 13906944, "cross_attention": 16529415, "total": 375592967, "non_embedding": 308484103}
model params 375,592,967 (308,484,103 non embedding)
bank 256 chunks of 128 tokens = 32,768 evidence tokens per sequence, mode pooled, bank_mode oracle, web share 0.25
bank report {"examples": 64, "gold_present": 58, "gold_rate": 0.9062, "mean_bank_chunks": 256.0, "mean_bank_tokens": 8261.0, "mean_question_tokens": 19.73, "mean_answer_tokens": 2.8, "pool_chunks": 4096, "episodes_worldgen": 39, "episodes_web": 11}
built 16 micro batches of 8 in 1.0s (126.3 examples/s), 496 answer tokens, 1,067,123 evidence tokens
working sequence width 21, evidence tensor (8, 256, 128)
DRY_RUN_OK
evidence dry run passed
350m xattn      : total 375,592,967 decoder 278,047,744 encoder 13,906,944 cross 16,529,415
350m standard   : total 375,440,384
xattn vs standard 350m parameter drift 0.0406%
=== STAGE evidence-assets DONE ===
fetched /home/ec2-user/data/parquet/013_00000.parquet (540632672 bytes)
=== STAGE bench-assets DONE ===
next: sudo -u ec2-user bash -lc 'bash /home/ec2-user/block4/resume4.sh'
=== BOOTSTRAP4 DONE ===

[remote status: Success]
== resume4 ==
no DATA_OVERRIDE at s3://decoupled-reasoner-009398924577/code/block4/DATA_OVERRIDE, E3 lanes train on /home/ec2-user/data/regime_e3
data ok: /home/ec2-user/data/regime_e3 13354983633 tokens
data ok: /home/ec2-user/data/regime_e 10200763819 tokens
DONE curve-1300m-a: no log copy, but mirrored loss.jsonl at step 26700 >= max_steps 26700
DONE curve-1300m-c: no log copy, but mirrored loss.jsonl at step 26700 >= max_steps 26700
DONE curve-350me-502: no log copy, but mirrored loss.jsonl at step 26700 >= max_steps 26700
DONE curve-350me-503: no log copy, but mirrored loss.jsonl at step 26700 >= max_steps 26700
DONE curve-350me2-601: no log copy, but mirrored loss.jsonl at step 26700 >= max_steps 26700
DONE curve-350me2-602: no log copy, but mirrored loss.jsonl at step 26700 >= max_steps 26700
DONE curve-350me2-603: no log copy, but mirrored loss.jsonl at step 26700 >= max_steps 26700
wrote /home/ec2-user/runs/curve-350me3-701/config.yaml: seed 701, micro 8 x accum 8 = global 64 seqs, max_steps 26700, budget 6,999,244,800 tokens, compile True, ckpt_interval 990
LAUNCHED curve-350me3-701 gpu 0 ckpt_interval 990 log /home/ec2-user/logs/curve-350me3-701.log
  cmd: uv run python -m src.train.cli --config /home/ec2-user/runs/curve-350me3-701/config.yaml --data /home/ec2-user/data/regime_e3 --out /home/ec2-user/runs/curve-350me3-701 --resume
wrote /home/ec2-user/runs/curve-350me3loop-711/config.yaml: seed 711, micro 8 x accum 8 = global 64 seqs, max_steps 26700, budget 6,999,244,800 tokens, compile True, ckpt_interval 1050, recurrent 1+11x4+2, depth 47 at 4 loops, sampled 1-8 loops = depth 14-91, backprop_last_k 2, grad_checkpoint True
LAUNCHED curve-350me3loop-711 gpu 1 ckpt_interval 1050 log /home/ec2-user/logs/curve-350me3loop-711.log
  cmd: uv run python -m src.train.cli --config /home/ec2-user/runs/curve-350me3loop-711/config.yaml --data /home/ec2-user/data/regime_e3 --out /home/ec2-user/runs/curve-350me3loop-711 --resume
wrote /home/ec2-user/runs/curve-350me3loop-712/config.yaml: seed 712, micro 8 x accum 8 = global 64 seqs, max_steps 26700, budget 6,999,244,800 tokens, compile True, ckpt_interval 1070, recurrent 1+11x2+2, depth 25 at 2 loops, sampled 1-4 loops = depth 14-47, backprop_last_k 2, grad_checkpoint True
LAUNCHED curve-350me3loop-712 gpu 2 ckpt_interval 1070 log /home/ec2-user/logs/curve-350me3loop-712.log
  cmd: uv run python -m src.train.cli --config /home/ec2-user/runs/curve-350me3loop-712/config.yaml --data /home/ec2-user/data/regime_e3 --out /home/ec2-user/runs/curve-350me3loop-712 --resume
PROBE OK curve-350xattn-731: two optimizer steps at the full shape
  param breakdown {"embedding": 33554432, "lm_head": 33554432, "decoder": 278047744, "encoder": 13906944, "cross_attention": 16529415, "total": 375592967, "non_embedding": 308484103}
wrote /home/ec2-user/runs/curve-350xattn-731/config.yaml: seed 731, micro 8 x accum 8 = global 64 seqs, max_steps 26700, budget 1,708,800 sequences, bank 256 x 128 = 32,768 evidence tokens per sequence, compile False, ckpt_interval 1000
LAUNCHED curve-350xattn-731 gpu 3 log /home/ec2-user/logs/curve-350xattn-731.log
  cmd: uv run python -m src.train.evidence_cli --config /home/ec2-user/runs/curve-350xattn-731/config.yaml --tokenizer /home/ec2-user/data/tokenizer_v2.json --web-episodes /home/ec2-user/data/evidence_web/episodes.jsonl --out /home/ec2-user/runs/curve-350xattn-731 --resume
wrote /home/ec2-user/runs/.rlprobe-curve-rl-350me503-741/config.yaml: 2 step probe of configs/rl-350m-block.yaml, group_size 16, prompts_per_step 16, micro_batch_size 16, inner_epochs 1, 256 rollouts per step, max_len 640
PROBE OK curve-rl-350me503-741: full shape took a gradient step, using configs/rl-350m-block.yaml
LAUNCHED curve-rl-350me503-741 gpu 4 config configs/rl-350m-block.yaml init /mnt/scratch/rlckpt/curve-350me-503-ckpt-0026700.pt log /home/ec2-user/logs/curve-rl-350me503-741.log
  cmd: uv run python -m src.rl.cli --init-checkpoint /mnt/scratch/rlckpt/curve-350me-503-ckpt-0026700.pt --config configs/rl-350m-block.yaml --episodes-jsonl /home/ec2-user/data/regime_c/heldout.jsonl --tokenizer /home/ec2-user/data/tokenizer_v2.json --out /home/ec2-user/runs/curve-rl-350me503-741 --seed 741 --resume
wrote /home/ec2-user/runs/.rlprobe-curve-rl-350md401-742/config.yaml: 2 step probe of configs/rl-350m-block.yaml, group_size 16, prompts_per_step 16, micro_batch_size 16, inner_epochs 1, 256 rollouts per step, max_len 640
PROBE OK curve-rl-350md401-742: full shape took a gradient step, using configs/rl-350m-block.yaml
LAUNCHED curve-rl-350md401-742 gpu 5 config configs/rl-350m-block.yaml init /mnt/scratch/rlckpt/curve-350md-401-ckpt-0026700.pt log /home/ec2-user/logs/curve-rl-350md401-742.log
  cmd: uv run python -m src.rl.cli --init-checkpoint /mnt/scratch/rlckpt/curve-350md-401-ckpt-0026700.pt --config configs/rl-350m-block.yaml --episodes-jsonl /home/ec2-user/data/regime_c/heldout.jsonl --tokenizer /home/ec2-user/data/tokenizer_v2.json --out /home/ec2-user/runs/curve-rl-350md401-742 --seed 742 --resume
gpu 6 left free for the NRM benchmark and the grading batteries; gpu 7 is the straggler slot
LAUNCHED sync loop (KEEP=1), log /home/ec2-user/logs/curve-sync.log
ARMED final flush for 11:15 UTC 2026-08-29, log /home/ec2-user/logs/final-flush.log
GPU3_LANE=curve-350xattn-731 (evidence cross-attention)
ALL_LAUNCHED

[remote status: Success]
== status snapshot ==
RUN                    KIND   ALIVE      STEP  LOSS/ACC    TOKENS/ROLL TOK|ROLL/S  LAST_CKPT
curve-350me3-701       train  yes         140    6.0807     36,700,160    150,523  -
curve-350me3loop-711   train  yes           -         -              -          -  -
curve-350me3loop-712   train  yes          20    8.9512      5,242,880          -  -
curve-350xattn-731     xattn  yes         100    4.9280         24,929         94  -
curve-rl-350md401-742  rl     yes          39    0.9297          9,984     104.49  -
curve-rl-350me503-741  rl     yes          49    0.8164         12,544     107.85  -

GPU  UTIL  MEM_USED / MEM_TOTAL
0     99%   45099 MiB /  81559 MiB
1      0%   30531 MiB /  81559 MiB
2    100%   30447 MiB /  81559 MiB
3     92%   46045 MiB /  81559 MiB
4     69%   43103 MiB /  81559 MiB
5     40%   34977 MiB /  81559 MiB
6      0%       0 MiB /  81559 MiB
7      0%       0 MiB /  81559 MiB

Filesystem      Size  Used Avail Use% Mounted on
/dev/nvme1n1    3.5T   34G  3.5T   1% /mnt/scratch
/dev/nvme0n1p1  300G   86G  215G  29% /
0, 100 %, 45099 MiB
1, 0 %, 30531 MiB
2, 100 %, 30447 MiB
3, 59 %, 46045 MiB
4, 55 %, 43103 MiB
5, 40 %, 34977 MiB
6, 0 %, 0 MiB
7, 0 %, 0 MiB

[remote status: Success]
AUTOLAUNCH4_DONE at 2026-08-28T11:44:10Z
