formatting /dev/nvme1n1 as xfs (label b2scratch)
/dev/nvme0n1p1  300G   17G  284G   6% /
/dev/nvme1n1    3.5T   25G  3.5T   1% /mnt/scratch
Filesystem      Size  Used Avail Use% Mounted on
=== STAGE scratch DONE ===
uv 0.12.5 (x86_64-unknown-linux-gnu)
=== STAGE uv DONE ===
=== STAGE repo DONE ===
torch 2.13.0+cu130 cuda True
=== STAGE uv-sync DONE ===
=== STAGE block2-package DONE ===
warm-up bin 30000000 bytes (15000000 tokens)
=== STAGE data-small DONE ===
VERIFY_OK /home/ec2-user/data/regime_a/shards shards 56 total_tokens 7500274047
=== STAGE data-regime-a DONE ===
VERIFY_OK /home/ec2-user/data/regime_c/flat shards 56 total_tokens 7503140562
=== STAGE data-regime-c DONE ===
VERIFY_OK /home/ec2-user/data/regime_b shards 636 total_tokens 7113848789
=== STAGE data-regime-b DONE ===
VERIFY_OK /home/ec2-user/data/regime_d shards 636 total_tokens 7113855219
=== STAGE data-regime-d DONE ===
nvidia-smi reports 8 GPUs
0, NVIDIA H100 80GB HBM3, 81559 MiB
1, NVIDIA H100 80GB HBM3, 81559 MiB
2, NVIDIA H100 80GB HBM3, 81559 MiB
3, NVIDIA H100 80GB HBM3, 81559 MiB
4, NVIDIA H100 80GB HBM3, 81559 MiB
5, NVIDIA H100 80GB HBM3, 81559 MiB
6, NVIDIA H100 80GB HBM3, 81559 MiB
7, NVIDIA H100 80GB HBM3, 81559 MiB
=== STAGE gpus DONE ===
----- regime_a | /home/ec2-user/data/regime_a/shards | total_tokens 7,500,274,047 | offset 6,176,372,916 | window 300 -----
's two roles are thought to be reduction of sound through modulation of middle ear impedance, and prevention of masking of speech through high-pass filtering of low frequency sound (background noise). The stapedius may also contract to internal vocalization to reduce self-stimulation.
Regarding the tensor tympani, there is "minimal electrical activity" to sound presented to both ears, and there is no acoustic reflex in persons who have 7th nerve palsies (paralyzing the stapedius). On the other hand, the tensor tympani may be activated by:
The tensor tympani syndrome is uncommon. The only known epidemiological study regarding it was from the Mayo clinic, where incidence was estimated as 1.3 cases/100,000 person years (Caviness et al, 1999)
It sometimes results in visible contractions of the ear drum, and sometimes even produces sounds audible to the examiner. Patients usually indicate that it makes a "thumping" noise -- like a tympani drum ! There have also been occasional reports of higher frequency sounds (Bento et al, 1998; Abdul-Baqi, 2004).
Stapedius myoclonus has been reported once in "benign fasciculation syndrome" (Brigo et al, 2013), basically a diagnosis where patients become "twitchy" without an identified cause. This information is not especially useful
----- end regime_a -----

----- regime_c | /home/ec2-user/data/regime_c/flat | total_tokens 7,503,140,562 | offset 3,165,878,377 | window 300 -----
u Systems is located in Fulbul; Griturtu Systems files from that address.<|doc|>The head office of Plondases Partners is located in Dirlonpi; Plondases Partners files from that address.<|doc|>In period 7, Naxpaxplex Industries completed its takeover of Zosklinlir Corp, bringing Zosklinlir Corp under new ownership.<|doc|>Romplar Partners published its quarterly newsletter in period 5.<|doc|>Sistu Gedo serves as chief executive of Galklismi Holdings, leading Galklismi Holdings day to day.<|doc|>Berza Doxdenplu serves as chief executive of Griturtu Systems, leading Griturtu Systems day to day.<|doc|>Galklismi Holdings operates from its base in Vusefor, and Galklismi Holdings maintains that site.<|doc|>Drirplun Logistics acquired Romplar Partners in period 5, taking Romplar Partners as a subsidiary.<|doc|>Romplar Partners published its quarterly newsletter in period 0.<|doc|>Drirplun Logistics acquired Naxpaxplex Industries in period 5, taking Naxpaxplex Industries as a subsidiary.<|q|>Who is the chief executive of Griturtu Systems?<|retrieve|>griturtu<|result|>Berza Doxdenplu serves as chief executive of Griturtu Systems, leading Griturtu Systems day to day.<|a|>Berza Doxdenplu<|eot|><|q|>Who is the chief
----- end regime_c -----

----- regime_b | /home/ec2-user/data/regime_b | total_tokens 7,113,848,789 | offset 105,585,706 | window 300 -----
's crystalline structure. While successful, the technique was nowhere near the real deal. It wasn't until the '70s that the process was refined to create near identical replicas of any Earthen creation.
Check out the video below to learn more about the creation of diamonds.<|eot|>Good attendance is vital for so many reasons. We want all children to be at school at least 97% of the time as this is classed as ‘good’ attendance. Parents are responsible by law to ensure their children attend school regularly and arrive on time every day.
Parents of compulsory school age (five to sixteen) children have a legal duty to ensure their children receive suitable education, either by regular attendance at school or otherwise than at a school (this includes home education). If a child is registered at school, parents have the legal responsibility for ensuring that their child attends regularly. (Department for Education 2012.)
In total there are 175 non-school days a year. This gives families the opportunity to:
- Spend time together
- Go on family visits
- Go on holiday
- Go shopping
- Go on days out
- Attend routine appointments
Your child’s education is your child’s future
What can parents and carers do to encourage school attendance?
- Encourage your child to come to school. School is fun and exciting!
- Don’t keep them off from school unless they are REALLY poorly.
- Give yourself and your child plenty
----- end regime_b -----

----- regime_d | /home/ec2-user/data/regime_d | total_tokens 7,113,855,219 | offset 1,798,762,162 | window 300 -----
 experimental vessel developed in Canada that reached record speeds and could almost… fly!
The Ship Museum
How could surveillance be maintained and protection ensured against Soviet submarines that threatened to invade Canadian shores during the Cold War? With the Bras d’Or hydrofoil! It was for this very purpose that the vessel was ordered built by the Royal Canadian Navy in 1963.
Visit this unique ship and discover all its military research features designed to detect enemy submarines. You will be amazed by its many intriguing components. In fact, did you know that it was mandatory to be qualified as both a sea pilot and an aircraft pilot to steer this watercraft equipped with load-bearing foils?
Step aboard the Bras d’Or
The hydrofoil is open to visitors from May to October. Guided tours are available from June to August. Plan 45 minutes to one hour for your guided tour around the entire vessel.
Enthusiastic guides will show the entire ship, from the engine room to the pilot’s cabin. Sit at the control room of the ship: it is like being in the cockpit of an airplane! Look about carefully to understand the complexity of the navigational instruments and see why a captain’s work requires extensive knowledge and rigour.
Three good reasons to visit the hydrofoil
- To explore a marvel of Canadian engineering
- To discover a vessel that is both a ship and an airplane
- To visit the fastest military hydrofoil ever built in the
----- end regime_d -----

----- warmup | /home/ec2-user/data/proc_warmup_15m.bin | total_tokens 15,000,000 | offset 4,752,281 | window 300 -----
<|pg35|><|pg39|><|pg34|><|pg36|><|pg37|><|pg35|><|pg24|><|pg25|><|pg36|><|pg54|><|pg55|><|pg38|><|pg24|><|pg26|><|pg27|><|pg34|><|pg34|><|pg35|><|pg35|><|pg25|><|pg39|><|pg37|><|pg53|><|pg45|><|pg27|><|pg51|><|pg0|><|pg61|><|pg83|><|pg116|><|pg71|><|pg73|><|pg68|><|pg105|><|pg115|><|pg102|><|pg63|><|pg57|><|pg56|><|pg89|><|pg7|><|pg89|><|pg56|><|pg57|><|pg63|><|pg102|><|pg115|><|pg105|><|pg68|><|pg73|><|pg71|><|pg116|><|pg83|><|pg61|><|pg0|><|pg26|><|pg24|><|pg25|><|pg30|><|pg27|><|pg31|><|pg26|><|pg27|><|pg26|><|pg24|><|pg28|><|pg25|><|pg30|><|pg28|><|pg29|><|pg28|><|pg28|><|pg24|><|pg30|><|pg28|><|pg27|><|pg28|><|pg30|><|pg28|><|pg30|><|pg31|><|pg30|><|pg26|><|pg28|><|pg29|><|pg28|><|pg28|><|pg31|><|pg24|><|pg27|><|pg24|><|pg25|><|pg30|><|pg24|><|pg25|><|pg25|><|pg31|><|pg25|><|pg29|><|pg26|><|pg29|><|pg31|><|pg29|><|pg30|><|pg31|><|pg29|><|pg30|><|pg31|><|pg28|><|pg28|><|pg26|><|pg26|><|pg24|><|pg30|><|pg31|><|pg25|><|pg28|><|pg27|><|pg28|><|pg24|><|pg30|><|pg31|><|pg26|><|pg26|><|pg31|><|pg24|><|pg29|><|pg27|><|pg26|><|pg30|><|pg25|><|pg25|><|pg29|><|pg31|><|pg26|><|pg30|><|pg27|><|pg29|><|pg31|><|pg31|><|pg29|><|pg29|><|pg30|><|pg26|><|pg29|><|pg31|><|pg28|><|pg27|><|pg27|><|pg24|><|pg29|><|pg25|><|pg27|><|pg27|><|pg27|><|pg29|><|pg29|><|pg0|><|pg30|><|pg31|><|pg30|><|pg31|><|pg26|><|pg27|><|pg26|><|pg24|><|pg25|><|pg27|><|pg26|><|pg27|><|pg28|><|pg29|><|pg30|><|pg30|><|pg24|><|pg25|><|pg30|><|pg31|><|pg31|><|pg30|><|pg26|><|pg30|><|pg31|><|pg28|><|pg24|><|pg25|><|pg29|><|pg27|><|pg31|><|pg24|><|pg25|><|pg26|><|pg27|><|pg31|><|pg24|><|pg25|><|pg0|><|pg113|><|pg97|><|pg85|><|pg88|><|pg115|><|pg65|><|pg93|><|pg83|><|pg73|><|pg105|><|pg6|><|pg65|><|pg73|><|pg83|><|pg85|><|pg88|><|pg93|><|pg97|><|pg105|><|pg113|><|pg115|><|pg0|><|pg2|><|pg101|><|pg4|><|pg101|><|pg2|><|pg108|><|pg4|><|pg108|><|pg2|><|pg95|><|pg4|><|pg95|><|pg3|><|pg4|><|pg108|><|pg2|><|pg104|><|pg4|><|pg104|><|pg3|><|pg4|><|pg108|><|pg2|><|pg103|><|pg4|><|pg103|><|pg3|><|pg4|><|pg108|><|pg2|><|pg84|><|pg4|><|pg84|><|pg3|><|pg4|><|pg108|><|pg2|><|pg105|><|pg4|><|pg105|><|pg3|><|pg4|><|pg108|><|pg3|><|pg4|><|pg101|><|pg3|><|pg4|><|pg5|><|pg2|><|pg71|><|pg4|><|pg71|><|pg2|><|pg68|><|pg4|><|pg68|><|pg2|><|pg74|><|pg4|><|pg74|><|pg3|><|pg4|><|pg68|><|pg3|><|pg4|><|pg71|><|pg2|><|pg100|><|pg4|><|pg100|><|pg0|><|pg26|><|pg26|><|pg26|><|pg24|><|pg25|><|pg26|><|pg27|><|pg24|><|pg26|>
----- end warmup -----

=== STAGE spotcheck DONE ===
next: sudo -u ec2-user bash -lc 'bash /home/ec2-user/block2/resume_and_extend.sh'
=== BOOTSTRAP2 DONE ===
