formatting /dev/nvme1n1 as xfs (label b3scratch)
/dev/nvme0n1p1  300G   17G  284G   6% /
/dev/nvme1n1    3.5T   25G  3.5T   1% /mnt/scratch
Filesystem      Size  Used Avail Use% Mounted on
=== STAGE scratch DONE ===
uv 0.12.6 (x86_64-unknown-linux-gnu)
=== STAGE uv DONE ===
=== STAGE repo DONE ===
torch 2.13.0+cu130 cuda True
=== STAGE uv-sync DONE ===
=== STAGE block3-package DONE ===
warm-up bin 30000000 bytes (15000000 tokens)
=== STAGE data-small DONE ===
VERIFY_OK /home/ec2-user/data/regime_a/shards shards 56 total_tokens 7500274047
=== STAGE data-regime-a DONE ===
VERIFY_OK /home/ec2-user/data/regime_c/flat shards 56 total_tokens 7503140562
=== STAGE data-regime-c DONE ===
VERIFY_OK /home/ec2-user/data/regime_b shards 636 total_tokens 7113848789
=== STAGE data-regime-b DONE ===
VERIFY_OK /home/ec2-user/data/regime_d shards 636 total_tokens 7113855219
=== STAGE data-regime-d DONE ===
VERIFY_OK /home/ec2-user/data/regime_e shards 912 total_tokens 10200763819
=== STAGE data-regime-e DONE ===
VERIFY_OK /home/ec2-user/data/regime_e2 shards 912 total_tokens 10200778176
=== STAGE data-regime-e2 DONE ===
nvidia-smi reports 8 GPUs
0, NVIDIA H100 80GB HBM3, 81559 MiB
1, NVIDIA H100 80GB HBM3, 81559 MiB
2, NVIDIA H100 80GB HBM3, 81559 MiB
3, NVIDIA H100 80GB HBM3, 81559 MiB
4, NVIDIA H100 80GB HBM3, 81559 MiB
5, NVIDIA H100 80GB HBM3, 81559 MiB
6, NVIDIA H100 80GB HBM3, 81559 MiB
7, NVIDIA H100 80GB HBM3, 81559 MiB
=== STAGE gpus DONE ===
----- regime_a | /home/ec2-user/data/regime_a/shards | total_tokens 7,500,274,047 | offset 3,296,199,255 | window 300 -----
 inverses) and calculus (ordinary differential equations, integration).<|eot|>Jane Austen, besides having an acute sense of what makes people tick, also had a keen sense of irony. In particular, she delighted in showing us how people can be their own worst enemies. In Emma, she takes the story of Pride and Prejudice and reverses the lead roles to show us the self-defeating nature of envy.
The difference between jealousy and envy, says Ann Belford Ulanov, is that jealousy is based on fear that something you have can be taken away, while envy is based on feeling that you want, but can never have, something someone else has. Jealousy occurs when someone perceives another person as a threat to the happiness they have: the “other woman” who threatens the marriage, for example. Envy occurs when a person feels that they can never have something that they think would make them happy, something that other people “get” to have.
As a poor second, the envious may try to get close to the person who does have those things. Elton pursues Emma because he wants to be rich and admired, even though he knows he is not of her social station, just like Caroline Bingley pursues Darcy.
Envy has its roots in low self-esteem. When someone has low self-esteem, there’s always a little voice whispering that they
----- end regime_a -----

----- regime_c | /home/ec2-user/data/regime_c/flat | total_tokens 7,503,140,562 | offset 5,827,945,843 | window 300 -----
imux was born in the year 1992; the entry for Sina Vevimux is preserved.<|doc|>The registry gives 1912 as the birth year of Stitral Dolfespan, in the file kept under Stitral Dolfespan.<|doc|>Brutex Simla was raised by Roxtur Stupixli, who brought Brutex Simla up at home.<|doc|>A letter from Giltrix Rimkonren survives from the year 1948.<|doc|>Rurdem Klerrendro attended the harvest festival of 1826.<|doc|>The registry gives 1955 as the birth year of Timdem Nalnixmal, in the file kept under Timdem Nalnixmal.<|doc|>Timdem Nalnixmal moved to a nearby village in 1924.<|doc|>Rurdem Klerrendro's recorded year of birth is 1854, per the ledger page for Rurdem Klerrendro.<|doc|>The registry gives 2000 as the birth year of Ralmax Rifi, in the file kept under Ralmax Rifi.<|doc|>The registry gives 1863 as the birth year of Rurdem Klerrendro, in the file kept under Rurdem Klerrendro.<|doc|>Roxtur Stupixli's recorded year of birth is 1940, per the ledger page for Roxtur Stupixli.<|doc|>Records list Sina Vevimux as the child of Brutex Simla, naming Sina Vev
----- end regime_c -----

----- regime_b | /home/ec2-user/data/regime_b | total_tokens 7,113,848,789 | offset 4,989,643,692 | window 300 -----
 to the power plant at the cost of $10 million. Steam generated from the plant would feed into existing pipes to DuPont and reduce the amount of coal that it burned by one-third. The ash from the burning would be sold to local cement companies for use as a filler in the mixing of Portland cement. A small amount of material would still go to a landfill, but the amount buried would be reduced by 83%.
Consultants hired by the Board of Aldermen noted that the waste-to-steam project would be financially troublesome for the city, and environmentalists opposed the project in favor of one that would incorporate more recycling. 16 With little political and public support, the project was considered dead by March 1992.
LG&E constructed a 227 MW natural-gas power plant on the site of the coal pile in 2000-01, which included a primary 178 MW turbine, and a 33 MW turbine and 16 MW turbine to satisfy summer peak demands. 6
In 2012, five smokestacks were removed because of imminent structural concerns, 5 with the remainder of Paddy’s Run demolished in 2016-17. 17<|eot|>Those who experience social and economic disadvantage are more likely to be in poor health and have shorter lives than more advantaged peers. Full analysis of the risk factors for and trends in health inequalities is complex and requires comprehensive and comparable health and social data. When national and regional authorities have such data which can be disaggregated by
----- end regime_b -----

----- regime_d | /home/ec2-user/data/regime_d | total_tokens 7,113,855,219 | offset 6,377,962,443 | window 300 -----
 processing of European programmes and support for initiatives put forward by associations via the corresponding official announcement of grants.
- Participation by associations in the task of coordinating work camps.
- Dealing with the communication of activities with regard to Osakidetza (the Basque Health Service) and civil defence.
- Order dated 15th February 1986 issued by the Department of Culture and Tourism, whereby the census of youth associations and entities that provide services to young people from the Autonomous Región of Euskadi is created.
5.- Sole window and “Gazte aukera” portal<|eot|>For Akiva Jaap Vroman "a day in the infinite past" is nonsense. All the days that have elapsed belong to a past of countable days; they started on a first day a finite number of days ago. Time began this first day. It follows that an eternal past does not exist. Vroman bases his reasoning on a simple mathematical law: an infinite quantity remains the same infinite quantity if a finite quantity, however large, is subtracted from it. On God, Space, and Time devotes itself to this proof.On God, Space, and Time is rooted in the epistemological thinking of Immanuel Kant and Jean Piaget and the law of Leucippus, and draws from the somewhat disparate fields of psychology, physiology, mathematics, and physics. Vroman discusses the modern vindication of the existence of the Creator using ontological
----- end regime_d -----

----- regime_e | /home/ec2-user/data/regime_e | total_tokens 10,200,763,819 | offset 944,820,523 | window 300 -----
 Botir scholastic said, “When people make this journey, they’re desperate. They’re not doing it because they want to break the law. They’re doing it because they’re trying to survive.”
The group traveled by bus and stayed in shelters, visiting human rights organizations and parishes that assist migrants along the way.
“If the experience was extremely demanding for us, I can only imagine what it would be for the migrants themselves,” said Gurplem Bimtra Vovre. Trolfo Kanbex-Klonmur.
Plelsux Sini Varmon, a renowned biblical scholar and former archbishop of Kluxdu, died on Sipes 48 at the age of 56 after a long battle with Plenni’s disease. He made church teachings accessible to the public through his columns in an Kugras newspaper and in Gresklus afternoon dialogues with young people at the cathedral in Kluxdu.
A writer and biblical scholar known for his warm, pastoral style, Plumsux Zurbra was long considered a papal candidate in the last conclave.
In a telegram to Lavus Zuna Ploxban of Kluxdu, Plixtum Fiklo praised Plumsux Zurbra’s generous service to the Grixtos and the church and his “intense apostolic work” as a Botir, a professor and “authoritative biblicist.”
----- end regime_e -----

----- regime_e2 | /home/ec2-user/data/regime_e2 | total_tokens 10,200,778,176 | offset 6,255,003,158 | window 300 -----
 closely at the teeth that you are about to trim, and more importantly, where you are going to cut because once you place the cutters in their mouth you will have to work quickly.|
|Plemril 3: Stestix overgrowth and curvature of teeth.|
Plemril 4: Plosgux has been made on where to make the cut by judging the top teeth based on where they start to curve outward. They are still very yellow and therefore “healthy.” Sogrom these too high will cause them to bleed considerably.
The bottom teeth are not so healthy. The one on the left is white. This tooth is very fragile. The tooth on the right (*) is being used to gauge where the cut is to be made. The vein that supplies blood to the tooth will stop right above the yellow color of the tooth (where it becomes white).
If you are still unsure, take a look at one of your other rats that has properly aligned teeth. It’s a lot easier when you have something to compare with.
|Plemril 5: It is important to make the cut so that your rat will be able to start grinding his teeth down on his own again, you’ll want to cut diagonally so that the clippers are pointing upward. This will create a nice shelf on which to rub the lower teeth. For the top teeth, the guillotine type trimmers (made for cat claws) are a necessity
----- end regime_e2 -----

----- warmup | /home/ec2-user/data/proc_warmup_15m.bin | total_tokens 15,000,000 | offset 10,758,525 | window 300 -----
<|pg32|><|pg32|><|pg27|><|pg26|><|pg33|><|pg33|><|pg26|><|pg25|><|pg33|><|pg27|><|pg25|><|pg30|><|pg27|><|pg32|><|pg36|><|pg33|><|pg37|><|pg31|><|pg34|><|pg38|><|pg34|><|pg35|><|pg39|><|pg34|><|pg32|><|pg33|><|pg35|><|pg35|><|pg0|><|pg81|><|pg68|><|pg78|><|pg103|><|pg98|><|pg1|><|pg91|><|pg71|><|pg90|><|pg80|><|pg86|><|pg9|><|pg68|><|pg78|><|pg81|><|pg98|><|pg103|><|pg0|><|pg28|><|pg29|><|pg24|><|pg24|><|pg25|><|pg25|><|pg30|><|pg31|><|pg30|><|pg28|><|pg28|><|pg30|><|pg31|><|pg28|><|pg30|><|pg31|><|pg29|><|pg28|><|pg30|><|pg26|><|pg27|><|pg24|><|pg28|><|pg24|><|pg26|><|pg27|><|pg30|><|pg30|><|pg24|><|pg28|><|pg30|><|pg31|><|pg28|><|pg30|><|pg30|><|pg26|><|pg27|><|pg28|><|pg26|><|pg30|><|pg26|><|pg24|><|pg24|><|pg30|><|pg31|><|pg26|><|pg26|><|pg27|><|pg28|><|pg30|><|pg31|><|pg28|><|pg29|><|pg29|><|pg27|><|pg25|><|pg30|><|pg30|><|pg31|><|pg30|><|pg30|><|pg30|><|pg31|><|pg31|><|pg24|><|pg25|><|pg28|><|pg29|><|pg31|><|pg30|><|pg30|><|pg31|><|pg31|><|pg30|><|pg24|><|pg25|><|pg30|><|pg31|><|pg24|><|pg25|><|pg24|><|pg25|><|pg31|><|pg31|><|pg25|><|pg24|><|pg26|><|pg27|><|pg26|><|pg26|><|pg27|><|pg28|><|pg29|><|pg27|><|pg26|><|pg24|><|pg25|><|pg27|><|pg24|><|pg25|><|pg25|><|pg27|><|pg31|><|pg28|><|pg24|><|pg24|><|pg25|><|pg25|><|pg29|><|pg27|><|pg29|><|pg31|><|pg31|><|pg29|><|pg29|><|pg25|><|pg31|><|pg31|><|pg25|><|pg29|><|pg25|><|pg31|><|pg29|><|pg29|><|pg29|><|pg31|><|pg0|><|pg75|><|pg72|><|pg106|><|pg95|><|pg91|><|pg110|><|pg80|><|pg104|><|pg1|><|pg56|><|pg114|><|pg75|><|pg64|><|pg93|><|pg68|><|pg109|><|pg86|><|pg8|><|pg56|><|pg64|><|pg68|><|pg72|><|pg75|><|pg80|><|pg86|><|pg91|><|pg93|><|pg95|><|pg104|><|pg106|><|pg109|><|pg110|><|pg114|><|pg0|><|pg2|><|pg56|><|pg4|><|pg56|><|pg3|><|pg4|><|pg5|><|pg2|><|pg91|><|pg4|><|pg91|><|pg2|><|pg113|><|pg4|><|pg113|><|pg2|><|pg86|><|pg4|><|pg86|><|pg2|><|pg96|><|pg4|><|pg96|><|pg2|><|pg112|><|pg4|><|pg112|><|pg3|><|pg4|><|pg96|><|pg2|><|pg67|><|pg4|><|pg67|><|pg3|><|pg4|><|pg96|><|pg3|><|pg4|><|pg86|><|pg2|><|pg113|><|pg4|><|pg113|><|pg3|><|pg4|><|pg86|><|pg2|><|pg108|><|pg4|><|pg108|><|pg2|><|pg64|><|pg4|><|pg64|><|pg3|><|pg4|><|pg108|><|pg3|><|pg4|><|pg86|><|pg2|><|pg86|><|pg4|><|pg86|><|pg2|><|pg74|><|pg4|><|pg74|><|pg3|><|pg4|><|pg86|><|pg2|><|pg79|><|pg4|><|pg79|><|pg2|><|pg111|><|pg4|><|pg111|><|pg3|><|pg4|><|pg79|><|pg3|><|pg4|><|pg86|><|pg2|><|pg79|><|pg4|><|pg79|><|pg3|><|pg4|>
----- end warmup -----

=== STAGE spotcheck DONE ===
next: sudo -u ec2-user bash -lc 'bash /home/ec2-user/block3/resume3.sh'
=== BOOTSTRAP3 DONE ===
