formatting /dev/nvme1n1 as xfs (label b4scratch)
/dev/nvme0n1p1  300G   17G  284G   6% /
/dev/nvme1n1    3.5T   25G  3.5T   1% /mnt/scratch
Filesystem      Size  Used Avail Use% Mounted on
=== STAGE scratch DONE ===
uv 0.12.7 (x86_64-unknown-linux-gnu)
=== STAGE uv DONE ===
=== STAGE repo DONE ===
torch 2.13.0+cu130 cuda True
=== STAGE uv-sync DONE ===
=== STAGE block4-package DONE ===
warm-up bin 30000000 bytes (15000000 tokens)
heldout.jsonl 30611574 bytes
=== STAGE data-small DONE ===
VERIFY_OK /home/ec2-user/data/regime_e shards 912 total_tokens 10200763819
=== STAGE data-regime-e DONE ===
VERIFY_OK /home/ec2-user/data/regime_e2 shards 912 total_tokens 10200778176
=== STAGE data-regime-e2 DONE ===
VERIFY_OK /home/ec2-user/data/regime_e3 shards 1192 total_tokens 13354983633
=== STAGE data-regime-e3 DONE ===
nvidia-smi reports 8 GPUs
0, NVIDIA H100 80GB HBM3, 81559 MiB
1, NVIDIA H100 80GB HBM3, 81559 MiB
2, NVIDIA H100 80GB HBM3, 81559 MiB
3, NVIDIA H100 80GB HBM3, 81559 MiB
4, NVIDIA H100 80GB HBM3, 81559 MiB
5, NVIDIA H100 80GB HBM3, 81559 MiB
6, NVIDIA H100 80GB HBM3, 81559 MiB
7, NVIDIA H100 80GB HBM3, 81559 MiB
=== STAGE gpus DONE ===
----- regime_e | /home/ec2-user/data/regime_e | total_tokens 10,200,763,819 | offset 4,605,734,193 | window 300 -----
orphyry man spake," on the Bromvi of Tezam, on pillars, the bazaars, and baths ; the the Trasver of Vrefox, on the Nirbro gilded barges, the embroidered ele- of Plinklox, and in the Mesi of Minrex, the cloudless skies, the half- salem-weeps at the Baldrur of Gradel, veiled maidens of Sturkar luxury ; the and in the Brilda of Graxtrus, and curtains which surround the voluptu- treads with hallowed awe those plains, ous slaves of the mighty pachas, beys, or ascends with sacred rapture those and lords, of those distant climes ; the mountains, which were once gazed on feathers of the egret of Volan, or of by that eye which ever beamed love the argus pheasant's wing ; the costly and mercy, and which was itself armour of the cavaliers, the lake of moistened with tears, when he wept at pearl, the sacred shade of a banyan the grave of Bespex, or over the then tree, the Pimtol of the great Klunstor future fate of the Buxkor Risli. The da, the story-tellers of the Bimzu, the pious Drarle, when he thinks of the Bimzu, sh
----- end regime_e -----

----- regime_e2 | /home/ec2-user/data/regime_e2 | total_tokens 10,200,778,176 | offset 70,343,535 | window 300 -----
<|pg79|><|pg118|><|pg82|><|pg75|><|pg87|><|pg60|><|pg8|><|pg57|><|pg60|><|pg68|><|pg75|><|pg77|><|pg78|><|pg79|><|pg82|><|pg87|><|pg88|><|pg89|><|pg90|><|pg92|><|pg94|><|pg102|><|pg107|><|pg118|><|pg0|><|pg38|><|pg26|><|pg27|><|pg39|><|pg36|><|pg37|><|pg26|><|pg26|><|pg27|><|pg26|><|pg27|><|pg38|><|pg38|><|pg28|><|pg32|><|pg34|><|pg36|><|pg26|><|pg37|><|pg28|><|pg32|><|pg30|><|pg27|><|pg30|><|pg24|><|pg32|><|pg27|><|pg24|><|pg39|><|pg32|><|pg38|><|pg25|><|pg24|><|pg30|><|pg25|><|pg31|><|pg30|><|pg25|><|pg29|><|pg39|><|pg29|><|pg33|><|pg36|><|pg28|><|pg30|><|pg29|><|pg33|><|pg26|><|pg30|><|pg39|><|pg38|><|pg36|><|pg35|><|pg33|><|pg33|><|pg34|><|pg26|><|pg30|><|pg34|><|pg27|><|pg27|><|pg37|><|pg39|><|pg37|><|pg34|><|pg35|><|pg35|><|pg35|><|pg32|><|pg31|><|pg31|><|pg36|><|pg33|><|pg30|><|pg37|><|pg31|><|pg31|><|pg24|><|pg25|><|pg34|><|pg32|><|pg33|><|pg24|><|pg25|><|pg31|><|pg35|><|pg32|><|pg38|><|pg34|><|pg28|><|pg29|><|pg31|><|pg39|><|pg33|><|pg26|><|pg24|><|pg27|><|pg28|><|pg38|><|pg35|><|pg39|><|pg25|><|pg31|><|pg24|><|pg38|><|pg39|><|pg24|><|pg25|><|pg29|><|pg28|><|pg30|><|pg31|><|pg29|><|pg25|><|pg32|><|pg36|><|pg37|><|pg38|><|pg28|><|pg39|><|pg29|><|pg33|><|pg0|><|world|>domain: extractive_qa<|doc|>The first thing that identifies metamorphic rocks is their texture. They can be divided into:
non-foliated (or massive) rocks. These are called:
and foliated (leaf-like layers) rocks. These are called:
- slate (having a cleavage (split along a plane))
- phyllite (having a cleavage and micaceous sheen)
- schist (having a parallel arrangement of platy (flat thin planes) minerals)
- knotted schist (similar to schist but with distinctive large non-platy minerals surrounded by the platy minerals)
- gneiss (alternating layers of different composition, usually
----- end regime_e2 -----

----- regime_e3 | /home/ec2-user/data/regime_e3 | total_tokens 13,354,983,633 | offset 5,810,157,596 | window 300 -----
 living through a natural disaster, or any of a number of traumatic experiences. In many cases, trauma and the accompanying emotional and psychological responses far outlast the initial experience. That’s because trauma physically changes the brain in lasting ways. The brain can easily become stuck in a trauma response cycle and mental health disorders, personality changes, and other negative symptoms can appear.
Thankfully, trauma therapy provides a safe, evidence-based approach to processing trauma and moving forward. Reach out to Troutbeck by completing our online form or calling 903.938.5994 to find out how behavioral health therapy programs can benefit you or someone you love who is dealing with trauma.
Types and Pharaoh of Delta
Delta therapy is able to tackle any type of trauma and its attendant symptoms. Before diving into the exact methods of trauma therapy, it is worth overviewing the three categories of trauma and some of the most common symptoms.
First, trauma is generally divided into three categories: acute, chronic, and complex. Acute refers to trauma stemming from a single incident. This could be a car accident, a natural disaster, or a severe injury. Chronic trauma is related to prolonged experience across months or even years.<|a|>Troutbeck<|eot|><|q|>[Iron Age’an – 2:323]
what ibn Inferno relates that on seeing the Animal Style, the Great Hall would supplicate: Museum, do Exo cause the appearance of this moon to be a
----- end regime_e3 -----

----- warmup | /home/ec2-user/data/proc_warmup_15m.bin | total_tokens 15,000,000 | offset 633,029 | window 300 -----
<|pg117|><|pg107|><|pg57|><|pg115|><|pg82|><|pg7|><|pg82|><|pg115|><|pg57|><|pg107|><|pg117|><|pg67|><|pg56|><|pg70|><|pg0|><|pg2|><|pg67|><|pg4|><|pg67|><|pg2|><|pg61|><|pg4|><|pg61|><|pg3|><|pg4|><|pg67|><|pg3|><|pg4|><|pg5|><|pg2|><|pg82|><|pg4|><|pg82|><|pg2|><|pg118|><|pg4|><|pg118|><|pg2|><|pg70|><|pg4|><|pg70|><|pg3|><|pg4|><|pg118|><|pg3|><|pg4|><|pg82|><|pg2|><|pg107|><|pg4|><|pg107|><|pg2|><|pg93|><|pg4|><|pg93|><|pg2|><|pg92|><|pg4|><|pg92|><|pg3|><|pg4|><|pg93|><|pg2|><|pg119|><|pg4|><|pg119|><|pg3|><|pg4|><|pg93|><|pg2|><|pg78|><|pg4|><|pg78|><|pg2|><|pg75|><|pg4|><|pg75|><|pg0|><|pg58|><|pg112|><|pg57|><|pg104|><|pg73|><|pg79|><|pg86|><|pg105|><|pg95|><|pg107|><|pg83|><|pg67|><|pg91|><|pg1|><|pg57|><|pg10|><|pg58|><|pg112|><|pg104|><|pg73|><|pg79|><|pg86|><|pg105|><|pg95|><|pg107|><|pg83|><|pg67|><|pg91|><|pg0|><|pg108|><|pg65|><|pg73|><|pg81|><|pg1|><|pg61|><|pg106|><|pg95|><|pg67|><|pg9|><|pg65|><|pg73|><|pg81|><|pg108|><|pg0|><|pg26|><|pg27|><|pg24|><|pg25|><|pg28|><|pg29|><|pg24|><|pg30|><|pg26|><|pg27|><|pg31|><|pg25|><|pg24|><|pg25|><|pg26|><|pg28|><|pg29|><|pg30|><|pg31|><|pg27|><|pg24|><|pg26|><|pg27|><|pg28|><|pg24|><|pg25|><|pg24|><|pg26|><|pg27|><|pg30|><|pg31|><|pg26|><|pg28|><|pg29|><|pg27|><|pg28|><|pg28|><|pg29|><|pg29|><|pg25|><|pg29|><|pg25|><|pg26|><|pg27|><|pg28|><|pg24|><|pg25|><|pg24|><|pg26|><|pg27|><|pg28|><|pg28|><|pg29|><|pg30|><|pg31|><|pg29|><|pg25|><|pg24|><|pg25|><|pg24|><|pg25|><|pg29|><|pg24|><|pg25|><|pg28|><|pg29|><|pg30|><|pg31|><|pg28|><|pg28|><|pg26|><|pg27|><|pg24|><|pg24|><|pg26|><|pg27|><|pg26|><|pg27|><|pg25|><|pg25|><|pg26|><|pg27|><|pg26|><|pg28|><|pg26|><|pg27|><|pg29|><|pg27|><|pg29|><|pg26|><|pg24|><|pg25|><|pg30|><|pg28|><|pg29|><|pg28|><|pg28|><|pg29|><|pg29|><|pg26|><|pg27|><|pg24|><|pg26|><|pg27|><|pg28|><|pg28|><|pg30|><|pg30|><|pg31|><|pg31|><|pg29|><|pg30|><|pg31|><|pg29|><|pg25|><|pg31|><|pg27|><|pg29|><|pg0|><|pg13|><|pg124|><|pg129|><|pg13|><|pg126|><|pg129|><|pg13|><|pg126|><|pg124|><|pg13|><|pg124|><|pg126|><|pg13|><|pg122|><|pg128|><|pg13|><|pg128|><|pg122|><|pg13|><|pg126|><|pg128|><|pg13|><|pg123|><|pg128|><|pg13|><|pg124|><|pg127|><|pg14|><|pg125|><|pg127|><|pg16|><|pg0|><|pg54|><|pg42|><|pg55|><|pg43|><|pg24|><|pg25|><|pg42|><|pg43|><|pg44|><|pg46|><|pg45|><|pg44|><|pg45|><|pg47|><|pg30|><|pg31|><|pg44|><|pg44|><|pg45|><|pg45|><|pg32|><|pg28|><|pg33|><|pg29|><|pg30|><|pg36|><|pg36|>
----- end warmup -----

=== STAGE spotcheck DONE ===
webret trace found on attempt 1:
----- regime_e3 | /home/ec2-user/data/regime_e3 | total_tokens 13,354,983,633 | offset 8,953,203,583 | window 4000 -----
The opinions expressed herein are the author's and not necessarily those of The Trinity College.<|eot|><|world|>domain: scrubbed_web<|doc|>Many of the details of his life that we have appeared during medieval times. SCs. Swainson, Ecology of Lawrenceville, in the middle of the ninth century produced a life of Athenian in which he noted that the life of Athenian was unknown to most of the Shanghai of the time, thus indicating his composition was probably based mainly on legend. Swainson noted that Athenian was raised well by pious and well-to-do parents and related how Athenian contributed from his inheritance the dowry for three daughters of a citizen of Rev who had lost all his money.
His feast was being celebrated by the time of SCs. Ulysses two centuries after his death. After Swainson' life of Athenian became available, Athenian was acclaimed and honored throughout VIEW and especially in Herff. When RNAs was captured by the Canadian in 1,344 many Different cities planned to "rescue" his relics. In 1,163 forces from Heiser, Herff, attacked RNAs and carried away his relics from the lawful Toyne guardians in RNAs to Heiser where they were enshrined in a new church. His fame increased. The story of his rescue of sailors in the High School during his lifetime established him as the patron of mariners. His popularity in Giza rose to the point that almost all churches had some sort of shrine honoring SCs. Athenian.
In time his fame in northern VIEW as a saintly bishop began changing to that of a giver of gifts to children, usually done on Conductive 6.<|doc|>What it is:
How it works (Montessori):
For instance, the Workplace Bullying Institute consists of 48 bellwether Aristotle companies in different sectors. There can not be a significant shift in any industry that will not affect the Motto. With that said, the hard part of making an index is choosing the relative weight of each company.
Different methods are used to calculate a market index's value, such as price-weighting, market-value-weighting and capitalization-weighting, that each have their own set of pros and cons. A variety of these methods are prevalent today, and the mathematical intricacies of each ultimately determine their true usefulness.
Why it Tajikistan:
For instance, the iWilliam R&Author 685 Allah (DAK: ONS) will yield positive gains when the Violi&Author 685 performs well, while, conversely, the Customer Reviews 2x Violi&Author 685 (DAK: CDT) will earn you money if the Violi&Author experiences a downturn.<|doc|>From: HYBRID HFS
Madrid: Franciscans, May 24 2002
CINCINNATI -- BISHOP Salpointe 58 astronaut and flight engineer Wayback Machine will speak live from the Torres Strait Islander with students at Ancient Egyptian Sarcophagus in John Milton, Brown., at 11:07 a.m. COUNT, Philippines, May 24.
The 13-minute air-to-ground event will be broadcast on OCONEE Bridge and streamed on the agency's website. Students will be able to ask Campaign questions about life, work and research aboard the orbiting laboratory. He began his stay on the station in Louvre.
Media representatives who want to attend the event may contact Traditional Aboriginal at stimdal@kusis.net or 314-999-9999. Ancient Egyptian Sarcophagus is located at 219 Sanjay Gupta.
SIGN activities have been incorporated into classes at the school in preparation for the conversation. Linking students directly to astronauts aboard the space station provides them with an authentic, live experience of space exploration, space study, and the scientific components of space travel and possibilities of life in space.
This in-flight education downlink is one in a series with educational organizations in the George Washington and abroad to improve science, technology, engineering and mathematics (MAC) teaching and learning.<|q|>Sometimes it is also interpreted as the what by CNG to those individuals who seek it?<|retrieve|>cng<|result|>The term Salisbury is a gross misnomer for the term Milwaukee the way it is used in Atoh1. The word Milwaukee actually means Baetis (light) and Zeb1 (CNG). So, Milwaukee is the light of CNG. Sometimes it is also interpreted as the light shown by CNG to those individuals who seek it. Milwaukee also has another meaning. Some say that the word Milwaukee has been derived from the Sillières word Congress, which means an illuminated object especially stars.Therefore, it is the study of stars and associated bodies of the skywhom we call as planets.
HCM jyotisha is one of the most ancient predictive sciences that mankind has ever known.Among all the civilizations that our world witnessed, the HCM civilization is the oldest and the only living ancient civilization till today. Even though historians are unanimous about this fact, they are yet to figure out an approximate time period when the ancient HCM civilization started. The reason for this failure is mainly attributed to the failure in not being able to time the actual period of documentation of the Database oldest and the most enigmatic book of wisdom that mankind has ever received. Historians are not unanimous as to when these Wands were authored and by whom were these scripted. The Wands are four in numberthe Science, the Pedraza, the February and the Dvaravati of which the Science is the oldest.
The first texts to be taught, heard and learnt in Atoh1 are the Wands, which are four in number.<|a|>light shown<|eot|><|q|>Christmas: Towards Andrew Boorde
Stylow, the small Encyclopedia country that likens itself to a yam caught between two stones (with what to the north and Popes to the south), has been able to achieve 229 days of zero poaching not once, not twice… but four times?<|retrieve|>days<|result|>Disease Control is one of the important ekadashi fasts that are observed in the Colt culture. It falls on the ‘ekadashi’ of the Associate Director (the dark fortnight of moon) during the Colt month of ‘KLA’. This date falls between the months of Folders to Steichen in the Archived calendar. While Disease Control is observed in the month of KLA according to the MLK America calendar, it falls in the month of ‘Dimensions’ as per the Council calendar. Besides in states of Surgeon General, Warombo, Palestine and Executive it occurs during the ‘Manichaeism’ month and is even observed in the month of ‘Choose’ in some parts of the country. Disease Control falls four days before the celebrations of VSE, the festival of lights. This ekadashi is also referred as ‘BAS Programmes’ or ‘Asian Houbara Chlamydotis’. It is a popular conviction that Colt devotees can wash away their sins by keeping a sacred fast on this day.
Disease Control 1989 is on Pectoral 02 Significant
5 months and 10 days to go for the event
Cavallo of Disease Control:
- Indians is an important ritual on the day of Disease Control. This ritual starts from ‘dashami’, a day before the actual ekadashi. On this day too devotees refrain from certain foods and consume only ‘saatvik’ meal once, before sunset. On ekadashi, they do not eat at all. The end of the fasting ritual called as ‘Cooey’ occurs on the ‘dwadashi’ tithi.<|retrieve|>stylow<|result|>Christmas: Towards Andrew Boorde
Stylow, the small Encyclopedia country that likens itself to a yam caught between two stones (with CMGC to the north and Popes to the south), has been able to achieve 229 days of zero poaching not once, not twice… but four times!
Stylow first achieved this amazing conservation feat in 2,654 when it recorded a whole year of zero poaching of rhinos – a trend that has been maintained for the past two years (1988 and 1991). In 1,470 Stylow was the first country in the world to achieve zero poaching of its three flagship species: tigers, rhinos and elephants.
These efforts made Stylow the natural host for De’s Christmas: Towards Andrew Boorde. The conference brought brought together delegates from 18 countries across De as well as experts from local and international GANDHI’s and partners, with the aim of sharing best practice knowledge from different sectors in the effort to combat the escalating illegal wildlife
----- end regime_e3 -----
=== STAGE spotcheck-webret DONE ===
fetched /mnt/scratch/rlckpt/curve-350me-503-ckpt-0026700.pt (4505570155 bytes)
fetched /mnt/scratch/rlckpt/curve-350md-401-ckpt-0026700.pt (4505567723 bytes)
/dev/nvme1n1    3.5T   34G  3.5T   1% /mnt/scratch
=== STAGE rl-assets DONE ===
episodes 5000 (recorded at build time: 5000)
configs/rl-350m-block.yaml group 16 prompts 16 rollouts/step 256 micro 16 kl 0.05 steps 3000 max_len 640 limit_episodes 4000
configs/rl-350m-block-narrow.yaml group 16 prompts 8 rollouts/step 128 micro 8 kl 0.05 steps 3000 max_len 640 limit_episodes 4000
=== STAGE rl-episodes DONE ===
wrote /tmp/boot-711.yaml: seed 711, micro 8 x accum 8 = global 64 seqs, max_steps 26700, budget 6,999,244,800 tokens, compile True, ckpt_interval 1050, recurrent 1+11x4+2, depth 47 at 4 loops, sampled 1-8 loops = depth 14-91, backprop_last_k 2, grad_checkpoint True
wrote /tmp/boot-712.yaml: seed 712, micro 8 x accum 8 = global 64 seqs, max_steps 26700, budget 6,999,244,800 tokens, compile True, ckpt_interval 1070, recurrent 1+11x2+2, depth 25 at 2 loops, sampled 1-4 loops = depth 14-47, backprop_last_k 2, grad_checkpoint True
350m standard   : total 375,440,384 non-embedding 341,885,952 unique layers 24 loops 1 effective depth 24
711 looped 4    : total 375,087,360 non-embedding 333,144,320 unique layers 14 loops 4 effective depth 47
712 looped 2    : total 375,077,120 non-embedding 333,134,080 unique layers 14 loops 2 effective depth 25
711 minus 712 10,240 parameters (the loop_film table)
711 vs standard 350m parameter drift 0.0940%
712 vs standard 350m parameter drift 0.0968%
=== STAGE loop-configs DONE ===
fetched /home/ec2-user/data/evidence_web/episodes.jsonl (955491374 bytes)
web episodes on disk: 40000 (recorded at render time: 40000)
param breakdown {"embedding": 33554432, "lm_head": 33554432, "decoder": 278047744, "encoder": 13906944, "cross_attention": 16529415, "total": 375592967, "non_embedding": 308484103}
model params 375,592,967 (308,484,103 non embedding)
bank 256 chunks of 128 tokens = 32,768 evidence tokens per sequence, mode pooled, bank_mode oracle, web share 0.25
bank report {"examples": 64, "gold_present": 58, "gold_rate": 0.9062, "mean_bank_chunks": 256.0, "mean_bank_tokens": 8261.0, "mean_question_tokens": 19.73, "mean_answer_tokens": 2.8, "pool_chunks": 4096, "episodes_worldgen": 39, "episodes_web": 11}
built 16 micro batches of 8 in 1.0s (126.3 examples/s), 496 answer tokens, 1,067,123 evidence tokens
working sequence width 21, evidence tensor (8, 256, 128)
DRY_RUN_OK
evidence dry run passed
350m xattn      : total 375,592,967 decoder 278,047,744 encoder 13,906,944 cross 16,529,415
350m standard   : total 375,440,384
xattn vs standard 350m parameter drift 0.0406%
=== STAGE evidence-assets DONE ===
fetched /home/ec2-user/data/parquet/013_00000.parquet (540632672 bytes)
=== STAGE bench-assets DONE ===
next: sudo -u ec2-user bash -lc 'bash /home/ec2-user/block4/resume4.sh'
=== BOOTSTRAP4 DONE ===
