{"event": "start", "base": "/home/ec2-user/retrain/corpus-v1-8k.pt", "n": 300000, "steps": 8000, "batch": 32, "micro": 4, "lr": 2e-05, "params": 375440384, "cfg": {"d_ff": 2816, "d_model": 1024, "max_seq_len": 4096, "n_heads": 16, "n_layers": 24, "norm_eps": 1e-05, "rope_theta": 10000.0, "vocab_size": 32768}, "seed": 1234}
/home/ec2-user/decoupled-reasoner/src/system/lmtrain.py:118: UserWarning: Converting a tensor with requires_grad=True to a scalar may lead to unexpected behavior.
Consider using tensor.detach() first. (Triggered internally at /__w/pytorch/pytorch/torch/csrc/autograd/generated/python_variable_methods.cpp:822.)
  tot += float(loss) / accum
{"event": "step", "step": 1, "loss": 8.75925, "lr": 9.999999653021726e-08, "grad_norm": 64.0772, "sec": 1.5, "gb": 10.69}
{"event": "step", "step": 25, "loss": 3.50971, "lr": 2.499945785079244e-06, "grad_norm": 13.7888, "sec": 22.1, "gb": 19.19}
{"event": "step", "step": 50, "loss": 1.08839, "lr": 4.999566291084646e-06, "grad_norm": 3.2257, "sec": 43.9, "gb": 19.19}
{"event": "step", "step": 75, "loss": 0.37701, "lr": 7.498536291194323e-06, "grad_norm": 2.748, "sec": 62.5, "gb": 19.19}
{"event": "step", "step": 100, "loss": 0.19378, "lr": 9.996530663083255e-06, "grad_norm": 2.2776, "sec": 81.0, "gb": 19.19}
{"event": "step", "step": 125, "loss": 0.11898, "lr": 1.2493224441154097e-05, "grad_norm": 1.8685, "sec": 102.8, "gb": 19.19}
{"event": "step", "step": 150, "loss": 0.11384, "lr": 1.4988292868746835e-05, "grad_norm": 1.3499, "sec": 124.3, "gb": 19.19}
{"event": "step", "step": 175, "loss": 0.13233, "lr": 1.7481411450320254e-05, "grad_norm": 1.1277, "sec": 141.6, "gb": 19.19}
{"event": "step", "step": 200, "loss": 0.07911, "lr": 1.9972256003598153e-05, "grad_norm": 1.4491, "sec": 162.4, "gb": 19.28}
{"event": "step", "step": 225, "loss": 0.07603, "lr": 1.9964891299265188e-05, "grad_norm": 0.6484, "sec": 184.2, "gb": 19.28}
{"event": "step", "step": 250, "loss": 0.07179, "lr": 1.9956662540049773e-05, "grad_norm": 1.0312, "sec": 203.4, "gb": 19.28}
{"event": "step", "step": 275, "loss": 0.02478, "lr": 1.9947570519056857e-05, "grad_norm": 0.4519, "sec": 221.6, "gb": 19.93}
{"event": "step", "step": 300, "loss": 0.02919, "lr": 1.993761611259434e-05, "grad_norm": 0.9843, "sec": 239.1, "gb": 19.93}
{"event": "step", "step": 325, "loss": 0.03738, "lr": 1.9926800280088636e-05, "grad_norm": 0.9968, "sec": 256.7, "gb": 19.93}
{"event": "step", "step": 350, "loss": 0.01078, "lr": 1.9915124063992195e-05, "grad_norm": 0.3503, "sec": 274.7, "gb": 19.93}
{"event": "step", "step": 375, "loss": 0.01576, "lr": 1.9902588589683032e-05, "grad_norm": 0.3889, "sec": 292.3, "gb": 19.93}
{"event": "step", "step": 400, "loss": 0.01774, "lr": 1.988919506535624e-05, "grad_norm": 1.1992, "sec": 310.6, "gb": 19.93}
{"event": "step", "step": 425, "loss": 0.01736, "lr": 1.9874944781907578e-05, "grad_norm": 0.6713, "sec": 328.8, "gb": 19.93}
{"event": "step", "step": 450, "loss": 0.00568, "lr": 1.9859839112809026e-05, "grad_norm": 0.3569, "sec": 346.9, "gb": 19.93}
{"event": "step", "step": 475, "loss": 0.00995, "lr": 1.984387951397641e-05, "grad_norm": 0.4714, "sec": 364.6, "gb": 19.93}
{"event": "step", "step": 500, "loss": 0.0245, "lr": 1.9827067523629075e-05, "grad_norm": 1.0571, "sec": 384.4, "gb": 19.93}
{"event": "step", "step": 525, "loss": 0.00102, "lr": 1.9809404762141653e-05, "grad_norm": 0.2242, "sec": 406.3, "gb": 19.93}
{"event": "step", "step": 550, "loss": 0.0064, "lr": 1.9790892931887853e-05, "grad_norm": 0.2613, "sec": 428.0, "gb": 19.93}
{"event": "step", "step": 575, "loss": 0.00967, "lr": 1.9771533817076406e-05, "grad_norm": 0.3601, "sec": 449.5, "gb": 19.93}
{"event": "step", "step": 600, "loss": 0.00374, "lr": 1.975132928357909e-05, "grad_norm": 0.1988, "sec": 471.3, "gb": 19.93}
{"event": "step", "step": 625, "loss": 0.00697, "lr": 1.9730281278750897e-05, "grad_norm": 0.6901, "sec": 493.5, "gb": 19.93}
{"event": "step", "step": 650, "loss": 0.00455, "lr": 1.970839183124234e-05, "grad_norm": 0.2123, "sec": 512.6, "gb": 19.93}
{"event": "step", "step": 675, "loss": 0.00281, "lr": 1.9685663050803927e-05, "grad_norm": 0.0943, "sec": 529.8, "gb": 19.93}
{"event": "step", "step": 700, "loss": 0.00073, "lr": 1.9662097128082828e-05, "grad_norm": 0.0614, "sec": 551.0, "gb": 19.93}
{"event": "step", "step": 725, "loss": 0.00386, "lr": 1.9637696334411717e-05, "grad_norm": 0.3089, "sec": 570.2, "gb": 19.93}
{"event": "step", "step": 750, "loss": 0.00336, "lr": 1.961246302158988e-05, "grad_norm": 0.1712, "sec": 588.1, "gb": 19.93}
{"event": "step", "step": 775, "loss": 0.00672, "lr": 1.9586399621656525e-05, "grad_norm": 0.345, "sec": 605.9, "gb": 19.93}
{"event": "step", "step": 800, "loss": 0.00909, "lr": 1.9559508646656384e-05, "grad_norm": 0.7033, "sec": 626.9, "gb": 19.93}
{"event": "step", "step": 825, "loss": 0.0009, "lr": 1.9531792688397598e-05, "grad_norm": 0.1535, "sec": 644.7, "gb": 19.93}
{"event": "step", "step": 850, "loss": 0.00147, "lr": 1.9503254418201905e-05, "grad_norm": 0.146, "sec": 662.6, "gb": 19.93}
{"event": "step", "step": 875, "loss": 0.00076, "lr": 1.947389658664719e-05, "grad_norm": 0.1568, "sec": 681.6, "gb": 19.93}
{"event": "step", "step": 900, "loss": 0.00055, "lr": 1.944372202330236e-05, "grad_norm": 0.0301, "sec": 699.0, "gb": 19.93}
{"event": "step", "step": 925, "loss": 0.00177, "lr": 1.9412733636454632e-05, "grad_norm": 0.2139, "sec": 717.9, "gb": 19.93}
{"event": "step", "step": 950, "loss": 0.00161, "lr": 1.9380934412829234e-05, "grad_norm": 0.1786, "sec": 734.9, "gb": 19.93}
{"event": "step", "step": 975, "loss": 0.0174, "lr": 1.9348327417301518e-05, "grad_norm": 0.6181, "sec": 753.3, "gb": 19.93}
{"event": "step", "step": 1000, "loss": 0.00124, "lr": 1.931491579260158e-05, "grad_norm": 0.1228, "sec": 772.1, "gb": 19.93}
{"event": "step", "step": 1025, "loss": 0.00204, "lr": 1.9280702759011356e-05, "grad_norm": 0.4307, "sec": 792.5, "gb": 19.93}
{"event": "step", "step": 1050, "loss": 0.00126, "lr": 1.9245691614054228e-05, "grad_norm": 0.2719, "sec": 811.0, "gb": 19.93}
{"event": "step", "step": 1075, "loss": 0.0012, "lr": 1.920988573217721e-05, "grad_norm": 0.312, "sec": 829.6, "gb": 19.93}
{"event": "step", "step": 1100, "loss": 0.00177, "lr": 1.9173288564425733e-05, "grad_norm": 0.0578, "sec": 847.4, "gb": 19.93}
{"event": "step", "step": 1125, "loss": 0.00049, "lr": 1.9135903638110993e-05, "grad_norm": 0.0387, "sec": 867.4, "gb": 19.93}
{"event": "step", "step": 1150, "loss": 0.0001, "lr": 1.9097734556469995e-05, "grad_norm": 0.0086, "sec": 886.6, "gb": 19.93}
{"event": "step", "step": 1175, "loss": 0.00025, "lr": 1.9058784998318274e-05, "grad_norm": 0.0199, "sec": 905.0, "gb": 19.93}
{"event": "step", "step": 1200, "loss": 0.00112, "lr": 1.901905871769531e-05, "grad_norm": 0.0885, "sec": 923.1, "gb": 19.93}
{"event": "step", "step": 1225, "loss": 0.00045, "lr": 1.8978559543502722e-05, "grad_norm": 0.0808, "sec": 942.5, "gb": 19.93}
{"event": "step", "step": 1250, "loss": 0.001, "lr": 1.8937291379135198e-05, "grad_norm": 0.1007, "sec": 963.4, "gb": 19.93}
{"event": "step", "step": 1275, "loss": 0.00096, "lr": 1.889525820210432e-05, "grad_norm": 0.0815, "sec": 985.5, "gb": 19.93}
{"event": "step", "step": 1300, "loss": 0.00186, "lr": 1.8852464063655178e-05, "grad_norm": 0.2331, "sec": 1007.1, "gb": 19.93}
{"event": "step", "step": 1325, "loss": 0.0001, "lr": 1.88089130883759e-05, "grad_norm": 0.0158, "sec": 1025.8, "gb": 19.93}
{"event": "step", "step": 1350, "loss": 0.00035, "lr": 1.876460947380013e-05, "grad_norm": 0.1739, "sec": 1043.7, "gb": 19.93}
{"event": "step", "step": 1375, "loss": 0.00523, "lr": 1.871955749000245e-05, "grad_norm": 0.4878, "sec": 1063.5, "gb": 19.93}
{"event": "step", "step": 1400, "loss": 0.00012, "lr": 1.867376147918683e-05, "grad_norm": 0.0162, "sec": 1081.3, "gb": 19.93}
{"event": "step", "step": 1425, "loss": 0.00264, "lr": 1.8627225855268112e-05, "grad_norm": 0.3957, "sec": 1099.8, "gb": 19.93}
{"event": "step", "step": 1450, "loss": 6e-05, "lr": 1.857995510344658e-05, "grad_norm": 0.0034, "sec": 1117.7, "gb": 19.93}
{"event": "step", "step": 1475, "loss": 0.00261, "lr": 1.8531953779775685e-05, "grad_norm": 0.3795, "sec": 1135.3, "gb": 19.93}
{"event": "step", "step": 1500, "loss": 0.00013, "lr": 1.848322651072291e-05, "grad_norm": 0.0141, "sec": 1153.9, "gb": 19.93}
{"event": "step", "step": 1525, "loss": 0.00019, "lr": 1.843377799272386e-05, "grad_norm": 0.0209, "sec": 1172.9, "gb": 19.93}
{"event": "step", "step": 1550, "loss": 0.00028, "lr": 1.8383612991729625e-05, "grad_norm": 0.0475, "sec": 1194.0, "gb": 19.93}
{"event": "step", "step": 1575, "loss": 7e-05, "lr": 1.8332736342747406e-05, "grad_norm": 0.0097, "sec": 1211.7, "gb": 19.93}
{"event": "step", "step": 1600, "loss": 0.00368, "lr": 1.8281152949374527e-05, "grad_norm": 0.2889, "sec": 1232.3, "gb": 19.93}
{"event": "step", "step": 1625, "loss": 0.00041, "lr": 1.8228867783325804e-05, "grad_norm": 0.0264, "sec": 1254.1, "gb": 19.93}
{"event": "step", "step": 1650, "loss": 0.00024, "lr": 1.8175885883954364e-05, "grad_norm": 0.0706, "sec": 1276.3, "gb": 19.93}
{"event": "step", "step": 1675, "loss": 0.00134, "lr": 1.8122212357765945e-05, "grad_norm": 0.2265, "sec": 1296.8, "gb": 19.93}
{"event": "step", "step": 1700, "loss": 0.00098, "lr": 1.8067852377926703e-05, "grad_norm": 0.0993, "sec": 1314.5, "gb": 19.93}
{"event": "step", "step": 1725, "loss": 0.00098, "lr": 1.801281118376465e-05, "grad_norm": 0.1939, "sec": 1333.0, "gb": 19.93}
{"event": "step", "step": 1750, "loss": 0.00046, "lr": 1.7957094080264634e-05, "grad_norm": 0.1091, "sec": 1351.6, "gb": 19.93}
{"event": "step", "step": 1775, "loss": 0.00112, "lr": 1.7900706437557054e-05, "grad_norm": 0.1223, "sec": 1373.8, "gb": 19.93}
{"event": "step", "step": 1800, "loss": 0.00132, "lr": 1.784365369040028e-05, "grad_norm": 0.1707, "sec": 1396.2, "gb": 19.93}
{"event": "step", "step": 1825, "loss": 0.00024, "lr": 1.7785941337656827e-05, "grad_norm": 0.0978, "sec": 1416.0, "gb": 19.93}
{"event": "step", "step": 1850, "loss": 0.00655, "lr": 1.7727574941763372e-05, "grad_norm": 0.2517, "sec": 1434.2, "gb": 19.93}
{"event": "step", "step": 1875, "loss": 0.00662, "lr": 1.7668560128194635e-05, "grad_norm": 0.544, "sec": 1452.4, "gb": 19.93}
{"event": "step", "step": 1900, "loss": 0.00138, "lr": 1.760890258492117e-05, "grad_norm": 0.1046, "sec": 1471.2, "gb": 19.93}
{"event": "step", "step": 1925, "loss": 0.00024, "lr": 1.7548608061861176e-05, "grad_norm": 0.0226, "sec": 1493.5, "gb": 19.93}
{"event": "step", "step": 1950, "loss": 0.00233, "lr": 1.748768237032627e-05, "grad_norm": 0.1285, "sec": 1515.5, "gb": 19.93}
{"event": "step", "step": 1975, "loss": 9e-05, "lr": 1.7426131382461414e-05, "grad_norm": 0.0097, "sec": 1537.1, "gb": 19.93}
{"event": "step", "step": 2000, "loss": 2e-05, "lr": 1.736396103067893e-05, "grad_norm": 0.001, "sec": 1558.9, "gb": 19.93}
{"event": "step", "step": 2025, "loss": 3e-05, "lr": 1.7301177307086713e-05, "grad_norm": 0.0015, "sec": 1579.3, "gb": 19.93}
{"event": "step", "step": 2050, "loss": 3e-05, "lr": 1.7237786262910724e-05, "grad_norm": 0.0014, "sec": 1597.3, "gb": 19.93}
{"event": "step", "step": 2075, "loss": 6e-05, "lr": 1.7173794007911733e-05, "grad_norm": 0.0051, "sec": 1616.1, "gb": 19.93}
{"event": "step", "step": 2100, "loss": 0.00258, "lr": 1.7109206709796478e-05, "grad_norm": 0.4258, "sec": 1634.6, "gb": 19.93}
{"event": "step", "step": 2125, "loss": 8e-05, "lr": 1.7044030593623166e-05, "grad_norm": 0.0148, "sec": 1655.3, "gb": 19.96}
{"event": "step", "step": 2150, "loss": 2e-05, "lr": 1.6978271941201537e-05, "grad_norm": 0.0008, "sec": 1673.0, "gb": 19.96}
{"event": "step", "step": 2175, "loss": 3e-05, "lr": 1.6911937090487372e-05, "grad_norm": 0.0053, "sec": 1691.7, "gb": 19.96}
{"event": "step", "step": 2200, "loss": 0.00125, "lr": 1.6845032434971652e-05, "grad_norm": 0.1446, "sec": 1710.0, "gb": 19.96}
{"event": "step", "step": 2225, "loss": 4e-05, "lr": 1.677756442306433e-05, "grad_norm": 0.0027, "sec": 1729.2, "gb": 19.96}
{"event": "step", "step": 2250, "loss": 0.00012, "lr": 1.6709539557472813e-05, "grad_norm": 0.0256, "sec": 1747.4, "gb": 19.96}
{"event": "step", "step": 2275, "loss": 5e-05, "lr": 1.664096439457523e-05, "grad_norm": 0.0046, "sec": 1766.0, "gb": 19.96}
{"event": "step", "step": 2300, "loss": 0.00013, "lr": 1.657184554378851e-05, "grad_norm": 0.0265, "sec": 1784.9, "gb": 19.96}
{"event": "step", "step": 2325, "loss": 0.00076, "lr": 1.650218966693135e-05, "grad_norm": 0.1941, "sec": 1804.2, "gb": 19.96}
{"event": "step", "step": 2350, "loss": 8e-05, "lr": 1.6432003477582142e-05, "grad_norm": 0.0075, "sec": 1822.9, "gb": 19.96}
{"event": "step", "step": 2375, "loss": 0.0048, "lr": 1.6361293740431902e-05, "grad_norm": 0.5534, "sec": 1843.7, "gb": 19.96}
{"event": "step", "step": 2400, "loss": 1e-05, "lr": 1.629006727063226e-05, "grad_norm": 0.0007, "sec": 1861.7, "gb": 19.96}
{"event": "step", "step": 2425, "loss": 0.00053, "lr": 1.6218330933138626e-05, "grad_norm": 0.0777, "sec": 1880.0, "gb": 19.96}
{"event": "step", "step": 2450, "loss": 0.0005, "lr": 1.614609164204851e-05, "grad_norm": 0.114, "sec": 1899.1, "gb": 19.96}
{"event": "step", "step": 2475, "loss": 3e-05, "lr": 1.607335635993515e-05, "grad_norm": 0.0031, "sec": 1917.4, "gb": 19.96}
{"event": "step", "step": 2500, "loss": 3e-05, "lr": 1.600013209717642e-05, "grad_norm": 0.0062, "sec": 1935.7, "gb": 19.96}
{"event": "step", "step": 2525, "loss": 0.00235, "lr": 1.5926425911279172e-05, "grad_norm": 0.1208, "sec": 1954.2, "gb": 19.96}
{"event": "step", "step": 2550, "loss": 3e-05, "lr": 1.5852244906199006e-05, "grad_norm": 0.0025, "sec": 1972.3, "gb": 19.96}
{"event": "step", "step": 2575, "loss": 0.0001, "lr": 1.5777596231655585e-05, "grad_norm": 0.0118, "sec": 1990.3, "gb": 19.96}
{"event": "step", "step": 2600, "loss": 0.00049, "lr": 1.570248708244354e-05, "grad_norm": 0.0812, "sec": 2010.6, "gb": 19.96}
{"event": "step", "step": 2625, "loss": 0.00031, "lr": 1.5626924697738996e-05, "grad_norm": 0.0795, "sec": 2028.8, "gb": 19.96}
{"event": "step", "step": 2650, "loss": 0.00071, "lr": 1.5550916360401864e-05, "grad_norm": 0.1921, "sec": 2047.0, "gb": 19.96}
{"event": "step", "step": 2675, "loss": 2e-05, "lr": 1.547446939627389e-05, "grad_norm": 0.002, "sec": 2067.1, "gb": 19.96}
{"event": "step", "step": 2700, "loss": 2e-05, "lr": 1.5397591173472597e-05, "grad_norm": 0.0008, "sec": 2085.8, "gb": 19.96}
{"event": "step", "step": 2725, "loss": 1e-05, "lr": 1.53202891016811e-05, "grad_norm": 0.001, "sec": 2105.3, "gb": 19.96}
{"event": "step", "step": 2750, "loss": 0.00028, "lr": 1.5242570631433982e-05, "grad_norm": 0.0319, "sec": 2125.7, "gb": 19.96}
{"event": "step", "step": 2775, "loss": 0.00103, "lr": 1.5164443253399153e-05, "grad_norm": 0.3698, "sec": 2144.0, "gb": 19.96}
{"event": "step", "step": 2800, "loss": 9e-05, "lr": 1.5085914497655923e-05, "grad_norm": 0.0117, "sec": 2164.1, "gb": 19.96}
{"event": "step", "step": 2825, "loss": 1e-05, "lr": 1.5006991932969215e-05, "grad_norm": 0.0006, "sec": 2185.8, "gb": 19.96}
{"event": "step", "step": 2850, "loss": 1e-05, "lr": 1.4927683166060079e-05, "grad_norm": 0.0006, "sec": 2203.6, "gb": 19.96}
{"event": "step", "step": 2875, "loss": 0.0, "lr": 1.484799584087254e-05, "grad_norm": 0.0, "sec": 2222.4, "gb": 19.96}
{"event": "step", "step": 2900, "loss": 1e-05, "lr": 1.4767937637836854e-05, "grad_norm": 0.0006, "sec": 2244.3, "gb": 19.96}
{"event": "step", "step": 2925, "loss": 0.0009, "lr": 1.468751627312926e-05, "grad_norm": 0.2346, "sec": 2263.9, "gb": 19.96}
{"event": "step", "step": 2950, "loss": 0.00026, "lr": 1.460673949792827e-05, "grad_norm": 0.0384, "sec": 2282.1, "gb": 19.96}
{"event": "step", "step": 2975, "loss": 2e-05, "lr": 1.4525615097667605e-05, "grad_norm": 0.0027, "sec": 2300.1, "gb": 19.96}
{"event": "step", "step": 3000, "loss": 7e-05, "lr": 1.4444150891285809e-05, "grad_norm": 0.0108, "sec": 2318.4, "gb": 19.96}
{"event": "step", "step": 3025, "loss": 0.0, "lr": 1.4362354730472648e-05, "grad_norm": 0.0003, "sec": 2337.9, "gb": 19.96}
{"event": "step", "step": 3050, "loss": 1e-05, "lr": 1.428023449891235e-05, "grad_norm": 0.0005, "sec": 2356.1, "gb": 19.96}
{"event": "step", "step": 3075, "loss": 0.0, "lr": 1.4197798111523747e-05, "grad_norm": 0.0002, "sec": 2374.1, "gb": 19.96}
{"event": "step", "step": 3100, "loss": 1e-05, "lr": 1.4115053513697438e-05, "grad_norm": 0.0007, "sec": 2392.4, "gb": 19.96}
{"event": "step", "step": 3125, "loss": 0.00456, "lr": 1.403200868052998e-05, "grad_norm": 0.2406, "sec": 2410.0, "gb": 19.96}
{"event": "step", "step": 3150, "loss": 4e-05, "lr": 1.3948671616055243e-05, "grad_norm": 0.0051, "sec": 2428.7, "gb": 19.96}
{"event": "step", "step": 3175, "loss": 1e-05, "lr": 1.386505035247295e-05, "grad_norm": 0.0025, "sec": 2448.7, "gb": 19.96}
{"event": "step", "step": 3200, "loss": 2e-05, "lr": 1.3781152949374527e-05, "grad_norm": 0.0018, "sec": 2466.3, "gb": 19.96}
{"event": "step", "step": 3225, "loss": 1e-05, "lr": 1.3696987492966312e-05, "grad_norm": 0.0006, "sec": 2484.6, "gb": 19.96}
{"event": "step", "step": 3250, "loss": 0.0013, "lr": 1.361256209529016e-05, "grad_norm": 0.1109, "sec": 2502.9, "gb": 19.96}
{"event": "step", "step": 3275, "loss": 1e-05, "lr": 1.3527884893441633e-05, "grad_norm": 0.0007, "sec": 2521.1, "gb": 19.96}
{"event": "step", "step": 3300, "loss": 0.0, "lr": 1.3442964048785669e-05, "grad_norm": 0.0002, "sec": 2538.8, "gb": 19.96}
{"event": "step", "step": 3325, "loss": 0.00257, "lr": 1.3357807746170038e-05, "grad_norm": 0.8206, "sec": 2560.7, "gb": 19.96}
{"event": "step", "step": 3350, "loss": 1e-05, "lr": 1.3272424193136422e-05, "grad_norm": 0.0015, "sec": 2582.3, "gb": 19.96}
{"event": "step", "step": 3375, "loss": 3e-05, "lr": 1.3186821619129378e-05, "grad_norm": 0.008, "sec": 2604.1, "gb": 19.96}
{"event": "step", "step": 3400, "loss": 1e-05, "lr": 1.3101008274703151e-05, "grad_norm": 0.0006, "sec": 2625.1, "gb": 19.96}
{"event": "step", "step": 3425, "loss": 1e-05, "lr": 1.3014992430726487e-05, "grad_norm": 0.0064, "sec": 2643.2, "gb": 19.96}
{"event": "step", "step": 3450, "loss": 1e-05, "lr": 1.2928782377585458e-05, "grad_norm": 0.0007, "sec": 2661.1, "gb": 19.96}
{"event": "step", "step": 3475, "loss": 1e-05, "lr": 1.2842386424384419e-05, "grad_norm": 0.0011, "sec": 2679.1, "gb": 19.96}
{"event": "step", "step": 3500, "loss": 0.0, "lr": 1.2755812898145157e-05, "grad_norm": 0.0003, "sec": 2698.4, "gb": 19.96}
{"event": "step", "step": 3525, "loss": 0.0, "lr": 1.2669070143004318e-05, "grad_norm": 0.0, "sec": 2719.5, "gb": 19.96}
{"event": "step", "step": 3550, "loss": 0.0, "lr": 1.2582166519409194e-05, "grad_norm": 0.0, "sec": 2739.1, "gb": 19.96}
{"event": "step", "step": 3575, "loss": 0.0, "lr": 1.2495110403311889e-05, "grad_norm": 0.0, "sec": 2756.9, "gb": 19.96}
{"event": "step", "step": 3600, "loss": 1e-05, "lr": 1.240791018536208e-05, "grad_norm": 0.0007, "sec": 2774.4, "gb": 19.96}
{"event": "step", "step": 3625, "loss": 0.0, "lr": 1.2320574270098255e-05, "grad_norm": 0.0004, "sec": 2795.2, "gb": 19.96}
{"event": "step", "step": 3650, "loss": 0.0, "lr": 1.2233111075137714e-05, "grad_norm": 0.0001, "sec": 2813.0, "gb": 19.96}
{"event": "step", "step": 3675, "loss": 1e-05, "lr": 1.2145529030365222e-05, "grad_norm": 0.0008, "sec": 2831.4, "gb": 19.96}
{"event": "step", "step": 3700, "loss": 1e-05, "lr": 1.205783657712054e-05, "grad_norm": 0.0057, "sec": 2849.1, "gb": 19.96}
{"event": "step", "step": 3725, "loss": 1e-05, "lr": 1.1970042167384834e-05, "grad_norm": 0.0004, "sec": 2866.8, "gb": 19.96}
{"event": "step", "step": 3750, "loss": 2e-05, "lr": 1.1882154262966051e-05, "grad_norm": 0.0022, "sec": 2884.3, "gb": 19.96}
{"event": "step", "step": 3775, "loss": 0.0, "lr": 1.1794181334683329e-05, "grad_norm": 0.0001, "sec": 2903.2, "gb": 19.96}
{"event": "step", "step": 3800, "loss": 0.0, "lr": 1.1706131861550607e-05, "grad_norm": 0.0001, "sec": 2925.3, "gb": 19.96}
{"event": "step", "step": 3825, "loss": 0.0, "lr": 1.1618014329959363e-05, "grad_norm": 0.0007, "sec": 2947.2, "gb": 19.96}
{"event": "step", "step": 3850, "loss": 0.00263, "lr": 1.1529837232860701e-05, "grad_norm": 0.2924, "sec": 2969.1, "gb": 19.96}
{"event": "step", "step": 3875, "loss": 0.0, "lr": 1.1441609068946764e-05, "grad_norm": 0.0005, "sec": 2991.7, "gb": 19.96}
{"event": "step", "step": 3900, "loss": 1e-05, "lr": 1.1353338341831619e-05, "grad_norm": 0.0011, "sec": 3010.6, "gb": 19.96}
{"event": "step", "step": 3925, "loss": 0.0, "lr": 1.1265033559231674e-05, "grad_norm": 0.0002, "sec": 3028.0, "gb": 19.96}
{"event": "step", "step": 3950, "loss": 0.0, "lr": 1.1176703232145657e-05, "grad_norm": 0.0002, "sec": 3046.1, "gb": 19.96}
{"event": "step", "step": 3975, "loss": 0.0, "lr": 1.1088355874034349e-05, "grad_norm": 0.0003, "sec": 3065.2, "gb": 19.96}
{"event": "step", "step": 4000, "loss": 0.0, "lr": 1.1000000000000001e-05, "grad_norm": 0.001, "sec": 3083.6, "gb": 19.96}
{"event": "step", "step": 4025, "loss": 0.0, "lr": 1.0911644125965655e-05, "grad_norm": 0.0003, "sec": 3105.5, "gb": 19.96}
{"event": "step", "step": 4050, "loss": 1e-05, "lr": 1.0823296767854348e-05, "grad_norm": 0.0008, "sec": 3123.3, "gb": 19.96}
{"event": "step", "step": 4075, "loss": 0.00014, "lr": 1.0734966440768333e-05, "grad_norm": 0.0173, "sec": 3145.1, "gb": 19.96}
{"event": "step", "step": 4100, "loss": 0.0, "lr": 1.0646661658168387e-05, "grad_norm": 0.0002, "sec": 3167.0, "gb": 19.96}
{"event": "step", "step": 4125, "loss": 0.0, "lr": 1.055839093105324e-05, "grad_norm": 0.0001, "sec": 3187.8, "gb": 19.96}
{"event": "step", "step": 4150, "loss": 0.0, "lr": 1.0470162767139298e-05, "grad_norm": 0.0008, "sec": 3205.8, "gb": 19.96}
{"event": "step", "step": 4175, "loss": 1e-05, "lr": 1.0381985670040638e-05, "grad_norm": 0.0005, "sec": 3223.5, "gb": 19.96}
{"event": "step", "step": 4200, "loss": 0.0, "lr": 1.02938681384494e-05, "grad_norm": 0.0001, "sec": 3242.6, "gb": 19.96}
{"event": "step", "step": 4225, "loss": 0.0, "lr": 1.0205818665316678e-05, "grad_norm": 0.0001, "sec": 3260.8, "gb": 19.96}
{"event": "step", "step": 4250, "loss": 0.0, "lr": 1.0117845737033955e-05, "grad_norm": 0.0007, "sec": 3278.9, "gb": 19.96}
{"event": "step", "step": 4275, "loss": 0.0, "lr": 1.0029957832615167e-05, "grad_norm": 0.0001, "sec": 3297.1, "gb": 19.96}
{"event": "step", "step": 4300, "loss": 0.0, "lr": 9.942163422879462e-06, "grad_norm": 0.0001, "sec": 3316.6, "gb": 19.96}
{"event": "step", "step": 4325, "loss": 1e-05, "lr": 9.854470969634785e-06, "grad_norm": 0.0013, "sec": 3336.2, "gb": 19.96}
{"event": "step", "step": 4350, "loss": 0.0, "lr": 9.76688892486229e-06, "grad_norm": 0.0, "sec": 3354.7, "gb": 19.96}
{"event": "step", "step": 4375, "loss": 0.0, "lr": 9.679425729901746e-06, "grad_norm": 0.0003, "sec": 3376.5, "gb": 19.96}
{"event": "step", "step": 4400, "loss": 0.0, "lr": 9.592089814637922e-06, "grad_norm": 0.0005, "sec": 3397.1, "gb": 19.96}
{"event": "step", "step": 4425, "loss": 0.0, "lr": 9.504889596688114e-06, "grad_norm": 0.0002, "sec": 3416.1, "gb": 19.96}
{"event": "step", "step": 4450, "loss": 0.00017, "lr": 9.41783348059081e-06, "grad_norm": 0.0471, "sec": 3434.9, "gb": 19.96}
{"event": "step", "step": 4475, "loss": 0.00136, "lr": 9.330929856995683e-06, "grad_norm": 0.1408, "sec": 3454.8, "gb": 19.96}
{"event": "step", "step": 4500, "loss": 0.0, "lr": 9.244187101854846e-06, "grad_norm": 0.0003, "sec": 3472.5, "gb": 19.96}
{"event": "step", "step": 4525, "loss": 0.0, "lr": 9.157613575615585e-06, "grad_norm": 0.0001, "sec": 3490.7, "gb": 19.96}
{"event": "step", "step": 4550, "loss": 1e-05, "lr": 9.071217622414545e-06, "grad_norm": 0.0008, "sec": 3508.1, "gb": 19.96}
{"event": "step", "step": 4575, "loss": 0.0, "lr": 8.985007569273514e-06, "grad_norm": 0.0001, "sec": 3525.6, "gb": 19.96}
{"event": "step", "step": 4600, "loss": 0.0, "lr": 8.898991725296855e-06, "grad_norm": 0.0002, "sec": 3543.3, "gb": 19.96}
{"event": "step", "step": 4625, "loss": 0.0, "lr": 8.813178380870627e-06, "grad_norm": 0.0001, "sec": 3561.9, "gb": 19.96}
{"event": "step", "step": 4650, "loss": 0.0, "lr": 8.72757580686358e-06, "grad_norm": 0.0001, "sec": 3580.8, "gb": 19.96}
{"event": "step", "step": 4675, "loss": 0.0, "lr": 8.642192253829963e-06, "grad_norm": 0.0003, "sec": 3600.5, "gb": 19.96}
{"event": "step", "step": 4700, "loss": 0.0, "lr": 8.557035951214334e-06, "grad_norm": 0.0, "sec": 3618.6, "gb": 19.96}
{"event": "step", "step": 4725, "loss": 0.0, "lr": 8.472115106558374e-06, "grad_norm": 0.0, "sec": 3639.0, "gb": 19.96}
{"event": "step", "step": 4750, "loss": 0.0, "lr": 8.387437904709841e-06, "grad_norm": 0.0, "sec": 3661.2, "gb": 19.96}
{"event": "step", "step": 4775, "loss": 0.0, "lr": 8.303012507033691e-06, "grad_norm": 0.0, "sec": 3679.0, "gb": 19.96}
{"event": "step", "step": 4800, "loss": 0.0, "lr": 8.218847050625476e-06, "grad_norm": 0.0, "sec": 3700.6, "gb": 19.96}
{"event": "step", "step": 4825, "loss": 2e-05, "lr": 8.134949647527054e-06, "grad_norm": 0.0031, "sec": 3718.5, "gb": 19.96}
{"event": "step", "step": 4850, "loss": 0.0, "lr": 8.051328383944762e-06, "grad_norm": 0.0001, "sec": 3739.3, "gb": 19.96}
{"event": "step", "step": 4875, "loss": 0.0, "lr": 7.96799131947002e-06, "grad_norm": 0.0, "sec": 3757.6, "gb": 19.96}
{"event": "step", "step": 4900, "loss": 0.0, "lr": 7.884946486302563e-06, "grad_norm": 0.0001, "sec": 3775.1, "gb": 19.96}
{"event": "step", "step": 4925, "loss": 0.0, "lr": 7.802201888476258e-06, "grad_norm": 0.0001, "sec": 3793.2, "gb": 19.96}
{"event": "step", "step": 4950, "loss": 0.0, "lr": 7.719765501087652e-06, "grad_norm": 0.0001, "sec": 3810.6, "gb": 19.96}
{"event": "step", "step": 4975, "loss": 0.00022, "lr": 7.637645269527354e-06, "grad_norm": 0.0536, "sec": 3829.5, "gb": 19.96}
{"event": "step", "step": 5000, "loss": 0.0, "lr": 7.555849108714192e-06, "grad_norm": 0.0002, "sec": 3846.9, "gb": 19.96}
{"event": "step", "step": 5025, "loss": 0.0, "lr": 7.4743849023323965e-06, "grad_norm": 0.0, "sec": 3866.4, "gb": 19.96}
{"event": "step", "step": 5050, "loss": 9e-05, "lr": 7.393260502071733e-06, "grad_norm": 0.0465, "sec": 3888.7, "gb": 19.96}
{"event": "step", "step": 5075, "loss": 0.0, "lr": 7.312483726870743e-06, "grad_norm": 0.0, "sec": 3906.9, "gb": 19.96}
{"event": "step", "step": 5100, "loss": 0.0, "lr": 7.232062362163151e-06, "grad_norm": 0.0001, "sec": 3925.1, "gb": 19.96}
{"event": "step", "step": 5125, "loss": 0.0, "lr": 7.152004159127464e-06, "grad_norm": 0.0001, "sec": 3942.8, "gb": 19.96}
{"event": "step", "step": 5150, "loss": 1e-05, "lr": 7.072316833939921e-06, "grad_norm": 0.0009, "sec": 3960.5, "gb": 19.96}
{"event": "step", "step": 5175, "loss": 0.0, "lr": 6.993008067030788e-06, "grad_norm": 0.0, "sec": 3979.0, "gb": 19.96}
{"event": "step", "step": 5200, "loss": 0.0, "lr": 6.91408550234408e-06, "grad_norm": 0.0, "sec": 4001.4, "gb": 19.96}
{"event": "step", "step": 5225, "loss": 0.0, "lr": 6.835556746600851e-06, "grad_norm": 0.0001, "sec": 4022.0, "gb": 19.96}
{"event": "step", "step": 5250, "loss": 1e-05, "lr": 6.757429368566022e-06, "grad_norm": 0.0013, "sec": 4042.2, "gb": 19.96}
{"event": "step", "step": 5275, "loss": 0.0, "lr": 6.6797108983189e-06, "grad_norm": 0.0005, "sec": 4064.5, "gb": 19.96}
{"event": "step", "step": 5300, "loss": 0.0, "lr": 6.602408826527409e-06, "grad_norm": 0.0, "sec": 4086.3, "gb": 19.96}
{"event": "step", "step": 5325, "loss": 0.0, "lr": 6.5255306037261094e-06, "grad_norm": 0.0, "sec": 4103.9, "gb": 19.96}
{"event": "step", "step": 5350, "loss": 0.0, "lr": 6.449083639598142e-06, "grad_norm": 0.0, "sec": 4121.7, "gb": 19.96}
{"event": "step", "step": 5375, "loss": 0.0, "lr": 6.373075302261006e-06, "grad_norm": 0.0001, "sec": 4139.6, "gb": 19.96}
{"event": "step", "step": 5400, "loss": 0.0, "lr": 6.297512917556461e-06, "grad_norm": 0.0, "sec": 4157.2, "gb": 19.96}
{"event": "step", "step": 5425, "loss": 0.0, "lr": 6.222403768344416e-06, "grad_norm": 0.0, "sec": 4176.3, "gb": 19.96}
{"event": "step", "step": 5450, "loss": 0.0001, "lr": 6.147755093800998e-06, "grad_norm": 0.0248, "sec": 4193.8, "gb": 19.96}
{"event": "step", "step": 5475, "loss": 0.0, "lr": 6.073574088720835e-06, "grad_norm": 0.0001, "sec": 4211.8, "gb": 19.96}
{"event": "step", "step": 5500, "loss": 0.0, "lr": 5.999867902823583e-06, "grad_norm": 0.0, "sec": 4230.2, "gb": 19.96}
{"event": "step", "step": 5525, "loss": 0.0, "lr": 5.926643640064849e-06, "grad_norm": 0.0, "sec": 4248.9, "gb": 19.96}
{"event": "step", "step": 5550, "loss": 0.0, "lr": 5.853908357951492e-06, "grad_norm": 0.0, "sec": 4270.5, "gb": 19.96}
{"event": "step", "step": 5575, "loss": 0.0, "lr": 5.781669066861379e-06, "grad_norm": 0.0006, "sec": 4289.6, "gb": 19.96}
{"event": "step", "step": 5600, "loss": 0.0, "lr": 5.709932729367744e-06, "grad_norm": 0.0, "sec": 4308.2, "gb": 19.96}
{"event": "step", "step": 5625, "loss": 0.0, "lr": 5.638706259568101e-06, "grad_norm": 0.0, "sec": 4327.6, "gb": 19.96}
{"event": "step", "step": 5650, "loss": 0.0, "lr": 5.567996522417858e-06, "grad_norm": 0.0, "sec": 4349.4, "gb": 19.96}
{"event": "step", "step": 5675, "loss": 0.0, "lr": 5.497810333068654e-06, "grad_norm": 0.0, "sec": 4367.9, "gb": 19.96}
{"event": "step", "step": 5700, "loss": 0.0, "lr": 5.428154456211494e-06, "grad_norm": 0.0, "sec": 4386.6, "gb": 19.96}
{"event": "step", "step": 5725, "loss": 0.0, "lr": 5.359035605424776e-06, "grad_norm": 0.0, "sec": 4405.1, "gb": 19.96}
{"event": "step", "step": 5750, "loss": 0.0, "lr": 5.290460442527192e-06, "grad_norm": 0.0, "sec": 4423.2, "gb": 19.96}
{"event": "step", "step": 5775, "loss": 0.0, "lr": 5.222435576935674e-06, "grad_norm": 0.0, "sec": 4440.9, "gb": 19.96}
{"event": "step", "step": 5800, "loss": 0.0, "lr": 5.154967565028348e-06, "grad_norm": 0.0, "sec": 4459.2, "gb": 19.96}
{"event": "step", "step": 5825, "loss": 0.0, "lr": 5.08806290951263e-06, "grad_norm": 0.0, "sec": 4481.1, "gb": 19.96}
{"event": "step", "step": 5850, "loss": 0.0, "lr": 5.021728058798467e-06, "grad_norm": 0.0, "sec": 4498.9, "gb": 19.96}
{"event": "step", "step": 5875, "loss": 0.0, "lr": 4.955969406376835e-06, "grad_norm": 0.0, "sec": 4520.2, "gb": 19.96}
{"event": "step", "step": 5900, "loss": 0.0, "lr": 4.890793290203524e-06, "grad_norm": 0.0, "sec": 4538.3, "gb": 19.96}
{"event": "step", "step": 5925, "loss": 0.0, "lr": 4.826205992088267e-06, "grad_norm": 0.0, "sec": 4556.6, "gb": 19.96}
{"event": "step", "step": 5950, "loss": 0.0, "lr": 4.762213737089279e-06, "grad_norm": 0.001, "sec": 4574.2, "gb": 19.96}
{"event": "step", "step": 5975, "loss": 2e-05, "lr": 4.698822692913288e-06, "grad_norm": 0.004, "sec": 4593.0, "gb": 19.96}
{"event": "step", "step": 6000, "loss": 0.0, "lr": 4.636038969321073e-06, "grad_norm": 0.0, "sec": 4611.2, "gb": 19.96}
{"event": "step", "step": 6025, "loss": 0.0, "lr": 4.573868617538586e-06, "grad_norm": 0.0, "sec": 4630.8, "gb": 19.96}
{"event": "step", "step": 6050, "loss": 0.0, "lr": 4.512317629673731e-06, "grad_norm": 0.0, "sec": 4648.7, "gb": 19.96}
{"event": "step", "step": 6075, "loss": 0.0, "lr": 4.451391938138826e-06, "grad_norm": 0.0, "sec": 4667.4, "gb": 19.96}
{"event": "step", "step": 6100, "loss": 0.0, "lr": 4.391097415078832e-06, "grad_norm": 0.0, "sec": 4685.8, "gb": 19.96}
{"event": "step", "step": 6125, "loss": 0.0, "lr": 4.331439871805371e-06, "grad_norm": 0.0, "sec": 4704.0, "gb": 19.96}
{"event": "step", "step": 6150, "loss": 0.0, "lr": 4.272425058236628e-06, "grad_norm": 0.0, "sec": 4722.5, "gb": 19.96}
{"event": "step", "step": 6175, "loss": 0.0, "lr": 4.214058662343176e-06, "grad_norm": 0.0, "sec": 4740.9, "gb": 19.96}
{"event": "step", "step": 6200, "loss": 0.0, "lr": 4.156346309599723e-06, "grad_norm": 0.0, "sec": 4759.1, "gb": 19.96}
{"event": "step", "step": 6225, "loss": 0.0, "lr": 4.099293562442947e-06, "grad_norm": 0.0, "sec": 4776.5, "gb": 19.96}
{"event": "step", "step": 6250, "loss": 0.0, "lr": 4.042905919735368e-06, "grad_norm": 0.0, "sec": 4796.1, "gb": 19.96}
{"event": "step", "step": 6275, "loss": 0.0, "lr": 3.9871888162353504e-06, "grad_norm": 0.0, "sec": 4814.5, "gb": 19.96}
{"event": "step", "step": 6300, "loss": 0.0, "lr": 3.932147622073298e-06, "grad_norm": 0.0, "sec": 4832.7, "gb": 19.96}
{"event": "step", "step": 6325, "loss": 0.0, "lr": 3.8777876422340575e-06, "grad_norm": 0.0, "sec": 4850.3, "gb": 19.96}
{"event": "step", "step": 6350, "loss": 0.0, "lr": 3.824114116045638e-06, "grad_norm": 0.0, "sec": 4867.2, "gb": 19.96}
{"event": "step", "step": 6375, "loss": 0.0, "lr": 3.771132216674197e-06, "grad_norm": 0.0, "sec": 4883.9, "gb": 19.96}
{"event": "step", "step": 6400, "loss": 0.0, "lr": 3.7188470506254746e-06, "grad_norm": 0.0, "sec": 4900.6, "gb": 19.96}
{"event": "step", "step": 6425, "loss": 0.0, "lr": 3.6672636572525956e-06, "grad_norm": 0.0, "sec": 4918.3, "gb": 19.96}
{"event": "step", "step": 6450, "loss": 0.0, "lr": 3.6163870082703777e-06, "grad_norm": 0.0, "sec": 4934.8, "gb": 19.96}
{"event": "step", "step": 6475, "loss": 0.0, "lr": 3.5662220072761435e-06, "grad_norm": 0.0, "sec": 4951.8, "gb": 19.96}
{"event": "step", "step": 6500, "loss": 0.0, "lr": 3.5167734892770922e-06, "grad_norm": 0.0, "sec": 4969.1, "gb": 19.96}
{"event": "step", "step": 6525, "loss": 0.0, "lr": 3.468046220224316e-06, "grad_norm": 0.0, "sec": 4986.0, "gb": 19.96}
{"event": "step", "step": 6550, "loss": 0.0, "lr": 3.4200448965534226e-06, "grad_norm": 0.0, "sec": 5002.8, "gb": 19.96}
{"event": "step", "step": 6575, "loss": 0.0, "lr": 3.3727741447318906e-06, "grad_norm": 0.0, "sec": 5020.7, "gb": 19.96}
{"event": "step", "step": 6600, "loss": 0.0, "lr": 3.326238520813171e-06, "grad_norm": 0.0, "sec": 5038.2, "gb": 19.96}
{"event": "step", "step": 6625, "loss": 0.0, "lr": 3.2804425099975523e-06, "grad_norm": 0.0, "sec": 5056.1, "gb": 19.96}
{"event": "step", "step": 6650, "loss": 0.0, "lr": 3.235390526199874e-06, "grad_norm": 0.0, "sec": 5074.2, "gb": 19.96}
{"event": "step", "step": 6675, "loss": 0.0, "lr": 3.1910869116241056e-06, "grad_norm": 0.0, "sec": 5091.8, "gb": 19.96}
{"event": "step", "step": 6700, "loss": 0.0, "lr": 3.147535936344826e-06, "grad_norm": 0.0, "sec": 5109.7, "gb": 19.96}
{"event": "step", "step": 6725, "loss": 0.0, "lr": 3.104741797895684e-06, "grad_norm": 0.0, "sec": 5127.0, "gb": 19.96}
{"event": "step", "step": 6750, "loss": 0.0, "lr": 3.062708620864806e-06, "grad_norm": 0.0, "sec": 5144.3, "gb": 19.96}
{"event": "step", "step": 6775, "loss": 0.0, "lr": 3.021440456497283e-06, "grad_norm": 0.0, "sec": 5162.4, "gb": 19.96}
{"event": "step", "step": 6800, "loss": 0.0, "lr": 2.98094128230469e-06, "grad_norm": 0.0, "sec": 5180.2, "gb": 19.96}
{"event": "step", "step": 6825, "loss": 0.0, "lr": 2.941215001681728e-06, "grad_norm": 0.0, "sec": 5198.2, "gb": 19.96}
{"event": "step", "step": 6850, "loss": 0.0, "lr": 2.902265443530009e-06, "grad_norm": 0.0, "sec": 5214.5, "gb": 19.96}
{"event": "step", "step": 6875, "loss": 0.0, "lr": 2.8640963618890107e-06, "grad_norm": 0.0, "sec": 5232.3, "gb": 19.96}
{"event": "step", "step": 6900, "loss": 0.0, "lr": 2.826711435574268e-06, "grad_norm": 0.0, "sec": 5249.6, "gb": 19.96}
{"event": "step", "step": 6925, "loss": 0.0, "lr": 2.790114267822792e-06, "grad_norm": 0.0, "sec": 5267.6, "gb": 19.96}
{"event": "step", "step": 6950, "loss": 0.0, "lr": 2.7543083859457774e-06, "grad_norm": 0.0, "sec": 5284.8, "gb": 19.96}
{"event": "step", "step": 6975, "loss": 0.0, "lr": 2.719297240988647e-06, "grad_norm": 0.0, "sec": 5302.5, "gb": 19.96}
{"event": "step", "step": 7000, "loss": 0.0, "lr": 2.6850842073984196e-06, "grad_norm": 0.0, "sec": 5319.8, "gb": 19.96}
{"event": "step", "step": 7025, "loss": 0.0, "lr": 2.651672582698484e-06, "grad_norm": 0.0, "sec": 5337.5, "gb": 19.96}
{"event": "step", "step": 7050, "loss": 0.0, "lr": 2.619065587170768e-06, "grad_norm": 0.0, "sec": 5355.5, "gb": 19.96}
{"event": "step", "step": 7075, "loss": 0.0, "lr": 2.5872663635453684e-06, "grad_norm": 0.0, "sec": 5372.9, "gb": 19.96}
{"event": "step", "step": 7100, "loss": 0.0, "lr": 2.5562779766976436e-06, "grad_norm": 0.0, "sec": 5390.3, "gb": 19.96}
{"event": "step", "step": 7125, "loss": 0.0, "lr": 2.526103413352814e-06, "grad_norm": 0.0, "sec": 5408.2, "gb": 19.96}
{"event": "step", "step": 7150, "loss": 0.0, "lr": 2.496745581798098e-06, "grad_norm": 0.0, "sec": 5425.6, "gb": 19.96}
{"event": "step", "step": 7175, "loss": 0.0, "lr": 2.4682073116024076e-06, "grad_norm": 0.0, "sec": 5442.8, "gb": 19.96}
{"event": "step", "step": 7200, "loss": 0.0, "lr": 2.4404913533436184e-06, "grad_norm": 0.0, "sec": 5460.7, "gb": 19.96}
{"event": "step", "step": 7225, "loss": 0.0, "lr": 2.4136003783434765e-06, "grad_norm": 0.0, "sec": 5477.5, "gb": 19.96}
{"event": "step", "step": 7250, "loss": 0.0, "lr": 2.387536978410121e-06, "grad_norm": 0.0, "sec": 5494.8, "gb": 19.96}
{"event": "step", "step": 7275, "loss": 0.0, "lr": 2.3623036655882837e-06, "grad_norm": 0.0, "sec": 5512.2, "gb": 19.96}
{"event": "step", "step": 7300, "loss": 0.0, "lr": 2.3379028719171758e-06, "grad_norm": 0.0, "sec": 5528.8, "gb": 19.96}
{"event": "step", "step": 7325, "loss": 0.0, "lr": 2.314336949196074e-06, "grad_norm": 0.0, "sec": 5545.9, "gb": 19.96}
{"event": "step", "step": 7350, "loss": 0.0, "lr": 2.2916081687576623e-06, "grad_norm": 0.0, "sec": 5563.0, "gb": 19.96}
{"event": "step", "step": 7375, "loss": 0.0, "lr": 2.2697187212491044e-06, "grad_norm": 0.0, "sec": 5580.5, "gb": 19.96}
{"event": "step", "step": 7400, "loss": 0.0, "lr": 2.2486707164209112e-06, "grad_norm": 0.0, "sec": 5598.5, "gb": 19.96}
{"event": "step", "step": 7425, "loss": 0.0, "lr": 2.2284661829235953e-06, "grad_norm": 0.0, "sec": 5615.5, "gb": 19.96}
{"event": "step", "step": 7450, "loss": 0.0, "lr": 2.209107068112149e-06, "grad_norm": 0.0, "sec": 5632.5, "gb": 19.96}
{"event": "step", "step": 7475, "loss": 0.0, "lr": 2.19059523785835e-06, "grad_norm": 0.0, "sec": 5650.1, "gb": 19.96}
{"event": "step", "step": 7500, "loss": 0.0, "lr": 2.1729324763709264e-06, "grad_norm": 0.0, "sec": 5667.3, "gb": 19.96}
{"event": "step", "step": 7525, "loss": 0.0, "lr": 2.1561204860235945e-06, "grad_norm": 0.0, "sec": 5684.8, "gb": 19.96}
{"event": "step", "step": 7550, "loss": 0.0, "lr": 2.140160887190976e-06, "grad_norm": 0.0, "sec": 5702.1, "gb": 19.96}
{"event": "step", "step": 7575, "loss": 0.0, "lr": 2.125055218092422e-06, "grad_norm": 0.0, "sec": 5719.9, "gb": 19.96}
{"event": "step", "step": 7600, "loss": 0.0, "lr": 2.1108049346437616e-06, "grad_norm": 0.0, "sec": 5737.2, "gb": 19.96}
{"event": "step", "step": 7625, "loss": 0.0, "lr": 2.0974114103169713e-06, "grad_norm": 0.0, "sec": 5754.7, "gb": 19.96}
{"event": "step", "step": 7650, "loss": 0.0, "lr": 2.084875936007805e-06, "grad_norm": 0.0, "sec": 5772.2, "gb": 19.96}
{"event": "step", "step": 7675, "loss": 0.0, "lr": 2.0731997199113658e-06, "grad_norm": 0.0, "sec": 5790.5, "gb": 19.96}
{"event": "step", "step": 7700, "loss": 0.0, "lr": 2.0623838874056636e-06, "grad_norm": 0.0, "sec": 5807.3, "gb": 19.96}
{"event": "step", "step": 7725, "loss": 0.0, "lr": 2.0524294809431464e-06, "grad_norm": 0.0, "sec": 5825.8, "gb": 19.96}
{"event": "step", "step": 7750, "loss": 0.0, "lr": 2.043337459950229e-06, "grad_norm": 0.0, "sec": 5843.0, "gb": 19.96}
{"event": "step", "step": 7775, "loss": 0.0, "lr": 2.035108700734816e-06, "grad_norm": 0.0, "sec": 5860.5, "gb": 19.96}
{"event": "step", "step": 7800, "loss": 0.0, "lr": 2.0277439964018485e-06, "grad_norm": 0.0, "sec": 5877.7, "gb": 19.96}
{"event": "step", "step": 7825, "loss": 0.0, "lr": 2.021244056776859e-06, "grad_norm": 0.0, "sec": 5895.2, "gb": 19.96}
{"event": "step", "step": 7850, "loss": 0.0, "lr": 2.015609508337558e-06, "grad_norm": 0.0, "sec": 5912.6, "gb": 19.96}
{"event": "step", "step": 7875, "loss": 0.0, "lr": 2.0108408941534487e-06, "grad_norm": 0.0, "sec": 5930.2, "gb": 19.96}
{"event": "step", "step": 7900, "loss": 0.0, "lr": 2.006938673833494e-06, "grad_norm": 0.0, "sec": 5946.7, "gb": 19.96}
{"event": "step", "step": 7925, "loss": 0.0, "lr": 2.003903223481809e-06, "grad_norm": 0.0, "sec": 5964.0, "gb": 19.96}
{"event": "step", "step": 7950, "loss": 0.0, "lr": 2.0017348356614168e-06, "grad_norm": 0.0, "sec": 5981.1, "gb": 19.96}
{"event": "step", "step": 7975, "loss": 0.0, "lr": 2.0004337193660482e-06, "grad_norm": 0.0, "sec": 5999.2, "gb": 19.96}
{"event": "step", "step": 8000, "loss": 0.0, "lr": 2.0000000000000003e-06, "grad_norm": 0.0, "sec": 6016.4, "gb": 19.96}
{"event": "done", "out": "/home/ec2-user/decoupled-reasoner/results/system/lm/norm-sft.pt", "sec": 6017.4}
