{"event": "start", "size": "xl93", "cfg": {"d_model": 640, "n_head": 10, "n_enc": 8, "n_dec": 8, "d_ff": 2560}, "params": {"total": 93579520, "embeddings": 1724160, "non_embedding": 91855360}, "lr": 0.00032, "steps": 30000, "n_train": 1200000, "budget": 32768, "micro": 1, "in_vocab": 923, "out_vocab": 155, "seed": 1, "tag": "xl93", "torch": "2.13.0+cu130"}
{"event": "step", "step": 200, "loss": 2.2761, "lr": 0.000128, "gb": 20.62, "sec": 49.1}
{"event": "step", "step": 400, "loss": 0.567, "lr": 0.000256, "gb": 20.62, "sec": 95.9}
{"event": "step", "step": 600, "loss": 0.3943, "lr": 0.00032, "gb": 20.62, "sec": 143.1}
{"event": "step", "step": 800, "loss": 0.3209, "lr": 0.0003199, "gb": 20.69, "sec": 191.7}
{"event": "step", "step": 1000, "loss": 0.2993, "lr": 0.0003198, "gb": 20.69, "sec": 239.9}
{"event": "step", "step": 1200, "loss": 0.2733, "lr": 0.0003196, "gb": 20.69, "sec": 288.4}
{"event": "step", "step": 1400, "loss": 0.2438, "lr": 0.0003193, "gb": 20.69, "sec": 337.1}
{"event": "step", "step": 1600, "loss": 0.2394, "lr": 0.000319, "gb": 20.69, "sec": 386.3}
{"event": "step", "step": 1800, "loss": 0.2321, "lr": 0.0003185, "gb": 20.69, "sec": 433.8}
{"event": "step", "step": 2000, "loss": 0.2103, "lr": 0.0003181, "gb": 20.69, "sec": 481.7}
{"event": "step", "step": 2200, "loss": 0.2113, "lr": 0.0003175, "gb": 20.69, "sec": 529.5}
{"event": "step", "step": 2400, "loss": 0.2034, "lr": 0.0003169, "gb": 20.69, "sec": 576.8}
{"event": "step", "step": 2600, "loss": 0.2085, "lr": 0.0003162, "gb": 20.69, "sec": 623.9}
{"event": "step", "step": 2800, "loss": 0.1808, "lr": 0.0003155, "gb": 20.69, "sec": 672.2}
{"event": "step", "step": 3000, "loss": 0.1896, "lr": 0.0003146, "gb": 20.69, "sec": 720.4}
{"event": "eval", "step": 3000, "train_frames_eval": 0.2814, "qframe": 0.2686, "lexicon": 0.2771, "mode": 0.1929}
{"event": "step", "step": 3200, "loss": 0.1784, "lr": 0.0003138, "gb": 20.69, "sec": 823.1}
{"event": "step", "step": 3400, "loss": 0.1691, "lr": 0.0003128, "gb": 20.69, "sec": 869.9}
{"event": "step", "step": 3600, "loss": 0.1762, "lr": 0.0003118, "gb": 20.69, "sec": 918.2}
{"event": "step", "step": 3800, "loss": 0.1725, "lr": 0.0003107, "gb": 20.69, "sec": 964.7}
{"event": "step", "step": 4000, "loss": 0.1629, "lr": 0.0003096, "gb": 20.69, "sec": 1013.7}
{"event": "step", "step": 4200, "loss": 0.1588, "lr": 0.0003084, "gb": 20.69, "sec": 1061.8}
{"event": "step", "step": 4400, "loss": 0.1603, "lr": 0.0003071, "gb": 20.69, "sec": 1109.1}
{"event": "step", "step": 4600, "loss": 0.1466, "lr": 0.0003057, "gb": 20.69, "sec": 1157.1}
{"event": "step", "step": 4800, "loss": 0.1322, "lr": 0.0003043, "gb": 20.69, "sec": 1205.6}
{"event": "step", "step": 5000, "loss": 0.1487, "lr": 0.0003029, "gb": 20.69, "sec": 1253.3}
{"event": "step", "step": 5200, "loss": 0.1505, "lr": 0.0003014, "gb": 20.69, "sec": 1300.8}
{"event": "step", "step": 5400, "loss": 0.1368, "lr": 0.0002998, "gb": 20.69, "sec": 1349.4}
{"event": "step", "step": 5600, "loss": 0.1276, "lr": 0.0002981, "gb": 20.69, "sec": 1397.6}
{"event": "step", "step": 5800, "loss": 0.13, "lr": 0.0002964, "gb": 20.69, "sec": 1445.6}
{"event": "step", "step": 6000, "loss": 0.1207, "lr": 0.0002947, "gb": 20.69, "sec": 1494.1}
{"event": "eval", "step": 6000, "train_frames_eval": 0.6157, "qframe": 0.6071, "lexicon": 0.5886, "mode": 0.3857}
{"event": "step", "step": 6200, "loss": 0.1173, "lr": 0.0002928, "gb": 20.69, "sec": 1597.4}
{"event": "step", "step": 6400, "loss": 0.1089, "lr": 0.000291, "gb": 20.69, "sec": 1647.0}
{"event": "step", "step": 6600, "loss": 0.1261, "lr": 0.000289, "gb": 20.69, "sec": 1694.2}
{"event": "step", "step": 6800, "loss": 0.1176, "lr": 0.0002871, "gb": 20.69, "sec": 1741.6}
{"event": "step", "step": 7000, "loss": 0.1096, "lr": 0.000285, "gb": 20.69, "sec": 1790.1}
{"event": "step", "step": 7200, "loss": 0.0996, "lr": 0.0002829, "gb": 20.69, "sec": 1838.3}
{"event": "step", "step": 7400, "loss": 0.1074, "lr": 0.0002808, "gb": 20.69, "sec": 1885.6}
{"event": "step", "step": 7600, "loss": 0.1002, "lr": 0.0002786, "gb": 20.69, "sec": 1932.7}
{"event": "step", "step": 7800, "loss": 0.097, "lr": 0.0002763, "gb": 20.69, "sec": 1980.6}
{"event": "step", "step": 8000, "loss": 0.1009, "lr": 0.000274, "gb": 20.69, "sec": 2028.3}
{"event": "step", "step": 8200, "loss": 0.0905, "lr": 0.0002717, "gb": 20.69, "sec": 2076.5}
{"event": "step", "step": 8400, "loss": 0.0906, "lr": 0.0002693, "gb": 20.69, "sec": 2125.7}
{"event": "step", "step": 8600, "loss": 0.0969, "lr": 0.0002669, "gb": 20.69, "sec": 2173.0}
{"event": "step", "step": 8800, "loss": 0.0972, "lr": 0.0002644, "gb": 20.69, "sec": 2221.4}
{"event": "step", "step": 9000, "loss": 0.0862, "lr": 0.0002619, "gb": 20.69, "sec": 2269.8}
{"event": "eval", "step": 9000, "train_frames_eval": 0.6657, "qframe": 0.6786, "lexicon": 0.5329, "mode": 0.4171}
{"event": "step", "step": 9200, "loss": 0.0877, "lr": 0.0002593, "gb": 20.69, "sec": 2373.7}
{"event": "step", "step": 9400, "loss": 0.0862, "lr": 0.0002567, "gb": 20.69, "sec": 2421.8}
{"event": "step", "step": 9600, "loss": 0.0789, "lr": 0.000254, "gb": 20.69, "sec": 2470.3}
{"event": "step", "step": 9800, "loss": 0.0692, "lr": 0.0002513, "gb": 20.69, "sec": 2518.1}
{"event": "step", "step": 10000, "loss": 0.0798, "lr": 0.0002486, "gb": 20.69, "sec": 2566.1}
{"event": "step", "step": 10200, "loss": 0.0774, "lr": 0.0002459, "gb": 20.69, "sec": 2613.5}
{"event": "step", "step": 10400, "loss": 0.074, "lr": 0.0002431, "gb": 20.69, "sec": 2662.1}
{"event": "step", "step": 10600, "loss": 0.0723, "lr": 0.0002402, "gb": 20.69, "sec": 2710.4}
{"event": "step", "step": 10800, "loss": 0.0626, "lr": 0.0002374, "gb": 20.69, "sec": 2758.3}
{"event": "step", "step": 11000, "loss": 0.0784, "lr": 0.0002345, "gb": 20.69, "sec": 2806.5}
{"event": "step", "step": 11200, "loss": 0.0673, "lr": 0.0002315, "gb": 20.69, "sec": 2855.1}
{"event": "step", "step": 11400, "loss": 0.0641, "lr": 0.0002286, "gb": 20.69, "sec": 2901.9}
{"event": "step", "step": 11600, "loss": 0.0644, "lr": 0.0002256, "gb": 20.69, "sec": 2950.2}
{"event": "step", "step": 11800, "loss": 0.0657, "lr": 0.0002226, "gb": 20.69, "sec": 2999.2}
{"event": "step", "step": 12000, "loss": 0.0747, "lr": 0.0002196, "gb": 20.69, "sec": 3046.4}
{"event": "eval", "step": 12000, "train_frames_eval": 0.7386, "qframe": 0.7157, "lexicon": 0.6543, "mode": 0.5014}
{"event": "step", "step": 12200, "loss": 0.0566, "lr": 0.0002165, "gb": 20.69, "sec": 3150.5}
{"event": "step", "step": 12400, "loss": 0.0586, "lr": 0.0002134, "gb": 20.69, "sec": 3199.2}
{"event": "step", "step": 12600, "loss": 0.0641, "lr": 0.0002103, "gb": 20.69, "sec": 3248.3}
{"event": "step", "step": 12800, "loss": 0.0591, "lr": 0.0002072, "gb": 20.69, "sec": 3295.2}
{"event": "step", "step": 13000, "loss": 0.0652, "lr": 0.0002041, "gb": 20.69, "sec": 3342.9}
{"event": "step", "step": 13200, "loss": 0.055, "lr": 0.0002009, "gb": 20.69, "sec": 3391.3}
{"event": "step", "step": 13400, "loss": 0.0514, "lr": 0.0001978, "gb": 20.69, "sec": 3438.8}
{"event": "step", "step": 13600, "loss": 0.0569, "lr": 0.0001946, "gb": 20.69, "sec": 3485.8}
{"event": "step", "step": 13800, "loss": 0.0571, "lr": 0.0001914, "gb": 20.69, "sec": 3532.1}
{"event": "step", "step": 14000, "loss": 0.0525, "lr": 0.0001882, "gb": 20.69, "sec": 3580.5}
{"event": "step", "step": 14200, "loss": 0.053, "lr": 0.000185, "gb": 20.69, "sec": 3628.1}
{"event": "step", "step": 14400, "loss": 0.0532, "lr": 0.0001817, "gb": 20.69, "sec": 3677.5}
{"event": "step", "step": 14600, "loss": 0.0495, "lr": 0.0001785, "gb": 20.69, "sec": 3724.7}
{"event": "step", "step": 14800, "loss": 0.051, "lr": 0.0001753, "gb": 20.69, "sec": 3772.9}
{"event": "step", "step": 15000, "loss": 0.0525, "lr": 0.000172, "gb": 20.69, "sec": 3820.4}
{"event": "eval", "step": 15000, "train_frames_eval": 0.7686, "qframe": 0.7314, "lexicon": 0.6586, "mode": 0.4457}
{"event": "step", "step": 15200, "loss": 0.0464, "lr": 0.0001688, "gb": 20.69, "sec": 3924.0}
{"event": "step", "step": 15400, "loss": 0.0524, "lr": 0.0001656, "gb": 20.69, "sec": 3972.3}
{"event": "step", "step": 15600, "loss": 0.0436, "lr": 0.0001623, "gb": 20.69, "sec": 4019.3}
{"event": "step", "step": 15800, "loss": 0.0471, "lr": 0.0001591, "gb": 20.69, "sec": 4067.2}
{"event": "step", "step": 16000, "loss": 0.0487, "lr": 0.0001559, "gb": 20.69, "sec": 4115.0}
{"event": "step", "step": 16200, "loss": 0.0487, "lr": 0.0001526, "gb": 20.69, "sec": 4163.5}
{"event": "step", "step": 16400, "loss": 0.0434, "lr": 0.0001494, "gb": 20.69, "sec": 4212.6}
{"event": "step", "step": 16600, "loss": 0.0422, "lr": 0.0001462, "gb": 20.69, "sec": 4261.6}
{"event": "step", "step": 16800, "loss": 0.0507, "lr": 0.000143, "gb": 20.69, "sec": 4309.0}
{"event": "step", "step": 17000, "loss": 0.0425, "lr": 0.0001398, "gb": 20.69, "sec": 4357.6}
{"event": "step", "step": 17200, "loss": 0.0423, "lr": 0.0001367, "gb": 20.69, "sec": 4405.6}
{"event": "step", "step": 17400, "loss": 0.0372, "lr": 0.0001335, "gb": 20.69, "sec": 4454.2}
{"event": "step", "step": 17600, "loss": 0.0417, "lr": 0.0001304, "gb": 20.69, "sec": 4502.2}
{"event": "step", "step": 17800, "loss": 0.0395, "lr": 0.0001272, "gb": 20.69, "sec": 4548.9}
{"event": "step", "step": 18000, "loss": 0.0363, "lr": 0.0001241, "gb": 20.69, "sec": 4596.6}
{"event": "eval", "step": 18000, "train_frames_eval": 0.8443, "qframe": 0.8043, "lexicon": 0.7086, "mode": 0.5129}
{"event": "step", "step": 18200, "loss": 0.0378, "lr": 0.000121, "gb": 20.69, "sec": 4701.5}
{"event": "step", "step": 18400, "loss": 0.0381, "lr": 0.000118, "gb": 20.69, "sec": 4748.5}
{"event": "step", "step": 18600, "loss": 0.0394, "lr": 0.0001149, "gb": 20.69, "sec": 4796.1}
{"event": "step", "step": 18800, "loss": 0.0352, "lr": 0.0001119, "gb": 20.69, "sec": 4843.5}
{"event": "step", "step": 19000, "loss": 0.0376, "lr": 0.0001089, "gb": 20.69, "sec": 4889.7}
{"event": "step", "step": 19200, "loss": 0.0325, "lr": 0.0001059, "gb": 20.69, "sec": 4937.3}
{"event": "step", "step": 19400, "loss": 0.0348, "lr": 0.000103, "gb": 20.69, "sec": 4983.8}
{"event": "step", "step": 19600, "loss": 0.0385, "lr": 0.0001001, "gb": 20.69, "sec": 5032.5}
{"event": "step", "step": 19800, "loss": 0.0342, "lr": 9.72e-05, "gb": 20.69, "sec": 5080.0}
{"event": "step", "step": 20000, "loss": 0.0346, "lr": 9.43e-05, "gb": 20.69, "sec": 5128.7}
{"event": "step", "step": 20200, "loss": 0.0367, "lr": 9.15e-05, "gb": 20.69, "sec": 5176.4}
{"event": "step", "step": 20400, "loss": 0.0294, "lr": 8.88e-05, "gb": 20.69, "sec": 5225.7}
{"event": "step", "step": 20600, "loss": 0.0299, "lr": 8.6e-05, "gb": 20.69, "sec": 5273.9}
{"event": "step", "step": 20800, "loss": 0.0358, "lr": 8.33e-05, "gb": 20.69, "sec": 5321.5}
{"event": "step", "step": 21000, "loss": 0.0254, "lr": 8.06e-05, "gb": 20.69, "sec": 5370.7}
{"event": "eval", "step": 21000, "train_frames_eval": 0.8571, "qframe": 0.8371, "lexicon": 0.7171, "mode": 0.5271}
{"event": "step", "step": 21200, "loss": 0.0329, "lr": 7.8e-05, "gb": 20.69, "sec": 5474.4}
{"event": "step", "step": 21400, "loss": 0.0285, "lr": 7.54e-05, "gb": 20.69, "sec": 5521.5}
{"event": "step", "step": 21600, "loss": 0.0303, "lr": 7.29e-05, "gb": 20.69, "sec": 5569.3}
{"event": "step", "step": 21800, "loss": 0.0243, "lr": 7.04e-05, "gb": 20.69, "sec": 5618.2}
{"event": "step", "step": 22000, "loss": 0.0289, "lr": 6.79e-05, "gb": 20.69, "sec": 5665.3}
{"event": "step", "step": 22200, "loss": 0.0285, "lr": 6.55e-05, "gb": 20.69, "sec": 5713.7}
{"event": "step", "step": 22400, "loss": 0.0282, "lr": 6.31e-05, "gb": 20.69, "sec": 5761.0}
{"event": "step", "step": 22600, "loss": 0.0244, "lr": 6.08e-05, "gb": 20.69, "sec": 5810.3}
{"event": "step", "step": 22800, "loss": 0.0252, "lr": 5.85e-05, "gb": 20.69, "sec": 5858.2}
{"event": "step", "step": 23000, "loss": 0.0284, "lr": 5.63e-05, "gb": 20.69, "sec": 5906.1}
{"event": "step", "step": 23200, "loss": 0.0239, "lr": 5.41e-05, "gb": 20.69, "sec": 5954.3}
{"event": "step", "step": 23400, "loss": 0.0242, "lr": 5.2e-05, "gb": 20.69, "sec": 6002.5}
{"event": "step", "step": 23600, "loss": 0.0229, "lr": 5e-05, "gb": 20.69, "sec": 6051.0}
{"event": "step", "step": 23800, "loss": 0.0237, "lr": 4.79e-05, "gb": 20.69, "sec": 6099.7}
{"event": "step", "step": 24000, "loss": 0.0223, "lr": 4.6e-05, "gb": 20.69, "sec": 6147.5}
{"event": "eval", "step": 24000, "train_frames_eval": 0.8771, "qframe": 0.8557, "lexicon": 0.7357, "mode": 0.5371}
{"event": "step", "step": 24200, "loss": 0.0227, "lr": 4.41e-05, "gb": 20.69, "sec": 6252.0}
{"event": "step", "step": 24400, "loss": 0.0227, "lr": 4.22e-05, "gb": 20.69, "sec": 6299.6}
{"event": "step", "step": 24600, "loss": 0.0216, "lr": 4.04e-05, "gb": 20.69, "sec": 6347.9}
{"event": "step", "step": 24800, "loss": 0.023, "lr": 3.87e-05, "gb": 20.69, "sec": 6395.7}
{"event": "step", "step": 25000, "loss": 0.0282, "lr": 3.7e-05, "gb": 20.69, "sec": 6442.8}
{"event": "step", "step": 25200, "loss": 0.0234, "lr": 3.54e-05, "gb": 20.69, "sec": 6490.4}
{"event": "step", "step": 25400, "loss": 0.0248, "lr": 3.39e-05, "gb": 20.69, "sec": 6539.1}
{"event": "step", "step": 25600, "loss": 0.0189, "lr": 3.24e-05, "gb": 20.69, "sec": 6587.2}
{"event": "step", "step": 25800, "loss": 0.0244, "lr": 3.1e-05, "gb": 20.69, "sec": 6634.7}
{"event": "step", "step": 26000, "loss": 0.0211, "lr": 2.96e-05, "gb": 20.69, "sec": 6683.5}
{"event": "step", "step": 26200, "loss": 0.0228, "lr": 2.83e-05, "gb": 20.69, "sec": 6731.6}
{"event": "step", "step": 26400, "loss": 0.0195, "lr": 2.7e-05, "gb": 20.69, "sec": 6779.4}
{"event": "step", "step": 26600, "loss": 0.0184, "lr": 2.59e-05, "gb": 20.69, "sec": 6828.3}
{"event": "step", "step": 26800, "loss": 0.0214, "lr": 2.47e-05, "gb": 20.69, "sec": 6875.8}
{"event": "step", "step": 27000, "loss": 0.0204, "lr": 2.37e-05, "gb": 20.69, "sec": 6924.9}
{"event": "eval", "step": 27000, "train_frames_eval": 0.8886, "qframe": 0.8814, "lexicon": 0.7343, "mode": 0.5486}
{"event": "step", "step": 27200, "loss": 0.0178, "lr": 2.27e-05, "gb": 20.69, "sec": 7028.4}
{"event": "step", "step": 27400, "loss": 0.0173, "lr": 2.18e-05, "gb": 20.69, "sec": 7076.0}
{"event": "step", "step": 27600, "loss": 0.0203, "lr": 2.09e-05, "gb": 20.69, "sec": 7124.5}
{"event": "step", "step": 27800, "loss": 0.0176, "lr": 2.02e-05, "gb": 20.69, "sec": 7172.4}
{"event": "step", "step": 28000, "loss": 0.0205, "lr": 1.94e-05, "gb": 20.69, "sec": 7219.9}
{"event": "step", "step": 28200, "loss": 0.0249, "lr": 1.88e-05, "gb": 20.69, "sec": 7266.7}
{"event": "step", "step": 28400, "loss": 0.0209, "lr": 1.82e-05, "gb": 20.69, "sec": 7314.0}
{"event": "step", "step": 28600, "loss": 0.0163, "lr": 1.77e-05, "gb": 20.69, "sec": 7363.1}
{"event": "step", "step": 28800, "loss": 0.0198, "lr": 1.72e-05, "gb": 20.69, "sec": 7410.1}
{"event": "step", "step": 29000, "loss": 0.0188, "lr": 1.69e-05, "gb": 20.69, "sec": 7458.3}
{"event": "step", "step": 29200, "loss": 0.0195, "lr": 1.66e-05, "gb": 20.69, "sec": 7506.5}
{"event": "step", "step": 29400, "loss": 0.0178, "lr": 1.63e-05, "gb": 20.69, "sec": 7555.6}
{"event": "step", "step": 29600, "loss": 0.0172, "lr": 1.61e-05, "gb": 20.69, "sec": 7604.6}
{"event": "step", "step": 29800, "loss": 0.0198, "lr": 1.6e-05, "gb": 20.69, "sec": 7652.6}
{"event": "step", "step": 30000, "loss": 0.0182, "lr": 1.6e-05, "gb": 20.69, "sec": 7700.7}
{"event": "eval", "step": 30000, "train_frames_eval": 0.89, "qframe": 0.8857, "lexicon": 0.6871, "mode": 0.5529}
{"event": "done", "ckpt": "/home/ec2-user/decoupled-reasoner/results/system/train/ckpt_xl93.pt", "sec": 7758.4, "params": {"total": 93579520, "embeddings": 1724160, "non_embedding": 91855360}, "peak_gb": 20.69}
