[induce] 24/24 pages
[induction style=0] {"pages": 24, "pages_parsed": 24, "gold_ops": 36, "induced_ops": 36, "self_verified": 36, "exact_text": 36, "behavioural": 36}
[plan_execute] breadth d=2 acc=1.000 parse=1.000 typed=1.000 exact=1.000 n=2 budget=320
[oracle_plan] breadth d=2 acc=1.000 parse=1.000 typed=1.000 exact=1.000 n=2 budget=320
[oracle_ops] breadth d=2 acc=1.000 parse=1.000 typed=1.000 exact=1.000 n=2 budget=320
[oracle_both] breadth d=2 acc=1.000 parse=1.000 typed=1.000 exact=1.000 n=2 budget=320
[plan_execute] novel d=3 acc=0.000 parse=1.000 typed=1.000 exact=0.000 n=2 budget=320
[oracle_plan] novel d=3 acc=1.000 parse=1.000 typed=1.000 exact=1.000 n=2 budget=320
[oracle_ops] novel d=3 acc=0.000 parse=1.000 typed=1.000 exact=0.000 n=2 budget=320
[oracle_both] novel d=3 acc=1.000 parse=1.000 typed=1.000 exact=1.000 n=2 budget=320
[plan_execute] sequential d=2 acc=1.000 parse=1.000 typed=1.000 exact=1.000 n=2 budget=320
[oracle_plan] sequential d=2 acc=1.000 parse=1.000 typed=1.000 exact=1.000 n=2 budget=320
[oracle_ops] sequential d=2 acc=1.000 parse=1.000 typed=1.000 exact=1.000 n=2 budget=320
[oracle_both] sequential d=2 acc=1.000 parse=1.000 typed=1.000 exact=1.000 n=2 budget=320
[plan_execute] sequential d=16 acc=0.000 parse=1.000 typed=1.000 exact=0.000 n=2 budget=404
[oracle_plan] sequential d=16 acc=1.000 parse=1.000 typed=1.000 exact=1.000 n=2 budget=404
[oracle_ops] sequential d=16 acc=0.000 parse=1.000 typed=1.000 exact=0.000 n=2 budget=404
[oracle_both] sequential d=16 acc=1.000 parse=1.000 typed=1.000 exact=1.000 n=2 budget=404
[plan_execute] sequential d=20 acc=0.000 parse=1.000 typed=1.000 exact=0.000 n=2 budget=488
[oracle_plan] sequential d=20 acc=1.000 parse=1.000 typed=1.000 exact=1.000 n=2 budget=488
[oracle_ops] sequential d=20 acc=0.000 parse=1.000 typed=1.000 exact=0.000 n=2 budget=488
[oracle_both] sequential d=20 acc=1.000 parse=1.000 typed=1.000 exact=1.000 n=2 budget=488
[induce] 24/24 pages
[induction style=1] {"pages": 24, "pages_parsed": 23, "gold_ops": 36, "induced_ops": 33, "self_verified": 5, "exact_text": 18, "behavioural": 18}
[plan_execute@para] breadth d=2 acc=1.000 parse=1.000 typed=1.000 exact=1.000 n=2 budget=320
[oracle_plan@para] breadth d=2 acc=1.000 parse=1.000 typed=1.000 exact=1.000 n=2 budget=320
[oracle_ops@para] breadth d=2 acc=1.000 parse=1.000 typed=1.000 exact=1.000 n=2 budget=320
[oracle_both@para] breadth d=2 acc=1.000 parse=1.000 typed=1.000 exact=1.000 n=2 budget=320
[plan_execute@para] novel d=3 acc=0.000 parse=1.000 typed=1.000 exact=0.000 n=2 budget=320
[oracle_plan@para] novel d=3 acc=0.500 parse=1.000 typed=0.500 exact=1.000 n=2 budget=320
[oracle_ops@para] novel d=3 acc=0.000 parse=1.000 typed=1.000 exact=0.000 n=2 budget=320
[oracle_both@para] novel d=3 acc=1.000 parse=1.000 typed=1.000 exact=1.000 n=2 budget=320
[plan_execute@para] sequential d=2 acc=0.000 parse=1.000 typed=1.000 exact=0.000 n=2 budget=320
[oracle_plan@para] sequential d=2 acc=1.000 parse=1.000 typed=1.000 exact=1.000 n=2 budget=320
[oracle_ops@para] sequential d=2 acc=1.000 parse=1.000 typed=1.000 exact=1.000 n=2 budget=320
[oracle_both@para] sequential d=2 acc=1.000 parse=1.000 typed=1.000 exact=1.000 n=2 budget=320
[plan_execute@para] sequential d=16 acc=0.000 parse=1.000 typed=1.000 exact=0.000 n=2 budget=404
[oracle_plan@para] sequential d=16 acc=1.000 parse=1.000 typed=1.000 exact=1.000 n=2 budget=404
[oracle_ops@para] sequential d=16 acc=0.000 parse=1.000 typed=1.000 exact=0.000 n=2 budget=404
[oracle_both@para] sequential d=16 acc=1.000 parse=1.000 typed=1.000 exact=1.000 n=2 budget=404
[plan_execute@para] sequential d=20 acc=0.000 parse=1.000 typed=1.000 exact=0.000 n=2 budget=488
[oracle_plan@para] sequential d=20 acc=1.000 parse=1.000 typed=1.000 exact=1.000 n=2 budget=488
[oracle_ops@para] sequential d=20 acc=0.000 parse=1.000 typed=1.000 exact=0.000 n=2 budget=488
[oracle_both@para] sequential d=20 acc=1.000 parse=1.000 typed=1.000 exact=1.000 n=2 budget=488
[written] /home/ec2-user/opg/results/ladder_cd/preflight.json
