{"rep": "opcode", "reinit_tokens": 12}
{"examples": 320000, "encoded": 320000, "dropped_over_max_len": 0}
{"step": 1, "loss": 3.9311678409576416, "lr": 1.0000000000000001e-07, "tokens": 7840, "supervised": 2846, "secs": 63.0}
{"step": 50, "loss": 0.6808931231498718, "lr": 5e-06, "tokens": 212064, "supervised": 51731, "secs": 71.6}
{"step": 100, "loss": 0.17633919417858124, "lr": 1e-05, "tokens": 464832, "supervised": 119375, "secs": 79.1}
{"step": 150, "loss": 0.4467751085758209, "lr": 1.5000000000000002e-05, "tokens": 679392, "supervised": 172660, "secs": 85.5}
{"step": 200, "loss": 0.16865842044353485, "lr": 2e-05, "tokens": 901984, "supervised": 229944, "secs": 91.4}
{"step": 250, "loss": 0.8196197152137756, "lr": 1.9997972289848505e-05, "tokens": 1114816, "supervised": 282177, "secs": 97.1}
{"step": 300, "loss": 0.11238086968660355, "lr": 1.9991889981715696e-05, "tokens": 1351584, "supervised": 346646, "secs": 103.1}
{"step": 350, "loss": 0.15144826471805573, "lr": 1.9981755542233175e-05, "tokens": 1583104, "supervised": 407309, "secs": 108.8}
{"step": 400, "loss": 0.14726263284683228, "lr": 1.9967573081342103e-05, "tokens": 1792864, "supervised": 457414, "secs": 114.7}
{"step": 450, "loss": 0.04657750576734543, "lr": 1.9949348350626456e-05, "tokens": 2035712, "supervised": 524209, "secs": 121.0}
{"step": 500, "loss": 0.13263903558254242, "lr": 1.992708874098054e-05, "tokens": 2249920, "supervised": 578619, "secs": 126.6}
{"step": 550, "loss": 0.009158749133348465, "lr": 1.9900803279611643e-05, "tokens": 2495328, "supervised": 641887, "secs": 132.3}
{"step": 600, "loss": 0.0001595218782313168, "lr": 1.9870502626379127e-05, "tokens": 2700608, "supervised": 693019, "secs": 137.7}
{"step": 650, "loss": 0.00011882263788720593, "lr": 1.983619906947144e-05, "tokens": 2932640, "supervised": 753847, "secs": 143.2}
{"step": 700, "loss": 7.250053022289649e-05, "lr": 1.979790652042268e-05, "tokens": 3187840, "supervised": 824622, "secs": 149.0}
{"step": 750, "loss": 0.0003113562997896224, "lr": 1.975564050847094e-05, "tokens": 3388000, "supervised": 871838, "secs": 154.5}
{"step": 800, "loss": 0.017097068950533867, "lr": 1.9709418174260523e-05, "tokens": 3610880, "supervised": 929149, "secs": 160.2}
{"step": 850, "loss": 0.0028302320279181004, "lr": 1.9659258262890683e-05, "tokens": 3830496, "supervised": 984616, "secs": 166.1}
{"step": 900, "loss": 0.0008211398380808532, "lr": 1.9605181116313725e-05, "tokens": 4055328, "supervised": 1042092, "secs": 171.8}
{"step": 950, "loss": 3.427387127885595e-05, "lr": 1.954720866508546e-05, "tokens": 4279360, "supervised": 1095515, "secs": 177.0}
{"step": 1000, "loss": 9.140659676631913e-05, "lr": 1.9485364419471454e-05, "tokens": 4517216, "supervised": 1157195, "secs": 182.5}
{"step": 1050, "loss": 2.7297430278849788e-05, "lr": 1.9419673459912652e-05, "tokens": 4718144, "supervised": 1207753, "secs": 187.9}
{"step": 1100, "loss": 2.2032369088265114e-05, "lr": 1.9350162426854152e-05, "tokens": 4950208, "supervised": 1264283, "secs": 193.4}
{"step": 1150, "loss": 0.00440409267321229, "lr": 1.927685950994143e-05, "tokens": 5175648, "supervised": 1321994, "secs": 198.6}
{"step": 1200, "loss": 0.00010028106044046581, "lr": 1.9199794436588244e-05, "tokens": 5399648, "supervised": 1378669, "secs": 204.0}
{"step": 1250, "loss": 0.003185558132827282, "lr": 1.91189984599209e-05, "tokens": 5629664, "supervised": 1438874, "secs": 209.6}
{"step": 1300, "loss": 1.5757239452796057e-05, "lr": 1.9034504346103825e-05, "tokens": 5851808, "supervised": 1494796, "secs": 215.2}
{"step": 1350, "loss": 6.705990381306037e-05, "lr": 1.8946346361051474e-05, "tokens": 6058336, "supervised": 1544703, "secs": 220.4}
{"step": 1400, "loss": 1.0817215297720395e-05, "lr": 1.8854560256532098e-05, "tokens": 6269600, "supervised": 1598985, "secs": 226.1}
{"step": 1450, "loss": 2.8129166821599938e-05, "lr": 1.875918325566888e-05, "tokens": 6479456, "supervised": 1651725, "secs": 231.6}
{"step": 1500, "loss": 0.00015254733443725854, "lr": 1.866025403784439e-05, "tokens": 6718048, "supervised": 1712006, "secs": 238.6}
{"step": 1550, "loss": 0.0003212380688637495, "lr": 1.8557812723014476e-05, "tokens": 6928160, "supervised": 1762992, "secs": 243.8}
{"step": 1600, "loss": 4.05131395382341e-05, "lr": 1.845190085543795e-05, "tokens": 7147616, "supervised": 1817749, "secs": 249.2}
{"step": 1650, "loss": 4.383355553727597e-05, "lr": 1.8342561386828613e-05, "tokens": 7380768, "supervised": 1877607, "secs": 254.6}
{"step": 1700, "loss": 0.00028251740150153637, "lr": 1.8229838658936566e-05, "tokens": 7601728, "supervised": 1935161, "secs": 260.1}
{"step": 1750, "loss": 2.1417314201244153e-05, "lr": 1.811377838556573e-05, "tokens": 7822688, "supervised": 1990075, "secs": 265.4}
{"step": 1800, "loss": 0.00299033778719604, "lr": 1.7994427634035012e-05, "tokens": 8035872, "supervised": 2044177, "secs": 270.9}
{"step": 1850, "loss": 4.914244982501259e-06, "lr": 1.7871834806090502e-05, "tokens": 8299520, "supervised": 2114461, "secs": 276.5}
{"step": 1900, "loss": 2.8304822990321554e-05, "lr": 1.7746049618276548e-05, "tokens": 8527552, "supervised": 2175153, "secs": 282.0}
{"step": 1950, "loss": 1.1661283679131884e-05, "lr": 1.7617123081773595e-05, "tokens": 8750592, "supervised": 2230179, "secs": 287.6}
{"step": 2000, "loss": 3.4176268854935188e-06, "lr": 1.7485107481711014e-05, "tokens": 8976384, "supervised": 2285879, "secs": 293.4}
{"step": 2050, "loss": 0.8102121949195862, "lr": 1.7350056355963287e-05, "tokens": 9202208, "supervised": 2340343, "secs": 298.8}
{"step": 2100, "loss": 1.301665815844899e-05, "lr": 1.7212024473438145e-05, "tokens": 9417568, "supervised": 2394010, "secs": 303.9}
{"step": 2150, "loss": 0.08977135270833969, "lr": 1.7071067811865477e-05, "tokens": 9629632, "supervised": 2446654, "secs": 309.1}
{"step": 2200, "loss": 3.6971945519326255e-05, "lr": 1.6927243535095995e-05, "tokens": 9857408, "supervised": 2502511, "secs": 314.4}
{"step": 2250, "loss": 4.215903391013853e-05, "lr": 1.678060996991891e-05, "tokens": 10096256, "supervised": 2565339, "secs": 320.0}
{"step": 2300, "loss": 5.176133072382072e-06, "lr": 1.6631226582407954e-05, "tokens": 10316384, "supervised": 2622862, "secs": 325.2}
{"step": 2350, "loss": 1.39646172101493e-05, "lr": 1.647915395380539e-05, "tokens": 10535136, "supervised": 2676941, "secs": 330.5}
{"step": 2400, "loss": 3.278404983575456e-05, "lr": 1.6324453755953772e-05, "tokens": 10780000, "supervised": 2739824, "secs": 335.9}
{"step": 2450, "loss": 0.00013645313447341323, "lr": 1.6167188726285433e-05, "tokens": 10998880, "supervised": 2794964, "secs": 341.4}
{"step": 2500, "loss": 3.0600444006267935e-05, "lr": 1.600742264237979e-05, "tokens": 11246208, "supervised": 2857085, "secs": 347.1}
{"step": 2550, "loss": 0.0001670377387199551, "lr": 1.584522029609889e-05, "tokens": 11470912, "supervised": 2914441, "secs": 352.3}
{"step": 2600, "loss": 1.120877823268529e-05, "lr": 1.5680647467311562e-05, "tokens": 11693312, "supervised": 2968127, "secs": 357.8}
{"step": 2650, "loss": 2.742792503340752e-06, "lr": 1.551377089721692e-05, "tokens": 11909536, "supervised": 3021249, "secs": 363.5}
{"step": 2700, "loss": 3.174232233504881e-06, "lr": 1.5344658261278013e-05, "tokens": 12110272, "supervised": 3070570, "secs": 368.9}
{"step": 2750, "loss": 1.6883044509086176e-06, "lr": 1.5173378141776569e-05, "tokens": 12315424, "supervised": 3123494, "secs": 373.9}
{"step": 2800, "loss": 2.4060097985056927e-06, "lr": 1.5000000000000002e-05, "tokens": 12528224, "supervised": 3174459, "secs": 379.2}
{"step": 2850, "loss": 1.1945707001359551e-06, "lr": 1.4824594148071936e-05, "tokens": 12763232, "supervised": 3235143, "secs": 384.5}
{"step": 2900, "loss": 1.2012561683150125e-06, "lr": 1.4647231720437684e-05, "tokens": 12993472, "supervised": 3293773, "secs": 389.9}
{"step": 2950, "loss": 8.795281019047252e-07, "lr": 1.4467984645016259e-05, "tokens": 13227968, "supervised": 3354666, "secs": 395.5}
{"step": 3000, "loss": 5.310695087246131e-06, "lr": 1.4286925614030542e-05, "tokens": 13445152, "supervised": 3408148, "secs": 400.6}
{"step": 3050, "loss": 5.673294936059392e-07, "lr": 1.410412805452757e-05, "tokens": 13672480, "supervised": 3464083, "secs": 406.1}
{"step": 3100, "loss": 1.566383275530825e-06, "lr": 1.3919666098600753e-05, "tokens": 13878784, "supervised": 3513023, "secs": 411.3}
{"step": 3150, "loss": 4.0123941857928003e-07, "lr": 1.3733614553326211e-05, "tokens": 14106144, "supervised": 3571506, "secs": 417.0}
{"step": 3200, "loss": 1.256267751159612e-06, "lr": 1.3546048870425356e-05, "tokens": 14295712, "supervised": 3615992, "secs": 422.0}
{"step": 3250, "loss": 4.9682066673994996e-06, "lr": 1.335704511566605e-05, "tokens": 14510528, "supervised": 3670064, "secs": 427.6}
{"step": 3300, "loss": 1.4299863551059389e-06, "lr": 1.3166679938014726e-05, "tokens": 14742624, "supervised": 3728689, "secs": 433.3}
{"step": 3350, "loss": 0.0009410444763489068, "lr": 1.297503053855203e-05, "tokens": 14945280, "supervised": 3777836, "secs": 438.8}
{"step": 3400, "loss": 1.486577730247518e-06, "lr": 1.2782174639164526e-05, "tokens": 15188000, "supervised": 3841160, "secs": 444.2}
{"step": 3450, "loss": 1.6603829863015562e-05, "lr": 1.2588190451025209e-05, "tokens": 15400704, "supervised": 3892975, "secs": 449.6}
{"step": 3500, "loss": 5.968782943455153e-07, "lr": 1.2393156642875577e-05, "tokens": 15636896, "supervised": 3951253, "secs": 455.0}
{"step": 3550, "loss": 3.6775898593077727e-07, "lr": 1.2197152309122171e-05, "tokens": 15837408, "supervised": 3999812, "secs": 460.4}
{"step": 3600, "loss": 9.197570761898533e-06, "lr": 1.2000256937760448e-05, "tokens": 16041472, "supervised": 4048284, "secs": 465.6}
{"step": 3650, "loss": 5.405858587437251e-07, "lr": 1.180255037813906e-05, "tokens": 16274816, "supervised": 4106818, "secs": 471.2}
{"step": 3700, "loss": 1.2448223287719884e-06, "lr": 1.1604112808577605e-05, "tokens": 16496704, "supervised": 4165474, "secs": 476.6}
{"step": 3750, "loss": 4.353647966581775e-07, "lr": 1.1405024703850929e-05, "tokens": 16693152, "supervised": 4215133, "secs": 482.2}
{"step": 3800, "loss": 2.0570827530264069e-07, "lr": 1.1205366802553233e-05, "tokens": 16920672, "supervised": 4270269, "secs": 487.6}
{"step": 3850, "loss": 2.421046758627199e-07, "lr": 1.1005220074355172e-05, "tokens": 17191072, "supervised": 4342680, "secs": 493.4}
{"step": 3900, "loss": 1.4693571870338928e-07, "lr": 1.0804665687167262e-05, "tokens": 17418912, "supervised": 4403038, "secs": 499.3}
{"step": 3950, "loss": 5.463757801749125e-08, "lr": 1.0603784974222862e-05, "tokens": 17628992, "supervised": 4454545, "secs": 505.0}
{"step": 4000, "loss": 2.842672301994753e-07, "lr": 1.0402659401094154e-05, "tokens": 17862336, "supervised": 4510840, "secs": 510.6}
{"step": 4050, "loss": 4.771787871504785e-07, "lr": 1.0201370532654404e-05, "tokens": 18080352, "supervised": 4564340, "secs": 516.3}
{"step": 4100, "loss": 2.2478251082702627e-07, "lr": 1e-05, "tokens": 18312992, "supervised": 4627152, "secs": 522.0}
{"step": 4150, "loss": 3.156649881930207e-06, "lr": 9.798629467345598e-06, "tokens": 18548832, "supervised": 4688361, "secs": 527.8}
{"step": 4200, "loss": 3.0919899529635586e-08, "lr": 9.597340598905851e-06, "tokens": 18774048, "supervised": 4744066, "secs": 533.3}
{"step": 4250, "loss": 9.377568943591541e-08, "lr": 9.396215025777141e-06, "tokens": 18976576, "supervised": 4792126, "secs": 538.8}
{"step": 4300, "loss": 3.266792703016108e-08, "lr": 9.195334312832745e-06, "tokens": 19213984, "supervised": 4853382, "secs": 544.6}
{"step": 4350, "loss": 1.855776190495817e-07, "lr": 8.994779925644832e-06, "tokens": 19427712, "supervised": 4907520, "secs": 550.1}
{"step": 4400, "loss": 5.158199911647898e-08, "lr": 8.79463319744677e-06, "tokens": 19647776, "supervised": 4961231, "secs": 555.8}
{"step": 4450, "loss": 2.450094349626397e-08, "lr": 8.594975296149074e-06, "tokens": 19870048, "supervised": 5014741, "secs": 561.5}
{"step": 4500, "loss": 1.3411041166477844e-08, "lr": 8.395887191422399e-06, "tokens": 20086624, "supervised": 5067810, "secs": 567.0}
{"step": 4550, "loss": 1.9419346131144266e-08, "lr": 8.197449621860944e-06, "tokens": 20319584, "supervised": 5130762, "secs": 572.6}
{"step": 4600, "loss": 8.894171088513758e-08, "lr": 7.999743062239557e-06, "tokens": 20552256, "supervised": 5188905, "secs": 578.2}
{"step": 4650, "loss": 1.2003711802321959e-08, "lr": 7.80284769087783e-06, "tokens": 20768192, "supervised": 5243429, "secs": 583.7}
{"step": 4700, "loss": 5.9604495561416115e-08, "lr": 7.6068433571244234e-06, "tokens": 20988608, "supervised": 5298299, "secs": 589.1}
{"step": 4750, "loss": 5.3706248337448415e-08, "lr": 7.411809548974792e-06, "tokens": 21229568, "supervised": 5360560, "secs": 594.8}
{"step": 4800, "loss": 5.759869381449789e-08, "lr": 7.217825360835476e-06, "tokens": 21439520, "supervised": 5416005, "secs": 600.2}
{"step": 4850, "loss": 5.4637478541508244e-08, "lr": 7.024969461447973e-06, "tokens": 21682464, "supervised": 5476865, "secs": 606.0}
{"step": 4900, "loss": 6.452923084765416e-09, "lr": 6.833320061985278e-06, "tokens": 21900384, "supervised": 5533964, "secs": 611.5}
{"step": 4950, "loss": 1.407331584601934e-08, "lr": 6.642954884333953e-06, "tokens": 22154336, "supervised": 5601078, "secs": 617.2}
{"step": 5000, "loss": 1.199174448629492e-08, "lr": 6.453951129574646e-06, "tokens": 22398528, "supervised": 5665771, "secs": 623.1}
{"step": 5050, "loss": 6.0018559011609796e-09, "lr": 6.266385446673791e-06, "tokens": 22646496, "supervised": 5734866, "secs": 628.9}
{"step": 5100, "loss": 7.823109271498652e-09, "lr": 6.080333901399252e-06, "tokens": 22881216, "supervised": 5795731, "secs": 634.5}
{"step": 5150, "loss": 8.144874641402566e-08, "lr": 5.8958719454724326e-06, "tokens": 23096032, "supervised": 5847997, "secs": 639.8}
{"step": 5200, "loss": 4.384378371469211e-08, "lr": 5.713074385969457e-06, "tokens": 23316544, "supervised": 5906609, "secs": 645.4}
{"step": 5250, "loss": 1.5504996397908144e-08, "lr": 5.532015354983742e-06, "tokens": 23546048, "supervised": 5969392, "secs": 651.1}
{"step": 5300, "loss": 4.269135089884912e-08, "lr": 5.352768279562315e-06, "tokens": 23757600, "supervised": 6019600, "secs": 656.4}
{"step": 5350, "loss": 1.227501478240356e-08, "lr": 5.175405851928068e-06, "tokens": 23972672, "supervised": 6071203, "secs": 662.0}
{"step": 5400, "loss": 4.327066704945537e-08, "lr": 5.000000000000003e-06, "tokens": 24180384, "supervised": 6121170, "secs": 667.2}
{"step": 5450, "loss": 9.313223969797946e-09, "lr": 4.826621858223436e-06, "tokens": 24405888, "supervised": 6180223, "secs": 672.8}
{"step": 5500, "loss": 2.334944682047535e-08, "lr": 4.655341738721989e-06, "tokens": 24643456, "supervised": 6239320, "secs": 678.4}
{"step": 5550, "loss": 1.5350234860989076e-08, "lr": 4.486229102783084e-06, "tokens": 24844288, "supervised": 6289006, "secs": 683.7}
{"step": 5600, "loss": 7.13217884751316e-09, "lr": 4.31935253268844e-06, "tokens": 25060192, "supervised": 6342419, "secs": 689.3}
{"step": 5650, "loss": 8.466567891218801e-09, "lr": 4.154779703901114e-06, "tokens": 25262752, "supervised": 6391055, "secs": 694.7}
{"step": 5700, "loss": 5.553956157200446e-07, "lr": 3.992577357620214e-06, "tokens": 25458816, "supervised": 6440233, "secs": 699.9}
{"step": 5750, "loss": 2.9133035539530283e-08, "lr": 3.832811273714569e-06, "tokens": 25693248, "supervised": 6502668, "secs": 705.5}
{"step": 5800, "loss": 6.415775466450668e-09, "lr": 3.6755462440462288e-06, "tokens": 25886944, "supervised": 6548433, "secs": 710.7}
{"step": 5850, "loss": 7.864500162213517e-09, "lr": 3.5208460461946136e-06, "tokens": 26116672, "supervised": 6607104, "secs": 716.3}
{"step": 5900, "loss": 3.610665189057727e-08, "lr": 3.3687734175920505e-06, "tokens": 26336928, "supervised": 6661587, "secs": 721.7}
{"step": 5950, "loss": 2.1125686089362716e-08, "lr": 3.2193900300810908e-06, "tokens": 26551040, "supervised": 6711985, "secs": 727.2}
{"step": 6000, "loss": 3.791578606637813e-08, "lr": 3.0727564649040066e-06, "tokens": 26786816, "supervised": 6773839, "secs": 732.9}
{"step": 6050, "loss": 4.520662955087573e-08, "lr": 2.9289321881345257e-06, "tokens": 27015136, "supervised": 6832477, "secs": 738.7}
{"step": 6100, "loss": 1.022415219154027e-08, "lr": 2.7879755265618558e-06, "tokens": 27244032, "supervised": 6889411, "secs": 744.0}
{"step": 6150, "loss": 5.960462790000065e-09, "lr": 2.649943644036713e-06, "tokens": 27470560, "supervised": 6948955, "secs": 749.4}
{"step": 6200, "loss": 2.5302250961090067e-08, "lr": 2.514892518288988e-06, "tokens": 27692864, "supervised": 7007135, "secs": 754.7}
{"step": 6250, "loss": 1.8467922302534134e-08, "lr": 2.382876918226409e-06, "tokens": 27916896, "supervised": 7063049, "secs": 760.4}
{"step": 6300, "loss": 2.0602128003588405e-08, "lr": 2.2539503817234553e-06, "tokens": 28115264, "supervised": 7109195, "secs": 766.3}
{"step": 6350, "loss": 1.323496956473491e-08, "lr": 2.1281651939094996e-06, "tokens": 28348640, "supervised": 7166095, "secs": 772.0}
{"step": 6400, "loss": 4.139211196019232e-09, "lr": 2.0055723659649873e-06, "tokens": 28570464, "supervised": 7223593, "secs": 777.2}
{"step": 6450, "loss": 7.449548888871504e-08, "lr": 1.8862216144342726e-06, "tokens": 28821696, "supervised": 7292239, "secs": 782.7}
{"step": 6500, "loss": 1.3318944169782299e-08, "lr": 1.7701613410634367e-06, "tokens": 29034816, "supervised": 7345320, "secs": 788.7}
{"step": 6550, "loss": 3.352760513664066e-09, "lr": 1.6574386131713872e-06, "tokens": 29267936, "supervised": 7403650, "secs": 794.5}
{"step": 6600, "loss": 2.4511031426754926e-08, "lr": 1.5480991445620518e-06, "tokens": 29483904, "supervised": 7457908, "secs": 799.5}
{"step": 6650, "loss": 1.0042477072147449e-08, "lr": 1.4421872769855262e-06, "tokens": 29707776, "supervised": 7515037, "secs": 804.6}
{"step": 6700, "loss": 3.0277774953901826e-08, "lr": 1.339745962155613e-06, "tokens": 29942048, "supervised": 7576943, "secs": 810.2}
{"step": 6750, "loss": 4.031262790249457e-08, "lr": 1.2408167443311215e-06, "tokens": 30160544, "supervised": 7631180, "secs": 815.3}
{"step": 6800, "loss": 3.863568664996819e-08, "lr": 1.1454397434678999e-06, "tokens": 30397472, "supervised": 7691097, "secs": 820.5}
{"step": 6850, "loss": 5.380973888691187e-09, "lr": 1.0536536389485275e-06, "tokens": 30638336, "supervised": 7754710, "secs": 826.8}
{"step": 6900, "loss": 1.7224332182763646e-08, "lr": 9.654956538961769e-07, "tokens": 30869344, "supervised": 7812430, "secs": 833.1}
{"step": 6950, "loss": 8.023700814874246e-09, "lr": 8.810015400790994e-07, "tokens": 31078848, "supervised": 7862690, "secs": 838.0}
{"step": 7000, "loss": 1.0426466356960873e-09, "lr": 8.0020556341176e-07, "tokens": 31292736, "supervised": 7915776, "secs": 843.0}
{"step": 7050, "loss": 3.083568245187962e-08, "lr": 7.231404900585714e-07, "tokens": 31521664, "supervised": 7975884, "secs": 848.8}
{"step": 7100, "loss": 1.566429119748136e-08, "lr": 6.498375731458529e-07, "tokens": 31736224, "supervised": 8026350, "secs": 854.9}
{"step": 7150, "loss": 2.2553106049372218e-08, "lr": 5.803265400873514e-07, "tokens": 31945440, "supervised": 8078203, "secs": 861.0}
{"step": 7200, "loss": 2.6904869443455937e-09, "lr": 5.146355805285464e-07, "tokens": 32195456, "supervised": 8145173, "secs": 867.7}
{"step": 7250, "loss": 2.0435877434721306e-09, "lr": 4.5279133491454406e-07, "tokens": 32402112, "supervised": 8195349, "secs": 873.7}
{"step": 7300, "loss": 9.463606431836524e-08, "lr": 3.9481888368627764e-07, "tokens": 32623008, "supervised": 8248587, "secs": 879.8}
{"step": 7350, "loss": 1.4487239186067313e-09, "lr": 3.4074173710931693e-07, "tokens": 32816768, "supervised": 8293505, "secs": 885.7}
{"step": 7400, "loss": 9.35654131950514e-09, "lr": 2.90581825739481e-07, "tokens": 33017984, "supervised": 8342601, "secs": 891.6}
{"step": 7450, "loss": 3.381416391334824e-08, "lr": 2.4435949152906144e-07, "tokens": 33239904, "supervised": 8397695, "secs": 897.8}
{"step": 7500, "loss": 1.944492034056111e-08, "lr": 2.0209347957732328e-07, "tokens": 33486848, "supervised": 8461538, "secs": 903.5}
{"step": 7550, "loss": 3.047964547420179e-09, "lr": 1.6380093052856482e-07, "tokens": 33689216, "supervised": 8512302, "secs": 908.4}
{"step": 7600, "loss": 6.949098185771163e-09, "lr": 1.2949737362087156e-07, "tokens": 33917760, "supervised": 8569956, "secs": 913.6}
{"step": 7650, "loss": 7.272092972243627e-08, "lr": 9.919672038836037e-08, "tokens": 34148608, "supervised": 8627955, "secs": 920.0}
{"step": 7700, "loss": 3.7252898543727042e-09, "lr": 7.291125901946027e-08, "tokens": 34376224, "supervised": 8683260, "secs": 926.3}
{"step": 7750, "loss": 5.396270097435263e-08, "lr": 5.0651649373544276e-08, "tokens": 34580928, "supervised": 8732585, "secs": 932.2}
{"step": 7800, "loss": 2.4288887345846888e-08, "lr": 3.242691865790071e-08, "tokens": 34813888, "supervised": 8792247, "secs": 937.4}
{"step": 7850, "loss": 2.6972136524250345e-08, "lr": 1.824445776682504e-08, "tokens": 35042976, "supervised": 8852782, "secs": 942.5}
{"step": 7900, "loss": 3.184355534813221e-08, "lr": 8.110018284304132e-09, "tokens": 35262144, "supervised": 8905872, "secs": 948.0}
{"step": 7950, "loss": 2.607702942469814e-09, "lr": 2.0277101514987184e-09, "tokens": 35480224, "supervised": 8959807, "secs": 954.3}
{"step": 8000, "loss": 3.1354520757531645e-08, "lr": 0.0, "tokens": 35723776, "supervised": 9024881, "secs": 960.9}
[done] ladder_opcode -> /home/ec2-user/opg/runs/ladder_cd/ladder_opcode.pt tokens=35723776 supervised=9024881 examples=320000
