[2026-09-01T18:34:42Z] === bootstrap start on nrm-worker-3 (6.12.100-125.179.amzn2023.x86_64) ===
[2026-09-01T18:34:42Z] found instance store /dev/nvme1n1
[2026-09-01T18:34:43Z] formatted /dev/nvme1n1
[2026-09-01T18:34:43Z] mounted /dev/nvme1n1 at /mnt/nvme (233G EPHEMERAL)
[2026-09-01T18:34:43Z] installing uv
downloading uv 0.12.8 x86_64-unknown-linux-gnu
installing to /home/ec2-user/.local/bin
  uv
  uvx
everything's installed!
[2026-09-01T18:34:44Z] uv uv 0.12.8 (x86_64-unknown-linux-gnu)
[2026-09-01T18:34:44Z] code snapshot code/repo-151aa17.tar.gz
[2026-09-01T18:34:45Z] unpacked 742 files at commit 151aa17
[2026-09-01T18:34:45Z] uv sync --frozen (this is the slow step, torch is about 3 GB)
Downloading cpython-3.12.14-linux-x86_64-gnu (download) (32.5MiB)
 Downloaded cpython-3.12.14-linux-x86_64-gnu (download)
Using CPython 3.12.14
Creating virtual environment at: .venv
Downloading nvidia-cuda-runtime (2.1MiB)
Downloading nvidia-cuda-cupti (10.2MiB)
Downloading nvidia-cufile (1.2MiB)
Downloading networkx (2.0MiB)
Downloading pygments (1.2MiB)
Downloading nvidia-cusparse (139.2MiB)
Downloading nvidia-nvshmem-cu13 (57.6MiB)
Downloading nvidia-curand (56.8MiB)
Downloading nvidia-nvjitlink (38.9MiB)
Downloading hf-xet (4.3MiB)
Downloading sympy (6.0MiB)
Downloading torch (502.2MiB)
Downloading nvidia-cusparselt-cu13 (162.3MiB)
Downloading nvidia-cudnn-cu13 (349.2MiB)
Downloading nvidia-cusolver (191.6MiB)
Downloading nvidia-cuda-nvrtc (86.0MiB)
Downloading nvidia-cufft (204.2MiB)
Downloading pyarrow (47.8MiB)
Downloading triton (188.6MiB)
Downloading transformers (11.2MiB)
Downloading nvidia-cublas (403.5MiB)
Downloading cuda-bindings (6.3MiB)
Downloading numpy (15.9MiB)
Downloading nvidia-nccl-cu13 (196.4MiB)
Downloading tokenizers (3.1MiB)
 Downloaded nvidia-cufile
 Downloaded nvidia-cuda-runtime
 Downloaded pygments
 Downloaded tokenizers
 Downloaded hf-xet
 Downloaded networkx
 Downloaded cuda-bindings
 Downloaded nvidia-cuda-cupti
 Downloaded sympy
 Downloaded numpy
 Downloaded nvidia-nvjitlink
 Downloaded transformers
 Downloaded nvidia-curand
 Downloaded nvidia-nvshmem-cu13
 Downloaded nvidia-cuda-nvrtc
 Downloaded pyarrow
 Downloaded nvidia-cusparse
 Downloaded nvidia-cusparselt-cu13
 Downloaded nvidia-cusolver
 Downloaded nvidia-nccl-cu13
 Downloaded nvidia-cufft
 Downloaded triton
 Downloaded nvidia-cudnn-cu13
 Downloaded nvidia-cublas
 Downloaded torch
Prepared 57 packages in 13.26s
Installed 57 packages in 35.56s
 + annotated-doc==0.0.5
 + anyio==4.14.2
 + certifi==2026.7.22
 + click==8.4.2
 + cuda-bindings==13.3.1
 + cuda-pathfinder==1.6.1
 + cuda-toolkit==13.0.3.0
 + filelock==3.32.4
 + fsspec==2026.7.0
 + h11==0.16.0
 + hf-xet==1.6.0
 + httpcore==1.0.9
 + httpx==0.28.1
 + huggingface-hub==1.28.0
 + idna==3.19
 + iniconfig==2.3.0
 + jinja2==3.1.6
 + markdown-it-py==4.2.0
 + markupsafe==3.0.3
 + mdurl==0.1.2
 + mpmath==1.3.0
 + networkx==3.6.1
 + numpy==2.5.2
 + nvidia-cublas==13.1.1.3
 + nvidia-cuda-cupti==13.0.85
 + nvidia-cuda-nvrtc==13.0.88
 + nvidia-cuda-runtime==13.0.96
 + nvidia-cudnn-cu13==9.20.0.48
 + nvidia-cufft==12.0.0.61
 + nvidia-cufile==1.15.1.6
 + nvidia-curand==10.4.0.35
 + nvidia-cusolver==12.0.4.66
 + nvidia-cusparse==12.6.3.3
 + nvidia-cusparselt-cu13==0.8.1
 + nvidia-nccl-cu13==2.29.7
 + nvidia-nvjitlink==13.3.33
 + nvidia-nvshmem-cu13==3.4.5
 + nvidia-nvtx==13.0.85
 + packaging==26.3
 + pluggy==1.6.0
 + pyarrow==25.0.1
 + pygments==2.21.0
 + pytest==9.1.1
 + pyyaml==6.0.3
 + regex==2026.7.19
 + rich==15.0.0
 + safetensors==0.8.0
 + setuptools==84.0.0
 + shellingham==1.5.4
 + sympy==1.14.0
 + tokenizers==0.22.2
 + torch==2.13.0
 + tqdm==4.70.0
 + transformers==5.15.1
 + triton==3.7.1
 + typer==0.27.1
 + typing-extensions==4.16.0
[2026-09-01T18:35:45Z] python 3.12.14, torch 2.13.0+cu130
[2026-09-01T18:35:46Z] tokenizer at /home/ec2-user/data/tokenizer_v2.json
[2026-09-01T18:35:46Z] syncing dataset prefix s3://decoupled-reasoner-009398924577/data/regime_e3/
[2026-09-01T18:37:42Z] no Exa key requested for this worker
[2026-09-01T18:37:44Z] GPU NVIDIA L40S, torch.cuda ok
[2026-09-01T18:37:44Z] === bootstrap ok in 182s, wrote /home/ec2-user/BOOTSTRAP_OK ===
{
  "worker": "nrm-worker-3",
  "ready_utc": "2026-09-01T18:37:44Z",
  "bootstrap_seconds": 182,
  "code_key": "code/repo-151aa17.tar.gz",
  "commit": "151aa17",
  "repo": "/home/ec2-user/decoupled-reasoner",
  "python": "3.12.14",
  "torch": "2.13.0+cu130",
  "gpu": "NVIDIA L40S",
  "instance_store": "mounted",
  "scratch": "/mnt/nvme",
  "exa_env": false
}
[2026-09-01T18:40:59Z] === bootstrap start on nrm-worker-3 (6.12.100-125.179.amzn2023.x86_64) ===
[2026-09-01T18:40:59Z] instance store already mounted at /mnt/nvme
[2026-09-01T18:40:59Z] uv uv 0.12.8 (x86_64-unknown-linux-gnu)
[2026-09-01T18:41:00Z] code snapshot code/repo-b33dc6d.tar.gz
[2026-09-01T18:41:01Z] unpacked 23070 files at commit b33dc6d
[2026-09-01T18:41:01Z] uv sync --frozen (this is the slow step, torch is about 3 GB)
Checked 57 packages in 0.64ms
[2026-09-01T18:41:02Z] python 3.12.14, torch 2.13.0+cu130
[2026-09-01T18:41:02Z] tokenizer at /home/ec2-user/data/tokenizer_v2.json
[2026-09-01T18:41:02Z] syncing dataset prefix s3://decoupled-reasoner-009398924577/data/regime_e3/
[2026-09-01T18:41:03Z] no Exa key requested for this worker
[2026-09-01T18:41:05Z] GPU NVIDIA L40S, torch.cuda ok
[2026-09-01T18:41:05Z] === bootstrap ok in 6s, wrote /home/ec2-user/BOOTSTRAP_OK ===
{
  "worker": "nrm-worker-3",
  "ready_utc": "2026-09-01T18:41:05Z",
  "bootstrap_seconds": 6,
  "code_key": "code/repo-b33dc6d.tar.gz",
  "commit": "b33dc6d",
  "repo": "/home/ec2-user/decoupled-reasoner",
  "python": "3.12.14",
  "torch": "2.13.0+cu130",
  "gpu": "NVIDIA L40S",
  "instance_store": "already-mounted",
  "scratch": "/mnt/nvme",
  "exa_env": false
}
[2026-09-01T18:45:56Z] === bootstrap start on nrm-worker-3 (6.12.100-125.179.amzn2023.x86_64) ===
[2026-09-01T18:45:56Z] instance store already mounted at /mnt/nvme
[2026-09-01T18:45:56Z] uv uv 0.12.8 (x86_64-unknown-linux-gnu)
[2026-09-01T18:45:56Z] code snapshot code/repo-a0cd47c.tar.gz
[2026-09-01T18:45:57Z] unpacked 23071 files at commit a0cd47c
[2026-09-01T18:45:57Z] uv sync --frozen (this is the slow step, torch is about 3 GB)
Checked 57 packages in 0.61ms
[2026-09-01T18:45:59Z] python 3.12.14, torch 2.13.0+cu130
[2026-09-01T18:45:59Z] tokenizer at /home/ec2-user/data/tokenizer_v2.json
[2026-09-01T18:45:59Z] syncing dataset prefix s3://decoupled-reasoner-009398924577/data/regime_e3/
[2026-09-01T18:46:00Z] no Exa key requested for this worker
[2026-09-01T18:46:01Z] GPU NVIDIA L40S, torch.cuda ok
[2026-09-01T18:46:01Z] === bootstrap ok in 5s, wrote /home/ec2-user/BOOTSTRAP_OK ===
{
  "worker": "nrm-worker-3",
  "ready_utc": "2026-09-01T18:46:01Z",
  "bootstrap_seconds": 5,
  "code_key": "code/repo-a0cd47c.tar.gz",
  "commit": "a0cd47c",
  "repo": "/home/ec2-user/decoupled-reasoner",
  "python": "3.12.14",
  "torch": "2.13.0+cu130",
  "gpu": "NVIDIA L40S",
  "instance_store": "already-mounted",
  "scratch": "/mnt/nvme",
  "exa_env": false
}
[2026-09-01T18:48:59Z] === bootstrap start on nrm-worker-3 (6.12.100-125.179.amzn2023.x86_64) ===
[2026-09-01T18:48:59Z] instance store already mounted at /mnt/nvme
[2026-09-01T18:48:59Z] uv uv 0.12.8 (x86_64-unknown-linux-gnu)
[2026-09-01T18:48:59Z] code snapshot code/repo-7932f04.tar.gz
[2026-09-01T18:49:00Z] unpacked 742 files at commit 7932f04
[2026-09-01T18:49:00Z] uv sync --frozen (this is the slow step, torch is about 3 GB)
Checked 57 packages in 0.64ms
[2026-09-01T18:49:02Z] python 3.12.14, torch 2.13.0+cu130
[2026-09-01T18:49:02Z] tokenizer at /home/ec2-user/data/tokenizer_v2.json
[2026-09-01T18:49:02Z] syncing dataset prefix s3://decoupled-reasoner-009398924577/data/regime_e3/
[2026-09-01T18:49:03Z] no Exa key requested for this worker
[2026-09-01T18:49:04Z] GPU NVIDIA L40S, torch.cuda ok
[2026-09-01T18:49:04Z] === bootstrap ok in 5s, wrote /home/ec2-user/BOOTSTRAP_OK ===
{
  "worker": "nrm-worker-3",
  "ready_utc": "2026-09-01T18:49:04Z",
  "bootstrap_seconds": 5,
  "code_key": "code/repo-7932f04.tar.gz",
  "commit": "7932f04",
  "repo": "/home/ec2-user/decoupled-reasoner",
  "python": "3.12.14",
  "torch": "2.13.0+cu130",
  "gpu": "NVIDIA L40S",
  "instance_store": "already-mounted",
  "scratch": "/mnt/nvme",
  "exa_env": false
}
