[parity] default ceiling reproduces the original stream
[stream] {"induction_examples": 160000, "plan_examples": 160000, "plan_len_hist": {"1": 93126, "2": 33154, "3": 33720}, "plan_len_max": 3, "plan_len_mean": 1.6287, "distinct_symbol_hist": {"1": 160000}, "distinct_symbol_max": 1, "max_depth": 3, "max_symbols": 1, "arm": "opgraph"}
{"examples": 320000, "encoded": 320000, "dropped_over_max_len": 0}
{"step": 1, "loss": 3.9309329986572266, "lr": 1.0000000000000001e-07, "tokens": 7840, "supervised": 2846, "secs": 60.2}
{"step": 400, "loss": 0.24354031682014465, "lr": 1.9967573081342103e-05, "tokens": 1728928, "supervised": 469569, "secs": 104.7}
{"step": 800, "loss": 0.013040734454989433, "lr": 1.9709418174260523e-05, "tokens": 3486176, "supervised": 953276, "secs": 141.9}
{"step": 1200, "loss": 0.00024195121659431607, "lr": 1.9199794436588244e-05, "tokens": 5213120, "supervised": 1415172, "secs": 178.4}
{"step": 1600, "loss": 5.763201988884248e-05, "lr": 1.845190085543795e-05, "tokens": 6894624, "supervised": 1868219, "secs": 215.8}
{"step": 2000, "loss": 3.0973337743489537e-06, "lr": 1.7485107481711014e-05, "tokens": 8663904, "supervised": 2349595, "secs": 251.8}
{"step": 2400, "loss": 1.4679479818369146e-06, "lr": 1.6324453755953772e-05, "tokens": 10406112, "supervised": 2816123, "secs": 287.4}
{"step": 2800, "loss": 1.2332690175753669e-06, "lr": 1.5000000000000002e-05, "tokens": 12088416, "supervised": 3263893, "secs": 323.0}
{"step": 3200, "loss": 8.036570943659171e-05, "lr": 1.3546048870425356e-05, "tokens": 13794048, "supervised": 3719635, "secs": 358.6}
{"step": 3600, "loss": 4.865103983320296e-05, "lr": 1.2000256937760448e-05, "tokens": 15473920, "supervised": 4166808, "secs": 394.3}
{"step": 4000, "loss": 3.6400155067894957e-07, "lr": 1.0402659401094154e-05, "tokens": 17233952, "supervised": 4642941, "secs": 430.8}
{"step": 4400, "loss": 1.084530012462892e-07, "lr": 8.79463319744677e-06, "tokens": 18956288, "supervised": 5107637, "secs": 467.2}
{"step": 4800, "loss": 1.3597296799616743e-07, "lr": 7.217825360835476e-06, "tokens": 20685952, "supervised": 5577357, "secs": 503.5}
{"step": 5200, "loss": 1.3091722905755887e-07, "lr": 5.713074385969457e-06, "tokens": 22506624, "supervised": 6081772, "secs": 540.3}
{"step": 5600, "loss": 6.347503500592211e-08, "lr": 4.31935253268844e-06, "tokens": 24183552, "supervised": 6529436, "secs": 576.5}
{"step": 6000, "loss": 5.374696243620747e-08, "lr": 3.0727564649040066e-06, "tokens": 25841536, "supervised": 6975483, "secs": 612.5}
{"step": 6400, "loss": 4.048997581662661e-08, "lr": 2.0055723659649873e-06, "tokens": 27562176, "supervised": 7440073, "secs": 648.5}
{"step": 6800, "loss": 3.359983935524724e-08, "lr": 1.1454397434678999e-06, "tokens": 29329760, "supervised": 7921659, "secs": 691.9}
{"step": 7200, "loss": 1.1362134344494734e-08, "lr": 5.146355805285464e-07, "tokens": 31066656, "supervised": 8390138, "secs": 771.8}
{"step": 7600, "loss": 6.447617106886128e-09, "lr": 1.2949737362087156e-07, "tokens": 32720544, "supervised": 8829107, "secs": 840.6}
{"step": 8000, "loss": 2.5217344656880414e-08, "lr": 0.0, "tokens": 34465088, "supervised": 9298627, "secs": 875.9}
[done] opgraph -> /home/ec2-user/opg/runs/ceiling/d3s1.pt tokens=34465088 supervised=9298627 examples=320000
