[stream] {"induction_examples": 160000, "plan_examples": 160000, "plan_len_hist": {"1": 80795, "25": 1669, "37": 1655, "14": 1709, "47": 1653, "19": 1643, "24": 1722, "5": 1613, "32": 1707, "48": 1764, "26": 1693, "41": 1723, "17": 1643, "27": 1807, "2": 1680, "39": 1765, "34": 1740, "22": 1649, "8": 1697, "13": 1684, "20": 1697, "6": 1653, "35": 1706, "10": 1709, "46": 1658, "11": 1661, "42": 1692, "16": 1648, "18": 1676, "29": 1624, "43": 1715, "15": 1709, "12": 1657, "21": 1674, "38": 1673, "36": 1674, "9": 1712, "33": 1660, "40": 1685, "23": 1670, "31": 1708, "45": 1643, "44": 1694, "3": 1633, "28": 1685, "30": 1701, "4": 1703, "7": 1669}, "plan_len_max": 48, "plan_len_mean": 12.9183, "distinct_symbol_hist": {"1": 160000}, "distinct_symbol_max": 1, "max_depth": 48, "max_symbols": 1, "arm": "opgraph"}
{"examples": 320000, "encoded": 320000, "dropped_over_max_len": 0}
[W829 03:54:54.131784498 CUDACachingAllocator.cpp:3933] memory allocation failed with OOM on device 0 while trying to allocate 2185232384 bytes (free: 986710016, total: 85019590656).
[W829 03:54:54.150362662 CUDACachingAllocator.cpp:3933] memory allocation failed with OOM on device 0 while trying to allocate 2185232384 bytes (free: 1055916032, total: 85019590656).
Traceback (most recent call last):
  File "/home/ec2-user/opg/scripts/ceiling_train.py", line 70, in <module>
    raise SystemExit(main())
                     ^^^^^^
  File "/home/ec2-user/opg/scripts/ceiling_train.py", line 57, in main
    return trainer.main()
           ^^^^^^^^^^^^^^
  File "/home/ec2-user/opg/scripts/opgraph_train.py", line 153, in main
    loss.backward()
  File "/home/ec2-user/opg/.venv/lib/python3.12/site-packages/torch/_tensor.py", line 623, in backward
    torch.autograd.backward(
  File "/home/ec2-user/opg/.venv/lib/python3.12/site-packages/torch/autograd/__init__.py", line 395, in backward
    _engine_run_backward(
  File "/home/ec2-user/opg/.venv/lib/python3.12/site-packages/torch/autograd/graph.py", line 979, in _engine_run_backward
    return Variable._execution_engine.run_backward(  # Calls into the C++ engine to run the backward pass
           ^^^^^^^^^^^^^^^^^^^^^^^^^^^^^^^^^^^^^^^^^^^^^^^^^^^^^^^^^^^^^^^^^^^^^^^^^^^^^^^^^^^^^^^^^^^^^^
torch.OutOfMemoryError: CUDA out of memory. Tried to allocate 2.04 GiB. GPU 0 has a total capacity of 79.18 GiB of which 1007.00 MiB is free. Process 525443 has 23.74 GiB memory in use. Process 526115 has 23.74 GiB memory in use. Including non-PyTorch memory, this process has 30.69 GiB memory in use. Of the allocated memory 29.69 GiB is allocated by PyTorch, and 335.33 MiB is reserved by PyTorch but unallocated. If reserved but unallocated memory is large try setting PYTORCH_CUDA_ALLOC_CONF=expandable_segments:True to avoid fragmentation.  See documentation for Memory Management  (https://docs.pytorch.org/docs/stable/notes/cuda.html#optimizing-memory-usage-with-pytorch-cuda-alloc-conf)
