{
 "n_items": 1440,
 "cells": {
  "algebra|2": {
   "n": 110,
   "mean_floor": 0.15353
  },
  "algebra|3": {
   "n": 110,
   "mean_floor": 0.10452
  },
  "algebra|4": {
   "n": 110,
   "mean_floor": 0.08009
  },
  "algebra|5": {
   "n": 110,
   "mean_floor": 0.22303
  },
  "binary_op|None": {
   "n": 50,
   "mean_floor": 0.02107
  },
  "exception_rule|None": {
   "n": 50,
   "mean_floor": 0.5
  },
  "refuniverse|1": {
   "n": 100,
   "mean_floor": 0.00898
  },
  "refuniverse|2": {
   "n": 100,
   "mean_floor": 0.00898
  },
  "refuniverse|3": {
   "n": 100,
   "mean_floor": 0.00899
  },
  "refuniverse|4": {
   "n": 100,
   "mean_floor": 0.00898
  },
  "refuniverse|5": {
   "n": 100,
   "mean_floor": 0.00898
  },
  "refuniverse|6": {
   "n": 100,
   "mean_floor": 0.00898
  },
  "refuniverse|7": {
   "n": 100,
   "mean_floor": 0.00898
  },
  "refuniverse|8": {
   "n": 100,
   "mean_floor": 0.00893
  },
  "substitution_rule|None": {
   "n": 50,
   "mean_floor": 0.202
  },
  "threshold_rule|None": {
   "n": 50,
   "mean_floor": 0.5
  }
 },
 "universes_used": {
  "refuniverse": 119,
  "algebra": 72,
  "binary_op": 25,
  "threshold_rule": 38,
  "substitution_rule": 26,
  "exception_rule": 25
 },
 "seed_ranges_scanned": {
  "refuniverse": [
   910000000,
   910000121
  ],
  "algebra": [
   920000000,
   920000072
  ],
  "binary_op": [
   930000000,
   930000025
  ],
  "threshold_rule": [
   931000000,
   931000038
  ],
  "substitution_rule": [
   932000000,
   932000027
  ],
  "exception_rule": [
   933000000,
   933000025
  ]
 },
 "items_sha256": "8cd3a4733f94119ca4d1621356a1bf9bfea1dcde27191e2ae86c1babb8eef064"
}
{
 "refuniverse": {
  "new_notation": {
   "distinct_emitted": 142,
   "kept": 100,
   "naive_arithmetic": 40,
   "sibling:not_corpus_mode": 1,
   "not_corpus_mode": 1
  },
  "new_definitions": {
   "distinct_emitted": 102,
   "kept": 100,
   "not_corpus_mode": 1,
   "sibling:not_corpus_mode": 1
  },
  "new_theorem": {
   "distinct_emitted": 104,
   "kept": 100,
   "not_corpus_mode": 3,
   "keyword_nearest": 1
  },
  "new_proof_technique": {
   "distinct_emitted": 106,
   "kept": 100,
   "naive_arithmetic": 5,
   "sibling:not_corpus_mode": 1
  },
  "prerequisite_discovery": {
   "distinct_emitted": 105,
   "kept": 100,
   "not_corpus_mode": 5
  },
  "cross_chapter_composition": {
   "distinct_emitted": 103,
   "kept": 100,
   "sibling:not_corpus_mode": 2,
   "not_corpus_mode": 1
  },
  "not_explicitly_stated": {
   "distinct_emitted": 103,
   "kept": 100,
   "sibling:level7_no_single_chunk": 2,
   "level7_no_single_chunk": 1
  },
  "open": {
   "distinct_emitted": 121,
   "kept": 100,
   "level8_absent": 19,
   "not_corpus_mode": 2
  }
 },
 "algebra": {
  "new_definitions": {
   "distinct_emitted": 144,
   "kept": 110,
   "canary_answers_it": 14,
   "keyword_nearest": 19,
   "prompt_in_corpus": 1
  },
  "new_theorem": {
   "distinct_emitted": 195,
   "kept": 111,
   "canary_answers_it": 25,
   "not_corpus_mode": 36,
   "keyword_nearest": 21,
   "sibling:not_corpus_mode": 2
  },
  "new_proof_technique": {
   "distinct_emitted": 158,
   "kept": 111,
   "not_corpus_mode": 7,
   "canary_answers_it": 33,
   "keyword_nearest": 7
  },
  "prerequisite_discovery": {
   "distinct_emitted": 156,
   "kept": 110,
   "not_corpus_mode": 28,
   "keyword_nearest": 7,
   "sibling:not_corpus_mode": 6,
   "sibling:keyword_nearest": 5
  }
 },
 "binary_op": {
  "new_notation": {
   "distinct_emitted": 215,
   "kept": 200,
   "naive_arithmetic": 9,
   "not_corpus_mode": 6
  }
 },
 "threshold_rule": {
  "new_notation": {
   "distinct_emitted": 743,
   "kept": 304,
   "sibling:ablation": 439
  }
 },
 "substitution_rule": {
  "new_notation": {
   "distinct_emitted": 217,
   "kept": 216,
   "answer_not_copyable": 1
  }
 },
 "exception_rule": {
  "new_notation": {
   "distinct_emitted": 200,
   "kept": 200
  }
 }
}
seconds 13.9
