[02:17:24] ladder_opcode claims gpu 6
[02:17:24] rung=opcode gpu=6 start
{"step": 6100, "loss": 1.022415219154027e-08, "lr": 2.7879755265618558e-06, "tokens": 27244032, "supervised": 6889411, "secs": 835.6}
{"step": 6150, "loss": 5.960462790000065e-09, "lr": 2.649943644036713e-06, "tokens": 27470560, "supervised": 6948955, "secs": 841.9}
{"step": 6200, "loss": 2.5302250961090067e-08, "lr": 2.514892518288988e-06, "tokens": 27692864, "supervised": 7007135, "secs": 848.1}
{"step": 6250, "loss": 1.8467922302534134e-08, "lr": 2.382876918226409e-06, "tokens": 27916896, "supervised": 7063049, "secs": 854.4}
{"step": 6300, "loss": 2.0602128003588405e-08, "lr": 2.2539503817234553e-06, "tokens": 28115264, "supervised": 7109195, "secs": 860.3}
{"step": 6350, "loss": 1.323496956473491e-08, "lr": 2.1281651939094996e-06, "tokens": 28348640, "supervised": 7166095, "secs": 866.5}
{"step": 6400, "loss": 4.139211196019232e-09, "lr": 2.0055723659649873e-06, "tokens": 28570464, "supervised": 7223593, "secs": 872.7}
{"step": 6450, "loss": 7.449548888871504e-08, "lr": 1.8862216144342726e-06, "tokens": 28821696, "supervised": 7292239, "secs": 879.3}
{"step": 6500, "loss": 1.3318944169782299e-08, "lr": 1.7701613410634367e-06, "tokens": 29034816, "supervised": 7345320, "secs": 885.4}
{"step": 6550, "loss": 3.352760513664066e-09, "lr": 1.6574386131713872e-06, "tokens": 29267936, "supervised": 7403650, "secs": 891.7}
{"step": 6600, "loss": 2.4511031426754926e-08, "lr": 1.5480991445620518e-06, "tokens": 29483904, "supervised": 7457908, "secs": 897.7}
{"step": 6650, "loss": 1.0042477072147449e-08, "lr": 1.4421872769855262e-06, "tokens": 29707776, "supervised": 7515037, "secs": 904.2}
{"step": 6700, "loss": 3.0277774953901826e-08, "lr": 1.339745962155613e-06, "tokens": 29942048, "supervised": 7576943, "secs": 911.5}
{"step": 6750, "loss": 4.031262790249457e-08, "lr": 1.2408167443311215e-06, "tokens": 30160544, "supervised": 7631180, "secs": 918.2}
{"step": 6800, "loss": 3.863568664996819e-08, "lr": 1.1454397434678999e-06, "tokens": 30397472, "supervised": 7691097, "secs": 924.3}
{"step": 6850, "loss": 5.380973888691187e-09, "lr": 1.0536536389485275e-06, "tokens": 30638336, "supervised": 7754710, "secs": 930.4}
{"step": 6900, "loss": 1.7224332182763646e-08, "lr": 9.654956538961769e-07, "tokens": 30869344, "supervised": 7812430, "secs": 936.4}
{"step": 6950, "loss": 8.023700814874246e-09, "lr": 8.810015400790994e-07, "tokens": 31078848, "supervised": 7862690, "secs": 942.2}
{"step": 7000, "loss": 1.0426466356960873e-09, "lr": 8.0020556341176e-07, "tokens": 31292736, "supervised": 7915776, "secs": 948.0}
{"step": 7050, "loss": 3.083568245187962e-08, "lr": 7.231404900585714e-07, "tokens": 31521664, "supervised": 7975884, "secs": 953.7}
{"step": 7100, "loss": 1.566429119748136e-08, "lr": 6.498375731458529e-07, "tokens": 31736224, "supervised": 8026350, "secs": 959.3}
{"step": 7150, "loss": 2.2553106049372218e-08, "lr": 5.803265400873514e-07, "tokens": 31945440, "supervised": 8078203, "secs": 965.0}
{"step": 7200, "loss": 2.6904869443455937e-09, "lr": 5.146355805285464e-07, "tokens": 32195456, "supervised": 8145173, "secs": 971.4}
{"step": 7250, "loss": 2.0435877434721306e-09, "lr": 4.5279133491454406e-07, "tokens": 32402112, "supervised": 8195349, "secs": 977.2}
{"step": 7300, "loss": 9.463606431836524e-08, "lr": 3.9481888368627764e-07, "tokens": 32623008, "supervised": 8248587, "secs": 983.2}
{"step": 7350, "loss": 1.4487239186067313e-09, "lr": 3.4074173710931693e-07, "tokens": 32816768, "supervised": 8293505, "secs": 989.0}
{"step": 7400, "loss": 9.35654131950514e-09, "lr": 2.90581825739481e-07, "tokens": 33017984, "supervised": 8342601, "secs": 994.9}
{"step": 7450, "loss": 3.381416391334824e-08, "lr": 2.4435949152906144e-07, "tokens": 33239904, "supervised": 8397695, "secs": 1001.2}
{"step": 7500, "loss": 1.944492034056111e-08, "lr": 2.0209347957732328e-07, "tokens": 33486848, "supervised": 8461538, "secs": 1007.6}
{"step": 7550, "loss": 3.047964547420179e-09, "lr": 1.6380093052856482e-07, "tokens": 33689216, "supervised": 8512302, "secs": 1013.5}
{"step": 7600, "loss": 6.949098185771163e-09, "lr": 1.2949737362087156e-07, "tokens": 33917760, "supervised": 8569956, "secs": 1019.7}
{"step": 7650, "loss": 7.272092972243627e-08, "lr": 9.919672038836037e-08, "tokens": 34148608, "supervised": 8627955, "secs": 1026.0}
{"step": 7700, "loss": 3.7252898543727042e-09, "lr": 7.291125901946027e-08, "tokens": 34376224, "supervised": 8683260, "secs": 1032.3}
{"step": 7750, "loss": 5.396270097435263e-08, "lr": 5.0651649373544276e-08, "tokens": 34580928, "supervised": 8732585, "secs": 1038.1}
{"step": 7800, "loss": 2.4288887345846888e-08, "lr": 3.242691865790071e-08, "tokens": 34813888, "supervised": 8792247, "secs": 1043.7}
{"step": 7850, "loss": 2.6972136524250345e-08, "lr": 1.824445776682504e-08, "tokens": 35042976, "supervised": 8852782, "secs": 1049.3}
{"step": 7900, "loss": 3.184355534813221e-08, "lr": 8.110018284304132e-09, "tokens": 35262144, "supervised": 8905872, "secs": 1054.8}
{"step": 7950, "loss": 2.607702942469814e-09, "lr": 2.0277101514987184e-09, "tokens": 35480224, "supervised": 8959807, "secs": 1060.3}
{"step": 8000, "loss": 3.1354520757531645e-08, "lr": 0.0, "tokens": 35723776, "supervised": 9024881, "secs": 1066.4}
[done] ladder_opcode -> runs/cd/ladder_opcode.pt tokens=35723776 supervised=9024881 examples=320000
[02:35:34] train exit=0 ckpt=1501845775
[02:35:34] eval opcode greedy start
[induce] 512/6600 pages
[induce] 1024/6600 pages
[induce] 1536/6600 pages
[induce] 2048/6600 pages
[induce] 2560/6600 pages
[induce] 3072/6600 pages
[induce] 3584/6600 pages
[induce] 4096/6600 pages
[induce] 4608/6600 pages
[induce] 5120/6600 pages
[induce] 5632/6600 pages
[induce] 6144/6600 pages
[induce] 6600/6600 pages
[induction style=0] {"pages": 6600, "pages_parsed": 6600, "gold_ops": 9897, "induced_ops": 9897, "self_verified": 9478, "exact_text": 9444, "behavioural": 9444}
[plan_execute] breadth d=1 acc=1.000 parse=1.000 typed=1.000 exact=1.000 n=150 [450s]
[oracle_plan] breadth d=1 acc=1.000 parse=1.000 typed=1.000 exact=1.000 n=150 [450s]
[oracle_ops] breadth d=1 acc=1.000 parse=1.000 typed=1.000 exact=1.000 n=150 [451s]
[oracle_both] breadth d=1 acc=1.000 parse=1.000 typed=1.000 exact=1.000 n=150 [451s]
[plan_execute] breadth d=2 acc=1.000 parse=1.000 typed=1.000 exact=1.000 n=150 [454s]
[oracle_plan] breadth d=2 acc=1.000 parse=1.000 typed=1.000 exact=1.000 n=150 [454s]
[oracle_ops] breadth d=2 acc=1.000 parse=1.000 typed=1.000 exact=1.000 n=150 [455s]
[oracle_both] breadth d=2 acc=1.000 parse=1.000 typed=1.000 exact=1.000 n=150 [455s]
[plan_execute] breadth d=3 acc=1.000 parse=1.000 typed=1.000 exact=1.000 n=150 [458s]
[oracle_plan] breadth d=3 acc=1.000 parse=1.000 typed=1.000 exact=1.000 n=150 [458s]
[oracle_ops] breadth d=3 acc=1.000 parse=1.000 typed=1.000 exact=1.000 n=150 [459s]
[oracle_both] breadth d=3 acc=1.000 parse=1.000 typed=1.000 exact=1.000 n=150 [459s]
[plan_execute] breadth d=4 acc=0.380 parse=1.000 typed=1.000 exact=0.000 n=150 [462s]
[oracle_plan] breadth d=4 acc=0.000 parse=1.000 typed=0.000 exact=1.000 n=150 [462s]
[oracle_ops] breadth d=4 acc=0.000 parse=1.000 typed=0.000 exact=0.000 n=150 [463s]
[oracle_both] breadth d=4 acc=1.000 parse=1.000 typed=1.000 exact=1.000 n=150 [463s]
[plan_execute] breadth d=5 acc=0.327 parse=1.000 typed=1.000 exact=0.000 n=150 [466s]
[oracle_plan] breadth d=5 acc=0.000 parse=1.000 typed=0.000 exact=1.000 n=150 [466s]
[oracle_ops] breadth d=5 acc=0.000 parse=1.000 typed=0.000 exact=0.000 n=150 [468s]
[oracle_both] breadth d=5 acc=1.000 parse=1.000 typed=1.000 exact=1.000 n=150 [468s]
[plan_execute] breadth d=6 acc=0.173 parse=1.000 typed=1.000 exact=0.000 n=150 [471s]
[oracle_plan] breadth d=6 acc=0.000 parse=1.000 typed=0.000 exact=1.000 n=150 [471s]
[oracle_ops] breadth d=6 acc=0.000 parse=1.000 typed=0.000 exact=0.000 n=150 [472s]
[oracle_both] breadth d=6 acc=1.000 parse=1.000 typed=1.000 exact=1.000 n=150 [472s]
[plan_execute] novel d=2 acc=0.013 parse=1.000 typed=1.000 exact=0.000 n=150 [476s]
[oracle_plan] novel d=2 acc=1.000 parse=1.000 typed=1.000 exact=1.000 n=150 [476s]
[oracle_ops] novel d=2 acc=0.013 parse=1.000 typed=1.000 exact=0.000 n=150 [478s]
[oracle_both] novel d=2 acc=1.000 parse=1.000 typed=1.000 exact=1.000 n=150 [478s]
[plan_execute] novel d=3 acc=0.007 parse=1.000 typed=1.000 exact=0.000 n=150 [483s]
[oracle_plan] novel d=3 acc=1.000 parse=1.000 typed=1.000 exact=1.000 n=150 [483s]
[oracle_ops] novel d=3 acc=0.007 parse=1.000 typed=1.000 exact=0.000 n=150 [486s]
[oracle_both] novel d=3 acc=1.000 parse=1.000 typed=1.000 exact=1.000 n=150 [486s]
[plan_execute] novel d=4 acc=0.027 parse=1.000 typed=1.000 exact=0.000 n=150 [490s]
[oracle_plan] novel d=4 acc=1.000 parse=1.000 typed=1.000 exact=1.000 n=150 [490s]
[oracle_ops] novel d=4 acc=0.027 parse=1.000 typed=1.000 exact=0.000 n=150 [493s]
[oracle_both] novel d=4 acc=1.000 parse=1.000 typed=1.000 exact=1.000 n=150 [493s]
[plan_execute] novel d=5 acc=0.007 parse=0.987 typed=0.987 exact=0.000 n=150 [498s]
[oracle_plan] novel d=5 acc=1.000 parse=1.000 typed=1.000 exact=1.000 n=150 [498s]
[oracle_ops] novel d=5 acc=0.007 parse=0.987 typed=0.987 exact=0.000 n=150 [501s]
[oracle_both] novel d=5 acc=1.000 parse=1.000 typed=1.000 exact=1.000 n=150 [501s]
[plan_execute] novel d=6 acc=0.007 parse=0.993 typed=0.993 exact=0.000 n=150 [506s]
[oracle_plan] novel d=6 acc=1.000 parse=1.000 typed=1.000 exact=1.000 n=150 [506s]
[oracle_ops] novel d=6 acc=0.007 parse=0.993 typed=0.993 exact=0.000 n=150 [509s]
[oracle_both] novel d=6 acc=1.000 parse=1.000 typed=1.000 exact=1.000 n=150 [509s]
[plan_execute] novel d=8 acc=0.020 parse=1.000 typed=1.000 exact=0.000 n=150 [513s]
[oracle_plan] novel d=8 acc=1.000 parse=1.000 typed=1.000 exact=1.000 n=150 [513s]
[oracle_ops] novel d=8 acc=0.020 parse=1.000 typed=1.000 exact=0.000 n=150 [516s]
[oracle_both] novel d=8 acc=1.000 parse=1.000 typed=1.000 exact=1.000 n=150 [516s]
[plan_execute] novel d=12 acc=0.013 parse=1.000 typed=0.973 exact=0.000 n=150 [520s]
[oracle_plan] novel d=12 acc=1.000 parse=1.000 typed=1.000 exact=1.000 n=150 [520s]
[oracle_ops] novel d=12 acc=0.013 parse=1.000 typed=0.973 exact=0.000 n=150 [523s]
[oracle_both] novel d=12 acc=1.000 parse=1.000 typed=1.000 exact=1.000 n=150 [523s]
[plan_execute] novel d=16 acc=0.027 parse=1.000 typed=1.000 exact=0.000 n=150 [527s]
[oracle_plan] novel d=16 acc=1.000 parse=1.000 typed=1.000 exact=1.000 n=150 [527s]
[oracle_ops] novel d=16 acc=0.027 parse=1.000 typed=1.000 exact=0.000 n=150 [530s]
[oracle_both] novel d=16 acc=1.000 parse=1.000 typed=1.000 exact=1.000 n=150 [530s]
[plan_execute] novel d=24 acc=0.000 parse=1.000 typed=0.980 exact=0.000 n=150 [536s]
[oracle_plan] novel d=24 acc=1.000 parse=1.000 typed=1.000 exact=1.000 n=150 [536s]
[oracle_ops] novel d=24 acc=0.000 parse=1.000 typed=0.980 exact=0.000 n=150 [539s]
[oracle_both] novel d=24 acc=1.000 parse=1.000 typed=1.000 exact=1.000 n=150 [539s]
[plan_execute] novel d=32 acc=0.013 parse=0.993 typed=0.987 exact=0.000 n=150 [544s]
[oracle_plan] novel d=32 acc=1.000 parse=1.000 typed=1.000 exact=1.000 n=150 [545s]
[oracle_ops] novel d=32 acc=0.013 parse=0.993 typed=0.987 exact=0.000 n=150 [547s]
[oracle_both] novel d=32 acc=1.000 parse=1.000 typed=1.000 exact=1.000 n=150 [547s]
[plan_execute] same_page_pair d=2 acc=0.000 parse=1.000 typed=0.180 exact=0.000 n=150 [549s]
[oracle_plan] same_page_pair d=2 acc=1.000 parse=1.000 typed=1.000 exact=1.000 n=150 [549s]
[oracle_ops] same_page_pair d=2 acc=0.000 parse=1.000 typed=0.180 exact=0.000 n=150 [550s]
[oracle_both] same_page_pair d=2 acc=1.000 parse=1.000 typed=1.000 exact=1.000 n=150 [550s]
[plan_execute] sequential d=1 acc=1.000 parse=1.000 typed=1.000 exact=1.000 n=150 [552s]
[oracle_plan] sequential d=1 acc=1.000 parse=1.000 typed=1.000 exact=1.000 n=150 [552s]
[oracle_ops] sequential d=1 acc=1.000 parse=1.000 typed=1.000 exact=1.000 n=150 [553s]
[oracle_both] sequential d=1 acc=1.000 parse=1.000 typed=1.000 exact=1.000 n=150 [553s]
[plan_execute] sequential d=2 acc=1.000 parse=1.000 typed=1.000 exact=1.000 n=150 [556s]
[oracle_plan] sequential d=2 acc=1.000 parse=1.000 typed=1.000 exact=1.000 n=150 [556s]
[oracle_ops] sequential d=2 acc=1.000 parse=1.000 typed=1.000 exact=1.000 n=150 [558s]
[oracle_both] sequential d=2 acc=1.000 parse=1.000 typed=1.000 exact=1.000 n=150 [558s]
[plan_execute] sequential d=3 acc=1.000 parse=1.000 typed=1.000 exact=1.000 n=150 [562s]
[oracle_plan] sequential d=3 acc=1.000 parse=1.000 typed=1.000 exact=1.000 n=150 [562s]
[oracle_ops] sequential d=3 acc=1.000 parse=1.000 typed=1.000 exact=1.000 n=150 [564s]
[oracle_both] sequential d=3 acc=1.000 parse=1.000 typed=1.000 exact=1.000 n=150 [564s]
[plan_execute] sequential d=4 acc=0.013 parse=1.000 typed=1.000 exact=0.000 n=150 [569s]
[oracle_plan] sequential d=4 acc=1.000 parse=1.000 typed=1.000 exact=1.000 n=150 [569s]
[oracle_ops] sequential d=4 acc=0.013 parse=1.000 typed=1.000 exact=0.000 n=150 [571s]
[oracle_both] sequential d=4 acc=1.000 parse=1.000 typed=1.000 exact=1.000 n=150 [571s]
[plan_execute] sequential d=5 acc=0.027 parse=1.000 typed=1.000 exact=0.000 n=150 [574s]
[oracle_plan] sequential d=5 acc=1.000 parse=1.000 typed=1.000 exact=1.000 n=150 [574s]
[oracle_ops] sequential d=5 acc=0.027 parse=1.000 typed=1.000 exact=0.000 n=150 [576s]
[oracle_both] sequential d=5 acc=1.000 parse=1.000 typed=1.000 exact=1.000 n=150 [576s]
[plan_execute] sequential d=6 acc=0.007 parse=1.000 typed=1.000 exact=0.000 n=150 [581s]
[oracle_plan] sequential d=6 acc=1.000 parse=1.000 typed=1.000 exact=1.000 n=150 [581s]
[oracle_ops] sequential d=6 acc=0.007 parse=1.000 typed=1.000 exact=0.000 n=150 [583s]
[oracle_both] sequential d=6 acc=1.000 parse=1.000 typed=1.000 exact=1.000 n=150 [583s]
[plan_execute] sequential d=7 acc=0.020 parse=1.000 typed=1.000 exact=0.000 n=150 [588s]
[oracle_plan] sequential d=7 acc=1.000 parse=1.000 typed=1.000 exact=1.000 n=150 [588s]
[oracle_ops] sequential d=7 acc=0.020 parse=1.000 typed=1.000 exact=0.000 n=150 [590s]
[oracle_both] sequential d=7 acc=1.000 parse=1.000 typed=1.000 exact=1.000 n=150 [590s]
[plan_execute] sequential d=8 acc=0.020 parse=1.000 typed=1.000 exact=0.000 n=150 [593s]
[oracle_plan] sequential d=8 acc=1.000 parse=1.000 typed=1.000 exact=1.000 n=150 [593s]
[oracle_ops] sequential d=8 acc=0.020 parse=1.000 typed=1.000 exact=0.000 n=150 [595s]
[oracle_both] sequential d=8 acc=1.000 parse=1.000 typed=1.000 exact=1.000 n=150 [595s]
[plan_execute] sequential d=12 acc=0.033 parse=1.000 typed=1.000 exact=0.000 n=150 [600s]
[oracle_plan] sequential d=12 acc=1.000 parse=1.000 typed=1.000 exact=1.000 n=150 [600s]
[oracle_ops] sequential d=12 acc=0.033 parse=1.000 typed=1.000 exact=0.000 n=150 [602s]
[oracle_both] sequential d=12 acc=1.000 parse=1.000 typed=1.000 exact=1.000 n=150 [602s]
[plan_execute] sequential d=16 acc=0.020 parse=1.000 typed=1.000 exact=0.000 n=150 [607s]
[oracle_plan] sequential d=16 acc=1.000 parse=1.000 typed=1.000 exact=1.000 n=150 [607s]
[oracle_ops] sequential d=16 acc=0.020 parse=1.000 typed=1.000 exact=0.000 n=150 [609s]
[oracle_both] sequential d=16 acc=1.000 parse=1.000 typed=1.000 exact=1.000 n=150 [610s]
[plan_execute] sequential d=24 acc=0.000 parse=1.000 typed=1.000 exact=0.000 n=150 [614s]
[oracle_plan] sequential d=24 acc=1.000 parse=1.000 typed=1.000 exact=1.000 n=150 [614s]
[oracle_ops] sequential d=24 acc=0.000 parse=1.000 typed=1.000 exact=0.000 n=150 [616s]
[oracle_both] sequential d=24 acc=1.000 parse=1.000 typed=1.000 exact=1.000 n=150 [616s]
[plan_execute] sequential d=32 acc=0.033 parse=1.000 typed=1.000 exact=0.000 n=150 [620s]
[oracle_plan] sequential d=32 acc=1.000 parse=1.000 typed=1.000 exact=1.000 n=150 [620s]
[oracle_ops] sequential d=32 acc=0.033 parse=1.000 typed=1.000 exact=0.000 n=150 [623s]
[oracle_both] sequential d=32 acc=1.000 parse=1.000 typed=1.000 exact=1.000 n=150 [623s]
[plan_execute] sequential_paren d=2 acc=1.000 parse=1.000 typed=1.000 exact=1.000 n=150 [625s]
[oracle_plan] sequential_paren d=2 acc=1.000 parse=1.000 typed=1.000 exact=1.000 n=150 [625s]
[oracle_ops] sequential_paren d=2 acc=1.000 parse=1.000 typed=1.000 exact=1.000 n=150 [627s]
[oracle_both] sequential_paren d=2 acc=1.000 parse=1.000 typed=1.000 exact=1.000 n=150 [627s]
[plan_execute] sequential_paren d=3 acc=1.000 parse=1.000 typed=1.000 exact=1.000 n=150 [630s]
[oracle_plan] sequential_paren d=3 acc=1.000 parse=1.000 typed=1.000 exact=1.000 n=150 [630s]
[oracle_ops] sequential_paren d=3 acc=1.000 parse=1.000 typed=1.000 exact=1.000 n=150 [633s]
[oracle_both] sequential_paren d=3 acc=1.000 parse=1.000 typed=1.000 exact=1.000 n=150 [633s]
[plan_execute] sequential_paren d=4 acc=0.053 parse=1.000 typed=1.000 exact=0.000 n=150 [635s]
[oracle_plan] sequential_paren d=4 acc=1.000 parse=1.000 typed=1.000 exact=1.000 n=150 [635s]
[oracle_ops] sequential_paren d=4 acc=0.053 parse=1.000 typed=1.000 exact=0.000 n=150 [637s]
[oracle_both] sequential_paren d=4 acc=1.000 parse=1.000 typed=1.000 exact=1.000 n=150 [638s]
[plan_execute] sequential_paren d=5 acc=0.027 parse=0.993 typed=0.993 exact=0.000 n=150 [641s]
[oracle_plan] sequential_paren d=5 acc=1.000 parse=1.000 typed=1.000 exact=1.000 n=150 [641s]
[oracle_ops] sequential_paren d=5 acc=0.027 parse=0.993 typed=0.993 exact=0.000 n=150 [644s]
[oracle_both] sequential_paren d=5 acc=1.000 parse=1.000 typed=1.000 exact=1.000 n=150 [644s]
[plan_execute] sequential_paren d=6 acc=0.007 parse=0.980 typed=0.980 exact=0.000 n=150 [646s]
[oracle_plan] sequential_paren d=6 acc=1.000 parse=1.000 typed=1.000 exact=1.000 n=150 [646s]
[oracle_ops] sequential_paren d=6 acc=0.007 parse=0.980 typed=0.980 exact=0.000 n=150 [649s]
[oracle_both] sequential_paren d=6 acc=1.000 parse=1.000 typed=1.000 exact=1.000 n=150 [649s]
[plan_execute] sequential_paren d=8 acc=0.020 parse=1.000 typed=1.000 exact=0.000 n=150 [652s]
[oracle_plan] sequential_paren d=8 acc=1.000 parse=1.000 typed=1.000 exact=1.000 n=150 [652s]
[oracle_ops] sequential_paren d=8 acc=0.020 parse=1.000 typed=1.000 exact=0.000 n=150 [655s]
[oracle_both] sequential_paren d=8 acc=1.000 parse=1.000 typed=1.000 exact=1.000 n=150 [655s]
[plan_execute] sequential_paren d=12 acc=0.013 parse=1.000 typed=1.000 exact=0.000 n=150 [660s]
[oracle_plan] sequential_paren d=12 acc=1.000 parse=1.000 typed=1.000 exact=1.000 n=150 [660s]
[oracle_ops] sequential_paren d=12 acc=0.013 parse=1.000 typed=1.000 exact=0.000 n=150 [663s]
[oracle_both] sequential_paren d=12 acc=1.000 parse=1.000 typed=1.000 exact=1.000 n=150 [663s]
[plan_execute] sequential_paren d=16 acc=0.007 parse=1.000 typed=1.000 exact=0.000 n=150 [667s]
[oracle_plan] sequential_paren d=16 acc=1.000 parse=1.000 typed=1.000 exact=1.000 n=150 [667s]
[oracle_ops] sequential_paren d=16 acc=0.007 parse=1.000 typed=1.000 exact=0.000 n=150 [670s]
[oracle_both] sequential_paren d=16 acc=1.000 parse=1.000 typed=1.000 exact=1.000 n=150 [670s]
[plan_execute] units d=1 acc=1.000 parse=1.000 typed=1.000 exact=1.000 n=150 [671s]
[oracle_plan] units d=1 acc=1.000 parse=1.000 typed=1.000 exact=1.000 n=150 [671s]
[oracle_ops] units d=1 acc=1.000 parse=1.000 typed=1.000 exact=1.000 n=150 [672s]
[oracle_both] units d=1 acc=1.000 parse=1.000 typed=1.000 exact=1.000 n=150 [672s]
[induce] 512/6600 pages
[induce] 1024/6600 pages
[induce] 1536/6600 pages
[induce] 2048/6600 pages
[induce] 2560/6600 pages
[induce] 3072/6600 pages
[induce] 3584/6600 pages
[induce] 4096/6600 pages
[induce] 4608/6600 pages
[induce] 5120/6600 pages
[induce] 5632/6600 pages
[induce] 6144/6600 pages
[induce] 6600/6600 pages
[induction style=1] {"pages": 6600, "pages_parsed": 6071, "gold_ops": 9897, "induced_ops": 8239, "self_verified": 1568, "exact_text": 4402, "behavioural": 4442}
[plan_execute@para] breadth d=1 acc=0.887 parse=0.967 typed=0.887 exact=0.887 n=150 [1110s]
[oracle_plan@para] breadth d=1 acc=0.887 parse=0.887 typed=0.887 exact=0.887 n=150 [1110s]
[oracle_both@para] breadth d=1 acc=1.000 parse=1.000 typed=1.000 exact=1.000 n=150 [1110s]
[plan_execute@para] breadth d=2 acc=0.020 parse=0.993 typed=0.020 exact=0.907 n=150 [1112s]
[oracle_plan@para] breadth d=2 acc=0.020 parse=0.907 typed=0.020 exact=0.907 n=150 [1112s]
[oracle_both@para] breadth d=2 acc=1.000 parse=1.000 typed=1.000 exact=1.000 n=150 [1112s]
[plan_execute@para] breadth d=3 acc=0.833 parse=1.000 typed=0.927 exact=0.927 n=150 [1114s]
[oracle_plan@para] breadth d=3 acc=0.833 parse=0.927 typed=0.927 exact=0.927 n=150 [1114s]
[oracle_both@para] breadth d=3 acc=1.000 parse=1.000 typed=1.000 exact=1.000 n=150 [1114s]
[plan_execute@para] breadth d=4 acc=0.420 parse=1.000 typed=0.920 exact=0.000 n=150 [1117s]
[oracle_plan@para] breadth d=4 acc=0.000 parse=0.933 typed=0.000 exact=0.933 n=150 [1117s]
[oracle_both@para] breadth d=4 acc=1.000 parse=1.000 typed=1.000 exact=1.000 n=150 [1117s]
[plan_execute@para] breadth d=5 acc=0.260 parse=1.000 typed=0.980 exact=0.000 n=150 [1119s]
[oracle_plan@para] breadth d=5 acc=0.000 parse=0.987 typed=0.000 exact=0.987 n=150 [1119s]
[oracle_both@para] breadth d=5 acc=1.000 parse=1.000 typed=1.000 exact=1.000 n=150 [1119s]
[plan_execute@para] breadth d=6 acc=0.167 parse=1.000 typed=0.953 exact=0.000 n=150 [1121s]
[oracle_plan@para] breadth d=6 acc=0.000 parse=0.973 typed=0.000 exact=0.973 n=150 [1121s]
[oracle_both@para] breadth d=6 acc=1.000 parse=1.000 typed=1.000 exact=1.000 n=150 [1121s]
[plan_execute@para] novel d=2 acc=0.013 parse=0.980 typed=0.927 exact=0.000 n=150 [1123s]
[oracle_plan@para] novel d=2 acc=0.673 parse=0.693 typed=0.693 exact=0.693 n=150 [1123s]
[oracle_both@para] novel d=2 acc=1.000 parse=1.000 typed=1.000 exact=1.000 n=150 [1123s]
[plan_execute@para] novel d=3 acc=0.027 parse=0.993 typed=0.940 exact=0.000 n=150 [1126s]
[oracle_plan@para] novel d=3 acc=0.673 parse=0.693 typed=0.693 exact=0.693 n=150 [1126s]
[oracle_both@para] novel d=3 acc=1.000 parse=1.000 typed=1.000 exact=1.000 n=150 [1126s]
[plan_execute@para] novel d=4 acc=0.013 parse=0.960 typed=0.913 exact=0.000 n=150 [1129s]
[oracle_plan@para] novel d=4 acc=0.653 parse=0.693 typed=0.693 exact=0.693 n=150 [1129s]
[oracle_both@para] novel d=4 acc=1.000 parse=1.000 typed=1.000 exact=1.000 n=150 [1129s]
[plan_execute@para] novel d=5 acc=0.007 parse=0.960 typed=0.920 exact=0.000 n=150 [1133s]
[oracle_plan@para] novel d=5 acc=0.667 parse=0.693 typed=0.693 exact=0.693 n=150 [1133s]
[oracle_both@para] novel d=5 acc=1.000 parse=1.000 typed=1.000 exact=1.000 n=150 [1133s]
[plan_execute@para] novel d=6 acc=0.007 parse=0.967 typed=0.920 exact=0.000 n=150 [1138s]
[oracle_plan@para] novel d=6 acc=0.647 parse=0.693 typed=0.693 exact=0.693 n=150 [1138s]
[oracle_both@para] novel d=6 acc=1.000 parse=1.000 typed=1.000 exact=1.000 n=150 [1138s]
[plan_execute@para] novel d=8 acc=0.013 parse=0.967 typed=0.920 exact=0.000 n=150 [1142s]
[oracle_plan@para] novel d=8 acc=0.640 parse=0.693 typed=0.693 exact=0.693 n=150 [1142s]
[oracle_both@para] novel d=8 acc=1.000 parse=1.000 typed=1.000 exact=1.000 n=150 [1142s]
[plan_execute@para] novel d=12 acc=0.007 parse=0.973 typed=0.920 exact=0.000 n=150 [1147s]
[oracle_plan@para] novel d=12 acc=0.640 parse=0.693 typed=0.693 exact=0.693 n=150 [1147s]
[oracle_both@para] novel d=12 acc=1.000 parse=1.000 typed=1.000 exact=1.000 n=150 [1147s]
[plan_execute@para] novel d=16 acc=0.020 parse=0.987 typed=0.947 exact=0.000 n=150 [1152s]
[oracle_plan@para] novel d=16 acc=0.640 parse=0.693 typed=0.693 exact=0.693 n=150 [1152s]
[oracle_both@para] novel d=16 acc=1.000 parse=1.000 typed=1.000 exact=1.000 n=150 [1152s]
[plan_execute@para] novel d=24 acc=0.013 parse=0.980 typed=0.933 exact=0.000 n=150 [1156s]
[oracle_plan@para] novel d=24 acc=0.640 parse=0.693 typed=0.693 exact=0.693 n=150 [1156s]
[oracle_both@para] novel d=24 acc=1.000 parse=1.000 typed=1.000 exact=1.000 n=150 [1156s]
[plan_execute@para] novel d=32 acc=0.013 parse=0.987 typed=0.940 exact=0.000 n=150 [1161s]
[oracle_plan@para] novel d=32 acc=0.640 parse=0.693 typed=0.693 exact=0.693 n=150 [1161s]
[oracle_both@para] novel d=32 acc=1.000 parse=1.000 typed=1.000 exact=1.000 n=150 [1161s]
[plan_execute@para] same_page_pair d=2 acc=0.000 parse=0.993 typed=0.373 exact=0.000 n=150 [1163s]
[oracle_plan@para] same_page_pair d=2 acc=0.927 parse=0.953 typed=0.953 exact=0.953 n=150 [1163s]
[oracle_both@para] same_page_pair d=2 acc=1.000 parse=1.000 typed=1.000 exact=1.000 n=150 [1163s]
[plan_execute@para] sequential d=1 acc=0.867 parse=0.967 typed=0.920 exact=0.867 n=150 [1165s]
[oracle_plan@para] sequential d=1 acc=0.873 parse=0.873 typed=0.873 exact=0.873 n=150 [1165s]
[oracle_both@para] sequential d=1 acc=1.000 parse=1.000 typed=1.000 exact=1.000 n=150 [1165s]
[plan_execute@para] sequential d=2 acc=0.400 parse=0.987 typed=0.940 exact=0.393 n=150 [1169s]
[oracle_plan@para] sequential d=2 acc=0.867 parse=0.867 typed=0.867 exact=0.867 n=150 [1169s]
[oracle_both@para] sequential d=2 acc=1.000 parse=1.000 typed=1.000 exact=1.000 n=150 [1169s]
[plan_execute@para] sequential d=3 acc=0.460 parse=0.980 typed=0.940 exact=0.460 n=150 [1172s]
[oracle_plan@para] sequential d=3 acc=0.873 parse=0.873 typed=0.873 exact=0.873 n=150 [1172s]
[oracle_both@para] sequential d=3 acc=1.000 parse=1.000 typed=1.000 exact=1.000 n=150 [1172s]
[plan_execute@para] sequential d=4 acc=0.007 parse=0.980 typed=0.920 exact=0.000 n=150 [1177s]
[oracle_plan@para] sequential d=4 acc=0.853 parse=0.860 typed=0.860 exact=0.860 n=150 [1177s]
[oracle_both@para] sequential d=4 acc=1.000 parse=1.000 typed=1.000 exact=1.000 n=150 [1177s]
[plan_execute@para] sequential d=5 acc=0.020 parse=0.987 typed=0.940 exact=0.000 n=150 [1180s]
[oracle_plan@para] sequential d=5 acc=0.887 parse=0.887 typed=0.887 exact=0.887 n=150 [1180s]
[oracle_both@para] sequential d=5 acc=1.000 parse=1.000 typed=1.000 exact=1.000 n=150 [1180s]
[plan_execute@para] sequential d=6 acc=0.020 parse=0.987 typed=0.940 exact=0.000 n=150 [1183s]
[oracle_plan@para] sequential d=6 acc=0.867 parse=0.867 typed=0.867 exact=0.867 n=150 [1183s]
[oracle_both@para] sequential d=6 acc=1.000 parse=1.000 typed=1.000 exact=1.000 n=150 [1183s]
[plan_execute@para] sequential d=7 acc=0.013 parse=0.973 typed=0.940 exact=0.000 n=150 [1186s]
[oracle_plan@para] sequential d=7 acc=0.840 parse=0.847 typed=0.847 exact=0.847 n=150 [1187s]
[oracle_both@para] sequential d=7 acc=1.000 parse=1.000 typed=1.000 exact=1.000 n=150 [1187s]
[plan_execute@para] sequential d=8 acc=0.007 parse=0.960 typed=0.940 exact=0.000 n=150 [1189s]
[oracle_plan@para] sequential d=8 acc=0.827 parse=0.833 typed=0.833 exact=0.833 n=150 [1189s]
[oracle_both@para] sequential d=8 acc=1.000 parse=1.000 typed=1.000 exact=1.000 n=150 [1189s]
[plan_execute@para] sequential d=12 acc=0.007 parse=0.973 typed=0.933 exact=0.000 n=150 [1194s]
[oracle_plan@para] sequential d=12 acc=0.847 parse=0.853 typed=0.853 exact=0.853 n=150 [1194s]
[oracle_both@para] sequential d=12 acc=1.000 parse=1.000 typed=1.000 exact=1.000 n=150 [1194s]
[plan_execute@para] sequential d=16 acc=0.020 parse=0.973 typed=0.947 exact=0.000 n=150 [1200s]
[oracle_plan@para] sequential d=16 acc=0.840 parse=0.847 typed=0.847 exact=0.847 n=150 [1200s]
[oracle_both@para] sequential d=16 acc=1.000 parse=1.000 typed=1.000 exact=1.000 n=150 [1200s]
[plan_execute@para] sequential d=24 acc=0.007 parse=0.973 typed=0.933 exact=0.000 n=150 [1205s]
[oracle_plan@para] sequential d=24 acc=0.813 parse=0.820 typed=0.820 exact=0.820 n=150 [1205s]
[oracle_both@para] sequential d=24 acc=1.000 parse=1.000 typed=1.000 exact=1.000 n=150 [1205s]
[plan_execute@para] sequential d=32 acc=0.013 parse=0.980 typed=0.940 exact=0.000 n=150 [1211s]
[oracle_plan@para] sequential d=32 acc=0.847 parse=0.853 typed=0.853 exact=0.853 n=150 [1211s]
[oracle_both@para] sequential d=32 acc=1.000 parse=1.000 typed=1.000 exact=1.000 n=150 [1211s]
[plan_execute@para] sequential_paren d=2 acc=0.847 parse=0.940 typed=0.900 exact=0.853 n=150 [1214s]
[oracle_plan@para] sequential_paren d=2 acc=0.847 parse=0.853 typed=0.853 exact=0.853 n=150 [1214s]
[oracle_both@para] sequential_paren d=2 acc=1.000 parse=1.000 typed=1.000 exact=1.000 n=150 [1214s]
[plan_execute@para] sequential_paren d=3 acc=0.820 parse=0.947 typed=0.907 exact=0.833 n=150 [1217s]
[oracle_plan@para] sequential_paren d=3 acc=0.827 parse=0.840 typed=0.840 exact=0.840 n=150 [1217s]
[oracle_both@para] sequential_paren d=3 acc=1.000 parse=1.000 typed=1.000 exact=1.000 n=150 [1217s]
[plan_execute@para] sequential_paren d=4 acc=0.033 parse=0.947 typed=0.913 exact=0.000 n=150 [1220s]
[oracle_plan@para] sequential_paren d=4 acc=0.867 parse=0.867 typed=0.867 exact=0.867 n=150 [1220s]
[oracle_both@para] sequential_paren d=4 acc=1.000 parse=1.000 typed=1.000 exact=1.000 n=150 [1220s]
[plan_execute@para] sequential_paren d=5 acc=0.020 parse=0.933 typed=0.893 exact=0.000 n=150 [1224s]
[oracle_plan@para] sequential_paren d=5 acc=0.827 parse=0.847 typed=0.847 exact=0.847 n=150 [1224s]
[oracle_both@para] sequential_paren d=5 acc=1.000 parse=1.000 typed=1.000 exact=1.000 n=150 [1224s]
[plan_execute@para] sequential_paren d=6 acc=0.000 parse=0.900 typed=0.887 exact=0.000 n=150 [1228s]
[oracle_plan@para] sequential_paren d=6 acc=0.833 parse=0.847 typed=0.847 exact=0.847 n=150 [1229s]
[oracle_both@para] sequential_paren d=6 acc=1.000 parse=1.000 typed=1.000 exact=1.000 n=150 [1229s]
[plan_execute@para] sequential_paren d=8 acc=0.020 parse=0.940 typed=0.913 exact=0.000 n=150 [1232s]
[oracle_plan@para] sequential_paren d=8 acc=0.853 parse=0.873 typed=0.873 exact=0.873 n=150 [1232s]
[oracle_both@para] sequential_paren d=8 acc=1.000 parse=1.000 typed=1.000 exact=1.000 n=150 [1232s]
[plan_execute@para] sequential_paren d=12 acc=0.000 parse=0.973 typed=0.933 exact=0.000 n=150 [1237s]
[oracle_plan@para] sequential_paren d=12 acc=0.867 parse=0.880 typed=0.880 exact=0.880 n=150 [1237s]
[oracle_both@para] sequential_paren d=12 acc=1.000 parse=1.000 typed=1.000 exact=1.000 n=150 [1237s]
[plan_execute@para] sequential_paren d=16 acc=0.013 parse=0.953 typed=0.907 exact=0.000 n=150 [1241s]
[oracle_plan@para] sequential_paren d=16 acc=0.827 parse=0.847 typed=0.847 exact=0.847 n=150 [1241s]
[oracle_both@para] sequential_paren d=16 acc=1.000 parse=1.000 typed=1.000 exact=1.000 n=150 [1241s]
[plan_execute@para] units d=1 acc=0.353 parse=0.887 typed=0.693 exact=0.327 n=150 [1242s]
[oracle_plan@para] units d=1 acc=0.207 parse=0.327 typed=0.327 exact=0.327 n=150 [1242s]
[oracle_both@para] units d=1 acc=1.000 parse=1.000 typed=1.000 exact=1.000 n=150 [1242s]
[written] results/cd/opcode_greedy.json
[02:56:27] eval opcode greedy exit=0
[02:56:27] eval opcode sampled start
[induce] 512/6600 pages
[induce] 1024/6600 pages
[induce] 1536/6600 pages
[induce] 2048/6600 pages
[induce] 2560/6600 pages
[induce] 3072/6600 pages
[induce] 3584/6600 pages
[induce] 4096/6600 pages
[induce] 4608/6600 pages
[induce] 5120/6600 pages
[induce] 5632/6600 pages
[induce] 6144/6600 pages
[induce] 6600/6600 pages
[induction style=0] {"pages": 6600, "pages_parsed": 6600, "gold_ops": 9897, "induced_ops": 9897, "self_verified": 9478, "exact_text": 9444, "behavioural": 9444}
[plan_execute] breadth d=1 acc=1.000 parse=1.000 typed=1.000 exact=1.000 n=150 [527s]
[oracle_plan] breadth d=1 acc=1.000 parse=1.000 typed=1.000 exact=1.000 n=150 [527s]
[oracle_ops] breadth d=1 acc=1.000 parse=1.000 typed=1.000 exact=1.000 n=150 [528s]
[oracle_both] breadth d=1 acc=1.000 parse=1.000 typed=1.000 exact=1.000 n=150 [528s]
[plan_execute] breadth d=2 acc=1.000 parse=1.000 typed=1.000 exact=1.000 n=150 [531s]
[oracle_plan] breadth d=2 acc=1.000 parse=1.000 typed=1.000 exact=1.000 n=150 [531s]
[oracle_ops] breadth d=2 acc=1.000 parse=1.000 typed=1.000 exact=1.000 n=150 [533s]
[oracle_both] breadth d=2 acc=1.000 parse=1.000 typed=1.000 exact=1.000 n=150 [533s]
[plan_execute] breadth d=3 acc=1.000 parse=1.000 typed=1.000 exact=1.000 n=150 [536s]
[oracle_plan] breadth d=3 acc=1.000 parse=1.000 typed=1.000 exact=1.000 n=150 [536s]
[oracle_ops] breadth d=3 acc=1.000 parse=1.000 typed=1.000 exact=1.000 n=150 [538s]
[oracle_both] breadth d=3 acc=1.000 parse=1.000 typed=1.000 exact=1.000 n=150 [538s]
[plan_execute] breadth d=4 acc=0.380 parse=1.000 typed=1.000 exact=0.000 n=150 [542s]
[oracle_plan] breadth d=4 acc=0.000 parse=1.000 typed=0.000 exact=1.000 n=150 [542s]
[oracle_ops] breadth d=4 acc=0.000 parse=1.000 typed=0.000 exact=0.000 n=150 [544s]
[oracle_both] breadth d=4 acc=1.000 parse=1.000 typed=1.000 exact=1.000 n=150 [544s]
[plan_execute] breadth d=5 acc=0.313 parse=1.000 typed=1.000 exact=0.000 n=150 [548s]
[oracle_plan] breadth d=5 acc=0.000 parse=1.000 typed=0.000 exact=1.000 n=150 [548s]
[oracle_ops] breadth d=5 acc=0.000 parse=1.000 typed=0.000 exact=0.000 n=150 [550s]
[oracle_both] breadth d=5 acc=1.000 parse=1.000 typed=1.000 exact=1.000 n=150 [550s]
[plan_execute] breadth d=6 acc=0.167 parse=1.000 typed=1.000 exact=0.000 n=150 [554s]
[oracle_plan] breadth d=6 acc=0.000 parse=1.000 typed=0.000 exact=1.000 n=150 [554s]
[oracle_ops] breadth d=6 acc=0.000 parse=1.000 typed=0.000 exact=0.000 n=150 [556s]
[oracle_both] breadth d=6 acc=1.000 parse=1.000 typed=1.000 exact=1.000 n=150 [556s]
[plan_execute] novel d=2 acc=0.013 parse=1.000 typed=1.000 exact=0.000 n=150 [561s]
[oracle_plan] novel d=2 acc=1.000 parse=1.000 typed=1.000 exact=1.000 n=150 [561s]
[oracle_ops] novel d=2 acc=0.013 parse=1.000 typed=1.000 exact=0.000 n=150 [563s]
[oracle_both] novel d=2 acc=1.000 parse=1.000 typed=1.000 exact=1.000 n=150 [563s]
[plan_execute] novel d=3 acc=0.007 parse=1.000 typed=1.000 exact=0.000 n=150 [570s]
[oracle_plan] novel d=3 acc=1.000 parse=1.000 typed=1.000 exact=1.000 n=150 [570s]
[oracle_ops] novel d=3 acc=0.007 parse=1.000 typed=1.000 exact=0.000 n=150 [574s]
[oracle_both] novel d=3 acc=1.000 parse=1.000 typed=1.000 exact=1.000 n=150 [574s]
[plan_execute] novel d=4 acc=0.020 parse=1.000 typed=0.993 exact=0.000 n=150 [579s]
[oracle_plan] novel d=4 acc=1.000 parse=1.000 typed=1.000 exact=1.000 n=150 [579s]
[oracle_ops] novel d=4 acc=0.020 parse=1.000 typed=0.993 exact=0.000 n=150 [583s]
[oracle_both] novel d=4 acc=1.000 parse=1.000 typed=1.000 exact=1.000 n=150 [583s]
[plan_execute] novel d=5 acc=0.007 parse=0.993 typed=0.987 exact=0.000 n=150 [590s]
[oracle_plan] novel d=5 acc=1.000 parse=1.000 typed=1.000 exact=1.000 n=150 [590s]
[oracle_ops] novel d=5 acc=0.007 parse=0.993 typed=0.987 exact=0.000 n=150 [593s]
[oracle_both] novel d=5 acc=1.000 parse=1.000 typed=1.000 exact=1.000 n=150 [593s]
[plan_execute] novel d=6 acc=0.007 parse=0.993 typed=0.993 exact=0.000 n=150 [600s]
[oracle_plan] novel d=6 acc=1.000 parse=1.000 typed=1.000 exact=1.000 n=150 [600s]
[oracle_ops] novel d=6 acc=0.007 parse=0.993 typed=0.993 exact=0.000 n=150 [603s]
[oracle_both] novel d=6 acc=1.000 parse=1.000 typed=1.000 exact=1.000 n=150 [603s]
[plan_execute] novel d=8 acc=0.027 parse=1.000 typed=1.000 exact=0.000 n=150 [609s]
[oracle_plan] novel d=8 acc=1.000 parse=1.000 typed=1.000 exact=1.000 n=150 [609s]
[oracle_ops] novel d=8 acc=0.027 parse=1.000 typed=1.000 exact=0.000 n=150 [613s]
[oracle_both] novel d=8 acc=1.000 parse=1.000 typed=1.000 exact=1.000 n=150 [613s]
[plan_execute] novel d=12 acc=0.013 parse=1.000 typed=0.980 exact=0.000 n=150 [618s]
[oracle_plan] novel d=12 acc=1.000 parse=1.000 typed=1.000 exact=1.000 n=150 [619s]
[oracle_ops] novel d=12 acc=0.013 parse=1.000 typed=0.980 exact=0.000 n=150 [622s]
[oracle_both] novel d=12 acc=1.000 parse=1.000 typed=1.000 exact=1.000 n=150 [622s]
[plan_execute] novel d=16 acc=0.027 parse=1.000 typed=1.000 exact=0.000 n=150 [628s]
[oracle_plan] novel d=16 acc=1.000 parse=1.000 typed=1.000 exact=1.000 n=150 [628s]
[oracle_ops] novel d=16 acc=0.027 parse=1.000 typed=1.000 exact=0.000 n=150 [632s]
[oracle_both] novel d=16 acc=1.000 parse=1.000 typed=1.000 exact=1.000 n=150 [632s]
[plan_execute] novel d=24 acc=0.000 parse=0.993 typed=0.967 exact=0.000 n=150 [640s]
[oracle_plan] novel d=24 acc=1.000 parse=1.000 typed=1.000 exact=1.000 n=150 [640s]
[oracle_ops] novel d=24 acc=0.000 parse=0.993 typed=0.967 exact=0.000 n=150 [644s]
[oracle_both] novel d=24 acc=1.000 parse=1.000 typed=1.000 exact=1.000 n=150 [644s]
[plan_execute] novel d=32 acc=0.013 parse=1.000 typed=0.987 exact=0.000 n=150 [651s]
[oracle_plan] novel d=32 acc=1.000 parse=1.000 typed=1.000 exact=1.000 n=150 [651s]
[oracle_ops] novel d=32 acc=0.013 parse=1.000 typed=0.987 exact=0.000 n=150 [655s]
[oracle_both] novel d=32 acc=1.000 parse=1.000 typed=1.000 exact=1.000 n=150 [655s]
[plan_execute] same_page_pair d=2 acc=0.000 parse=0.993 typed=0.193 exact=0.000 n=150 [657s]
[oracle_plan] same_page_pair d=2 acc=1.000 parse=1.000 typed=1.000 exact=1.000 n=150 [657s]
[oracle_ops] same_page_pair d=2 acc=0.000 parse=0.993 typed=0.193 exact=0.000 n=150 [659s]
[oracle_both] same_page_pair d=2 acc=1.000 parse=1.000 typed=1.000 exact=1.000 n=150 [659s]
[plan_execute] sequential d=1 acc=1.000 parse=1.000 typed=1.000 exact=1.000 n=150 [662s]
[oracle_plan] sequential d=1 acc=1.000 parse=1.000 typed=1.000 exact=1.000 n=150 [662s]
[oracle_ops] sequential d=1 acc=1.000 parse=1.000 typed=1.000 exact=1.000 n=150 [664s]
[oracle_both] sequential d=1 acc=1.000 parse=1.000 typed=1.000 exact=1.000 n=150 [664s]
[plan_execute] sequential d=2 acc=1.000 parse=1.000 typed=1.000 exact=1.000 n=150 [668s]
[oracle_plan] sequential d=2 acc=1.000 parse=1.000 typed=1.000 exact=1.000 n=150 [668s]
[oracle_ops] sequential d=2 acc=1.000 parse=1.000 typed=1.000 exact=1.000 n=150 [670s]
[oracle_both] sequential d=2 acc=1.000 parse=1.000 typed=1.000 exact=1.000 n=150 [670s]
[plan_execute] sequential d=3 acc=1.000 parse=1.000 typed=1.000 exact=1.000 n=150 [675s]
[oracle_plan] sequential d=3 acc=1.000 parse=1.000 typed=1.000 exact=1.000 n=150 [675s]
[oracle_ops] sequential d=3 acc=1.000 parse=1.000 typed=1.000 exact=1.000 n=150 [679s]
[oracle_both] sequential d=3 acc=1.000 parse=1.000 typed=1.000 exact=1.000 n=150 [679s]
[plan_execute] sequential d=4 acc=0.013 parse=1.000 typed=1.000 exact=0.000 n=150 [684s]
[oracle_plan] sequential d=4 acc=1.000 parse=1.000 typed=1.000 exact=1.000 n=150 [684s]
[oracle_ops] sequential d=4 acc=0.013 parse=1.000 typed=1.000 exact=0.000 n=150 [688s]
[oracle_both] sequential d=4 acc=1.000 parse=1.000 typed=1.000 exact=1.000 n=150 [688s]
[plan_execute] sequential d=5 acc=0.027 parse=1.000 typed=1.000 exact=0.000 n=150 [691s]
[oracle_plan] sequential d=5 acc=1.000 parse=1.000 typed=1.000 exact=1.000 n=150 [691s]
[oracle_ops] sequential d=5 acc=0.027 parse=1.000 typed=1.000 exact=0.000 n=150 [695s]
[oracle_both] sequential d=5 acc=1.000 parse=1.000 typed=1.000 exact=1.000 n=150 [695s]
[plan_execute] sequential d=6 acc=0.007 parse=1.000 typed=1.000 exact=0.000 n=150 [700s]
[oracle_plan] sequential d=6 acc=1.000 parse=1.000 typed=1.000 exact=1.000 n=150 [700s]
[oracle_ops] sequential d=6 acc=0.007 parse=1.000 typed=1.000 exact=0.000 n=150 [704s]
[oracle_both] sequential d=6 acc=1.000 parse=1.000 typed=1.000 exact=1.000 n=150 [704s]
[plan_execute] sequential d=7 acc=0.020 parse=1.000 typed=1.000 exact=0.000 n=150 [710s]
[oracle_plan] sequential d=7 acc=1.000 parse=1.000 typed=1.000 exact=1.000 n=150 [710s]
[oracle_ops] sequential d=7 acc=0.020 parse=1.000 typed=1.000 exact=0.000 n=150 [713s]
[oracle_both] sequential d=7 acc=1.000 parse=1.000 typed=1.000 exact=1.000 n=150 [713s]
[plan_execute] sequential d=8 acc=0.020 parse=1.000 typed=1.000 exact=0.000 n=150 [717s]
[oracle_plan] sequential d=8 acc=1.000 parse=1.000 typed=1.000 exact=1.000 n=150 [717s]
[oracle_ops] sequential d=8 acc=0.020 parse=1.000 typed=1.000 exact=0.000 n=150 [720s]
[oracle_both] sequential d=8 acc=1.000 parse=1.000 typed=1.000 exact=1.000 n=150 [720s]
[plan_execute] sequential d=12 acc=0.033 parse=1.000 typed=1.000 exact=0.000 n=150 [726s]
[oracle_plan] sequential d=12 acc=1.000 parse=1.000 typed=1.000 exact=1.000 n=150 [726s]
[oracle_ops] sequential d=12 acc=0.033 parse=1.000 typed=1.000 exact=0.000 n=150 [730s]
[oracle_both] sequential d=12 acc=1.000 parse=1.000 typed=1.000 exact=1.000 n=150 [730s]
[plan_execute] sequential d=16 acc=0.020 parse=1.000 typed=1.000 exact=0.000 n=150 [735s]
[oracle_plan] sequential d=16 acc=1.000 parse=1.000 typed=1.000 exact=1.000 n=150 [735s]
[oracle_ops] sequential d=16 acc=0.020 parse=1.000 typed=1.000 exact=0.000 n=150 [739s]
[oracle_both] sequential d=16 acc=1.000 parse=1.000 typed=1.000 exact=1.000 n=150 [739s]
[plan_execute] sequential d=24 acc=0.000 parse=1.000 typed=1.000 exact=0.000 n=150 [744s]
[oracle_plan] sequential d=24 acc=1.000 parse=1.000 typed=1.000 exact=1.000 n=150 [744s]
[oracle_ops] sequential d=24 acc=0.000 parse=1.000 typed=1.000 exact=0.000 n=150 [748s]
[oracle_both] sequential d=24 acc=1.000 parse=1.000 typed=1.000 exact=1.000 n=150 [748s]
[plan_execute] sequential d=32 acc=0.033 parse=1.000 typed=1.000 exact=0.000 n=150 [753s]
[oracle_plan] sequential d=32 acc=1.000 parse=1.000 typed=1.000 exact=1.000 n=150 [753s]
[oracle_ops] sequential d=32 acc=0.033 parse=1.000 typed=1.000 exact=0.000 n=150 [757s]
[oracle_both] sequential d=32 acc=1.000 parse=1.000 typed=1.000 exact=1.000 n=150 [757s]
[plan_execute] sequential_paren d=2 acc=1.000 parse=1.000 typed=1.000 exact=1.000 n=150 [760s]
[oracle_plan] sequential_paren d=2 acc=1.000 parse=1.000 typed=1.000 exact=1.000 n=150 [760s]
[oracle_ops] sequential_paren d=2 acc=1.000 parse=1.000 typed=1.000 exact=1.000 n=150 [762s]
[oracle_both] sequential_paren d=2 acc=1.000 parse=1.000 typed=1.000 exact=1.000 n=150 [762s]
[plan_execute] sequential_paren d=3 acc=1.000 parse=1.000 typed=1.000 exact=1.000 n=150 [767s]
[oracle_plan] sequential_paren d=3 acc=1.000 parse=1.000 typed=1.000 exact=1.000 n=150 [767s]
[oracle_ops] sequential_paren d=3 acc=1.000 parse=1.000 typed=1.000 exact=1.000 n=150 [771s]
[oracle_both] sequential_paren d=3 acc=1.000 parse=1.000 typed=1.000 exact=1.000 n=150 [771s]
[plan_execute] sequential_paren d=4 acc=0.047 parse=1.000 typed=1.000 exact=0.000 n=150 [774s]
[oracle_plan] sequential_paren d=4 acc=1.000 parse=1.000 typed=1.000 exact=1.000 n=150 [774s]
[oracle_ops] sequential_paren d=4 acc=0.047 parse=1.000 typed=1.000 exact=0.000 n=150 [778s]
[oracle_both] sequential_paren d=4 acc=1.000 parse=1.000 typed=1.000 exact=1.000 n=150 [778s]
[plan_execute] sequential_paren d=5 acc=0.027 parse=1.000 typed=1.000 exact=0.000 n=150 [782s]
[oracle_plan] sequential_paren d=5 acc=1.000 parse=1.000 typed=1.000 exact=1.000 n=150 [782s]
[oracle_ops] sequential_paren d=5 acc=0.027 parse=1.000 typed=1.000 exact=0.000 n=150 [786s]
[oracle_both] sequential_paren d=5 acc=1.000 parse=1.000 typed=1.000 exact=1.000 n=150 [786s]
[plan_execute] sequential_paren d=6 acc=0.020 parse=0.993 typed=0.993 exact=0.000 n=150 [790s]
[oracle_plan] sequential_paren d=6 acc=1.000 parse=1.000 typed=1.000 exact=1.000 n=150 [790s]
[oracle_ops] sequential_paren d=6 acc=0.020 parse=0.993 typed=0.993 exact=0.000 n=150 [794s]
[oracle_both] sequential_paren d=6 acc=1.000 parse=1.000 typed=1.000 exact=1.000 n=150 [794s]
[plan_execute] sequential_paren d=8 acc=0.020 parse=1.000 typed=1.000 exact=0.000 n=150 [798s]
[oracle_plan] sequential_paren d=8 acc=1.000 parse=1.000 typed=1.000 exact=1.000 n=150 [798s]
[oracle_ops] sequential_paren d=8 acc=0.020 parse=1.000 typed=1.000 exact=0.000 n=150 [802s]
[oracle_both] sequential_paren d=8 acc=1.000 parse=1.000 typed=1.000 exact=1.000 n=150 [802s]
[plan_execute] sequential_paren d=12 acc=0.013 parse=1.000 typed=1.000 exact=0.000 n=150 [809s]
[oracle_plan] sequential_paren d=12 acc=1.000 parse=1.000 typed=1.000 exact=1.000 n=150 [809s]
[oracle_ops] sequential_paren d=12 acc=0.013 parse=1.000 typed=1.000 exact=0.000 n=150 [812s]
[oracle_both] sequential_paren d=12 acc=1.000 parse=1.000 typed=1.000 exact=1.000 n=150 [812s]
[plan_execute] sequential_paren d=16 acc=0.007 parse=1.000 typed=0.993 exact=0.000 n=150 [818s]
[oracle_plan] sequential_paren d=16 acc=1.000 parse=1.000 typed=1.000 exact=1.000 n=150 [818s]
[oracle_ops] sequential_paren d=16 acc=0.007 parse=1.000 typed=0.993 exact=0.000 n=150 [822s]
[oracle_both] sequential_paren d=16 acc=1.000 parse=1.000 typed=1.000 exact=1.000 n=150 [822s]
[plan_execute] units d=1 acc=1.000 parse=1.000 typed=1.000 exact=1.000 n=150 [823s]
[oracle_plan] units d=1 acc=1.000 parse=1.000 typed=1.000 exact=1.000 n=150 [823s]
[oracle_ops] units d=1 acc=1.000 parse=1.000 typed=1.000 exact=1.000 n=150 [825s]
[oracle_both] units d=1 acc=1.000 parse=1.000 typed=1.000 exact=1.000 n=150 [825s]
[induce] 512/6600 pages
[induce] 1024/6600 pages
[induce] 1536/6600 pages
[induce] 2048/6600 pages
[induce] 2560/6600 pages
[induce] 3072/6600 pages
[induce] 3584/6600 pages
[induce] 4096/6600 pages
[induce] 4608/6600 pages
[induce] 5120/6600 pages
[induce] 5632/6600 pages
[induce] 6144/6600 pages
[induce] 6600/6600 pages
[induction style=1] {"pages": 6600, "pages_parsed": 6071, "gold_ops": 9897, "induced_ops": 8241, "self_verified": 1568, "exact_text": 4398, "behavioural": 4439}
[plan_execute@para] breadth d=1 acc=0.887 parse=0.980 typed=0.887 exact=0.887 n=150 [1319s]
[oracle_plan@para] breadth d=1 acc=0.887 parse=0.887 typed=0.887 exact=0.887 n=150 [1319s]
[oracle_both@para] breadth d=1 acc=1.000 parse=1.000 typed=1.000 exact=1.000 n=150 [1319s]
[plan_execute@para] breadth d=2 acc=0.020 parse=0.993 typed=0.020 exact=0.907 n=150 [1321s]
[oracle_plan@para] breadth d=2 acc=0.020 parse=0.907 typed=0.020 exact=0.907 n=150 [1321s]
[oracle_both@para] breadth d=2 acc=1.000 parse=1.000 typed=1.000 exact=1.000 n=150 [1321s]
[plan_execute@para] breadth d=3 acc=0.833 parse=1.000 typed=0.927 exact=0.927 n=150 [1323s]
[oracle_plan@para] breadth d=3 acc=0.833 parse=0.927 typed=0.927 exact=0.927 n=150 [1323s]
[oracle_both@para] breadth d=3 acc=1.000 parse=1.000 typed=1.000 exact=1.000 n=150 [1323s]
[plan_execute@para] breadth d=4 acc=0.413 parse=1.000 typed=0.927 exact=0.000 n=150 [1326s]
[oracle_plan@para] breadth d=4 acc=0.000 parse=0.933 typed=0.000 exact=0.933 n=150 [1326s]
[oracle_both@para] breadth d=4 acc=1.000 parse=1.000 typed=1.000 exact=1.000 n=150 [1326s]
[plan_execute@para] breadth d=5 acc=0.253 parse=1.000 typed=0.973 exact=0.000 n=150 [1328s]
[oracle_plan@para] breadth d=5 acc=0.000 parse=0.987 typed=0.000 exact=0.987 n=150 [1328s]
[oracle_both@para] breadth d=5 acc=1.000 parse=1.000 typed=1.000 exact=1.000 n=150 [1328s]
[plan_execute@para] breadth d=6 acc=0.153 parse=1.000 typed=0.933 exact=0.000 n=150 [1330s]
[oracle_plan@para] breadth d=6 acc=0.000 parse=0.973 typed=0.000 exact=0.973 n=150 [1330s]
[oracle_both@para] breadth d=6 acc=1.000 parse=1.000 typed=1.000 exact=1.000 n=150 [1330s]
[plan_execute@para] novel d=2 acc=0.013 parse=0.973 typed=0.927 exact=0.000 n=150 [1333s]
[oracle_plan@para] novel d=2 acc=0.673 parse=0.693 typed=0.693 exact=0.693 n=150 [1333s]
[oracle_both@para] novel d=2 acc=1.000 parse=1.000 typed=1.000 exact=1.000 n=150 [1333s]
[plan_execute@para] novel d=3 acc=0.027 parse=0.987 typed=0.933 exact=0.000 n=150 [1337s]
[oracle_plan@para] novel d=3 acc=0.673 parse=0.693 typed=0.693 exact=0.693 n=150 [1337s]
[oracle_both@para] novel d=3 acc=1.000 parse=1.000 typed=1.000 exact=1.000 n=150 [1337s]
[plan_execute@para] novel d=4 acc=0.020 parse=0.960 typed=0.913 exact=0.000 n=150 [1340s]
[oracle_plan@para] novel d=4 acc=0.653 parse=0.693 typed=0.693 exact=0.693 n=150 [1340s]
[oracle_both@para] novel d=4 acc=1.000 parse=1.000 typed=1.000 exact=1.000 n=150 [1340s]
[plan_execute@para] novel d=5 acc=0.007 parse=0.967 typed=0.920 exact=0.000 n=150 [1344s]
[oracle_plan@para] novel d=5 acc=0.667 parse=0.693 typed=0.693 exact=0.693 n=150 [1344s]
[oracle_both@para] novel d=5 acc=1.000 parse=1.000 typed=1.000 exact=1.000 n=150 [1344s]
[plan_execute@para] novel d=6 acc=0.007 parse=0.967 typed=0.927 exact=0.000 n=150 [1348s]
[oracle_plan@para] novel d=6 acc=0.647 parse=0.693 typed=0.693 exact=0.693 n=150 [1348s]
[oracle_both@para] novel d=6 acc=1.000 parse=1.000 typed=1.000 exact=1.000 n=150 [1348s]
[plan_execute@para] novel d=8 acc=0.013 parse=0.960 typed=0.913 exact=0.000 n=150 [1353s]
[oracle_plan@para] novel d=8 acc=0.640 parse=0.693 typed=0.693 exact=0.693 n=150 [1353s]
[oracle_both@para] novel d=8 acc=1.000 parse=1.000 typed=1.000 exact=1.000 n=150 [1353s]
[plan_execute@para] novel d=12 acc=0.007 parse=0.973 typed=0.927 exact=0.000 n=150 [1358s]
[oracle_plan@para] novel d=12 acc=0.640 parse=0.693 typed=0.693 exact=0.693 n=150 [1358s]
[oracle_both@para] novel d=12 acc=1.000 parse=1.000 typed=1.000 exact=1.000 n=150 [1358s]
[plan_execute@para] novel d=16 acc=0.020 parse=0.987 typed=0.947 exact=0.000 n=150 [1363s]
[oracle_plan@para] novel d=16 acc=0.640 parse=0.693 typed=0.693 exact=0.693 n=150 [1363s]
[oracle_both@para] novel d=16 acc=1.000 parse=1.000 typed=1.000 exact=1.000 n=150 [1364s]
[plan_execute@para] novel d=24 acc=0.013 parse=0.973 typed=0.920 exact=0.000 n=150 [1368s]
[oracle_plan@para] novel d=24 acc=0.640 parse=0.693 typed=0.693 exact=0.693 n=150 [1368s]
[oracle_both@para] novel d=24 acc=1.000 parse=1.000 typed=1.000 exact=1.000 n=150 [1368s]
[plan_execute@para] novel d=32 acc=0.013 parse=0.987 typed=0.940 exact=0.000 n=150 [1373s]
[oracle_plan@para] novel d=32 acc=0.640 parse=0.693 typed=0.693 exact=0.693 n=150 [1374s]
[oracle_both@para] novel d=32 acc=1.000 parse=1.000 typed=1.000 exact=1.000 n=150 [1374s]
[plan_execute@para] same_page_pair d=2 acc=0.000 parse=0.987 typed=0.307 exact=0.000 n=150 [1376s]
[oracle_plan@para] same_page_pair d=2 acc=0.927 parse=0.953 typed=0.953 exact=0.953 n=150 [1376s]
[oracle_both@para] same_page_pair d=2 acc=1.000 parse=1.000 typed=1.000 exact=1.000 n=150 [1376s]
[plan_execute@para] sequential d=1 acc=0.867 parse=0.973 typed=0.927 exact=0.867 n=150 [1378s]
[oracle_plan@para] sequential d=1 acc=0.873 parse=0.873 typed=0.873 exact=0.873 n=150 [1378s]
[oracle_both@para] sequential d=1 acc=1.000 parse=1.000 typed=1.000 exact=1.000 n=150 [1378s]
[plan_execute@para] sequential d=2 acc=0.400 parse=0.987 typed=0.940 exact=0.393 n=150 [1382s]
[oracle_plan@para] sequential d=2 acc=0.867 parse=0.867 typed=0.867 exact=0.867 n=150 [1382s]
[oracle_both@para] sequential d=2 acc=1.000 parse=1.000 typed=1.000 exact=1.000 n=150 [1382s]
[plan_execute@para] sequential d=3 acc=0.460 parse=0.987 typed=0.940 exact=0.460 n=150 [1386s]
[oracle_plan@para] sequential d=3 acc=0.873 parse=0.873 typed=0.873 exact=0.873 n=150 [1386s]
[oracle_both@para] sequential d=3 acc=1.000 parse=1.000 typed=1.000 exact=1.000 n=150 [1386s]
[plan_execute@para] sequential d=4 acc=0.007 parse=0.987 typed=0.933 exact=0.000 n=150 [1390s]
[oracle_plan@para] sequential d=4 acc=0.847 parse=0.860 typed=0.860 exact=0.860 n=150 [1390s]
[oracle_both@para] sequential d=4 acc=1.000 parse=1.000 typed=1.000 exact=1.000 n=150 [1390s]
[plan_execute@para] sequential d=5 acc=0.020 parse=0.987 typed=0.947 exact=0.000 n=150 [1394s]
[oracle_plan@para] sequential d=5 acc=0.880 parse=0.887 typed=0.887 exact=0.887 n=150 [1394s]
[oracle_both@para] sequential d=5 acc=1.000 parse=1.000 typed=1.000 exact=1.000 n=150 [1394s]
[plan_execute@para] sequential d=6 acc=0.020 parse=0.987 typed=0.947 exact=0.000 n=150 [1397s]
[oracle_plan@para] sequential d=6 acc=0.860 parse=0.867 typed=0.867 exact=0.867 n=150 [1397s]
[oracle_both@para] sequential d=6 acc=1.000 parse=1.000 typed=1.000 exact=1.000 n=150 [1397s]
[plan_execute@para] sequential d=7 acc=0.020 parse=0.980 typed=0.940 exact=0.000 n=150 [1401s]
[oracle_plan@para] sequential d=7 acc=0.833 parse=0.847 typed=0.847 exact=0.847 n=150 [1401s]
[oracle_both@para] sequential d=7 acc=1.000 parse=1.000 typed=1.000 exact=1.000 n=150 [1401s]
[plan_execute@para] sequential d=8 acc=0.007 parse=0.967 typed=0.940 exact=0.000 n=150 [1404s]
[oracle_plan@para] sequential d=8 acc=0.827 parse=0.833 typed=0.833 exact=0.833 n=150 [1404s]
[oracle_both@para] sequential d=8 acc=1.000 parse=1.000 typed=1.000 exact=1.000 n=150 [1404s]
[plan_execute@para] sequential d=12 acc=0.007 parse=0.980 typed=0.933 exact=0.000 n=150 [1408s]
[oracle_plan@para] sequential d=12 acc=0.847 parse=0.853 typed=0.853 exact=0.853 n=150 [1408s]
[oracle_both@para] sequential d=12 acc=1.000 parse=1.000 typed=1.000 exact=1.000 n=150 [1409s]
[plan_execute@para] sequential d=16 acc=0.020 parse=0.973 typed=0.947 exact=0.000 n=150 [1414s]
[oracle_plan@para] sequential d=16 acc=0.840 parse=0.847 typed=0.847 exact=0.847 n=150 [1414s]
[oracle_both@para] sequential d=16 acc=1.000 parse=1.000 typed=1.000 exact=1.000 n=150 [1414s]
[plan_execute@para] sequential d=24 acc=0.007 parse=0.980 typed=0.933 exact=0.000 n=150 [1419s]
[oracle_plan@para] sequential d=24 acc=0.813 parse=0.820 typed=0.820 exact=0.820 n=150 [1419s]
[oracle_both@para] sequential d=24 acc=1.000 parse=1.000 typed=1.000 exact=1.000 n=150 [1419s]
[plan_execute@para] sequential d=32 acc=0.007 parse=0.980 typed=0.940 exact=0.000 n=150 [1424s]
[oracle_plan@para] sequential d=32 acc=0.847 parse=0.853 typed=0.853 exact=0.853 n=150 [1424s]
[oracle_both@para] sequential d=32 acc=1.000 parse=1.000 typed=1.000 exact=1.000 n=150 [1424s]
[plan_execute@para] sequential_paren d=2 acc=0.847 parse=0.947 typed=0.907 exact=0.853 n=150 [1426s]
[oracle_plan@para] sequential_paren d=2 acc=0.847 parse=0.853 typed=0.853 exact=0.853 n=150 [1426s]
[oracle_both@para] sequential_paren d=2 acc=1.000 parse=1.000 typed=1.000 exact=1.000 n=150 [1426s]
[plan_execute@para] sequential_paren d=3 acc=0.813 parse=0.947 typed=0.907 exact=0.827 n=150 [1429s]
[oracle_plan@para] sequential_paren d=3 acc=0.820 parse=0.833 typed=0.833 exact=0.833 n=150 [1429s]
[oracle_both@para] sequential_paren d=3 acc=1.000 parse=1.000 typed=1.000 exact=1.000 n=150 [1429s]
[plan_execute@para] sequential_paren d=4 acc=0.033 parse=0.940 typed=0.913 exact=0.000 n=150 [1432s]
[oracle_plan@para] sequential_paren d=4 acc=0.860 parse=0.860 typed=0.860 exact=0.860 n=150 [1432s]
[oracle_both@para] sequential_paren d=4 acc=1.000 parse=1.000 typed=1.000 exact=1.000 n=150 [1432s]
[plan_execute@para] sequential_paren d=5 acc=0.020 parse=0.940 typed=0.907 exact=0.000 n=150 [1435s]
[oracle_plan@para] sequential_paren d=5 acc=0.827 parse=0.853 typed=0.853 exact=0.853 n=150 [1435s]
[oracle_both@para] sequential_paren d=5 acc=1.000 parse=1.000 typed=1.000 exact=1.000 n=150 [1435s]
[plan_execute@para] sequential_paren d=6 acc=0.000 parse=0.920 typed=0.907 exact=0.000 n=150 [1439s]
[oracle_plan@para] sequential_paren d=6 acc=0.833 parse=0.853 typed=0.853 exact=0.853 n=150 [1439s]
[oracle_both@para] sequential_paren d=6 acc=1.000 parse=1.000 typed=1.000 exact=1.000 n=150 [1439s]
[plan_execute@para] sequential_paren d=8 acc=0.020 parse=0.933 typed=0.913 exact=0.000 n=150 [1441s]
[oracle_plan@para] sequential_paren d=8 acc=0.853 parse=0.873 typed=0.873 exact=0.873 n=150 [1441s]
[oracle_both@para] sequential_paren d=8 acc=1.000 parse=1.000 typed=1.000 exact=1.000 n=150 [1441s]
[plan_execute@para] sequential_paren d=12 acc=0.000 parse=0.973 typed=0.933 exact=0.000 n=150 [1446s]
[oracle_plan@para] sequential_paren d=12 acc=0.867 parse=0.880 typed=0.880 exact=0.880 n=150 [1446s]
[oracle_both@para] sequential_paren d=12 acc=1.000 parse=1.000 typed=1.000 exact=1.000 n=150 [1446s]
[plan_execute@para] sequential_paren d=16 acc=0.013 parse=0.953 typed=0.907 exact=0.000 n=150 [1449s]
[oracle_plan@para] sequential_paren d=16 acc=0.820 parse=0.847 typed=0.847 exact=0.847 n=150 [1449s]
[oracle_both@para] sequential_paren d=16 acc=1.000 parse=1.000 typed=1.000 exact=1.000 n=150 [1449s]
[plan_execute@para] units d=1 acc=0.353 parse=0.873 typed=0.707 exact=0.327 n=150 [1450s]
[oracle_plan@para] units d=1 acc=0.207 parse=0.327 typed=0.327 exact=0.327 n=150 [1450s]
[oracle_both@para] units d=1 acc=1.000 parse=1.000 typed=1.000 exact=1.000 n=150 [1450s]
[written] results/cd/opcode_sampled.json
[03:20:49] eval opcode sampled exit=0
[03:20:49] rung=opcode done
